m0 decode: generated_tokens=24 text="# Walkthrough of the `proxima` Project\n\nThe provided documentation describes **proxima**, a high-level,"
m0 capture: step=23 dispatches_with_threads=653
m0 groups: 81 kernels-by-identity-and-geometry over 653 dispatches
m0 replay: group 0/81
m0 replay: group 50/81
m0 sequence replay: one command buffer, dispatches=653 of 653 captured, gpu_ms=[12.041999958455563, 12.115041725337505, 10.081249987706542]
m0 chunk sequence replay: chunks=8, gpu_ms=[[0.2622499596327543, 0.3424582537263632, 0.5459999665617943, 0.8351666620001197, 0.8790417341515422, 1.2152083218097687, 2.1027083275839686, 4.15237492416054], [0.26062503457069397, 0.33650000113993883, 0.45499997213482857, 0.7020416669547558, 0.8792500011622906, 1.2297084322199225, 2.111000008881092, 3.8053749594837427], [0.25958335027098656, 0.3399583511054516, 0.4568749573081732, 0.6984166102483869, 0.8776250761002302, 1.2203750666230917, 2.1281667286530137, 3.7993749137967825]]
m0 family sequence replay excludes 0 unreplayable dispatches of 653
m0 family sequence replay: family=attention dispatches=70 runs=7 gpu_ms_mean=1.0620 gpu_ms_min=1.0147 cov_pct=3.81
m0 family sequence replay: family=head dispatches=1 runs=7 gpu_ms_mean=1.1002 gpu_ms_min=1.0914 cov_pct=0.60
m0 family sequence replay: family=norms dispatches=242 runs=7 gpu_ms_mean=2.2804 gpu_ms_min=2.0871 cov_pct=5.57
m0 family sequence replay: family=other_matvec dispatches=2 runs=7 gpu_ms_mean=0.1303 gpu_ms_min=0.1280 cov_pct=0.95
m0 family sequence replay: family=q4_0_matvec dispatches=275 runs=7 gpu_ms_mean=5.0374 gpu_ms_min=4.7907 cov_pct=2.99
m0 family sequence replay: family=rope_copy_elementwise dispatches=63 runs=7 gpu_ms_mean=0.2698 gpu_ms_min=0.2381 cov_pct=8.83

class                                     disp/step us/disp cold  total us cold   % step | us/disp -flr   total -flr | us/disp marg   total marg
matvec Q4_0                                     275        24.18         6650.2    61.0% |        16.39       4507.5 |        20.45       5623.6
RMSNorm sumsq + fused epilogue                  242        12.59         3047.7    28.0% |         4.80       1162.1 |         6.98       1689.9
head                                              1      1151.00         1151.0    10.6% |      1143.21       1143.2 |      1088.81       1088.8
cached attention partial                         35        27.21          952.3     8.7% |        19.42        679.6 |        24.36        852.7
cached attention merge                           35         8.38          293.3     2.7% |         0.59         20.6 |         5.80        203.2
UNCLASSIFIED omega_elementwise_twin_r3_n4_fused_multiply_o0_o1__multiply_o2_o3__subtract_s0_s1_fused_multiply_o0_o3__multiply_o2_o1__add_s0_s1         35         6.28          219.6     2.0% |         0.00          0.0 |         4.48        156.7
matvec Float16                                    1       120.08          120.1     1.1% |       112.29        112.3 |       113.88        113.9
UNCLASSIFIED omega_elementwise_twin_r3_n4_fused_multiply_o0_o1__multiply_o2_o3__add_s0_s1_fused_multiply_o0_o3__multiply_o2_o1__subtract_s0_s1         15         5.13           77.0     0.7% |         0.00          0.0 |         2.89         43.3
elementwise fused_identity_o0__multiply_s0_o1_g10          2        17.96           35.9     0.3% |        10.17         20.3 |        16.80         33.6
UNCLASSIFIED omega_reduce_r3_o2_n5_fused_equal_o0_o1__add_o2_o3__select_s0_s1_o4_minimum_positive_infinity          1        21.42           21.4     0.2% |        13.63         13.6 |        19.18         19.2
softmax max                                       2         7.24           14.5     0.1% |         0.47          0.9 |         3.97          7.9
identity copy                                     2         7.10           14.2     0.1% |         0.65          1.3 |         4.34          8.7
matvec f32                                        1        12.58           12.6     0.1% |         4.79          4.8 |        11.98         12.0
UNCLASSIFIED omega_reduce_r2_o1_n1_identity_minimum_positive_infinity          1         8.87            8.9     0.1% |         1.08          1.1 |         2.53          2.5
iota                                              2         4.38            8.8     0.1% |         0.00          0.0 |         2.02          4.0
softmax sum                                       1         6.27            6.3     0.1% |         0.00          0.0 |         3.58          3.6
elementwise identity_g1                           1         6.17            6.2     0.1% |         0.00          0.0 |         3.21          3.2
elementwise multiply                              1         5.88            5.9     0.1% |         0.00          0.0 |         4.09          4.1

m0 floor: empty command buffer GPU span median=7.79 us min=3.42 us max=10.75 us n=200
m0 step (captured step 23, last evaluation that ran): rows_evaluated=Some(1) tokens_committed=Some(1) gpu_busy_ms=Some(10.897583328187466) gpu_exec_ms=Some(4.58575) physical_dispatch_calls=Some(653)
m0 step (median over logged evaluations at step >= 2, mixed widths): gpu_busy_ms=10.485 gpu_exec_ms=9.450
m0 reconcile: sum(median x count) [cold]=12645.7 us; ratio to gpu_busy_ms=1.160; ratio to gpu_exec_ms=2.758
m0 reconcile: sum(median x count) [cold-minus-floor]=7667.3 us; ratio to gpu_busy_ms=0.704; ratio to gpu_exec_ms=1.672
m0 reconcile: sum(median x count) [warm]=12819.4 us; ratio to gpu_busy_ms=1.176; ratio to gpu_exec_ms=2.795
m0 reconcile: sum(median x count) [marginal]=9870.9 us; ratio to gpu_busy_ms=0.906; ratio to gpu_exec_ms=2.153
m0 invariant 1: sum(group members)=653 captured_dispatches=653 physical_dispatch_calls_logged=Some(653) capture_step_is_last_logged_step=true
m0 replay failures: 0
m0 unreplayable by capture: groups=0 dispatches=0
