ab capture excludes 0 unreplayable dispatches of 653
ab capture: step=5 dispatches=653 groups=47
ab res sha=23d555d56f27caa0 arm=base tg_static_bytes=32 max_threads=832 exec_width=32 bound_buffer_bytes=3783432 iters=50 cell label=23d555d56f27caa0:base wall_ms=12.723 cpu_ms=2.923 cpu_pct=23.0 rss_peak_mb=3439.1 footprint_mb=102.5 gpu_alloc_mb=3247.5 load_before=4.58 load_after=4.58
ab res sha=23d555d56f27caa0 arm=23d555d56f27caa0.ctrl tg_static_bytes=32 max_threads=832 exec_width=32 bound_buffer_bytes=3783432 iters=50 cell label=23d555d56f27caa0:23d555d56f27caa0.ctrl wall_ms=11.927 cpu_ms=2.707 cpu_pct=22.7 rss_peak_mb=3439.1 footprint_mb=102.5 gpu_alloc_mb=3247.5 load_before=4.58 load_after=4.58
ab res sha=23d555d56f27caa0 arm=23d555d56f27caa0.noreduce tg_static_bytes=0 max_threads=832 exec_width=32 bound_buffer_bytes=3783432 iters=50 cell label=23d555d56f27caa0:23d555d56f27caa0.noreduce wall_ms=13.138 cpu_ms=2.741 cpu_pct=20.9 rss_peak_mb=3439.1 footprint_mb=102.5 gpu_alloc_mb=3247.5 load_before=4.58 load_after=4.58
ab res sha=23d555d56f27caa0 arm=23d555d56f27caa0.nosumsq tg_static_bytes=32 max_threads=1024 exec_width=32 bound_buffer_bytes=3783432 iters=50 cell label=23d555d56f27caa0:23d555d56f27caa0.nosumsq wall_ms=10.416 cpu_ms=2.601 cpu_pct=25.0 rss_peak_mb=3439.1 footprint_mb=102.5 gpu_alloc_mb=3247.5 load_before=4.58 load_after=4.58
ab res sha=23d555d56f27caa0 arm=23d555d56f27caa0.noweights tg_static_bytes=32 max_threads=1024 exec_width=32 bound_buffer_bytes=3783432 iters=50 cell label=23d555d56f27caa0:23d555d56f27caa0.noweights wall_ms=11.309 cpu_ms=2.655 cpu_pct=23.5 rss_peak_mb=3439.1 footprint_mb=102.5 gpu_alloc_mb=3247.5 load_before=4.58 load_after=4.58
ab res sha=23d555d56f27caa0 arm=23d555d56f27caa0.nowrite tg_static_bytes=32 max_threads=832 exec_width=32 bound_buffer_bytes=3783432 iters=50 cell label=23d555d56f27caa0:23d555d56f27caa0.nowrite wall_ms=11.882 cpu_ms=2.875 cpu_pct=24.2 rss_peak_mb=3439.1 footprint_mb=102.5 gpu_alloc_mb=3247.5 load_before=4.58 load_after=4.58
ab res sha=23d555d56f27caa0 arm=23d555d56f27caa0.w128 tg_static_bytes=16 max_threads=512 exec_width=32 bound_buffer_bytes=3783432 iters=50 cell label=23d555d56f27caa0:23d555d56f27caa0.w128 wall_ms=12.913 cpu_ms=2.861 cpu_pct=22.2 rss_peak_mb=3439.1 footprint_mb=102.5 gpu_alloc_mb=3247.5 load_before=4.58 load_after=4.58
ab res sha=23d555d56f27caa0 arm=23d555d56f27caa0.w192 tg_static_bytes=32 max_threads=768 exec_width=32 bound_buffer_bytes=3783432 iters=50 cell label=23d555d56f27caa0:23d555d56f27caa0.w192 wall_ms=12.306 cpu_ms=2.900 cpu_pct=23.6 rss_peak_mb=3439.1 footprint_mb=102.5 gpu_alloc_mb=3247.5 load_before=4.58 load_after=4.58
ab res sha=23d555d56f27caa0 arm=23d555d56f27caa0.w384 tg_static_bytes=48 max_threads=1024 exec_width=32 bound_buffer_bytes=3783432 iters=50 cell label=23d555d56f27caa0:23d555d56f27caa0.w384 wall_ms=11.614 cpu_ms=2.873 cpu_pct=24.7 rss_peak_mb=3439.1 footprint_mb=102.5 gpu_alloc_mb=3247.5 load_before=4.58 load_after=4.58
ab res sha=23d555d56f27caa0 arm=23d555d56f27caa0.w512 tg_static_bytes=64 max_threads=1024 exec_width=32 bound_buffer_bytes=3783432 iters=50 cell label=23d555d56f27caa0:23d555d56f27caa0.w512 wall_ms=11.597 cpu_ms=2.937 cpu_pct=25.3 rss_peak_mb=3439.1 footprint_mb=103.5 gpu_alloc_mb=3247.5 load_before=4.58 load_after=4.58
ab bits sha=23d555d56f27caa0 threads=256 extents=[1, 1536] arm=base elements=1536 differing=0 max_ulp=0 max_abs=0e0 max_abs_over_largest=0e0
ab bits sha=23d555d56f27caa0 threads=256 extents=[1, 1536] arm=23d555d56f27caa0.ctrl elements=1536 differing=0 max_ulp=0 max_abs=0e0 max_abs_over_largest=0e0
ab bits sha=23d555d56f27caa0 threads=256 extents=[1, 1536] arm=23d555d56f27caa0.noreduce elements=1536 differing=1536 max_ulp=47332110 max_abs=1.6701812e3 max_abs_over_largest=1.6203085e1
ab bits sha=23d555d56f27caa0 threads=256 extents=[1, 1536] arm=23d555d56f27caa0.nosumsq elements=1536 differing=1536 max_ulp=102946670 max_abs=4.886257e5 max_abs_over_largest=4.74035e3
ab bits sha=23d555d56f27caa0 threads=256 extents=[1, 1536] arm=23d555d56f27caa0.noweights elements=1536 differing=1536 max_ulp=2166759632 max_abs=1.0328888e2 max_abs_over_largest=1.0020461e0
ab bits sha=23d555d56f27caa0 threads=256 extents=[1, 1536] arm=23d555d56f27caa0.nowrite elements=1536 differing=1536 max_ulp=2552462657 max_abs=1.4660155e13 max_abs_over_largest=1.4222393e11
ab bits sha=23d555d56f27caa0 threads=256 extents=[1, 1536] arm=23d555d56f27caa0.w128 elements=1536 differing=0 max_ulp=0 max_abs=0e0 max_abs_over_largest=0e0
ab bits sha=23d555d56f27caa0 threads=256 extents=[1, 1536] arm=23d555d56f27caa0.w192 elements=1536 differing=0 max_ulp=0 max_abs=0e0 max_abs_over_largest=0e0
ab bits sha=23d555d56f27caa0 threads=256 extents=[1, 1536] arm=23d555d56f27caa0.w384 elements=1536 differing=0 max_ulp=0 max_abs=0e0 max_abs_over_largest=0e0
ab bits sha=23d555d56f27caa0 threads=256 extents=[1, 1536] arm=23d555d56f27caa0.w512 elements=1536 differing=0 max_ulp=0 max_abs=0e0 max_abs_over_largest=0e0
ab group sha=23d555d56f27caa0 threads=256 extents=[1, 1536] tg=Some(256) count=71 pass=0 arm=base marginal_us=5.867 single_us=11.375
ab group sha=23d555d56f27caa0 threads=256 extents=[1, 1536] tg=Some(256) count=71 pass=0 arm=23d555d56f27caa0.ctrl marginal_us=5.883 single_us=11.750
ab group sha=23d555d56f27caa0 threads=256 extents=[1, 1536] tg=Some(256) count=71 pass=0 arm=23d555d56f27caa0.noreduce marginal_us=5.683 single_us=11.250
ab group sha=23d555d56f27caa0 threads=256 extents=[1, 1536] tg=Some(256) count=71 pass=0 arm=23d555d56f27caa0.nosumsq marginal_us=4.933 single_us=9.625
ab group sha=23d555d56f27caa0 threads=256 extents=[1, 1536] tg=Some(256) count=71 pass=0 arm=23d555d56f27caa0.noweights marginal_us=4.608 single_us=9.125
ab group sha=23d555d56f27caa0 threads=256 extents=[1, 1536] tg=Some(256) count=71 pass=0 arm=23d555d56f27caa0.nowrite marginal_us=5.656 single_us=11.000
ab group sha=23d555d56f27caa0 threads=256 extents=[1, 1536] tg=Some(256) count=71 pass=0 arm=23d555d56f27caa0.w128 marginal_us=9.231 single_us=18.083
ab group sha=23d555d56f27caa0 threads=256 extents=[1, 1536] tg=Some(256) count=71 pass=0 arm=23d555d56f27caa0.w192 marginal_us=6.097 single_us=13.000
ab group sha=23d555d56f27caa0 threads=256 extents=[1, 1536] tg=Some(256) count=71 pass=0 arm=23d555d56f27caa0.w384 marginal_us=5.142 single_us=9.500
ab group sha=23d555d56f27caa0 threads=256 extents=[1, 1536] tg=Some(256) count=71 pass=0 arm=23d555d56f27caa0.w512 marginal_us=4.817 single_us=8.542
ab res sha=d8ad59bfed0ed43d arm=base tg_static_bytes=32 max_threads=832 exec_width=32 bound_buffer_bytes=5257992 iters=50 cell label=d8ad59bfed0ed43d:base wall_ms=11.790 cpu_ms=2.781 cpu_pct=23.6 rss_peak_mb=3439.1 footprint_mb=103.5 gpu_alloc_mb=3247.5 load_before=4.58 load_after=4.58
ab res sha=d8ad59bfed0ed43d arm=d8ad59bfed0ed43d.ctrl tg_static_bytes=32 max_threads=832 exec_width=32 bound_buffer_bytes=5257992 iters=50 cell label=d8ad59bfed0ed43d:d8ad59bfed0ed43d.ctrl wall_ms=11.893 cpu_ms=2.606 cpu_pct=21.9 rss_peak_mb=3439.1 footprint_mb=103.5 gpu_alloc_mb=3247.5 load_before=4.58 load_after=4.58
ab res sha=d8ad59bfed0ed43d arm=d8ad59bfed0ed43d.noreduce tg_static_bytes=0 max_threads=832 exec_width=32 bound_buffer_bytes=5257992 iters=50 cell label=d8ad59bfed0ed43d:d8ad59bfed0ed43d.noreduce wall_ms=12.314 cpu_ms=2.803 cpu_pct=22.8 rss_peak_mb=3439.1 footprint_mb=103.5 gpu_alloc_mb=3247.5 load_before=4.58 load_after=4.58
ab res sha=d8ad59bfed0ed43d arm=d8ad59bfed0ed43d.nosumsq tg_static_bytes=32 max_threads=1024 exec_width=32 bound_buffer_bytes=5257992 iters=50 cell label=d8ad59bfed0ed43d:d8ad59bfed0ed43d.nosumsq wall_ms=12.496 cpu_ms=3.007 cpu_pct=24.1 rss_peak_mb=3439.1 footprint_mb=103.5 gpu_alloc_mb=3247.5 load_before=4.58 load_after=4.58
ab res sha=d8ad59bfed0ed43d arm=d8ad59bfed0ed43d.noweights tg_static_bytes=32 max_threads=1024 exec_width=32 bound_buffer_bytes=5257992 iters=50 cell label=d8ad59bfed0ed43d:d8ad59bfed0ed43d.noweights wall_ms=11.989 cpu_ms=2.812 cpu_pct=23.5 rss_peak_mb=3439.1 footprint_mb=103.5 gpu_alloc_mb=3247.5 load_before=4.58 load_after=4.58
ab res sha=d8ad59bfed0ed43d arm=d8ad59bfed0ed43d.nowrite tg_static_bytes=32 max_threads=832 exec_width=32 bound_buffer_bytes=5257992 iters=50 cell label=d8ad59bfed0ed43d:d8ad59bfed0ed43d.nowrite wall_ms=12.701 cpu_ms=2.758 cpu_pct=21.7 rss_peak_mb=3439.1 footprint_mb=103.5 gpu_alloc_mb=3247.5 load_before=4.58 load_after=4.58
ab res sha=d8ad59bfed0ed43d arm=d8ad59bfed0ed43d.w128 tg_static_bytes=16 max_threads=576 exec_width=32 bound_buffer_bytes=5257992 iters=50 cell label=d8ad59bfed0ed43d:d8ad59bfed0ed43d.w128 wall_ms=12.774 cpu_ms=2.760 cpu_pct=21.6 rss_peak_mb=3439.1 footprint_mb=103.5 gpu_alloc_mb=3247.5 load_before=4.58 load_after=4.58
ab res sha=d8ad59bfed0ed43d arm=d8ad59bfed0ed43d.w192 tg_static_bytes=32 max_threads=832 exec_width=32 bound_buffer_bytes=5257992 iters=50 cell label=d8ad59bfed0ed43d:d8ad59bfed0ed43d.w192 wall_ms=12.951 cpu_ms=2.716 cpu_pct=21.0 rss_peak_mb=3439.1 footprint_mb=103.5 gpu_alloc_mb=3247.5 load_before=4.58 load_after=4.58
ab res sha=d8ad59bfed0ed43d arm=d8ad59bfed0ed43d.w384 tg_static_bytes=48 max_threads=1024 exec_width=32 bound_buffer_bytes=5257992 iters=50 cell label=d8ad59bfed0ed43d:d8ad59bfed0ed43d.w384 wall_ms=12.993 cpu_ms=2.770 cpu_pct=21.3 rss_peak_mb=3439.1 footprint_mb=103.5 gpu_alloc_mb=3247.5 load_before=4.58 load_after=4.58
ab res sha=d8ad59bfed0ed43d arm=d8ad59bfed0ed43d.w512 tg_static_bytes=64 max_threads=1024 exec_width=32 bound_buffer_bytes=5257992 iters=50 cell label=d8ad59bfed0ed43d:d8ad59bfed0ed43d.w512 wall_ms=13.173 cpu_ms=2.893 cpu_pct=22.0 rss_peak_mb=3439.1 footprint_mb=103.5 gpu_alloc_mb=3247.5 load_before=4.58 load_after=4.58
ab bits sha=d8ad59bfed0ed43d threads=256 extents=[1, 1536] arm=base elements=1536 differing=0 max_ulp=0 max_abs=0e0 max_abs_over_largest=0e0
ab bits sha=d8ad59bfed0ed43d threads=256 extents=[1, 1536] arm=d8ad59bfed0ed43d.ctrl elements=1536 differing=0 max_ulp=0 max_abs=0e0 max_abs_over_largest=0e0
ab bits sha=d8ad59bfed0ed43d threads=256 extents=[1, 1536] arm=d8ad59bfed0ed43d.noreduce elements=1536 differing=1536 max_ulp=2130907226 max_abs=3.3806195e0 max_abs_over_largest=1.5711654e0
ab bits sha=d8ad59bfed0ed43d threads=256 extents=[1, 1536] arm=d8ad59bfed0ed43d.nosumsq elements=1536 differing=1536 max_ulp=2213008107 max_abs=2.1930117e3 max_abs_over_largest=1.01921686e3
ab bits sha=d8ad59bfed0ed43d threads=256 extents=[1, 1536] arm=d8ad59bfed0ed43d.noweights elements=1536 differing=1536 max_ulp=2094070297 max_abs=2.1759884e0 max_abs_over_largest=1.0113052e0
ab bits sha=d8ad59bfed0ed43d threads=256 extents=[1, 1536] arm=d8ad59bfed0ed43d.nowrite elements=1536 differing=1536 max_ulp=2506033712 max_abs=1.4660155e13 max_abs_over_largest=6.8134046e12
ab bits sha=d8ad59bfed0ed43d threads=256 extents=[1, 1536] arm=d8ad59bfed0ed43d.w128 elements=1536 differing=810 max_ulp=2506033712 max_abs=1.4660155e13 max_abs_over_largest=6.8134046e12
ab bits sha=d8ad59bfed0ed43d threads=256 extents=[1, 1536] arm=d8ad59bfed0ed43d.w192 elements=1536 differing=456 max_ulp=86 max_abs=1.1920929e-7 max_abs_over_largest=5.5403312e-8
ab bits sha=d8ad59bfed0ed43d threads=256 extents=[1, 1536] arm=d8ad59bfed0ed43d.w384 elements=1536 differing=0 max_ulp=0 max_abs=0e0 max_abs_over_largest=0e0
ab bits sha=d8ad59bfed0ed43d threads=256 extents=[1, 1536] arm=d8ad59bfed0ed43d.w512 elements=1536 differing=0 max_ulp=0 max_abs=0e0 max_abs_over_largest=0e0
ab group sha=d8ad59bfed0ed43d threads=256 extents=[1, 1536] tg=Some(256) count=35 pass=0 arm=base marginal_us=6.717 single_us=13.292
ab group sha=d8ad59bfed0ed43d threads=256 extents=[1, 1536] tg=Some(256) count=35 pass=0 arm=d8ad59bfed0ed43d.ctrl marginal_us=6.861 single_us=13.250
ab group sha=d8ad59bfed0ed43d threads=256 extents=[1, 1536] tg=Some(256) count=35 pass=0 arm=d8ad59bfed0ed43d.noreduce marginal_us=6.539 single_us=13.000
ab group sha=d8ad59bfed0ed43d threads=256 extents=[1, 1536] tg=Some(256) count=35 pass=0 arm=d8ad59bfed0ed43d.nosumsq marginal_us=5.931 single_us=12.208
ab group sha=d8ad59bfed0ed43d threads=256 extents=[1, 1536] tg=Some(256) count=35 pass=0 arm=d8ad59bfed0ed43d.noweights marginal_us=4.886 single_us=8.917
ab group sha=d8ad59bfed0ed43d threads=256 extents=[1, 1536] tg=Some(256) count=35 pass=0 arm=d8ad59bfed0ed43d.nowrite marginal_us=6.647 single_us=13.667
ab group sha=d8ad59bfed0ed43d threads=256 extents=[1, 1536] tg=Some(256) count=35 pass=0 arm=d8ad59bfed0ed43d.w128 marginal_us=7.300 single_us=15.125
ab group sha=d8ad59bfed0ed43d threads=256 extents=[1, 1536] tg=Some(256) count=35 pass=0 arm=d8ad59bfed0ed43d.w192 marginal_us=7.028 single_us=15.042
ab group sha=d8ad59bfed0ed43d threads=256 extents=[1, 1536] tg=Some(256) count=35 pass=0 arm=d8ad59bfed0ed43d.w384 marginal_us=5.931 single_us=10.042
ab group sha=d8ad59bfed0ed43d threads=256 extents=[1, 1536] tg=Some(256) count=35 pass=0 arm=d8ad59bfed0ed43d.w512 marginal_us=5.889 single_us=8.667
ab res sha=f41c3c0ebf45e3dc arm=base tg_static_bytes=32 max_threads=832 exec_width=32 bound_buffer_bytes=5061896 iters=50 cell label=f41c3c0ebf45e3dc:base wall_ms=11.465 cpu_ms=2.682 cpu_pct=23.4 rss_peak_mb=3439.1 footprint_mb=103.5 gpu_alloc_mb=3247.5 load_before=4.58 load_after=4.58
ab res sha=f41c3c0ebf45e3dc arm=f41c3c0ebf45e3dc.ctrl tg_static_bytes=32 max_threads=832 exec_width=32 bound_buffer_bytes=5061896 iters=50 cell label=f41c3c0ebf45e3dc:f41c3c0ebf45e3dc.ctrl wall_ms=11.499 cpu_ms=2.790 cpu_pct=24.3 rss_peak_mb=3439.1 footprint_mb=103.5 gpu_alloc_mb=3247.5 load_before=4.58 load_after=4.58
ab res sha=f41c3c0ebf45e3dc arm=f41c3c0ebf45e3dc.noreduce tg_static_bytes=0 max_threads=832 exec_width=32 bound_buffer_bytes=5061896 iters=50 cell label=f41c3c0ebf45e3dc:f41c3c0ebf45e3dc.noreduce wall_ms=11.317 cpu_ms=2.764 cpu_pct=24.4 rss_peak_mb=3439.1 footprint_mb=103.5 gpu_alloc_mb=3247.5 load_before=4.58 load_after=4.58
ab res sha=f41c3c0ebf45e3dc arm=f41c3c0ebf45e3dc.nosumsq tg_static_bytes=32 max_threads=1024 exec_width=32 bound_buffer_bytes=5061896 iters=50 cell label=f41c3c0ebf45e3dc:f41c3c0ebf45e3dc.nosumsq wall_ms=11.366 cpu_ms=2.768 cpu_pct=24.4 rss_peak_mb=3439.1 footprint_mb=103.5 gpu_alloc_mb=3247.5 load_before=4.58 load_after=4.58
ab res sha=f41c3c0ebf45e3dc arm=f41c3c0ebf45e3dc.noweights tg_static_bytes=32 max_threads=1024 exec_width=32 bound_buffer_bytes=5061896 iters=50 cell label=f41c3c0ebf45e3dc:f41c3c0ebf45e3dc.noweights wall_ms=11.371 cpu_ms=2.801 cpu_pct=24.6 rss_peak_mb=3439.1 footprint_mb=103.5 gpu_alloc_mb=3247.5 load_before=4.58 load_after=4.58
ab res sha=f41c3c0ebf45e3dc arm=f41c3c0ebf45e3dc.nowrite tg_static_bytes=32 max_threads=832 exec_width=32 bound_buffer_bytes=5061896 iters=50 cell label=f41c3c0ebf45e3dc:f41c3c0ebf45e3dc.nowrite wall_ms=12.510 cpu_ms=2.853 cpu_pct=22.8 rss_peak_mb=3439.1 footprint_mb=103.5 gpu_alloc_mb=3247.5 load_before=4.58 load_after=4.58
ab res sha=f41c3c0ebf45e3dc arm=f41c3c0ebf45e3dc.w128 tg_static_bytes=16 max_threads=576 exec_width=32 bound_buffer_bytes=5061896 iters=50 cell label=f41c3c0ebf45e3dc:f41c3c0ebf45e3dc.w128 wall_ms=12.547 cpu_ms=2.923 cpu_pct=23.3 rss_peak_mb=3439.1 footprint_mb=103.5 gpu_alloc_mb=3247.5 load_before=4.58 load_after=4.58
ab res sha=f41c3c0ebf45e3dc arm=f41c3c0ebf45e3dc.w192 tg_static_bytes=32 max_threads=832 exec_width=32 bound_buffer_bytes=5061896 iters=50 cell label=f41c3c0ebf45e3dc:f41c3c0ebf45e3dc.w192 wall_ms=12.487 cpu_ms=2.879 cpu_pct=23.1 rss_peak_mb=3439.1 footprint_mb=103.5 gpu_alloc_mb=3247.5 load_before=4.58 load_after=4.58
ab res sha=f41c3c0ebf45e3dc arm=f41c3c0ebf45e3dc.w384 tg_static_bytes=48 max_threads=1024 exec_width=32 bound_buffer_bytes=5061896 iters=50 cell label=f41c3c0ebf45e3dc:f41c3c0ebf45e3dc.w384 wall_ms=11.611 cpu_ms=2.834 cpu_pct=24.4 rss_peak_mb=3439.1 footprint_mb=103.5 gpu_alloc_mb=3247.5 load_before=4.58 load_after=4.58
ab res sha=f41c3c0ebf45e3dc arm=f41c3c0ebf45e3dc.w512 tg_static_bytes=64 max_threads=1024 exec_width=32 bound_buffer_bytes=5061896 iters=50 cell label=f41c3c0ebf45e3dc:f41c3c0ebf45e3dc.w512 wall_ms=11.633 cpu_ms=2.946 cpu_pct=25.3 rss_peak_mb=3439.1 footprint_mb=103.5 gpu_alloc_mb=3247.5 load_before=4.58 load_after=4.58
ab bits sha=f41c3c0ebf45e3dc threads=256 extents=[1, 1536] arm=base elements=1536 differing=0 max_ulp=0 max_abs=0e0 max_abs_over_largest=0e0
ab bits sha=f41c3c0ebf45e3dc threads=256 extents=[1, 1536] arm=f41c3c0ebf45e3dc.ctrl elements=1536 differing=0 max_ulp=0 max_abs=0e0 max_abs_over_largest=0e0
ab bits sha=f41c3c0ebf45e3dc threads=256 extents=[1, 1536] arm=f41c3c0ebf45e3dc.noreduce elements=1536 differing=1536 max_ulp=47419168 max_abs=2.5461013e3 max_abs_over_largest=1.3634459e1
ab bits sha=f41c3c0ebf45e3dc threads=256 extents=[1, 1536] arm=f41c3c0ebf45e3dc.nosumsq elements=1536 differing=1536 max_ulp=112935967 max_abs=2.0150968e6 max_abs_over_largest=1.0790911e4
ab bits sha=f41c3c0ebf45e3dc threads=256 extents=[1, 1536] arm=f41c3c0ebf45e3dc.noweights elements=1536 differing=1536 max_ulp=2190476367 max_abs=1.8565405e2 max_abs_over_largest=9.941837e-1
ab bits sha=f41c3c0ebf45e3dc threads=256 extents=[1, 1536] arm=f41c3c0ebf45e3dc.nowrite elements=1536 differing=1536 max_ulp=2556056418 max_abs=1.4660155e13 max_abs_over_largest=7.850562e10
ab bits sha=f41c3c0ebf45e3dc threads=256 extents=[1, 1536] arm=f41c3c0ebf45e3dc.w128 elements=1536 differing=711 max_ulp=2556056418 max_abs=1.4660155e13 max_abs_over_largest=7.850562e10
ab bits sha=f41c3c0ebf45e3dc threads=256 extents=[1, 1536] arm=f41c3c0ebf45e3dc.w192 elements=1536 differing=0 max_ulp=0 max_abs=0e0 max_abs_over_largest=0e0
ab bits sha=f41c3c0ebf45e3dc threads=256 extents=[1, 1536] arm=f41c3c0ebf45e3dc.w384 elements=1536 differing=0 max_ulp=0 max_abs=0e0 max_abs_over_largest=0e0
ab bits sha=f41c3c0ebf45e3dc threads=256 extents=[1, 1536] arm=f41c3c0ebf45e3dc.w512 elements=1536 differing=0 max_ulp=0 max_abs=0e0 max_abs_over_largest=0e0
ab group sha=f41c3c0ebf45e3dc threads=256 extents=[1, 1536] tg=Some(256) count=70 pass=0 arm=base marginal_us=6.325 single_us=13.042
ab group sha=f41c3c0ebf45e3dc threads=256 extents=[1, 1536] tg=Some(256) count=70 pass=0 arm=f41c3c0ebf45e3dc.ctrl marginal_us=6.481 single_us=12.792
ab group sha=f41c3c0ebf45e3dc threads=256 extents=[1, 1536] tg=Some(256) count=70 pass=0 arm=f41c3c0ebf45e3dc.noreduce marginal_us=6.292 single_us=12.958
ab group sha=f41c3c0ebf45e3dc threads=256 extents=[1, 1536] tg=Some(256) count=70 pass=0 arm=f41c3c0ebf45e3dc.nosumsq marginal_us=5.814 single_us=11.708
ab group sha=f41c3c0ebf45e3dc threads=256 extents=[1, 1536] tg=Some(256) count=70 pass=0 arm=f41c3c0ebf45e3dc.noweights marginal_us=4.650 single_us=9.000
ab group sha=f41c3c0ebf45e3dc threads=256 extents=[1, 1536] tg=Some(256) count=70 pass=0 arm=f41c3c0ebf45e3dc.nowrite marginal_us=6.389 single_us=13.958
ab group sha=f41c3c0ebf45e3dc threads=256 extents=[1, 1536] tg=Some(256) count=70 pass=0 arm=f41c3c0ebf45e3dc.w128 marginal_us=7.283 single_us=15.250
ab group sha=f41c3c0ebf45e3dc threads=256 extents=[1, 1536] tg=Some(256) count=70 pass=0 arm=f41c3c0ebf45e3dc.w192 marginal_us=6.778 single_us=14.833
ab group sha=f41c3c0ebf45e3dc threads=256 extents=[1, 1536] tg=Some(256) count=70 pass=0 arm=f41c3c0ebf45e3dc.w384 marginal_us=5.869 single_us=10.333
ab group sha=f41c3c0ebf45e3dc threads=256 extents=[1, 1536] tg=Some(256) count=70 pass=0 arm=f41c3c0ebf45e3dc.w512 marginal_us=5.861 single_us=9.083
ab cell label=process wall_ms=3052.068 cpu_ms=2407.429 cpu_pct=78.9 rss_peak_mb=3439.1 footprint_mb=103.5 gpu_alloc_mb=3247.5 load_before=4.58 load_after=4.58
