m0 decode: generated_tokens=24 text="# Walkthrough of the `proxima` Project\n\nThe provided documentation describes **proxima**, a high-level,"
m0 capture: step=23 dispatches_with_threads=941
m0 groups: 124 kernels-by-identity-and-geometry over 941 dispatches
m0 replay: group 0/124
m0 replay: group 50/124
m0 replay: group 100/124
m0 sequence replay: one command buffer, dispatches=941 of 941 captured, gpu_ms=[10.623166686855257, 10.87629166431725, 11.528874980285764]
m0 chunk sequence replay: chunks=8, gpu_ms=[[0.23012503515928984, 1.3057499891147017, 1.1522916611284018, 1.1846249690279365, 1.5833750367164612, 1.6601666575297713, 1.6742500010877848, 2.584416652098298], [0.21233339793980122, 1.1769583215937018, 1.1411249870434403, 1.195166609250009, 1.5781666152179241, 1.6525833634659648, 1.6569166909903288, 2.6642082957550883], [0.2288749674335122, 1.291541731916368, 1.0999167570844293, 1.1883750557899475, 1.5016250545158982, 1.4974583173170686, 1.5226249815896153, 2.544624963775277]]
m0 family sequence replay excludes 0 unreplayable dispatches of 941
m0 family sequence replay: family=attention dispatches=70 runs=7 gpu_ms_mean=1.0588 gpu_ms_min=1.0067 cov_pct=4.27
m0 family sequence replay: family=head dispatches=1 runs=7 gpu_ms_mean=1.1250 gpu_ms_min=1.1221 cov_pct=0.18
m0 family sequence replay: family=norms dispatches=446 runs=7 gpu_ms_mean=2.2215 gpu_ms_min=2.0320 cov_pct=7.88
m0 family sequence replay: family=other_matvec dispatches=2 runs=7 gpu_ms_mean=0.1307 gpu_ms_min=0.1295 cov_pct=1.02
m0 family sequence replay: family=q4_0_matvec dispatches=275 runs=7 gpu_ms_mean=5.4844 gpu_ms_min=5.2405 cov_pct=3.21
m0 family sequence replay: family=rope_copy_elementwise dispatches=147 runs=7 gpu_ms_mean=0.5300 gpu_ms_min=0.4668 cov_pct=7.58

class                                     disp/step us/disp cold  total us cold   % step | us/disp -flr   total -flr | us/disp marg   total marg
matvec Q4_0                                     275        20.64         5676.5    48.2% |        16.73       4599.5 |        17.00       4674.0
RMSNorm sumsq + fused epilogue                  106        12.09         1281.9    10.9% |         8.18        866.8 |         5.33        565.5
head                                              1      1175.71         1175.7    10.0% |      1171.79       1171.8 |      1101.66       1101.7
RMSNorm sumsq                                   170         6.50         1105.2     9.4% |         2.58        439.4 |         3.09        524.7
norm apply                                      170         5.61          954.0     8.1% |         1.70        288.2 |         3.42        580.6
cached attention partial                         35        26.88          940.8     8.0% |        22.96        803.7 |        24.25        848.7
RoPE                                            100         5.83          582.5     4.9% |         1.91        190.8 |         3.54        353.8
cached attention merge                           35         7.98          279.4     2.4% |         4.07        142.3 |         6.02        210.6
identity copy                                    36         4.92          177.0     1.5% |         1.00         36.0 |         2.45         88.3
matvec Float16                                    1       120.21          120.2     1.0% |       116.29        116.3 |       114.17        114.2
elementwise fused_identity_o0__multiply_s0_o1_g10          2        17.98           36.0     0.3% |        14.06         28.1 |        15.72         31.4
softmax max                                       2         7.47           14.9     0.1% |         3.55          7.1 |         4.30          8.6
UNCLASSIFIED omega_reduce_r3_o2_n5_fused_equal_o0_o1__add_o2_o3__select_s0_s1_o4_minimum_positive_infinity          1        14.90           14.9     0.1% |        10.98         11.0 |        10.16         10.2
matvec f32                                        1        12.75           12.7     0.1% |         8.83          8.8 |         9.64          9.6
iota                                              2         4.21            8.4     0.1% |         0.29          0.6 |         1.67          3.3
elementwise identity_g1                           1         6.33            6.3     0.1% |         2.42          2.4 |         3.97          4.0
softmax sum                                       1         6.00            6.0     0.1% |         2.08          2.1 |         2.46          2.5
UNCLASSIFIED omega_reduce_r2_o1_n1_identity_minimum_positive_infinity          1         5.50            5.5     0.0% |         1.58          1.6 |         2.71          2.7
elementwise multiply                              1         5.12            5.1     0.0% |         1.21          1.2 |         2.51          2.5

m0 floor: empty command buffer GPU span median=3.92 us min=3.42 us max=12.37 us n=200
m0 step (captured step 23, last evaluation that ran): rows_evaluated=Some(1) tokens_committed=Some(1) gpu_busy_ms=Some(11.786791612394154) gpu_exec_ms=Some(4.489333) physical_dispatch_calls=Some(941)
m0 step (median over logged evaluations at step >= 2, mixed widths): gpu_busy_ms=11.564 gpu_exec_ms=4.441
m0 reconcile: sum(median x count) [cold]=12403.2 us; ratio to gpu_busy_ms=1.052; ratio to gpu_exec_ms=2.763
m0 reconcile: sum(median x count) [cold-minus-floor]=8717.6 us; ratio to gpu_busy_ms=0.740; ratio to gpu_exec_ms=1.942
m0 reconcile: sum(median x count) [warm]=12640.6 us; ratio to gpu_busy_ms=1.072; ratio to gpu_exec_ms=2.816
m0 reconcile: sum(median x count) [marginal]=9136.8 us; ratio to gpu_busy_ms=0.775; ratio to gpu_exec_ms=2.035
m0 invariant 1: sum(group members)=941 captured_dispatches=941 physical_dispatch_calls_logged=Some(941) capture_step_is_last_logged_step=true
m0 replay failures: 0
m0 unreplayable by capture: groups=0 dispatches=0
