m0 decode: generated_tokens=24 text="# Walkthrough of the `proxima` Project\n\nThe provided documentation describes **proxima**, a high-level,"
m0 capture: step=23 dispatches_with_threads=941
m0 groups: 124 kernels-by-identity-and-geometry over 941 dispatches
m0 replay: group 0/124
m0 replay: group 50/124
m0 replay: group 100/124
m0 sequence replay: one command buffer, dispatches=941 of 941 captured, gpu_ms=[11.42374996561557, 11.034416616894305, 10.987624991685152]
m0 chunk sequence replay: chunks=8, gpu_ms=[[0.22849999368190765, 1.286333310417831, 1.1327499523758888, 1.1689582606777549, 1.5438750851899385, 1.6377500724047422, 1.676499960012734, 2.6587083702906966], [0.22987497504800558, 1.290083397179842, 1.1583749437704682, 1.130125019699335, 1.5062500024214387, 1.6337500419467688, 1.6522500663995743, 2.6825832901522517], [0.22595829796046019, 1.2745417188853025, 1.1567500187084079, 1.187166664749384, 1.5172500861808658, 1.6443750355392694, 1.6683333087712526, 2.6767499512061477]]
m0 family sequence replay excludes 0 unreplayable dispatches of 941
m0 family sequence replay: family=attention dispatches=70 runs=7 gpu_ms_mean=1.0854 gpu_ms_min=1.0224 cov_pct=3.80
m0 family sequence replay: family=head dispatches=1 runs=7 gpu_ms_mean=1.1286 gpu_ms_min=1.1212 cov_pct=0.91
m0 family sequence replay: family=norms dispatches=446 runs=7 gpu_ms_mean=2.2393 gpu_ms_min=2.0339 cov_pct=7.62
m0 family sequence replay: family=other_matvec dispatches=2 runs=7 gpu_ms_mean=0.1324 gpu_ms_min=0.1291 cov_pct=1.76
m0 family sequence replay: family=q4_0_matvec dispatches=275 runs=7 gpu_ms_mean=5.4989 gpu_ms_min=5.2289 cov_pct=3.20
m0 family sequence replay: family=rope_copy_elementwise dispatches=147 runs=7 gpu_ms_mean=0.5292 gpu_ms_min=0.4665 cov_pct=7.59

class                                     disp/step us/disp cold  total us cold   % step | us/disp -flr   total -flr | us/disp marg   total marg
matvec Q4_0                                     275        22.11         6081.1    52.5% |        14.13       3886.8 |        19.39       5333.4
RMSNorm sumsq                                   170         9.24         1571.0    13.6% |         1.42        240.9 |         3.41        579.8
RMSNorm sumsq + fused epilogue                  106        12.95         1372.6    11.9% |         4.97        526.8 |         6.96        738.1
head                                              1      1174.44         1174.4    10.1% |      1166.46       1166.5 |      1120.90       1120.9
norm apply                                      170         6.21         1055.5     9.1% |         0.00          0.0 |         4.06        690.4
cached attention partial                         35        26.98          944.3     8.2% |        19.00        665.0 |        28.55        999.2
RoPE                                            100         6.08          608.4     5.3% |         0.00          0.0 |         4.00        399.8
cached attention merge                           35        11.89          416.1     3.6% |         3.91        136.8 |        10.46        365.9
identity copy                                    36         5.76          207.3     1.8% |         0.18          6.3 |         2.79        100.6
matvec Float16                                    1       119.92          119.9     1.0% |       111.94        111.9 |       115.64        115.6
elementwise fused_identity_o0__multiply_s0_o1_g10          2        20.75           41.5     0.4% |        12.77         25.5 |        16.85         33.7
UNCLASSIFIED omega_reduce_r3_o2_n5_fused_equal_o0_o1__add_o2_o3__select_s0_s1_o4_minimum_positive_infinity          1        15.25           15.3     0.1% |         7.27          7.3 |        10.95         10.9
softmax max                                       2         7.56           15.1     0.1% |         0.51          1.0 |         4.43          8.9
matvec f32                                        1        12.50           12.5     0.1% |         4.52          4.5 |         9.78          9.8
iota                                              2         4.54            9.1     0.1% |         0.00          0.0 |         2.21          4.4
softmax sum                                       1         6.52            6.5     0.1% |         0.00          0.0 |         2.93          2.9
elementwise identity_g1                           1         6.25            6.2     0.1% |         0.00          0.0 |         4.01          4.0
UNCLASSIFIED omega_reduce_r2_o1_n1_identity_minimum_positive_infinity          1         6.00            6.0     0.1% |         0.00          0.0 |         2.99          3.0
elementwise multiply                              1         5.62            5.6     0.0% |         0.00          0.0 |         2.73          2.7

m0 floor: empty command buffer GPU span median=7.98 us min=5.71 us max=12.63 us n=200
m0 step (captured step 23, last evaluation that ran): rows_evaluated=Some(1) tokens_committed=Some(1) gpu_busy_ms=Some(11.57762494403869) gpu_exec_ms=Some(4.540583) physical_dispatch_calls=Some(941)
m0 step (median over logged evaluations at step >= 2, mixed widths): gpu_busy_ms=11.542 gpu_exec_ms=4.680
m0 reconcile: sum(median x count) [cold]=13668.3 us; ratio to gpu_busy_ms=1.181; ratio to gpu_exec_ms=3.010
m0 reconcile: sum(median x count) [cold-minus-floor]=6779.4 us; ratio to gpu_busy_ms=0.586; ratio to gpu_exec_ms=1.493
m0 reconcile: sum(median x count) [warm]=13789.3 us; ratio to gpu_busy_ms=1.191; ratio to gpu_exec_ms=3.037
m0 reconcile: sum(median x count) [marginal]=10524.2 us; ratio to gpu_busy_ms=0.909; ratio to gpu_exec_ms=2.318
m0 invariant 1: sum(group members)=941 captured_dispatches=941 physical_dispatch_calls_logged=Some(941) capture_step_is_last_logged_step=true
m0 replay failures: 0
m0 unreplayable by capture: groups=0 dispatches=0
