   Compiling proxima-tensor v0.1.0 (/Users/brianbruggeman/repos/slot-0/proxima-windows/proxima-tensor)
   Compiling proxima-safetensors v0.1.0 (/Users/brianbruggeman/repos/slot-0/proxima-windows/proxima-safetensors)
   Compiling omega v0.1.0 (/Users/brianbruggeman/repos/slot-0/proxima-windows/omega)
   Compiling proxima-model-interop v0.1.0 (/Users/brianbruggeman/repos/slot-0/proxima-windows/proxima-model-interop)
    Finished `test` profile [unoptimized + debuginfo] target(s) in 10.14s
────────────
 Nextest run ID b2944228-beca-4fb7-835f-3440f1b3e1e6 with nextest profile: default
    Starting 53 tests across 1 binary
        PASS [   3.486s] ( 1/53) proxima-model-interop::arch_data_baseline arch_data_digest_gemma4_26b
        PASS [   0.913s] ( 2/53) proxima-model-interop::arch_data_baseline arch_data_digest_gemma4_e2b
        PASS [   0.213s] ( 3/53) proxima-model-interop::arch_data_baseline arch_data_digest_granite_moe
        PASS [   0.105s] ( 4/53) proxima-model-interop::arch_data_baseline arch_data_digest_openchat
        PASS [   0.186s] ( 5/53) proxima-model-interop::arch_data_baseline arch_data_digest_qwen2
        PASS [   0.235s] ( 6/53) proxima-model-interop::arch_data_baseline arch_data_digest_qwen3
        PASS [   0.374s] ( 7/53) proxima-model-interop::arch_data_baseline arch_data_digest_qwen35
        PASS [   1.189s] ( 8/53) proxima-model-interop::arch_data_baseline arch_data_digest_qwen35moe
        PASS [   0.009s] ( 9/53) proxima-model-interop::arch_data_baseline checkpoints_toml_lists_every_baseline_checkpoint
        PASS [   0.631s] (10/53) proxima-model-interop::arch_data_baseline descriptor_real_dims_gemma4_26b_program_equals_direct_builder
        PASS [   0.032s] (11/53) proxima-model-interop::arch_data_baseline descriptor_real_dims_openchat_program_equals_direct_builder
        SLOW [> 60.000s] (─────) proxima-model-interop::arch_data_baseline generic_binder_gemma4_26b
        SLOW [>120.000s] (─────) proxima-model-interop::arch_data_baseline generic_binder_gemma4_26b
        SLOW [>180.000s] (─────) proxima-model-interop::arch_data_baseline generic_binder_gemma4_26b
        SLOW [>240.000s] (─────) proxima-model-interop::arch_data_baseline generic_binder_gemma4_26b
        SLOW [>300.000s] (─────) proxima-model-interop::arch_data_baseline generic_binder_gemma4_26b
        SLOW [>360.000s] (─────) proxima-model-interop::arch_data_baseline generic_binder_gemma4_26b
        SLOW [>420.000s] (─────) proxima-model-interop::arch_data_baseline generic_binder_gemma4_26b
        SLOW [>480.000s] (─────) proxima-model-interop::arch_data_baseline generic_binder_gemma4_26b
        SLOW [>540.000s] (─────) proxima-model-interop::arch_data_baseline generic_binder_gemma4_26b
        SLOW [>600.000s] (─────) proxima-model-interop::arch_data_baseline generic_binder_gemma4_26b
        PASS [ 623.549s] (12/53) proxima-model-interop::arch_data_baseline generic_binder_gemma4_26b
        SLOW [> 60.000s] (─────) proxima-model-interop::arch_data_baseline generic_binder_gemma4_e2b
        SLOW [>120.000s] (─────) proxima-model-interop::arch_data_baseline generic_binder_gemma4_e2b
        PASS [ 168.455s] (13/53) proxima-model-interop::arch_data_baseline generic_binder_gemma4_e2b
        SLOW [> 60.000s] (─────) proxima-model-interop::arch_data_baseline generic_binder_granite_moe
        PASS [  66.792s] (14/53) proxima-model-interop::arch_data_baseline generic_binder_granite_moe
        SLOW [> 60.000s] (─────) proxima-model-interop::arch_data_baseline generic_binder_openchat
        SLOW [>120.000s] (─────) proxima-model-interop::arch_data_baseline generic_binder_openchat
        SLOW [>180.000s] (─────) proxima-model-interop::arch_data_baseline generic_binder_openchat
        PASS [ 188.581s] (15/53) proxima-model-interop::arch_data_baseline generic_binder_openchat
        PASS [  24.486s] (16/53) proxima-model-interop::arch_data_baseline generic_binder_qwen2
        SLOW [> 60.000s] (─────) proxima-model-interop::arch_data_baseline generic_binder_qwen3
        SLOW [>120.000s] (─────) proxima-model-interop::arch_data_baseline generic_binder_qwen3
        SLOW [>180.000s] (─────) proxima-model-interop::arch_data_baseline generic_binder_qwen3
        PASS [ 239.579s] (17/53) proxima-model-interop::arch_data_baseline generic_binder_qwen3
        PASS [  48.981s] (18/53) proxima-model-interop::arch_data_baseline generic_binder_qwen35
        SLOW [> 60.000s] (─────) proxima-model-interop::arch_data_baseline generic_binder_qwen35moe
        SLOW [>120.000s] (─────) proxima-model-interop::arch_data_baseline generic_binder_qwen35moe
        SLOW [>180.000s] (─────) proxima-model-interop::arch_data_baseline generic_binder_qwen35moe
        SLOW [>240.000s] (─────) proxima-model-interop::arch_data_baseline generic_binder_qwen35moe
        SLOW [>300.000s] (─────) proxima-model-interop::arch_data_baseline generic_binder_qwen35moe
        SLOW [>360.000s] (─────) proxima-model-interop::arch_data_baseline generic_binder_qwen35moe
        SLOW [>420.000s] (─────) proxima-model-interop::arch_data_baseline generic_binder_qwen35moe
        SLOW [>480.000s] (─────) proxima-model-interop::arch_data_baseline generic_binder_qwen35moe
        SLOW [>540.000s] (─────) proxima-model-interop::arch_data_baseline generic_binder_qwen35moe
        SLOW [>600.000s] (─────) proxima-model-interop::arch_data_baseline generic_binder_qwen35moe
        SLOW [>660.000s] (─────) proxima-model-interop::arch_data_baseline generic_binder_qwen35moe
        SLOW [>720.000s] (─────) proxima-model-interop::arch_data_baseline generic_binder_qwen35moe
        SLOW [>780.000s] (─────) proxima-model-interop::arch_data_baseline generic_binder_qwen35moe
        SLOW [>840.000s] (─────) proxima-model-interop::arch_data_baseline generic_binder_qwen35moe
        SLOW [>900.000s] (─────) proxima-model-interop::arch_data_baseline generic_binder_qwen35moe
        SLOW [>960.000s] (─────) proxima-model-interop::arch_data_baseline generic_binder_qwen35moe
        SLOW [>1020.000s] (─────) proxima-model-interop::arch_data_baseline generic_binder_qwen35moe
        PASS [1035.236s] (19/53) proxima-model-interop::arch_data_baseline generic_binder_qwen35moe
        PASS [  16.785s] (20/53) proxima-model-interop::arch_data_baseline generic_verify_llama_parity_gemma4_e2b
        PASS [  28.035s] (21/53) proxima-model-interop::arch_data_baseline generic_verify_llama_parity_granite_moe
        SLOW [> 60.000s] (─────) proxima-model-interop::arch_data_baseline generic_verify_llama_parity_openchat
        PASS [  81.807s] (22/53) proxima-model-interop::arch_data_baseline generic_verify_llama_parity_openchat
        PASS [  18.005s] (23/53) proxima-model-interop::arch_data_baseline generic_verify_llama_parity_qwen2
        SLOW [> 60.000s] (─────) proxima-model-interop::arch_data_baseline generic_verify_llama_parity_qwen3
        PASS [  74.853s] (24/53) proxima-model-interop::arch_data_baseline generic_verify_llama_parity_qwen3
        PASS [   0.016s] (25/53) proxima-model-interop::arch_data_baseline granite_moe_config_with_the_hf_split_half_pairing_is_refused_by_the_lowering
        PASS [   0.028s] (26/53) proxima-model-interop::arch_data_baseline granite_moe_header_declares_the_scales_the_profile_cannot_carry
        PASS [   0.056s] (27/53) proxima-model-interop::arch_data_baseline granite_moe_program_carries_the_header_scales
        PASS [   0.029s] (28/53) proxima-model-interop::arch_data_baseline hand_written_granite_moe_config_equals_the_gguf_header_descriptor
        PASS [   9.815s] (29/53) proxima-model-interop::arch_data_baseline hand_written_granite_moe_config_reproduces_llama_ids
        PASS [   0.117s] (30/53) proxima-model-interop::arch_data_baseline hand_written_qwen2_config_equals_the_gguf_header_descriptor
        PASS [  45.670s] (31/53) proxima-model-interop::arch_data_baseline kv_in_caller_memory_gemma4_26b
        PASS [  10.392s] (32/53) proxima-model-interop::arch_data_baseline kv_in_caller_memory_gemma4_e2b
        PASS [  17.422s] (33/53) proxima-model-interop::arch_data_baseline kv_in_caller_memory_granite_moe
        PASS [  26.475s] (34/53) proxima-model-interop::arch_data_baseline llama_parity_gemma4_26b
        PASS [   9.955s] (35/53) proxima-model-interop::arch_data_baseline llama_parity_gemma4_e2b
        PASS [   9.899s] (36/53) proxima-model-interop::arch_data_baseline llama_parity_granite_moe
        PASS [  20.994s] (37/53) proxima-model-interop::arch_data_baseline llama_parity_openchat
        PASS [   6.619s] (38/53) proxima-model-interop::arch_data_baseline llama_parity_qwen2
        PASS [  20.082s] (39/53) proxima-model-interop::arch_data_baseline llama_parity_qwen3
        PASS [   2.623s] (40/53) proxima-model-interop::arch_data_baseline model_config_edit_to_qwen2_changes_the_generated_ids
        PASS [   0.724s] (41/53) proxima-model-interop::arch_data_baseline model_config_file_layer_turns_the_decode_config_into_the_verify_program
        PASS [   0.586s] (42/53) proxima-model-interop::arch_data_baseline model_config_rejects_an_unknown_field
        PASS [   1.203s] (43/53) proxima-model-interop::arch_data_baseline model_config_roundtrip_gemma4_26b
        PASS [   0.890s] (44/53) proxima-model-interop::arch_data_baseline model_config_roundtrip_gemma4_e2b
        PASS [   0.195s] (45/53) proxima-model-interop::arch_data_baseline model_config_roundtrip_granite_moe
        PASS [   0.110s] (46/53) proxima-model-interop::arch_data_baseline model_config_roundtrip_openchat
        PASS [   0.184s] (47/53) proxima-model-interop::arch_data_baseline model_config_roundtrip_qwen2
        PASS [   0.231s] (48/53) proxima-model-interop::arch_data_baseline model_config_roundtrip_qwen3
        PASS [   3.110s] (49/53) proxima-model-interop::arch_data_baseline model_config_text_edit_changes_the_lowered_program
        PASS [   1.185s] (50/53) proxima-model-interop::arch_data_baseline window_ring_layers_equal_the_oracle_swa_flags_on_both_gemma4_checkpoints
        PASS [   0.125s] (51/53) proxima-model-interop::arch_data_baseline window_ring_layers_follow_a_window_on_one_dense_layer
        PASS [   8.872s] (52/53) proxima-model-interop::arch_data_baseline zero_rust_variant_full_attention_gemma4_e2b_lowers_and_runs
        PASS [   6.564s] (53/53) proxima-model-interop::arch_data_baseline zero_rust_variant_hand_written_qwen2_config_reproduces_llama_ids
────────────
     Summary [2826.692s] 53 tests run: 53 passed (8 slow), 0 skipped
