decode_gbps_baseline warm_model_buffers=false warmed_buffers=0 warm_ms=0.000
decode_gbps_baseline run=start prompt="<|turn>user\nWhich of these is smaller in size: a hippopotamus or a large office building?<turn|>\n<|turn>model" prompt_token_count=25 max_tokens=8
decode_gbps_baseline token_ids run_index=0 ids=[496, 5213, 20619, 4408, 3788, 1018, 563, 7100]
decode_gbps_baseline run=done run_index=0 wall_ms=349.729 cpu_user_ms=92.972 cpu_sys_ms=105.388 cpu_ms=198.360 cpu_pct=56.72 tokens_generated=8 prompt_token_count=25 text_hash=701cac4b1dce32f3 stopped_by_eos=false decode_ms_per_token=16.390 ttft_ms=235 gpu_peak_bytes=3374514176 text=" a **large office building** is smaller"
decode_gbps_baseline pipeline_disk_cache run_index=0 hits=71 stores=0
        2.12 real         1.31 user         1.36 sys
          3594567680  maximum resident set size
                   0  average shared memory size
                   0  average unshared data size
                   0  average unshared stack size
              425165  page reclaims
                   0  page faults
                   0  swaps
                   0  block input operations
                   0  block output operations
                   0  messages sent
                   0  messages received
                   0  signals received
                   0  voluntary context switches
                 512  involuntary context switches
         12816754381  instructions retired
          8347821961  cycles elapsed
           184559616  peak memory footprint
