decode_gbps_baseline run=start prompt="<|turn>user\nWhich of these is smaller in size: a hippopotamus or a large office building?<turn|>\n<|turn>model" prompt_token_count=25 max_tokens=8
decode_gbps_baseline token_ids run_index=0 ids=[496, 5213, 20619, 4408, 3788, 1018, 563, 7100]
decode_gbps_baseline run=done run_index=0 wall_ms=342.832 cpu_user_ms=92.730 cpu_sys_ms=96.270 cpu_ms=189.000 cpu_pct=55.13 tokens_generated=8 prompt_token_count=25 text_hash=701cac4b1dce32f3 stopped_by_eos=false decode_ms_per_token=16.119 ttft_ms=230 gpu_peak_bytes=3374514176 text=" a **large office building** is smaller"
decode_gbps_baseline pipeline_disk_cache run_index=0 hits=66 stores=0
        2.14 real         1.32 user         1.31 sys
          3593502720  maximum resident set size
                   0  average shared memory size
                   0  average unshared data size
                   0  average unshared stack size
              425096  page reclaims
                   0  page faults
                   0  swaps
                   0  block input operations
                   0  block output operations
                   0  messages sent
                   0  messages received
                   0  signals received
                   0  voluntary context switches
                 517  involuntary context switches
         12759572583  instructions retired
          8232288187  cycles elapsed
           185870592  peak memory footprint
