ab capture excludes 0 unreplayable dispatches of 828
ab capture: step=0 dispatches=828 groups=48
ab res sha=28e538282271e635 arm=base tg_static_bytes=8576 max_threads=384 exec_width=32 bound_buffer_bytes=404038148 iters=50 cell label=28e538282271e635:base wall_ms=66.339 cpu_ms=3.532 cpu_pct=5.3 rss_peak_mb=3415.2 footprint_mb=232.0 gpu_alloc_mb=3374.6 load_before=3.41 load_after=3.41
ab res sha=28e538282271e635 arm=28e538282271e635.ctrl tg_static_bytes=8576 max_threads=384 exec_width=32 bound_buffer_bytes=404038148 iters=50 cell label=28e538282271e635:28e538282271e635.ctrl wall_ms=58.070 cpu_ms=3.283 cpu_pct=5.7 rss_peak_mb=3415.2 footprint_mb=232.0 gpu_alloc_mb=3374.6 load_before=3.41 load_after=3.41
ab res sha=28e538282271e635 arm=28e538282271e635.r4u tg_static_bytes=17152 max_threads=384 exec_width=32 bound_buffer_bytes=404038148 iters=50 cell label=28e538282271e635:28e538282271e635.r4u wall_ms=56.095 cpu_ms=3.157 cpu_pct=5.6 rss_peak_mb=3415.2 footprint_mb=232.0 gpu_alloc_mb=3374.6 load_before=3.41 load_after=3.41
ab bits sha=28e538282271e635 threads=62208 extents=[971, 1, 8, 256] arm=base elements=1988608 differing=0 max_ulp=0 max_abs=0e0 max_abs_over_largest=0e0
ab bits sha=28e538282271e635 threads=62208 extents=[971, 1, 8, 256] arm=28e538282271e635.ctrl elements=1988608 differing=0 max_ulp=0 max_abs=0e0 max_abs_over_largest=0e0
ab bits sha=28e538282271e635 threads=62208 extents=[971, 1, 8, 256] arm=28e538282271e635.r4u elements=1988608 differing=0 max_ulp=0 max_abs=0e0 max_abs_over_largest=0e0
ab group sha=28e538282271e635 threads=62208 extents=[971, 1, 8, 256] tg=Some(128) count=28 pass=0 arm=base marginal_us=956.961 single_us=955.417 rounds=21 round_min_us=942.875 round_max_us=995.875 round_cov_pct=1.701
ab group sha=28e538282271e635 threads=62208 extents=[971, 1, 8, 256] tg=Some(128) count=28 pass=0 arm=28e538282271e635.ctrl marginal_us=956.186 single_us=957.750 rounds=21 round_min_us=943.375 round_max_us=982.042 round_cov_pct=1.261
ab group sha=28e538282271e635 threads=62208 extents=[971, 1, 8, 256] tg=Some(128) count=28 pass=0 arm=28e538282271e635.r4u marginal_us=896.606 single_us=905.417 rounds=21 round_min_us=888.625 round_max_us=933.792 round_cov_pct=1.475
ab res sha=96585e0bac7c1105 arm=base tg_static_bytes=8576 max_threads=384 exec_width=32 bound_buffer_bytes=372568580 iters=50 cell label=96585e0bac7c1105:base wall_ms=143.450 cpu_ms=3.300 cpu_pct=2.3 rss_peak_mb=3415.2 footprint_mb=227.7 gpu_alloc_mb=3374.6 load_before=3.41 load_after=3.41
ab res sha=96585e0bac7c1105 arm=96585e0bac7c1105.ctrl tg_static_bytes=8576 max_threads=384 exec_width=32 bound_buffer_bytes=372568580 iters=50 cell label=96585e0bac7c1105:96585e0bac7c1105.ctrl wall_ms=143.207 cpu_ms=3.275 cpu_pct=2.3 rss_peak_mb=3415.2 footprint_mb=227.7 gpu_alloc_mb=3374.6 load_before=3.41 load_after=3.41
ab res sha=96585e0bac7c1105 arm=96585e0bac7c1105.r4u tg_static_bytes=17152 max_threads=384 exec_width=32 bound_buffer_bytes=372568580 iters=50 cell label=96585e0bac7c1105:96585e0bac7c1105.r4u wall_ms=164.756 cpu_ms=3.532 cpu_pct=2.1 rss_peak_mb=3415.2 footprint_mb=227.7 gpu_alloc_mb=3374.6 load_before=3.41 load_after=3.41
ab bits sha=96585e0bac7c1105 threads=124416 extents=[971, 1, 8, 512] arm=base elements=3977216 differing=0 max_ulp=0 max_abs=0e0 max_abs_over_largest=0e0
ab bits sha=96585e0bac7c1105 threads=124416 extents=[971, 1, 8, 512] arm=96585e0bac7c1105.ctrl elements=3977216 differing=0 max_ulp=0 max_abs=0e0 max_abs_over_largest=0e0
ab bits sha=96585e0bac7c1105 threads=124416 extents=[971, 1, 8, 512] arm=96585e0bac7c1105.r4u elements=3977216 differing=0 max_ulp=0 max_abs=0e0 max_abs_over_largest=0e0
ab group sha=96585e0bac7c1105 threads=124416 extents=[971, 1, 8, 512] tg=Some(256) count=7 pass=0 arm=base marginal_us=2612.606 single_us=2627.875 rounds=21 round_min_us=2612.625 round_max_us=2773.625 round_cov_pct=1.675
ab group sha=96585e0bac7c1105 threads=124416 extents=[971, 1, 8, 512] tg=Some(256) count=7 pass=0 arm=96585e0bac7c1105.ctrl marginal_us=2608.558 single_us=2622.625 rounds=21 round_min_us=2608.125 round_max_us=2761.750 round_cov_pct=1.556
ab group sha=96585e0bac7c1105 threads=124416 extents=[971, 1, 8, 512] tg=Some(256) count=7 pass=0 arm=96585e0bac7c1105.r4u marginal_us=3040.803 single_us=3055.167 rounds=21 round_min_us=2994.250 round_max_us=3263.750 round_cov_pct=2.680
ab cell label=process wall_ms=6735.354 cpu_ms=2191.695 cpu_pct=32.5 rss_peak_mb=3415.2 footprint_mb=258.0 gpu_alloc_mb=3374.6 load_before=3.35 load_after=3.41
