ab capture excludes 0 unreplayable dispatches of 828
ab capture: step=0 dispatches=828 groups=48
ab res sha=28e538282271e635 arm=base tg_static_bytes=8576 max_threads=384 exec_width=32 bound_buffer_bytes=404038148 iters=50 cell label=28e538282271e635:base wall_ms=66.856 cpu_ms=3.315 cpu_pct=5.0 rss_peak_mb=3425.6 footprint_mb=225.0 gpu_alloc_mb=3374.6 load_before=4.05 load_after=4.05
ab res sha=28e538282271e635 arm=28e538282271e635.ctrl tg_static_bytes=8576 max_threads=384 exec_width=32 bound_buffer_bytes=404038148 iters=50 cell label=28e538282271e635:28e538282271e635.ctrl wall_ms=57.601 cpu_ms=3.094 cpu_pct=5.4 rss_peak_mb=3425.6 footprint_mb=225.0 gpu_alloc_mb=3374.6 load_before=4.05 load_after=4.05
ab res sha=28e538282271e635 arm=28e538282271e635.r4u tg_static_bytes=17152 max_threads=384 exec_width=32 bound_buffer_bytes=404038148 iters=50 cell label=28e538282271e635:28e538282271e635.r4u wall_ms=56.136 cpu_ms=3.146 cpu_pct=5.6 rss_peak_mb=3425.6 footprint_mb=225.0 gpu_alloc_mb=3374.6 load_before=4.05 load_after=4.05
ab bits sha=28e538282271e635 threads=62208 extents=[971, 1, 8, 256] arm=base elements=1988608 differing=0 max_ulp=0 max_abs=0e0 max_abs_over_largest=0e0
ab bits sha=28e538282271e635 threads=62208 extents=[971, 1, 8, 256] arm=28e538282271e635.ctrl elements=1988608 differing=0 max_ulp=0 max_abs=0e0 max_abs_over_largest=0e0
ab bits sha=28e538282271e635 threads=62208 extents=[971, 1, 8, 256] arm=28e538282271e635.r4u elements=1988608 differing=0 max_ulp=0 max_abs=0e0 max_abs_over_largest=0e0
ab group sha=28e538282271e635 threads=62208 extents=[971, 1, 8, 256] tg=Some(128) count=28 pass=0 arm=base marginal_us=952.086 single_us=954.292 rounds=21 round_min_us=938.917 round_max_us=976.750 round_cov_pct=1.104
ab group sha=28e538282271e635 threads=62208 extents=[971, 1, 8, 256] tg=Some(128) count=28 pass=0 arm=28e538282271e635.ctrl marginal_us=955.342 single_us=957.250 rounds=21 round_min_us=934.083 round_max_us=994.208 round_cov_pct=1.578
ab group sha=28e538282271e635 threads=62208 extents=[971, 1, 8, 256] tg=Some(128) count=28 pass=0 arm=28e538282271e635.r4u marginal_us=899.192 single_us=904.875 rounds=21 round_min_us=891.250 round_max_us=924.000 round_cov_pct=1.196
ab res sha=96585e0bac7c1105 arm=base tg_static_bytes=8576 max_threads=384 exec_width=32 bound_buffer_bytes=372568580 iters=50 cell label=96585e0bac7c1105:base wall_ms=143.956 cpu_ms=3.749 cpu_pct=2.6 rss_peak_mb=3425.6 footprint_mb=228.3 gpu_alloc_mb=3374.6 load_before=4.05 load_after=4.05
ab res sha=96585e0bac7c1105 arm=96585e0bac7c1105.ctrl tg_static_bytes=8576 max_threads=384 exec_width=32 bound_buffer_bytes=372568580 iters=50 cell label=96585e0bac7c1105:96585e0bac7c1105.ctrl wall_ms=144.917 cpu_ms=4.254 cpu_pct=2.9 rss_peak_mb=3425.6 footprint_mb=228.3 gpu_alloc_mb=3374.6 load_before=4.05 load_after=4.05
ab res sha=96585e0bac7c1105 arm=96585e0bac7c1105.r4u tg_static_bytes=17152 max_threads=384 exec_width=32 bound_buffer_bytes=372568580 iters=50 cell label=96585e0bac7c1105:96585e0bac7c1105.r4u wall_ms=166.458 cpu_ms=4.724 cpu_pct=2.8 rss_peak_mb=3425.6 footprint_mb=228.3 gpu_alloc_mb=3374.6 load_before=4.05 load_after=4.05
ab bits sha=96585e0bac7c1105 threads=124416 extents=[971, 1, 8, 512] arm=base elements=3977216 differing=0 max_ulp=0 max_abs=0e0 max_abs_over_largest=0e0
ab bits sha=96585e0bac7c1105 threads=124416 extents=[971, 1, 8, 512] arm=96585e0bac7c1105.ctrl elements=3977216 differing=0 max_ulp=0 max_abs=0e0 max_abs_over_largest=0e0
ab bits sha=96585e0bac7c1105 threads=124416 extents=[971, 1, 8, 512] arm=96585e0bac7c1105.r4u elements=3977216 differing=0 max_ulp=0 max_abs=0e0 max_abs_over_largest=0e0
ab group sha=96585e0bac7c1105 threads=124416 extents=[971, 1, 8, 512] tg=Some(256) count=7 pass=0 arm=base marginal_us=2614.550 single_us=2625.500 rounds=21 round_min_us=2605.042 round_max_us=2790.250 round_cov_pct=2.132
ab group sha=96585e0bac7c1105 threads=124416 extents=[971, 1, 8, 512] tg=Some(256) count=7 pass=0 arm=96585e0bac7c1105.ctrl marginal_us=2609.575 single_us=2629.375 rounds=21 round_min_us=2611.708 round_max_us=2774.333 round_cov_pct=2.102
ab group sha=96585e0bac7c1105 threads=124416 extents=[971, 1, 8, 512] tg=Some(256) count=7 pass=0 arm=96585e0bac7c1105.r4u marginal_us=3036.233 single_us=3054.875 rounds=21 round_min_us=2999.750 round_max_us=3272.583 round_cov_pct=3.208
ab cell label=process wall_ms=6803.967 cpu_ms=2257.628 cpu_pct=33.2 rss_peak_mb=3425.6 footprint_mb=258.6 gpu_alloc_mb=3374.6 load_before=3.27 load_after=4.05
