ab capture excludes 0 unreplayable dispatches of 828
ab capture: step=0 dispatches=828 groups=48
ab res sha=28e538282271e635 arm=base tg_static_bytes=8576 max_threads=384 exec_width=32 bound_buffer_bytes=404038148 iters=50 cell label=28e538282271e635:base wall_ms=67.974 cpu_ms=3.317 cpu_pct=4.9 rss_peak_mb=3425.2 footprint_mb=226.1 gpu_alloc_mb=3374.6 load_before=3.33 load_after=3.33
ab res sha=28e538282271e635 arm=28e538282271e635.ctrl tg_static_bytes=8576 max_threads=384 exec_width=32 bound_buffer_bytes=404038148 iters=50 cell label=28e538282271e635:28e538282271e635.ctrl wall_ms=57.406 cpu_ms=3.104 cpu_pct=5.4 rss_peak_mb=3425.2 footprint_mb=226.1 gpu_alloc_mb=3374.6 load_before=3.33 load_after=3.33
ab res sha=28e538282271e635 arm=28e538282271e635.r4u tg_static_bytes=17152 max_threads=384 exec_width=32 bound_buffer_bytes=404038148 iters=50 cell label=28e538282271e635:28e538282271e635.r4u wall_ms=56.209 cpu_ms=3.108 cpu_pct=5.5 rss_peak_mb=3425.2 footprint_mb=226.1 gpu_alloc_mb=3374.6 load_before=3.33 load_after=3.33
ab bits sha=28e538282271e635 threads=62208 extents=[971, 1, 8, 256] arm=base elements=1988608 differing=0 max_ulp=0 max_abs=0e0 max_abs_over_largest=0e0
ab bits sha=28e538282271e635 threads=62208 extents=[971, 1, 8, 256] arm=28e538282271e635.ctrl elements=1988608 differing=0 max_ulp=0 max_abs=0e0 max_abs_over_largest=0e0
ab bits sha=28e538282271e635 threads=62208 extents=[971, 1, 8, 256] arm=28e538282271e635.r4u elements=1988608 differing=0 max_ulp=0 max_abs=0e0 max_abs_over_largest=0e0
ab group sha=28e538282271e635 threads=62208 extents=[971, 1, 8, 256] tg=Some(128) count=28 pass=0 arm=base marginal_us=955.517 single_us=957.625 rounds=21 round_min_us=931.667 round_max_us=975.625 round_cov_pct=1.226
ab group sha=28e538282271e635 threads=62208 extents=[971, 1, 8, 256] tg=Some(128) count=28 pass=0 arm=28e538282271e635.ctrl marginal_us=953.536 single_us=956.875 rounds=21 round_min_us=940.208 round_max_us=979.833 round_cov_pct=1.150
ab group sha=28e538282271e635 threads=62208 extents=[971, 1, 8, 256] tg=Some(128) count=28 pass=0 arm=28e538282271e635.r4u marginal_us=897.064 single_us=904.958 rounds=21 round_min_us=891.625 round_max_us=938.625 round_cov_pct=1.351
ab res sha=96585e0bac7c1105 arm=base tg_static_bytes=8576 max_threads=384 exec_width=32 bound_buffer_bytes=372568580 iters=50 cell label=96585e0bac7c1105:base wall_ms=143.780 cpu_ms=3.944 cpu_pct=2.7 rss_peak_mb=3425.2 footprint_mb=228.4 gpu_alloc_mb=3374.6 load_before=3.33 load_after=3.33
ab res sha=96585e0bac7c1105 arm=96585e0bac7c1105.ctrl tg_static_bytes=8576 max_threads=384 exec_width=32 bound_buffer_bytes=372568580 iters=50 cell label=96585e0bac7c1105:96585e0bac7c1105.ctrl wall_ms=144.172 cpu_ms=4.259 cpu_pct=3.0 rss_peak_mb=3425.2 footprint_mb=228.4 gpu_alloc_mb=3374.6 load_before=3.33 load_after=3.33
ab res sha=96585e0bac7c1105 arm=96585e0bac7c1105.r4u tg_static_bytes=17152 max_threads=384 exec_width=32 bound_buffer_bytes=372568580 iters=50 cell label=96585e0bac7c1105:96585e0bac7c1105.r4u wall_ms=165.130 cpu_ms=3.710 cpu_pct=2.2 rss_peak_mb=3425.2 footprint_mb=228.4 gpu_alloc_mb=3374.6 load_before=3.33 load_after=3.33
ab bits sha=96585e0bac7c1105 threads=124416 extents=[971, 1, 8, 512] arm=base elements=3977216 differing=0 max_ulp=0 max_abs=0e0 max_abs_over_largest=0e0
ab bits sha=96585e0bac7c1105 threads=124416 extents=[971, 1, 8, 512] arm=96585e0bac7c1105.ctrl elements=3977216 differing=0 max_ulp=0 max_abs=0e0 max_abs_over_largest=0e0
ab bits sha=96585e0bac7c1105 threads=124416 extents=[971, 1, 8, 512] arm=96585e0bac7c1105.r4u elements=3977216 differing=0 max_ulp=0 max_abs=0e0 max_abs_over_largest=0e0
ab group sha=96585e0bac7c1105 threads=124416 extents=[971, 1, 8, 512] tg=Some(256) count=7 pass=0 arm=base marginal_us=2616.369 single_us=2622.958 rounds=21 round_min_us=2612.167 round_max_us=2788.250 round_cov_pct=2.143
ab group sha=96585e0bac7c1105 threads=124416 extents=[971, 1, 8, 512] tg=Some(256) count=7 pass=0 arm=96585e0bac7c1105.ctrl marginal_us=2610.550 single_us=2622.625 rounds=21 round_min_us=2605.083 round_max_us=2750.167 round_cov_pct=1.719
ab group sha=96585e0bac7c1105 threads=124416 extents=[971, 1, 8, 512] tg=Some(256) count=7 pass=0 arm=96585e0bac7c1105.r4u marginal_us=3034.558 single_us=3054.000 rounds=21 round_min_us=3000.042 round_max_us=3168.125 round_cov_pct=1.148
ab cell label=process wall_ms=6780.876 cpu_ms=2284.077 cpu_pct=33.7 rss_peak_mb=3425.2 footprint_mb=258.8 gpu_alloc_mb=3374.6 load_before=3.33 load_after=3.38
