ab capture excludes 0 unreplayable dispatches of 369
ab capture: step=0 dispatches=369 groups=21
ab res sha=e3603c6942491f2f arm=base tg_static_bytes=9600 max_threads=384 exec_width=32 bound_buffer_bytes=138235140 iters=50 cell label=e3603c6942491f2f:base wall_ms=71.592 cpu_ms=3.117 cpu_pct=4.4 rss_peak_mb=1621.8 footprint_mb=181.8 gpu_alloc_mb=1515.3 load_before=3.07 load_after=3.07
ab res sha=e3603c6942491f2f arm=e3603c6942491f2f.ctrl tg_static_bytes=9600 max_threads=384 exec_width=32 bound_buffer_bytes=138235140 iters=50 cell label=e3603c6942491f2f:e3603c6942491f2f.ctrl wall_ms=66.875 cpu_ms=3.147 cpu_pct=4.7 rss_peak_mb=1621.8 footprint_mb=181.8 gpu_alloc_mb=1515.3 load_before=3.07 load_after=3.07
ab res sha=e3603c6942491f2f arm=e3603c6942491f2f.t16b32u tg_static_bytes=4864 max_threads=384 exec_width=32 bound_buffer_bytes=138235140 iters=50 cell label=e3603c6942491f2f:e3603c6942491f2f.t16b32u wall_ms=88.879 cpu_ms=3.697 cpu_pct=4.2 rss_peak_mb=1621.8 footprint_mb=181.8 gpu_alloc_mb=1515.3 load_before=3.07 load_after=3.07
ab res sha=e3603c6942491f2f arm=e3603c6942491f2f.t32b32u tg_static_bytes=9728 max_threads=384 exec_width=32 bound_buffer_bytes=138235140 iters=50 cell label=e3603c6942491f2f:e3603c6942491f2f.t32b32u wall_ms=132.486 cpu_ms=4.696 cpu_pct=3.5 rss_peak_mb=1621.8 footprint_mb=181.8 gpu_alloc_mb=1515.3 load_before=3.07 load_after=3.07
ab res sha=e3603c6942491f2f arm=e3603c6942491f2f.t64b32u tg_static_bytes=19456 max_threads=384 exec_width=32 bound_buffer_bytes=138235140 iters=50 cell label=e3603c6942491f2f:e3603c6942491f2f.t64b32u wall_ms=300.020 cpu_ms=6.181 cpu_pct=2.1 rss_peak_mb=1621.8 footprint_mb=181.8 gpu_alloc_mb=1515.3 load_before=3.07 load_after=3.07
ab res sha=e3603c6942491f2f arm=e3603c6942491f2f.t8b32u tg_static_bytes=2432 max_threads=448 exec_width=32 bound_buffer_bytes=138235140 iters=50 cell label=e3603c6942491f2f:e3603c6942491f2f.t8b32u wall_ms=68.530 cpu_ms=3.062 cpu_pct=4.5 rss_peak_mb=1621.8 footprint_mb=181.8 gpu_alloc_mb=1515.3 load_before=3.07 load_after=3.07
ab bits sha=e3603c6942491f2f threads=64000 extents=[1000, 8, 2, 64] arm=base elements=1024000 differing=0 max_ulp=0 max_abs=0e0 max_abs_over_largest=0e0
ab bits sha=e3603c6942491f2f threads=64000 extents=[1000, 8, 2, 64] arm=e3603c6942491f2f.ctrl elements=1024000 differing=0 max_ulp=0 max_abs=0e0 max_abs_over_largest=0e0
ab bits sha=e3603c6942491f2f threads=64000 extents=[1000, 8, 2, 64] arm=e3603c6942491f2f.t16b32u elements=1024000 differing=585118 max_ulp=102351 max_abs=3.8146973e-6 max_abs_over_largest=3.417644e-7
ab bits sha=e3603c6942491f2f threads=64000 extents=[1000, 8, 2, 64] arm=e3603c6942491f2f.t32b32u elements=1024000 differing=585118 max_ulp=102351 max_abs=3.8146973e-6 max_abs_over_largest=3.417644e-7
ab bits sha=e3603c6942491f2f threads=64000 extents=[1000, 8, 2, 64] arm=e3603c6942491f2f.t64b32u elements=1024000 differing=585118 max_ulp=102351 max_abs=3.8146973e-6 max_abs_over_largest=3.417644e-7
ab bits sha=e3603c6942491f2f threads=64000 extents=[1000, 8, 2, 64] arm=e3603c6942491f2f.t8b32u elements=1024000 differing=585118 max_ulp=102351 max_abs=3.8146973e-6 max_abs_over_largest=3.417644e-7
ab group sha=e3603c6942491f2f threads=64000 extents=[1000, 8, 2, 64] tg=Some(64) count=24 pass=0 arm=base marginal_us=1110.108 single_us=1124.875 rounds=21 round_min_us=1065.875 round_max_us=1153.083 round_cov_pct=1.879
ab group sha=e3603c6942491f2f threads=64000 extents=[1000, 8, 2, 64] tg=Some(64) count=24 pass=0 arm=e3603c6942491f2f.ctrl marginal_us=1108.914 single_us=1126.250 rounds=21 round_min_us=1092.875 round_max_us=1161.083 round_cov_pct=1.694
ab group sha=e3603c6942491f2f threads=64000 extents=[1000, 8, 2, 64] tg=Some(64) count=24 pass=0 arm=e3603c6942491f2f.t16b32u marginal_us=1511.017 single_us=1533.500 rounds=21 round_min_us=1486.750 round_max_us=1553.542 round_cov_pct=1.201
ab group sha=e3603c6942491f2f threads=64000 extents=[1000, 8, 2, 64] tg=Some(64) count=24 pass=0 arm=e3603c6942491f2f.t32b32u marginal_us=2373.817 single_us=2373.625 rounds=21 round_min_us=2352.250 round_max_us=2416.708 round_cov_pct=0.756
ab group sha=e3603c6942491f2f threads=64000 extents=[1000, 8, 2, 64] tg=Some(64) count=24 pass=0 arm=e3603c6942491f2f.t64b32u marginal_us=5645.675 single_us=5641.875 rounds=21 round_min_us=5619.125 round_max_us=5668.875 round_cov_pct=0.226
ab group sha=e3603c6942491f2f threads=64000 extents=[1000, 8, 2, 64] tg=Some(64) count=24 pass=0 arm=e3603c6942491f2f.t8b32u marginal_us=1132.767 single_us=1136.125 rounds=21 round_min_us=1102.167 round_max_us=1177.042 round_cov_pct=1.607
ab cell label=process wall_ms=6145.339 cpu_ms=883.398 cpu_pct=14.4 rss_peak_mb=1621.8 footprint_mb=181.5 gpu_alloc_mb=1515.3 load_before=3.08 load_after=2.91
