ab capture excludes 0 unreplayable dispatches of 369
ab capture: step=0 dispatches=369 groups=21
ab res sha=e3603c6942491f2f arm=base tg_static_bytes=9600 max_threads=384 exec_width=32 bound_buffer_bytes=138235140 iters=50 cell label=e3603c6942491f2f:base wall_ms=70.509 cpu_ms=3.148 cpu_pct=4.5 rss_peak_mb=1617.1 footprint_mb=184.8 gpu_alloc_mb=1516.3 load_before=3.39 load_after=3.39
ab res sha=e3603c6942491f2f arm=e3603c6942491f2f.ctrl tg_static_bytes=9600 max_threads=384 exec_width=32 bound_buffer_bytes=138235140 iters=50 cell label=e3603c6942491f2f:e3603c6942491f2f.ctrl wall_ms=66.717 cpu_ms=2.978 cpu_pct=4.5 rss_peak_mb=1617.1 footprint_mb=184.8 gpu_alloc_mb=1516.3 load_before=3.39 load_after=3.39
ab res sha=e3603c6942491f2f arm=e3603c6942491f2f.t16b32u tg_static_bytes=4864 max_threads=384 exec_width=32 bound_buffer_bytes=138235140 iters=50 cell label=e3603c6942491f2f:e3603c6942491f2f.t16b32u wall_ms=87.436 cpu_ms=3.168 cpu_pct=3.6 rss_peak_mb=1617.1 footprint_mb=184.8 gpu_alloc_mb=1516.3 load_before=3.39 load_after=3.39
ab res sha=e3603c6942491f2f arm=e3603c6942491f2f.t32b32u tg_static_bytes=9728 max_threads=384 exec_width=32 bound_buffer_bytes=138235140 iters=50 cell label=e3603c6942491f2f:e3603c6942491f2f.t32b32u wall_ms=130.923 cpu_ms=3.659 cpu_pct=2.8 rss_peak_mb=1617.1 footprint_mb=184.8 gpu_alloc_mb=1516.3 load_before=3.39 load_after=3.39
ab res sha=e3603c6942491f2f arm=e3603c6942491f2f.t64b32u tg_static_bytes=19456 max_threads=384 exec_width=32 bound_buffer_bytes=138235140 iters=50 cell label=e3603c6942491f2f:e3603c6942491f2f.t64b32u wall_ms=298.411 cpu_ms=5.368 cpu_pct=1.8 rss_peak_mb=1617.1 footprint_mb=185.7 gpu_alloc_mb=1516.3 load_before=3.39 load_after=3.28
ab res sha=e3603c6942491f2f arm=e3603c6942491f2f.t8b32u tg_static_bytes=2432 max_threads=448 exec_width=32 bound_buffer_bytes=138235140 iters=50 cell label=e3603c6942491f2f:e3603c6942491f2f.t8b32u wall_ms=68.467 cpu_ms=3.009 cpu_pct=4.4 rss_peak_mb=1617.1 footprint_mb=185.7 gpu_alloc_mb=1516.3 load_before=3.28 load_after=3.28
ab bits sha=e3603c6942491f2f threads=64000 extents=[1000, 8, 2, 64] arm=base elements=1024000 differing=0 max_ulp=0 max_abs=0e0 max_abs_over_largest=0e0
ab bits sha=e3603c6942491f2f threads=64000 extents=[1000, 8, 2, 64] arm=e3603c6942491f2f.ctrl elements=1024000 differing=0 max_ulp=0 max_abs=0e0 max_abs_over_largest=0e0
ab bits sha=e3603c6942491f2f threads=64000 extents=[1000, 8, 2, 64] arm=e3603c6942491f2f.t16b32u elements=1024000 differing=585118 max_ulp=102351 max_abs=3.8146973e-6 max_abs_over_largest=3.417644e-7
ab bits sha=e3603c6942491f2f threads=64000 extents=[1000, 8, 2, 64] arm=e3603c6942491f2f.t32b32u elements=1024000 differing=585118 max_ulp=102351 max_abs=3.8146973e-6 max_abs_over_largest=3.417644e-7
ab bits sha=e3603c6942491f2f threads=64000 extents=[1000, 8, 2, 64] arm=e3603c6942491f2f.t64b32u elements=1024000 differing=585118 max_ulp=102351 max_abs=3.8146973e-6 max_abs_over_largest=3.417644e-7
ab bits sha=e3603c6942491f2f threads=64000 extents=[1000, 8, 2, 64] arm=e3603c6942491f2f.t8b32u elements=1024000 differing=585118 max_ulp=102351 max_abs=3.8146973e-6 max_abs_over_largest=3.417644e-7
ab group sha=e3603c6942491f2f threads=64000 extents=[1000, 8, 2, 64] tg=Some(64) count=24 pass=0 arm=base marginal_us=1117.031 single_us=1124.750 rounds=21 round_min_us=1074.708 round_max_us=1155.667 round_cov_pct=1.604
ab group sha=e3603c6942491f2f threads=64000 extents=[1000, 8, 2, 64] tg=Some(64) count=24 pass=0 arm=e3603c6942491f2f.ctrl marginal_us=1115.292 single_us=1135.125 rounds=21 round_min_us=1077.125 round_max_us=1157.000 round_cov_pct=1.849
ab group sha=e3603c6942491f2f threads=64000 extents=[1000, 8, 2, 64] tg=Some(64) count=24 pass=0 arm=e3603c6942491f2f.t16b32u marginal_us=1507.911 single_us=1528.917 rounds=21 round_min_us=1501.208 round_max_us=1553.958 round_cov_pct=1.006
ab group sha=e3603c6942491f2f threads=64000 extents=[1000, 8, 2, 64] tg=Some(64) count=24 pass=0 arm=e3603c6942491f2f.t32b32u marginal_us=2378.536 single_us=2378.792 rounds=21 round_min_us=2352.625 round_max_us=2424.583 round_cov_pct=0.680
ab group sha=e3603c6942491f2f threads=64000 extents=[1000, 8, 2, 64] tg=Some(64) count=24 pass=0 arm=e3603c6942491f2f.t64b32u marginal_us=5637.706 single_us=5639.792 rounds=21 round_min_us=5619.917 round_max_us=5657.875 round_cov_pct=0.201
ab group sha=e3603c6942491f2f threads=64000 extents=[1000, 8, 2, 64] tg=Some(64) count=24 pass=0 arm=e3603c6942491f2f.t8b32u marginal_us=1134.294 single_us=1139.833 rounds=21 round_min_us=1110.500 round_max_us=1192.167 round_cov_pct=2.065
ab cell label=process wall_ms=6582.319 cpu_ms=871.330 cpu_pct=13.2 rss_peak_mb=1617.1 footprint_mb=185.6 gpu_alloc_mb=1516.3 load_before=3.39 load_after=3.17
