ab capture excludes 0 unreplayable dispatches of 369
ab capture: step=0 dispatches=369 groups=21
ab describe sha=17b21f30b4c6bf95 extents=[1000, 16, 32] count=24 entry=omega_elementwise_twin_r3_n4_fused_multiply_o0_o1__multiply_o2_o3__subtract_s0_s1_fused_multiply_o0_o3__multiply_o2_o1__add_s0_s1
ab describe   binding=0 buffer=0x119f98000 offset=0 length=128000 head=[1.0, 1.0, 1.0, 1.0]
ab describe   binding=1 buffer=0x148000000 offset=8192512 length=53348096 head=[-0.18057813, -0.8862463, -6.660377, 0.7185257]
ab describe   binding=2 buffer=0x119fb8000 offset=0 length=128000 head=[0.0, 0.0, 0.0, 0.0]
ab describe   binding=3 buffer=0x148000000 offset=8192512 length=53348096 head=[-0.18057813, -0.8862463, -6.660377, 0.7185257]
ab describe   binding=4 buffer=0x148000000 offset=12288768 length=53348096 head=[-2.976994, -2.749153, 0.6729607, -0.7081563]
ab describe   binding=6 buffer=0x148000000 offset=14337024 length=53348096 head=[0.8065065, 5.492223, -1.9473186, 2.9822426]
ab describe sha=2277fa6e8ff1353b extents=[] count=1 entry=omega_constant_r0_v41400000
ab describe   binding=0 buffer=0x101552b00 offset=0 length=4 head=[12.0]
ab describe sha=23d555d56f27caa0 extents=[1000, 1024] count=49 entry=omega_reduce_r2_o1_n2_multiply_add_zero_epi4_fused_identity_o4__multiply_s0_o3__add_s1_o2__square_root_s2__reciprocal_s3__multiply_s4_o1__multiply_s5_o0
ab describe   binding=0 buffer=0x148000000 offset=0 length=53348096 head=[-7.67334, -20.892958, 13.978429, -4.553549]
ab describe   binding=1 buffer=0x148000000 offset=0 length=53348096 head=[-7.67334, -20.892958, 13.978429, -4.553549]
ab describe   binding=2 buffer=0x300000000 offset=108828704 length=1422245888 head=[]
ab describe   binding=3 buffer=0x148000000 offset=0 length=53348096 head=[-7.67334, -20.892958, 13.978429, -4.553549]
ab describe   binding=4 buffer=0x101551900 offset=0 length=4000 head=[1e-6, 1e-6, 1e-6, 1e-6]
ab describe   binding=5 buffer=0x101552c00 offset=0 length=4 head=[0.0009765625]
ab describe   binding=6 buffer=0x148000000 offset=4096256 length=53348096 head=[0.1726328, 5.0627303, -1.012873, 16.529903]
ab describe sha=5f41e8e53ac0c0da extents=[1000, 8, 1024] count=24 entry=omega_reduce_r3_o2_n2_multiply_add_zero_epi10_fused_identity_o10__add_o8_o9__add_s1_o7__add_s2_o6__add_s3_o5__add_s4_o4__add_s5_o3__add_s6_o2__reciprocal_s7__multiply_s0_s8__multiply_s9_o1__add_s10_o0
ab describe   binding=0 buffer=0x148000000 offset=53281024 length=53348096 head=[1.0, 0.018272756, 0.014946965, 0.012296655]
ab describe   binding=1 buffer=0x148000000 offset=0 length=53348096 head=[-7.67334, -20.892958, 13.978429, -4.553549]
ab describe   binding=2 buffer=0x148000000 offset=49152512 length=53348096 head=[4.041862, -0.24710546, 4.484657, 3.8101192]
ab describe   binding=3 buffer=0x101552e00 offset=0 length=4 head=[0.22]
ab describe   binding=4 buffer=0x148000000 offset=53343744 length=53348096 head=[0.004163272, 0.34196255, 0.42532003, 0.50265396]
ab describe   binding=5 buffer=0x148000000 offset=53339392 length=53348096 head=[0.004837717, 0.342399, 0.43449634, 0.6334751]
ab describe   binding=6 buffer=0x148000000 offset=53335040 length=53348096 head=[0.009581139, 0.48612872, 0.49160984, 0.65491664]
ab describe   binding=7 buffer=0x148000000 offset=53330688 length=53348096 head=[0.010178111, 0.5321586, 0.6864994, 0.6703471]
ab describe   binding=8 buffer=0x148000000 offset=53326336 length=53348096 head=[0.012296655, 0.61199963, 0.8595554, 0.75413316]
ab describe   binding=9 buffer=0x148000000 offset=53321984 length=53348096 head=[0.014946965, 0.74469936, 0.8658444, 0.79651326]
ab describe   binding=10 buffer=0x148000000 offset=53313280 length=53348096 head=[1.0, 1.0, 1.0, 1.0]
ab describe   binding=11 buffer=0x148000000 offset=53317632 length=53348096 head=[0.018272756, 0.7771442, 0.92700934, 0.8958394]
ab describe   binding=12 buffer=0x148000000 offset=32768256 length=53348096 head=[-4.834197, -12.808712, 9.267197, -2.9335616]
ab describe sha=6ea595c3ebd844f9 extents=[1, 1024] count=1 entry=omega_elementwise_r2_n1_identity_g1
ab describe   binding=0 buffer=0x148000000 offset=0 length=53348096 head=[-7.67334, -20.892958, 13.978429, -4.553549]
ab describe   binding=1 buffer=0x101552a00 offset=0 length=4 head=[999.0]
ab describe   binding=2 buffer=0x148000000 offset=4096256 length=53348096 head=[0.1726328, 5.0627303, -1.012873, 16.529903]
ab describe sha=6ff3207155ac557a extents=[] count=1 entry=omega_constant_r0_v3a800000
ab describe   binding=0 buffer=0x101552c00 offset=0 length=4 head=[0.0009765625]
ab describe sha=6ff5fb48d1e629ae extents=[] count=1 entry=omega_constant_r0_v3e2aaaab
ab describe   binding=0 buffer=0x10156bf00 offset=0 length=4 head=[0.16666667]
ab describe sha=817c00aae7e568be extents=[1000, 8, 32] count=24 entry=omega_elementwise_twin_r3_n4_fused_multiply_o0_o1__multiply_o2_o3__add_s0_s1_fused_multiply_o0_o3__multiply_o2_o1__subtract_s0_s1
ab describe   binding=0 buffer=0x119f98000 offset=0 length=128000 head=[1.0, 1.0, 1.0, 1.0]
ab describe   binding=1 buffer=0x148000000 offset=12288768 length=53348096 head=[-2.976994, -2.749153, 0.6729607, -0.7081563]
ab describe   binding=2 buffer=0x119fb8000 offset=0 length=128000 head=[0.0, 0.0, 0.0, 0.0]
ab describe   binding=3 buffer=0x148000000 offset=12288768 length=53348096 head=[-2.976994, -2.749153, 0.6729607, -0.7081563]
ab describe   binding=4 buffer=0x11c800000 offset=0 length=1114112 head=[2.3032293, -3.5113437, 1.2833766, 0.47289792]
ab describe   binding=6 buffer=0x119e04000 offset=0 length=1114112 head=[-3.8035145, 2.0454001, 0.28339222, 2.7080667]
ab describe sha=8f9fbec922e57dcc extents=[1000, 1024, 32] count=24 entry=omega_reduce_r3_o2_n2_multiply_add_zero
ab describe   binding=0 buffer=0x130068000 offset=0 length=131072 head=[0.008911133, 0.0011444092, 0.009155273, -0.0026550293]
ab describe   binding=1 buffer=0x148000000 offset=16384256 length=53348096 head=[-0.5312376, 2.4718025, -26.37518, -2.1808577]
ab describe   binding=2 buffer=0x148000000 offset=0 length=53348096 head=[-7.67334, -20.892958, 13.978429, -4.553549]
ab describe sha=a0a9aede9b4d781d extents=[1000] count=24 entry=omega_moe_topk_e32_k8_stacked
ab describe   binding=0 buffer=0x148000000 offset=0 length=53348096 head=[-7.67334, -20.892958, 13.978429, -4.553549]
ab describe   binding=1 buffer=0x101552f00 offset=0 length=4000 head=[7.0, 1.0, 22.0, 0.0]
ab describe   binding=3 buffer=0x101553f00 offset=0 length=4000 head=[4.0, 6.0, 3.0, 21.0]
ab describe   binding=4 buffer=0x101554f00 offset=0 length=4000 head=[1.0, 13.0, 29.0, 7.0]
ab describe   binding=5 buffer=0x101555f00 offset=0 length=4000 head=[6.0, 7.0, 10.0, 9.0]
ab describe   binding=6 buffer=0x101556f00 offset=0 length=4000 head=[25.0, 31.0, 12.0, 1.0]
ab describe   binding=7 buffer=0x101557f00 offset=0 length=4000 head=[9.0, 9.0, 24.0, 6.0]
ab describe   binding=8 buffer=0x101558f00 offset=0 length=4000 head=[31.0, 14.0, 19.0, 13.0]
ab describe   binding=9 buffer=0x101559f00 offset=0 length=4000 head=[17.0, 17.0, 16.0, 5.0]
ab describe   binding=10 buffer=0x148000000 offset=53313280 length=53348096 head=[1.0, 1.0, 1.0, 1.0]
ab describe   binding=11 buffer=0x148000000 offset=53317632 length=53348096 head=[0.018272756, 0.7771442, 0.92700934, 0.8958394]
ab describe   binding=12 buffer=0x148000000 offset=53321984 length=53348096 head=[0.014946965, 0.74469936, 0.8658444, 0.79651326]
ab describe   binding=13 buffer=0x148000000 offset=53326336 length=53348096 head=[0.012296655, 0.61199963, 0.8595554, 0.75413316]
ab describe   binding=14 buffer=0x148000000 offset=53330688 length=53348096 head=[0.010178111, 0.5321586, 0.6864994, 0.6703471]
ab describe   binding=15 buffer=0x148000000 offset=53335040 length=53348096 head=[0.009581139, 0.48612872, 0.49160984, 0.65491664]
ab describe   binding=16 buffer=0x148000000 offset=53339392 length=53348096 head=[0.004837717, 0.342399, 0.43449634, 0.6334751]
ab describe   binding=17 buffer=0x148000000 offset=53343744 length=53348096 head=[0.004163272, 0.34196255, 0.42532003, 0.50265396]
ab describe   binding=18 buffer=0x10155af00 offset=0 length=4000 head=[5.189644, 4.736472, 4.838226, 4.2525473]
ab describe   binding=19 buffer=0x148000000 offset=53248768 length=53348096 head=[21.0, 23.0, 12.0, 4.0]
ab describe   binding=20 buffer=0x148000000 offset=53281024 length=53348096 head=[1.0, 0.018272756, 0.014946965, 0.012296655]
ab describe sha=d552d3d4eda67cc5 extents=[] count=1 entry=omega_constant_r0_v3e6147ae
ab describe   binding=0 buffer=0x101552e00 offset=0 length=4 head=[0.22]
ab describe sha=e3603c6942491f2f extents=[1000, 8, 2, 64] count=24 entry=omega_cached_attention_h8_g2_d64_s3c800000_ln9223372036854775808_up0_r8_n2_b64_rt
ab describe   binding=0 buffer=0x148000000 offset=12288768 length=53348096 head=[-2.976994, -2.749153, 0.6729607, -0.7081563]
ab describe   binding=1 buffer=0x148000000 offset=14337024 length=53348096 head=[0.8065065, 5.492223, -1.9473186, 2.9822426]
ab describe   binding=2 buffer=0x119e04000 offset=0 length=1114112 head=[-3.8035145, 2.0454001, 0.28339222, 2.7080667]
ab describe   binding=3 buffer=0x11c800000 offset=0 length=1114112 head=[2.3032293, -3.5113437, 1.2833766, 0.47289792]
ab describe   binding=4 buffer=0x119e04000 offset=0 length=1114112 head=[-3.8035145, 2.0454001, 0.28339222, 2.7080667]
ab describe   binding=5 buffer=0x11c800000 offset=0 length=1114112 head=[2.3032293, -3.5113437, 1.2833766, 0.47289792]
ab describe   binding=6 buffer=0x11f28c000 offset=0 length=2228224 head=[0.35069537, 0.053470768, 0.68031096, 1.4410695]
ab describe   binding=7 buffer=0x11f28c000 offset=0 length=2228224 head=[0.35069537, 0.053470768, 0.68031096, 1.4410695]
ab describe   binding=8 buffer=0x101552900 offset=0 length=4 head=[0.0]
ab describe   binding=9 buffer=0x148000000 offset=4096256 length=53348096 head=[0.1726328, 5.0627303, -1.012873, 16.529903]
ab describe sha=ff543d11d58b05fc extents=[] count=1 entry=omega_constant_r0_v3f800000
ab describe   binding=0 buffer=0x101552d00 offset=0 length=4 head=[1.0]
ab cell label=process wall_ms=758.046 cpu_ms=818.175 cpu_pct=107.9 rss_peak_mb=1625.1 footprint_mb=183.3 gpu_alloc_mb=1515.3 load_before=4.39 load_after=4.39
