    Finished `release` profile [optimized] target(s) in 0.96s
     Running unittests src/lib.rs (/tmp/cargo_target/release/deps/proxima_model_interop-e4466c9c09a81aba)

running 1 test
DIAG_PROBE logits len=32002 nan_count=0 inf_count=0 min=-9.61463 max=18.458706 all_zero=false
DIAG_PROBE layer=0 kind=Attention node=value len=31744 nan_count=0 inf_count=0 min=-0.33601898 max=0.28121215 all_zero=false
DIAG_PROBE layer=1 kind=Attention node=value len=31744 nan_count=0 inf_count=0 min=-0.77369857 max=0.6925938 all_zero=false
DIAG_PROBE layer=2 kind=Attention node=value len=31744 nan_count=0 inf_count=0 min=-2.7492023 max=1.5326254 all_zero=false
DIAG_PROBE layer=3 kind=Attention node=value len=31744 nan_count=0 inf_count=0 min=-1.2229614 max=1.5246265 all_zero=false
DIAG_PROBE layer=4 kind=Attention node=value len=31744 nan_count=0 inf_count=0 min=-1.5714939 max=1.7604684 all_zero=false
DIAG_PROBE layer=5 kind=Attention node=value len=31744 nan_count=0 inf_count=0 min=-1.8971962 max=2.460125 all_zero=false
DIAG_PROBE layer=6 kind=Attention node=value len=31744 nan_count=0 inf_count=0 min=-1.6881378 max=2.3584583 all_zero=false
DIAG_PROBE layer=7 kind=Attention node=value len=31744 nan_count=0 inf_count=0 min=-1.9688835 max=2.1774883 all_zero=false
DIAG_PROBE layer=8 kind=Attention node=value len=31744 nan_count=0 inf_count=0 min=-2.0666342 max=1.8219128 all_zero=false
DIAG_PROBE layer=9 kind=Attention node=value len=31744 nan_count=0 inf_count=0 min=-2.6078517 max=2.1182756 all_zero=false
DIAG_PROBE layer=10 kind=Attention node=value len=31744 nan_count=0 inf_count=0 min=-2.312305 max=2.8261838 all_zero=false
DIAG_PROBE layer=11 kind=Attention node=value len=31744 nan_count=0 inf_count=0 min=-2.0798635 max=2.2011154 all_zero=false
DIAG_PROBE layer=12 kind=Attention node=value len=31744 nan_count=0 inf_count=0 min=-3.2996497 max=3.6989064 all_zero=false
DIAG_PROBE layer=13 kind=Attention node=value len=31744 nan_count=0 inf_count=0 min=-4.556215 max=3.893065 all_zero=false
DIAG_PROBE layer=14 kind=Attention node=value len=31744 nan_count=0 inf_count=0 min=-4.010816 max=4.02348 all_zero=false
DIAG_PROBE layer=15 kind=Attention node=value len=31744 nan_count=0 inf_count=0 min=-3.007463 max=2.703396 all_zero=false
DIAG_PROBE layer=16 kind=Attention node=value len=31744 nan_count=0 inf_count=0 min=-2.316328 max=2.4590323 all_zero=false
DIAG_PROBE layer=17 kind=Attention node=value len=31744 nan_count=0 inf_count=0 min=-3.00523 max=2.4313939 all_zero=false
DIAG_PROBE layer=18 kind=Attention node=value len=31744 nan_count=0 inf_count=0 min=-2.7609434 max=3.147246 all_zero=false
DIAG_PROBE layer=19 kind=Attention node=value len=31744 nan_count=0 inf_count=0 min=-3.368654 max=2.6800227 all_zero=false
DIAG_PROBE layer=20 kind=Attention node=value len=31744 nan_count=0 inf_count=0 min=-4.8453097 max=2.7220263 all_zero=false
DIAG_PROBE layer=21 kind=Attention node=value len=31744 nan_count=0 inf_count=0 min=-3.1667953 max=2.9829345 all_zero=false
DIAG_PROBE layer=22 kind=Attention node=value len=31744 nan_count=0 inf_count=0 min=-3.0480812 max=3.4142752 all_zero=false
DIAG_PROBE layer=23 kind=Attention node=value len=31744 nan_count=0 inf_count=0 min=-3.2927475 max=4.6633277 all_zero=false
DIAG_PROBE layer=24 kind=Attention node=value len=31744 nan_count=0 inf_count=0 min=-3.3136206 max=2.9833035 all_zero=false
DIAG_PROBE layer=25 kind=Attention node=value len=31744 nan_count=0 inf_count=0 min=-3.3302782 max=4.929023 all_zero=false
DIAG_PROBE layer=26 kind=Attention node=value len=31744 nan_count=0 inf_count=0 min=-3.415325 max=3.887958 all_zero=false
DIAG_PROBE layer=27 kind=Attention node=value len=31744 nan_count=0 inf_count=0 min=-5.2287464 max=3.548323 all_zero=false
DIAG_PROBE layer=28 kind=Attention node=value len=31744 nan_count=0 inf_count=0 min=-5.5373883 max=4.2805448 all_zero=false
DIAG_PROBE layer=29 kind=Attention node=value len=31744 nan_count=0 inf_count=0 min=-6.0436254 max=4.511464 all_zero=false
DIAG_PROBE layer=30 kind=Attention node=value len=31744 nan_count=0 inf_count=0 min=-5.4452124 max=6.583667 all_zero=false
DIAG_PROBE layer=31 kind=Attention node=value len=31744 nan_count=0 inf_count=0 min=-7.865906 max=5.8966274 all_zero=false
token_breakdown step=0 new_count=31 cached_len_before=31 step_wall_ms=2878.979 apply_serving_config_ms=0.000 build_position_inputs_ms=0.022 named_blocks_weights_ms=0.001 named_blocks_kv_ms=0.002 kv_cache_upload_bytes=0 evaluate_ms=2877.299 layer_cache_append_ms=0.950 layer_cache_append_bytes=8126464 greedy_pick_ms=0.075
token_attribution step=0 evaluate_ms=2877.299 kernel_ms=0.000 dispatch_ms=0.000 park_spin_wake_ms=0.000 residual_ms=2877.299 residual_underflow=false named_plus_residual_ms=2877.299
token_quantize_calls step=0 total_calls=0 distinct_nodes=0 cache_hits=0
token_breakdown_metal step=0 prepare_calls=1 prepare_ms=2.468 emit_calls=1196 emit_ms=1.281 pipeline_hits=1166 pipeline_misses=30 pipeline_compile_ms=251.584 block_upload_calls=391 block_upload_ms=2.285 block_upload_bytes=4139666232 op_setup_calls=1196 op_setup_ms=5.612 pipeline_lookup_calls=1196 pipeline_lookup_ms=251.643 encode_dispatch_calls=1196 encode_dispatch_ms=0.597 gpu_exec_calls=1 gpu_exec_ms=2526.081 readback_calls=97 readback_ms=2.920 readback_bytes=12094712 nocopy_uploads=0 copying_uploads=4 nocopy_reuses=290 resident_uploads=0 resident_reuses=0 mapping_offset_uploads=291 nocopy_cache_len=1 phys_footprint_bytes=310667200 device_allocated_bytes=4305371136 plan_cache_len=1 plan_hits=0 plan_misses=1
token_breakdown step=1 new_count=1 cached_len_before=32 step_wall_ms=70.704 apply_serving_config_ms=0.000 build_position_inputs_ms=0.003 named_blocks_weights_ms=0.005 named_blocks_kv_ms=0.004 kv_cache_upload_bytes=8126464 evaluate_ms=69.095 layer_cache_append_ms=1.505 layer_cache_append_bytes=262144 greedy_pick_ms=0.079
token_attribution step=1 evaluate_ms=69.095 kernel_ms=0.000 dispatch_ms=0.000 park_spin_wake_ms=0.000 residual_ms=69.095 residual_underflow=false named_plus_residual_ms=69.095
token_quantize_calls step=1 total_calls=0 distinct_nodes=0 cache_hits=0
token_breakdown_metal step=1 prepare_calls=1 prepare_ms=2.486 emit_calls=1196 emit_ms=0.863 pipeline_hits=1196 pipeline_misses=0 pipeline_compile_ms=0.000 block_upload_calls=391 block_upload_ms=2.046 block_upload_bytes=4147777096 op_setup_calls=1196 op_setup_ms=4.991 pipeline_lookup_calls=1196 pipeline_lookup_ms=0.042 encode_dispatch_calls=1196 encode_dispatch_ms=0.565 gpu_exec_calls=1 gpu_exec_ms=56.120 readback_calls=97 readback_ms=0.402 readback_bytes=390152 nocopy_uploads=0 copying_uploads=100 nocopy_reuses=291 resident_uploads=0 resident_reuses=0 mapping_offset_uploads=291 nocopy_cache_len=1 phys_footprint_bytes=54404672 device_allocated_bytes=4154605568 plan_cache_len=1 plan_hits=0 plan_misses=2
token_breakdown step=2 new_count=1 cached_len_before=33 step_wall_ms=65.572 apply_serving_config_ms=0.000 build_position_inputs_ms=0.003 named_blocks_weights_ms=0.001 named_blocks_kv_ms=0.002 kv_cache_upload_bytes=8388608 evaluate_ms=65.343 layer_cache_append_ms=0.169 layer_cache_append_bytes=262144 greedy_pick_ms=0.052
token_attribution step=2 evaluate_ms=65.343 kernel_ms=0.000 dispatch_ms=0.000 park_spin_wake_ms=0.000 residual_ms=65.343 residual_underflow=false named_plus_residual_ms=65.343
token_quantize_calls step=2 total_calls=0 distinct_nodes=0 cache_hits=0
token_breakdown_metal step=2 prepare_calls=1 prepare_ms=1.946 emit_calls=1196 emit_ms=0.811 pipeline_hits=1196 pipeline_misses=0 pipeline_compile_ms=0.000 block_upload_calls=391 block_upload_ms=0.398 block_upload_bytes=4148039240 op_setup_calls=1196 op_setup_ms=4.141 pipeline_lookup_calls=1196 pipeline_lookup_ms=0.037 encode_dispatch_calls=1196 encode_dispatch_ms=0.482 gpu_exec_calls=1 gpu_exec_ms=55.980 readback_calls=97 readback_ms=0.341 readback_bytes=390152 nocopy_uploads=96 copying_uploads=4 nocopy_reuses=291 resident_uploads=0 resident_reuses=0 mapping_offset_uploads=291 nocopy_cache_len=1 phys_footprint_bytes=52438592 device_allocated_bytes=4160569344 plan_cache_len=1 plan_hits=0 plan_misses=3
token_breakdown step=3 new_count=1 cached_len_before=34 step_wall_ms=66.682 apply_serving_config_ms=0.000 build_position_inputs_ms=0.002 named_blocks_weights_ms=0.001 named_blocks_kv_ms=0.003 kv_cache_upload_bytes=8650752 evaluate_ms=66.571 layer_cache_append_ms=0.036 layer_cache_append_bytes=262144 greedy_pick_ms=0.068
token_attribution step=3 evaluate_ms=66.571 kernel_ms=0.000 dispatch_ms=0.000 park_spin_wake_ms=0.000 residual_ms=66.571 residual_underflow=false named_plus_residual_ms=66.571
token_quantize_calls step=3 total_calls=0 distinct_nodes=0 cache_hits=0
token_breakdown_metal step=3 prepare_calls=1 prepare_ms=2.064 emit_calls=1196 emit_ms=0.844 pipeline_hits=1196 pipeline_misses=0 pipeline_compile_ms=0.000 block_upload_calls=391 block_upload_ms=1.916 block_upload_bytes=4148301384 op_setup_calls=1196 op_setup_ms=3.831 pipeline_lookup_calls=1196 pipeline_lookup_ms=0.039 encode_dispatch_calls=1196 encode_dispatch_ms=0.487 gpu_exec_calls=1 gpu_exec_ms=56.022 readback_calls=97 readback_ms=0.189 readback_bytes=390152 nocopy_uploads=0 copying_uploads=100 nocopy_reuses=291 resident_uploads=0 resident_reuses=0 mapping_offset_uploads=291 nocopy_cache_len=1 phys_footprint_bytes=63760000 device_allocated_bytes=4163010560 plan_cache_len=1 plan_hits=0 plan_misses=4
token_breakdown step=4 new_count=1 cached_len_before=35 step_wall_ms=68.705 apply_serving_config_ms=0.000 build_position_inputs_ms=0.002 named_blocks_weights_ms=0.001 named_blocks_kv_ms=0.017 kv_cache_upload_bytes=8912896 evaluate_ms=68.599 layer_cache_append_ms=0.034 layer_cache_append_bytes=262144 greedy_pick_ms=0.050
token_attribution step=4 evaluate_ms=68.599 kernel_ms=0.000 dispatch_ms=0.000 park_spin_wake_ms=0.000 residual_ms=68.599 residual_underflow=false named_plus_residual_ms=68.599
token_quantize_calls step=4 total_calls=0 distinct_nodes=0 cache_hits=0
token_breakdown_metal step=4 prepare_calls=1 prepare_ms=2.168 emit_calls=1196 emit_ms=0.843 pipeline_hits=1196 pipeline_misses=0 pipeline_compile_ms=0.000 block_upload_calls=391 block_upload_ms=2.028 block_upload_bytes=4148563528 op_setup_calls=1196 op_setup_ms=4.507 pipeline_lookup_calls=1196 pipeline_lookup_ms=0.041 encode_dispatch_calls=1196 encode_dispatch_ms=0.485 gpu_exec_calls=1 gpu_exec_ms=56.874 readback_calls=97 readback_ms=0.164 readback_bytes=390152 nocopy_uploads=0 copying_uploads=100 nocopy_reuses=291 resident_uploads=0 resident_reuses=0 mapping_offset_uploads=291 nocopy_cache_len=1 phys_footprint_bytes=64054848 device_allocated_bytes=4162945024 plan_cache_len=1 plan_hits=0 plan_misses=5
token_breakdown step=5 new_count=1 cached_len_before=36 step_wall_ms=67.581 apply_serving_config_ms=0.000 build_position_inputs_ms=0.002 named_blocks_weights_ms=0.001 named_blocks_kv_ms=0.002 kv_cache_upload_bytes=9175040 evaluate_ms=67.445 layer_cache_append_ms=0.034 layer_cache_append_bytes=262144 greedy_pick_ms=0.096
token_attribution step=5 evaluate_ms=67.445 kernel_ms=0.000 dispatch_ms=0.000 park_spin_wake_ms=0.000 residual_ms=67.445 residual_underflow=false named_plus_residual_ms=67.445
token_quantize_calls step=5 total_calls=0 distinct_nodes=0 cache_hits=0
token_breakdown_metal step=5 prepare_calls=1 prepare_ms=1.990 emit_calls=1196 emit_ms=0.853 pipeline_hits=1196 pipeline_misses=0 pipeline_compile_ms=0.000 block_upload_calls=391 block_upload_ms=2.302 block_upload_bytes=4148825672 op_setup_calls=1196 op_setup_ms=3.586 pipeline_lookup_calls=1196 pipeline_lookup_ms=0.038 encode_dispatch_calls=1196 encode_dispatch_ms=0.483 gpu_exec_calls=1 gpu_exec_ms=56.895 readback_calls=97 readback_ms=0.161 readback_bytes=390152 nocopy_uploads=0 copying_uploads=100 nocopy_reuses=291 resident_uploads=0 resident_reuses=0 mapping_offset_uploads=291 nocopy_cache_len=1 phys_footprint_bytes=65250944 device_allocated_bytes=4157816832 plan_cache_len=1 plan_hits=0 plan_misses=6
token_breakdown step=6 new_count=1 cached_len_before=37 step_wall_ms=67.820 apply_serving_config_ms=0.000 build_position_inputs_ms=0.003 named_blocks_weights_ms=0.001 named_blocks_kv_ms=0.002 kv_cache_upload_bytes=9437184 evaluate_ms=67.652 layer_cache_append_ms=0.111 layer_cache_append_bytes=262144 greedy_pick_ms=0.050
token_attribution step=6 evaluate_ms=67.652 kernel_ms=0.000 dispatch_ms=0.000 park_spin_wake_ms=0.000 residual_ms=67.652 residual_underflow=false named_plus_residual_ms=67.652
token_quantize_calls step=6 total_calls=0 distinct_nodes=0 cache_hits=0
token_breakdown_metal step=6 prepare_calls=1 prepare_ms=1.965 emit_calls=1196 emit_ms=0.853 pipeline_hits=1196 pipeline_misses=0 pipeline_compile_ms=0.000 block_upload_calls=391 block_upload_ms=1.705 block_upload_bytes=4149087816 op_setup_calls=1196 op_setup_ms=3.998 pipeline_lookup_calls=1196 pipeline_lookup_ms=0.038 encode_dispatch_calls=1196 encode_dispatch_ms=0.479 gpu_exec_calls=1 gpu_exec_ms=56.775 readback_calls=97 readback_ms=0.179 readback_bytes=390152 nocopy_uploads=32 copying_uploads=68 nocopy_reuses=291 resident_uploads=0 resident_reuses=0 mapping_offset_uploads=291 nocopy_cache_len=1 phys_footprint_bytes=59795008 device_allocated_bytes=4159176704 plan_cache_len=1 plan_hits=0 plan_misses=7
token_breakdown step=7 new_count=1 cached_len_before=38 step_wall_ms=68.650 apply_serving_config_ms=0.000 build_position_inputs_ms=0.002 named_blocks_weights_ms=0.001 named_blocks_kv_ms=0.002 kv_cache_upload_bytes=9699328 evaluate_ms=68.537 layer_cache_append_ms=0.034 layer_cache_append_bytes=262144 greedy_pick_ms=0.071
token_attribution step=7 evaluate_ms=68.537 kernel_ms=0.000 dispatch_ms=0.000 park_spin_wake_ms=0.000 residual_ms=68.537 residual_underflow=false named_plus_residual_ms=68.537
token_quantize_calls step=7 total_calls=0 distinct_nodes=0 cache_hits=0
token_breakdown_metal step=7 prepare_calls=1 prepare_ms=1.958 emit_calls=1196 emit_ms=0.857 pipeline_hits=1196 pipeline_misses=0 pipeline_compile_ms=0.000 block_upload_calls=391 block_upload_ms=2.478 block_upload_bytes=4149349960 op_setup_calls=1196 op_setup_ms=4.470 pipeline_lookup_calls=1196 pipeline_lookup_ms=0.037 encode_dispatch_calls=1196 encode_dispatch_ms=0.480 gpu_exec_calls=1 gpu_exec_ms=56.773 readback_calls=97 readback_ms=0.180 readback_bytes=390152 nocopy_uploads=0 copying_uploads=100 nocopy_reuses=291 resident_uploads=0 resident_reuses=0 mapping_offset_uploads=291 nocopy_cache_len=1 phys_footprint_bytes=65922688 device_allocated_bytes=4159242240 plan_cache_len=1 plan_hits=0 plan_misses=8
metal_decode_summary tokens_generated=8 stopped_by_eos=false total_wall_clock_ms=3356.555 plan_hits=0 plan_misses=8 generated_text="Here is a simple Python function that returns"
test bind::real_openchat_file::runs_the_cached_decode_loop_on_the_metal_backend_and_reports_the_plan_cache ... ok

test result: ok. 1 passed; 0 failed; 0 ignored; 0 measured; 79 filtered out; finished in 5.29s

