    Finished `release` profile [optimized] target(s) in 0.18s
     Running unittests src/lib.rs (/tmp/cargo_target/release/deps/proxima_model_interop-e4466c9c09a81aba)

running 1 test
DIAG_PROBE logits len=32002 nan_count=0 inf_count=0 min=-9.61463 max=18.458706 all_zero=false
DIAG_PROBE layer=0 kind=Attention node=value len=31744 nan_count=0 inf_count=0 min=-0.33601898 max=0.28121215 all_zero=false
DIAG_PROBE layer=1 kind=Attention node=value len=31744 nan_count=0 inf_count=0 min=-0.77369857 max=0.6925938 all_zero=false
DIAG_PROBE layer=2 kind=Attention node=value len=31744 nan_count=0 inf_count=0 min=-2.7492023 max=1.5326254 all_zero=false
DIAG_PROBE layer=3 kind=Attention node=value len=31744 nan_count=0 inf_count=0 min=-1.2229614 max=1.5246265 all_zero=false
DIAG_PROBE layer=4 kind=Attention node=value len=31744 nan_count=0 inf_count=0 min=-1.5714939 max=1.7604684 all_zero=false
DIAG_PROBE layer=5 kind=Attention node=value len=31744 nan_count=0 inf_count=0 min=-1.8971962 max=2.460125 all_zero=false
DIAG_PROBE layer=6 kind=Attention node=value len=31744 nan_count=0 inf_count=0 min=-1.6881378 max=2.3584583 all_zero=false
DIAG_PROBE layer=7 kind=Attention node=value len=31744 nan_count=0 inf_count=0 min=-1.9688835 max=2.1774883 all_zero=false
DIAG_PROBE layer=8 kind=Attention node=value len=31744 nan_count=0 inf_count=0 min=-2.0666342 max=1.8219128 all_zero=false
DIAG_PROBE layer=9 kind=Attention node=value len=31744 nan_count=0 inf_count=0 min=-2.6078517 max=2.1182756 all_zero=false
DIAG_PROBE layer=10 kind=Attention node=value len=31744 nan_count=0 inf_count=0 min=-2.312305 max=2.8261838 all_zero=false
DIAG_PROBE layer=11 kind=Attention node=value len=31744 nan_count=0 inf_count=0 min=-2.0798635 max=2.2011154 all_zero=false
DIAG_PROBE layer=12 kind=Attention node=value len=31744 nan_count=0 inf_count=0 min=-3.2996497 max=3.6989064 all_zero=false
DIAG_PROBE layer=13 kind=Attention node=value len=31744 nan_count=0 inf_count=0 min=-4.556215 max=3.893065 all_zero=false
DIAG_PROBE layer=14 kind=Attention node=value len=31744 nan_count=0 inf_count=0 min=-4.010816 max=4.02348 all_zero=false
DIAG_PROBE layer=15 kind=Attention node=value len=31744 nan_count=0 inf_count=0 min=-3.007463 max=2.703396 all_zero=false
DIAG_PROBE layer=16 kind=Attention node=value len=31744 nan_count=0 inf_count=0 min=-2.316328 max=2.4590323 all_zero=false
DIAG_PROBE layer=17 kind=Attention node=value len=31744 nan_count=0 inf_count=0 min=-3.00523 max=2.4313939 all_zero=false
DIAG_PROBE layer=18 kind=Attention node=value len=31744 nan_count=0 inf_count=0 min=-2.7609434 max=3.147246 all_zero=false
DIAG_PROBE layer=19 kind=Attention node=value len=31744 nan_count=0 inf_count=0 min=-3.368654 max=2.6800227 all_zero=false
DIAG_PROBE layer=20 kind=Attention node=value len=31744 nan_count=0 inf_count=0 min=-4.8453097 max=2.7220263 all_zero=false
DIAG_PROBE layer=21 kind=Attention node=value len=31744 nan_count=0 inf_count=0 min=-3.1667953 max=2.9829345 all_zero=false
DIAG_PROBE layer=22 kind=Attention node=value len=31744 nan_count=0 inf_count=0 min=-3.0480812 max=3.4142752 all_zero=false
DIAG_PROBE layer=23 kind=Attention node=value len=31744 nan_count=0 inf_count=0 min=-3.2927475 max=4.6633277 all_zero=false
DIAG_PROBE layer=24 kind=Attention node=value len=31744 nan_count=0 inf_count=0 min=-3.3136206 max=2.9833035 all_zero=false
DIAG_PROBE layer=25 kind=Attention node=value len=31744 nan_count=0 inf_count=0 min=-3.3302782 max=4.929023 all_zero=false
DIAG_PROBE layer=26 kind=Attention node=value len=31744 nan_count=0 inf_count=0 min=-3.415325 max=3.887958 all_zero=false
DIAG_PROBE layer=27 kind=Attention node=value len=31744 nan_count=0 inf_count=0 min=-5.2287464 max=3.548323 all_zero=false
DIAG_PROBE layer=28 kind=Attention node=value len=31744 nan_count=0 inf_count=0 min=-5.5373883 max=4.2805448 all_zero=false
DIAG_PROBE layer=29 kind=Attention node=value len=31744 nan_count=0 inf_count=0 min=-6.0436254 max=4.511464 all_zero=false
DIAG_PROBE layer=30 kind=Attention node=value len=31744 nan_count=0 inf_count=0 min=-5.4452124 max=6.583667 all_zero=false
DIAG_PROBE layer=31 kind=Attention node=value len=31744 nan_count=0 inf_count=0 min=-7.865906 max=5.8966274 all_zero=false
token_breakdown step=0 new_count=31 cached_len_before=31 step_wall_ms=2279.136 apply_serving_config_ms=0.000 build_position_inputs_ms=0.023 named_blocks_weights_ms=0.002 named_blocks_kv_ms=0.000 kv_cache_upload_bytes=0 evaluate_ms=2277.117 layer_cache_append_ms=1.304 layer_cache_append_bytes=8126464 greedy_pick_ms=0.084
token_attribution step=0 evaluate_ms=2277.117 kernel_ms=0.000 dispatch_ms=0.000 park_spin_wake_ms=0.000 residual_ms=2277.117 residual_underflow=false named_plus_residual_ms=2277.117
token_quantize_calls step=0 total_calls=0 distinct_nodes=0 cache_hits=0
token_breakdown_metal step=0 prepare_calls=1 prepare_ms=1.972 emit_calls=1196 emit_ms=0.856 pipeline_hits=1166 pipeline_misses=30 pipeline_compile_ms=4.041 block_upload_calls=391 block_upload_ms=0.380 block_upload_bytes=4139666232 op_setup_calls=1196 op_setup_ms=4.939 pipeline_lookup_calls=1196 pipeline_lookup_ms=4.100 encode_dispatch_calls=1196 encode_dispatch_ms=0.499 gpu_exec_calls=1 gpu_exec_ms=2176.539 readback_calls=97 readback_ms=2.620 readback_bytes=12094712 nocopy_uploads=0 copying_uploads=4 nocopy_reuses=290 resident_uploads=0 resident_reuses=0 mapping_offset_uploads=291 nocopy_cache_len=1 phys_footprint_bytes=317450304 device_allocated_bytes=4269834240 plan_cache_len=1 plan_hits=0 plan_misses=1
token_breakdown step=1 new_count=1 cached_len_before=32 step_wall_ms=69.239 apply_serving_config_ms=0.000 build_position_inputs_ms=0.002 named_blocks_weights_ms=0.001 named_blocks_kv_ms=0.001 kv_cache_upload_bytes=8126464 evaluate_ms=68.241 layer_cache_append_ms=0.926 layer_cache_append_bytes=262144 greedy_pick_ms=0.064
token_attribution step=1 evaluate_ms=68.241 kernel_ms=0.000 dispatch_ms=0.000 park_spin_wake_ms=0.000 residual_ms=68.241 residual_underflow=false named_plus_residual_ms=68.241
token_quantize_calls step=1 total_calls=0 distinct_nodes=0 cache_hits=0
token_breakdown_metal step=1 prepare_calls=1 prepare_ms=2.050 emit_calls=1196 emit_ms=0.703 pipeline_hits=1196 pipeline_misses=0 pipeline_compile_ms=0.000 block_upload_calls=391 block_upload_ms=1.958 block_upload_bytes=4147777096 op_setup_calls=1196 op_setup_ms=4.634 pipeline_lookup_calls=1196 pipeline_lookup_ms=0.036 encode_dispatch_calls=1196 encode_dispatch_ms=0.448 gpu_exec_calls=1 gpu_exec_ms=57.118 readback_calls=97 readback_ms=0.216 readback_bytes=390152 nocopy_uploads=0 copying_uploads=100 nocopy_reuses=291 resident_uploads=0 resident_reuses=0 mapping_offset_uploads=291 nocopy_cache_len=1 phys_footprint_bytes=47457792 device_allocated_bytes=4157063168 plan_cache_len=1 plan_hits=0 plan_misses=2
token_breakdown step=2 new_count=1 cached_len_before=33 step_wall_ms=65.292 apply_serving_config_ms=0.000 build_position_inputs_ms=0.002 named_blocks_weights_ms=0.002 named_blocks_kv_ms=0.001 kv_cache_upload_bytes=8388608 evaluate_ms=65.097 layer_cache_append_ms=0.116 layer_cache_append_bytes=262144 greedy_pick_ms=0.072
token_attribution step=2 evaluate_ms=65.097 kernel_ms=0.000 dispatch_ms=0.000 park_spin_wake_ms=0.000 residual_ms=65.097 residual_underflow=false named_plus_residual_ms=65.097
token_quantize_calls step=2 total_calls=0 distinct_nodes=0 cache_hits=0
token_breakdown_metal step=2 prepare_calls=1 prepare_ms=1.962 emit_calls=1196 emit_ms=0.698 pipeline_hits=1196 pipeline_misses=0 pipeline_compile_ms=0.000 block_upload_calls=391 block_upload_ms=0.441 block_upload_bytes=4148039240 op_setup_calls=1196 op_setup_ms=3.587 pipeline_lookup_calls=1196 pipeline_lookup_ms=0.037 encode_dispatch_calls=1196 encode_dispatch_ms=0.425 gpu_exec_calls=1 gpu_exec_ms=56.695 readback_calls=97 readback_ms=0.157 readback_bytes=390152 nocopy_uploads=96 copying_uploads=4 nocopy_reuses=291 resident_uploads=0 resident_reuses=0 mapping_offset_uploads=291 nocopy_cache_len=1 phys_footprint_bytes=48834048 device_allocated_bytes=4160438272 plan_cache_len=1 plan_hits=0 plan_misses=3
op_profile step=3 op_count=1196 total_gpu_ns=61082192 total_gpu_ms=61.082 total_operand_bytes=1204887463316
op_profile_bucket step=3 kind=constant op_count=37 gpu_ms=0.161 gpu_ns_per_op=4352.1 operand_bytes=0
op_profile_bucket step=3 kind=elementwise op_count=547 gpu_ms=7.350 gpu_ns_per_op=13436.7 operand_bytes=273279813012
op_profile_bucket step=3 kind=iota op_count=2 gpu_ms=0.008 gpu_ns_per_op=4208.0 operand_bytes=0
op_profile_bucket step=3 kind=reduce-cooperative op_count=385 gpu_ms=9.113 gpu_ns_per_op=23669.7 operand_bytes=12509184
op_profile_bucket step=3 kind=reduce-packed-row-blocked op_count=225 gpu_ms=44.450 gpu_ns_per_op=197555.6 operand_bytes=931595141120
op_profile_top step=3 rank=1 node=3065 kind=reduce-packed-row-blocked weight_name=Some("output.weight") operand_bytes=4140417024 operand_count=2 gpu_ns=736624 gpu_ns_per_byte=0.000178
op_profile_top step=3 rank=2 node=1522 kind=reduce-packed-row-blocked weight_name=Some("blk.15.ffn_gate.weight") operand_bytes=4140417024 operand_count=2 gpu_ns=378500 gpu_ns_per_byte=0.000091
op_profile_top step=3 rank=3 node=2284 kind=reduce-packed-row-blocked weight_name=Some("blk.23.ffn_up.weight") operand_bytes=4140417024 operand_count=2 gpu_ns=372249 gpu_ns_per_byte=0.000090
op_profile_top step=3 rank=4 node=2569 kind=reduce-packed-row-blocked weight_name=Some("blk.26.ffn_up.weight") operand_bytes=4140417024 operand_count=2 gpu_ns=369500 gpu_ns_per_byte=0.000089
op_profile_top step=3 rank=5 node=1714 kind=reduce-packed-row-blocked weight_name=Some("blk.17.ffn_up.weight") operand_bytes=4140417024 operand_count=2 gpu_ns=368833 gpu_ns_per_byte=0.000089
op_profile_top step=3 rank=6 node=1807 kind=reduce-packed-row-blocked weight_name=Some("blk.18.ffn_gate.weight") operand_bytes=4140417024 operand_count=2 gpu_ns=347749 gpu_ns_per_byte=0.000084
op_profile_top step=3 rank=7 node=1902 kind=reduce-packed-row-blocked weight_name=Some("blk.19.ffn_gate.weight") operand_bytes=4140417024 operand_count=2 gpu_ns=343958 gpu_ns_per_byte=0.000083
op_profile_top step=3 rank=8 node=1617 kind=reduce-packed-row-blocked weight_name=Some("blk.16.ffn_gate.weight") operand_bytes=4140417024 operand_count=2 gpu_ns=343791 gpu_ns_per_byte=0.000083
op_profile_top step=3 rank=9 node=1997 kind=reduce-packed-row-blocked weight_name=Some("blk.20.ffn_gate.weight") operand_bytes=4140417024 operand_count=2 gpu_ns=343499 gpu_ns_per_byte=0.000083
op_profile_top step=3 rank=10 node=2187 kind=reduce-packed-row-blocked weight_name=Some("blk.22.ffn_gate.weight") operand_bytes=4140417024 operand_count=2 gpu_ns=343250 gpu_ns_per_byte=0.000083
op_profile_top step=3 rank=11 node=1524 kind=reduce-packed-row-blocked weight_name=Some("blk.15.ffn_up.weight") operand_bytes=4140417024 operand_count=2 gpu_ns=343208 gpu_ns_per_byte=0.000083
op_profile_top step=3 rank=12 node=202 kind=reduce-packed-row-blocked weight_name=Some("blk.1.ffn_down.weight") operand_bytes=4140457984 operand_count=2 gpu_ns=342958 gpu_ns_per_byte=0.000083
op_profile_top step=3 rank=13 node=1809 kind=reduce-packed-row-blocked weight_name=Some("blk.18.ffn_up.weight") operand_bytes=4140417024 operand_count=2 gpu_ns=342874 gpu_ns_per_byte=0.000083
op_profile_top step=3 rank=14 node=2094 kind=reduce-packed-row-blocked weight_name=Some("blk.21.ffn_up.weight") operand_bytes=4140417024 operand_count=2 gpu_ns=342833 gpu_ns_per_byte=0.000083
op_profile_top step=3 rank=15 node=392 kind=reduce-packed-row-blocked weight_name=Some("blk.3.ffn_down.weight") operand_bytes=4140457984 operand_count=2 gpu_ns=342791 gpu_ns_per_byte=0.000083
op_profile_top step=3 rank=16 node=107 kind=reduce-packed-row-blocked weight_name=Some("blk.0.ffn_down.weight") operand_bytes=4140457984 operand_count=2 gpu_ns=342750 gpu_ns_per_byte=0.000083
op_profile_top step=3 rank=17 node=1712 kind=reduce-packed-row-blocked weight_name=Some("blk.17.ffn_gate.weight") operand_bytes=4140417024 operand_count=2 gpu_ns=342750 gpu_ns_per_byte=0.000083
op_profile_top step=3 rank=18 node=2377 kind=reduce-packed-row-blocked weight_name=Some("blk.24.ffn_gate.weight") operand_bytes=4140417024 operand_count=2 gpu_ns=342541 gpu_ns_per_byte=0.000083
op_profile_top step=3 rank=19 node=857 kind=reduce-packed-row-blocked weight_name=Some("blk.8.ffn_gate.weight") operand_bytes=4140417024 operand_count=2 gpu_ns=342500 gpu_ns_per_byte=0.000083
op_profile_top step=3 rank=20 node=2472 kind=reduce-packed-row-blocked weight_name=Some("blk.25.ffn_gate.weight") operand_bytes=4140417024 operand_count=2 gpu_ns=342375 gpu_ns_per_byte=0.000083
op_profile_family step=3 family="(no named operand)" op_count=681 gpu_ms=11.382 operand_bytes=12817032 gpu_ns_per_byte=0.888004 min_operand_count=0 max_operand_count=5 row_blocked_count=0 rejected_count=289 packed_row_block_gates={"NotExactlyOnePackedOperand", "OperandCountNotTwo"}
op_profile_family step=3 family="blk.ffn_up.weight" op_count=32 gpu_ms=10.862 operand_bytes=132493344768 gpu_ns_per_byte=0.000082 min_operand_count=2 max_operand_count=2 row_blocked_count=32 rejected_count=0 packed_row_block_gates={"PASS"}
op_profile_family step=3 family="blk.ffn_gate.weight" op_count=32 gpu_ms=10.843 operand_bytes=132493344768 gpu_ns_per_byte=0.000082 min_operand_count=2 max_operand_count=2 row_blocked_count=32 rejected_count=0 packed_row_block_gates={"PASS"}
op_profile_family step=3 family="blk.ffn_down.weight" op_count=32 gpu_ms=10.005 operand_bytes=132494655488 gpu_ns_per_byte=0.000076 min_operand_count=2 max_operand_count=2 row_blocked_count=32 rejected_count=0 packed_row_block_gates={"PASS"}
op_profile_family step=3 family="blk.attn_q.weight" op_count=32 gpu_ms=5.172 operand_bytes=132493344768 gpu_ns_per_byte=0.000039 min_operand_count=2 max_operand_count=2 row_blocked_count=32 rejected_count=0 packed_row_block_gates={"PASS"}
op_profile_family step=3 family="blk.attn_output.weight" op_count=32 gpu_ms=3.846 operand_bytes=132493344768 gpu_ns_per_byte=0.000029 min_operand_count=2 max_operand_count=2 row_blocked_count=32 rejected_count=0 packed_row_block_gates={"PASS"}
op_profile_family step=3 family="kv_cache.v" op_count=32 gpu_ms=1.559 operand_bytes=4460544 gpu_ns_per_byte=0.349599 min_operand_count=2 max_operand_count=2 row_blocked_count=0 rejected_count=32 packed_row_block_gates={"NotExactlyOnePackedOperand"}
op_profile_family step=3 family="blk.attn_v.weight" op_count=32 gpu_ms=1.523 operand_bytes=132493344768 gpu_ns_per_byte=0.000011 min_operand_count=2 max_operand_count=2 row_blocked_count=32 rejected_count=0 packed_row_block_gates={"PASS"}
op_profile_family step=3 family="blk.attn_k.weight" op_count=32 gpu_ms=1.462 operand_bytes=132493344768 gpu_ns_per_byte=0.000011 min_operand_count=2 max_operand_count=2 row_blocked_count=32 rejected_count=0 packed_row_block_gates={"PASS"}
op_profile_family step=3 family="kv_cache.k_odd" op_count=32 gpu_ms=0.783 operand_bytes=2424832 gpu_ns_per_byte=0.322989 min_operand_count=2 max_operand_count=2 row_blocked_count=0 rejected_count=32 packed_row_block_gates={"NotExactlyOnePackedOperand"}
op_profile_family step=3 family="rope_cos" op_count=64 gpu_ms=0.779 operand_bytes=1343488 gpu_ns_per_byte=0.580145 min_operand_count=4 max_operand_count=4 row_blocked_count=0 rejected_count=0 packed_row_block_gates={}
op_profile_family step=3 family="kv_cache.k_even" op_count=32 gpu_ms=0.774 operand_bytes=2424832 gpu_ns_per_byte=0.319208 min_operand_count=2 max_operand_count=2 row_blocked_count=0 rejected_count=32 packed_row_block_gates={"NotExactlyOnePackedOperand"}
op_profile_family step=3 family="rope_sin" op_count=64 gpu_ms=0.762 operand_bytes=1343488 gpu_ns_per_byte=0.567062 min_operand_count=4 max_operand_count=4 row_blocked_count=0 rejected_count=0 packed_row_block_gates={}
op_profile_family step=3 family="output.weight" op_count=1 gpu_ms=0.737 operand_bytes=4140417024 gpu_ns_per_byte=0.000178 min_operand_count=2 max_operand_count=2 row_blocked_count=1 rejected_count=0 packed_row_block_gates={"PASS"}
op_profile_family step=3 family="eps" op_count=65 gpu_ms=0.571 operand_bytes=269127107340 gpu_ns_per_byte=0.000002 min_operand_count=5 max_operand_count=5 row_blocked_count=0 rejected_count=0 packed_row_block_gates={}
op_profile_family step=3 family="token_embd.weight" op_count=1 gpu_ms=0.022 operand_bytes=4140400640 gpu_ns_per_byte=0.000005 min_operand_count=1 max_operand_count=1 row_blocked_count=0 rejected_count=0 packed_row_block_gates={}
token_breakdown step=3 new_count=1 cached_len_before=34 step_wall_ms=332.099 apply_serving_config_ms=0.000 build_position_inputs_ms=0.002 named_blocks_weights_ms=0.001 named_blocks_kv_ms=0.001 kv_cache_upload_bytes=8650752 evaluate_ms=332.006 layer_cache_append_ms=0.034 layer_cache_append_bytes=262144 greedy_pick_ms=0.052
token_attribution step=3 evaluate_ms=332.006 kernel_ms=0.000 dispatch_ms=0.000 park_spin_wake_ms=0.000 residual_ms=332.006 residual_underflow=false named_plus_residual_ms=332.006
token_quantize_calls step=3 total_calls=0 distinct_nodes=0 cache_hits=0
token_breakdown_metal step=3 prepare_calls=1 prepare_ms=1.971 emit_calls=1196 emit_ms=1.017 pipeline_hits=1196 pipeline_misses=0 pipeline_compile_ms=0.000 block_upload_calls=0 block_upload_ms=0.000 block_upload_bytes=0 op_setup_calls=1196 op_setup_ms=7.426 pipeline_lookup_calls=1196 pipeline_lookup_ms=0.116 encode_dispatch_calls=1196 encode_dispatch_ms=1.194 gpu_exec_calls=0 gpu_exec_ms=0.000 readback_calls=97 readback_ms=0.053 readback_bytes=390152 nocopy_uploads=0 copying_uploads=100 nocopy_reuses=291 resident_uploads=0 resident_reuses=0 mapping_offset_uploads=291 nocopy_cache_len=1 phys_footprint_bytes=37217792 device_allocated_bytes=4141318144 plan_cache_len=1 plan_hits=0 plan_misses=4
token_breakdown step=4 new_count=1 cached_len_before=35 step_wall_ms=67.562 apply_serving_config_ms=0.000 build_position_inputs_ms=0.002 named_blocks_weights_ms=0.001 named_blocks_kv_ms=0.002 kv_cache_upload_bytes=8912896 evaluate_ms=67.438 layer_cache_append_ms=0.035 layer_cache_append_bytes=262144 greedy_pick_ms=0.083
token_attribution step=4 evaluate_ms=67.438 kernel_ms=0.000 dispatch_ms=0.000 park_spin_wake_ms=0.000 residual_ms=67.438 residual_underflow=false named_plus_residual_ms=67.438
token_quantize_calls step=4 total_calls=0 distinct_nodes=0 cache_hits=0
token_breakdown_metal step=4 prepare_calls=1 prepare_ms=2.068 emit_calls=1196 emit_ms=0.716 pipeline_hits=1196 pipeline_misses=0 pipeline_compile_ms=0.000 block_upload_calls=391 block_upload_ms=1.616 block_upload_bytes=4148563528 op_setup_calls=1196 op_setup_ms=3.518 pipeline_lookup_calls=1196 pipeline_lookup_ms=0.038 encode_dispatch_calls=1196 encode_dispatch_ms=0.448 gpu_exec_calls=1 gpu_exec_ms=56.606 readback_calls=97 readback_ms=0.258 readback_bytes=390152 nocopy_uploads=0 copying_uploads=100 nocopy_reuses=291 resident_uploads=0 resident_reuses=0 mapping_offset_uploads=291 nocopy_cache_len=1 phys_footprint_bytes=60401216 device_allocated_bytes=4162666496 plan_cache_len=1 plan_hits=0 plan_misses=5
op_profile_run tokens_generated=5 stopped_by_eos=false generated_text="Here is a simple Python"
test bind::real_openchat_file::profiles_one_real_decode_step_by_per_op_gpu_time ... ok

test result: ok. 1 passed; 0 failed; 0 ignored; 0 measured; 79 filtered out; finished in 3.03s

