   Compiling proc-macro2 v1.0.107
   Compiling quote v1.0.47
   Compiling unicode-ident v1.0.24
   Compiling autocfg v1.5.1
   Compiling serde_core v1.0.229
   Compiling memchr v2.8.3
   Compiling cfg-if v1.0.4
   Compiling equivalent v1.0.2
   Compiling once_cell v1.21.4
   Compiling pin-project-lite v0.2.17
   Compiling libc v0.2.189
   Compiling serde v1.0.229
   Compiling thiserror v2.0.19
   Compiling hashbrown v0.17.1
   Compiling toml_write v0.1.2
   Compiling winnow v0.7.15
   Compiling num-traits v0.2.19
   Compiling tracing-core v0.1.36
   Compiling indexmap v2.14.0
   Compiling falsehoods v1.0.0
   Compiling crossbeam-utils v0.8.22
   Compiling find-msvc-tools v0.1.9
   Compiling shlex v2.0.1
   Compiling syn v2.0.119
   Compiling syn v3.0.3
   Compiling stable_deref_trait v1.2.1
   Compiling version_check v0.9.5
   Compiling generic-array v0.14.7
   Compiling allocator-api2 v0.2.21
   Compiling foldhash v0.2.0
   Compiling futures-core v0.3.33
   Compiling ordered-float v2.10.1
   Compiling typenum v1.20.1
   Compiling itoa v1.0.18
   Compiling rustversion v1.0.23
   Compiling futures-sink v0.3.33
   Compiling jobserver v0.1.35
   Compiling futures-io v0.3.33
   Compiling bytes v1.12.1
   Compiling futures-channel v0.3.33
   Compiling litemap v0.8.2
   Compiling slab v0.4.12
   Compiling cc v1.3.0
   Compiling zmij v1.0.23
   Compiling futures-task v0.3.33
   Compiling writeable v0.6.3
   Compiling byteorder v1.5.0
   Compiling serde_derive v1.0.229
   Compiling thiserror-impl v2.0.19
   Compiling parking_lot_core v0.9.12
   Compiling bitflags v2.13.1
   Compiling icu_properties_data v2.2.0
   Compiling serde_json v1.0.151
   Compiling scopeguard v1.2.0
   Compiling utf8_iter v1.0.4
   Compiling icu_normalizer_data v2.2.0
   Compiling crypto-common v0.1.7
   Compiling lock_api v0.4.14
   Compiling subtle v2.6.1
   Compiling ucd-trie v0.1.7
   Compiling regex-syntax v0.8.11
   Compiling pkg-config v0.3.33
   Compiling pest v2.8.8
   Compiling arc-swap v1.9.2
   Compiling concurrent-queue v2.5.0
   Compiling crossbeam-queue v0.3.13
   Compiling aho-corasick v1.1.4
   Compiling thread_local v1.1.10
   Compiling ryu v1.0.23
   Compiling ident_case v1.0.1
   Compiling time-core v0.1.9
   Compiling tracing-attributes v0.1.31
   Compiling conflaguration-derive v2.0.0 (https://github.com/brianbruggeman/conflaguration.git?rev=3eb325d84fc291df35528e6781b5b814884e2d28#3eb325d8)
   Compiling synstructure v0.13.2
   Compiling zerovec-derive v0.11.3
   Compiling displaydoc v0.2.6
   Compiling futures-macro v0.3.33
   Compiling zeroize v1.9.0
   Compiling zerofrom-derive v0.1.7
   Compiling yoke-derive v0.8.2
   Compiling num-conv v0.2.2
   Compiling tracing v0.1.44
   Compiling smallvec v1.15.2
   Compiling toml_datetime v0.6.11
   Compiling serde_spanned v0.6.9
   Compiling serde-value v0.7.0
   Compiling futures-util v0.3.33
   Compiling strsim v0.11.1
   Compiling parking v2.2.1
   Compiling zerofrom v0.1.8
   Compiling toml_edit v0.22.27
   Compiling futures-timer v3.0.4
   Compiling time-macros v0.2.32
   Compiling event-listener v5.4.1
   Compiling darling_core v0.23.0
   Compiling regex-automata v0.4.16
   Compiling environs v1.2.0
   Compiling parking_lot v0.12.5
   Compiling yoke v0.8.3
   Compiling pest_meta v2.8.8
   Compiling deranged v0.5.8
   Compiling fastrand v2.5.0
   Compiling prettyplease v0.2.37
   Compiling zerovec v0.11.6
   Compiling zerotrie v0.2.4
   Compiling powerfmt v0.2.0
   Compiling event-listener-strategy v0.5.4
   Compiling time v0.3.54
   Compiling tinystr v0.8.3
   Compiling potential_utf v0.1.5
   Compiling pest_generator v2.8.8
   Compiling darling_macro v0.23.0
   Compiling icu_locale_core v2.2.0
   Compiling icu_collections v2.2.0
   Compiling heapless v0.9.3
   Compiling base64 v0.22.1
   Compiling futures-executor v0.3.33
   Compiling percent-encoding v2.3.2
   Compiling toml v0.8.23
   Compiling pest_derive v2.8.8
   Compiling darling v0.23.0
   Compiling futures v0.3.33
   Compiling form_urlencoded v1.2.2
   Compiling hash32 v0.3.1
   Compiling regex v1.13.1
   Compiling arrayvec v0.7.8
   Compiling icu_provider v2.2.0
   Compiling unsafe-libyaml-norway v0.2.15
   Compiling base64 v0.21.7
   Compiling portable-atomic v1.14.0
   Compiling conflaguration v2.0.0 (https://github.com/brianbruggeman/conflaguration.git?rev=3eb325d84fc291df35528e6781b5b814884e2d28#3eb325d8)
   Compiling icu_properties v2.2.0
   Compiling icu_normalizer v2.2.0
   Compiling ron v0.8.1
   Compiling bon-macros v3.9.3
   Compiling json5 v0.4.1
   Compiling proxima-build v0.1.0 (/Users/brianbruggeman/repos/slot-0/.long_ctx_backups/arch_data/perf/src_152467a9/proxima-build)
   Compiling serde_norway v0.9.42
   Compiling quick-xml v0.41.0
   Compiling async-broadcast v0.7.2
   Compiling async-lock v3.4.2
   Compiling proxima-core v0.1.0 (/Users/brianbruggeman/repos/slot-0/.long_ctx_backups/arch_data/perf/src_152467a9/proxima-core)
   Compiling proxima-primitives v0.1.0 (/Users/brianbruggeman/repos/slot-0/.long_ctx_backups/arch_data/perf/src_152467a9/proxima-primitives)
   Compiling async-channel v2.5.0
   Compiling cmake v0.1.58
   Compiling fs_extra v1.3.0
   Compiling idna_adapter v1.2.2
   Compiling dunce v1.0.5
   Compiling idna v1.1.0
   Compiling rustc-hash v2.1.3
   Compiling crc32fast v1.5.0
   Compiling winnow v1.0.4
   Compiling aws-lc-sys v0.43.0
   Compiling zerocopy v0.8.55
   Compiling zerocopy-derive v0.8.55
   Compiling simd-adler32 v0.3.10
   Compiling toml_datetime v1.1.1+spec-1.1.0
   Compiling proxima-runtime v0.1.0 (/Users/brianbruggeman/repos/slot-0/.long_ctx_backups/arch_data/perf/src_152467a9/proxima-runtime)
   Compiling adler2 v2.0.1
   Compiling url v2.5.8
   Compiling cobs v0.3.0
   Compiling miniz_oxide v0.8.9
   Compiling block-buffer v0.10.4
   Compiling cpufeatures v0.2.17
   Compiling aws-lc-rs v1.17.3
   Compiling digest v0.10.7
   Compiling postcard v1.1.3
   Compiling proxima-telemetry v0.1.0 (/Users/brianbruggeman/repos/slot-0/.long_ctx_backups/arch_data/perf/src_152467a9/proxima-telemetry)
   Compiling crossbeam-channel v0.5.16
   Compiling nom v8.0.0
   Compiling toml_parser v1.1.2+spec-1.1.0
   Compiling hashbrown v0.14.5
   Compiling flate2 v1.1.9
   Compiling proxima-config v0.1.0 (/Users/brianbruggeman/repos/slot-0/.long_ctx_backups/arch_data/perf/src_152467a9/proxima-config)
   Compiling bon v3.9.3
   Compiling rustls-pki-types v1.15.0
   Compiling inout v0.1.4
   Compiling rand_core v0.10.1
   Compiling cipher v0.4.4
   Compiling toml_edit v0.25.13+spec-1.1.0
   Compiling dashmap v6.2.1
   Compiling universal-hash v0.5.1
   Compiling opaque-debug v0.3.1
   Compiling crossbeam-epoch v0.9.20
   Compiling num_cpus v1.17.0
   Compiling crossbeam-deque v0.8.7
   Compiling untrusted v0.9.0
   Compiling rustls v0.23.42
   Compiling hmac v0.12.1
   Compiling prime v0.1.0 (/Users/brianbruggeman/repos/slot-0/.long_ctx_backups/arch_data/perf/src_152467a9/prime)
   Compiling core_affinity v0.8.3
   Compiling proc-macro-crate v3.5.0
   Compiling polyval v0.6.2
   Compiling sha2 v0.10.9
   Compiling aead v0.5.2
   Compiling proxima-macros v0.1.0 (/Users/brianbruggeman/repos/slot-0/.long_ctx_backups/arch_data/perf/src_152467a9/proxima-macros)
   Compiling hashbrown v0.16.1
   Compiling socket2 v0.5.10
   Compiling httparse v1.10.1
   Compiling getrandom v0.4.3
   Compiling atomic-waker v1.1.2
   Compiling getrandom v0.3.4
   Compiling hdrhistogram v7.6.0
   Compiling halfbrown v0.4.0
   Compiling ghash v0.5.1
   Compiling poly1305 v0.8.0
   Compiling webpki-roots v1.0.9
   Compiling aes v0.8.4
   Compiling chacha20 v0.9.1
   Compiling ctr v0.9.2
   Compiling proxima-protocols v0.1.0 (/Users/brianbruggeman/repos/slot-0/.long_ctx_backups/arch_data/perf/src_152467a9/proxima-protocols)
   Compiling float-cmp v0.10.0
   Compiling chacha20poly1305 v0.10.1
   Compiling aes-gcm v0.10.3
   Compiling value-trait v0.12.2
   Compiling hkdf v0.12.4
   Compiling sha1 v0.10.7
   Compiling simdutf8 v0.1.5
   Compiling bumpalo v3.20.3
   Compiling libm v0.2.16
   Compiling rand_core v0.9.5
   Compiling zstd-sys v2.0.16+zstd.1.5.7
   Compiling rustix v1.1.4
   Compiling simd-json v0.17.3
   Compiling proxima-net v0.1.0 (/Users/brianbruggeman/repos/slot-0/.long_ctx_backups/arch_data/perf/src_152467a9/proxima-net)
   Compiling async-stream-impl v0.3.6
   Compiling errno v0.3.14
   Compiling bit-vec v0.8.0
   Compiling proxima-clock v0.1.0 (/Users/brianbruggeman/repos/slot-0/.long_ctx_backups/arch_data/perf/src_152467a9/proxima-clock)
   Compiling half v2.7.1
   Compiling ppv-lite86 v0.2.21
   Compiling bit-set v0.8.0
   Compiling rand_chacha v0.9.0
   Compiling async-stream v0.3.6
   Compiling proxima-listen v0.1.0 (/Users/brianbruggeman/repos/slot-0/.long_ctx_backups/arch_data/perf/src_152467a9/proxima-listen)
   Compiling proxima-gguf v0.1.0 (/Users/brianbruggeman/repos/slot-0/.long_ctx_backups/arch_data/perf/src_152467a9/proxima-gguf)
   Compiling memoffset v0.9.1
   Compiling cfg_aliases v0.2.2
   Compiling zstd-safe v7.2.4
   Compiling nix v0.31.3
   Compiling rand v0.9.5
   Compiling proxima-codec v0.1.0 (/Users/brianbruggeman/repos/slot-0/.long_ctx_backups/arch_data/perf/src_152467a9/proxima-codec)
   Compiling chacha20 v0.10.1
   Compiling proxima-tensor v0.1.0 (/Users/brianbruggeman/repos/slot-0/.long_ctx_backups/arch_data/perf/src_152467a9/proxima-tensor)
   Compiling yasna v0.6.0
   Compiling pem v3.0.6
   Compiling murmur3 v0.4.1
   Compiling http v1.4.2
   Compiling xxhash-rust v0.8.18
   Compiling better_any v0.2.1
   Compiling typed-arena v2.0.2
   Compiling thiserror v1.0.69
   Compiling lazy_static v1.5.0
   Compiling paste v1.0.15
   Compiling uuid v1.24.0
   Compiling tempfile v3.27.0
   Compiling rand v0.10.2
   Compiling antlr4rust v0.3.0-rc2
   Compiling md-5 v0.10.6
   Compiling proxima-http v0.1.0 (/Users/brianbruggeman/repos/slot-0/.long_ctx_backups/arch_data/perf/src_152467a9/proxima-http)
   Compiling proxima-patterns v0.1.0 (/Users/brianbruggeman/repos/slot-0/.long_ctx_backups/arch_data/perf/src_152467a9/proxima-patterns)
   Compiling thiserror-impl v1.0.69
   Compiling proxima-process v0.1.0 (/Users/brianbruggeman/repos/slot-0/.long_ctx_backups/arch_data/perf/src_152467a9/proxima-process)
   Compiling alloca v0.4.0
   Compiling blake3 v1.8.5
   Compiling clap_lex v1.1.0
   Compiling ciborium-io v0.2.2
   Compiling minimal-lexical v0.2.1
   Compiling anstyle v1.0.14
   Compiling hex v0.4.3
   Compiling either v1.16.0
   Compiling clap_builder v4.6.2
   Compiling nom v7.1.3
   Compiling itertools v0.13.0
   Compiling proxima-auth v0.1.0 (/Users/brianbruggeman/repos/slot-0/.long_ctx_backups/arch_data/perf/src_152467a9/proxima-auth)
   Compiling ciborium-ll v0.2.2
   Compiling cel-parser v0.10.1
   Compiling proxima-tokenizer v0.1.0 (/Users/brianbruggeman/repos/slot-0/.long_ctx_backups/arch_data/perf/src_152467a9/proxima-tokenizer)
   Compiling http-body v1.1.0
   Compiling ulid v1.2.1
   Compiling chrono v0.4.45
   Compiling wait-timeout v0.2.1
   Compiling shell-words v1.1.1
   Compiling arrayref v0.3.9
   Compiling quick-error v1.2.3
   Compiling same-file v1.0.6
   Compiling constant_time_eq v0.4.2
   Compiling cast v0.3.0
   Compiling fnv v1.0.7
   Compiling walkdir v2.5.0
   Compiling criterion-plot v0.8.2
   Compiling rusty-fork v0.3.1
   Compiling zstd v0.13.3
   Compiling http-body-util v0.1.4
   Compiling clap v4.6.4
   Compiling cel-interpreter v0.10.0
   Compiling ciborium v0.2.2
   Compiling proxima-test v0.1.0 (/Users/brianbruggeman/repos/slot-0/.long_ctx_backups/arch_data/perf/src_152467a9/proxima-test)
   Compiling rand_xorshift v0.4.0
   Compiling tinytemplate v1.2.1
   Compiling memmap2 v0.9.11
   Compiling page_size v0.6.0
   Compiling oorandom v11.1.5
   Compiling unarray v0.1.4
   Compiling anes v0.1.6
   Compiling proptest v1.11.0
   Compiling temp-env v0.3.6
   Compiling criterion v0.8.2
   Compiling proxima-safetensors v0.1.0 (/Users/brianbruggeman/repos/slot-0/.long_ctx_backups/arch_data/perf/src_152467a9/proxima-safetensors)
   Compiling proxima-model-interop v0.1.0 (/Users/brianbruggeman/repos/slot-0/.long_ctx_backups/arch_data/perf/src_152467a9/proxima-model-interop)
   Compiling rustls-webpki v0.103.13
   Compiling rcgen v0.14.8
   Compiling futures-rustls v0.26.0
   Compiling proxima-tls v0.1.0 (/Users/brianbruggeman/repos/slot-0/.long_ctx_backups/arch_data/perf/src_152467a9/proxima-tls)
   Compiling proxima-recording v0.1.0 (/Users/brianbruggeman/repos/slot-0/.long_ctx_backups/arch_data/perf/src_152467a9/proxima-recording)
   Compiling proxima-quic v0.1.0 (/Users/brianbruggeman/repos/slot-0/.long_ctx_backups/arch_data/perf/src_152467a9/proxima-quic)
   Compiling proxima v0.1.0 (/Users/brianbruggeman/repos/slot-0/.long_ctx_backups/arch_data/perf/src_152467a9)
    Finished `test` profile [unoptimized + debuginfo] target(s) in 55.96s
────────────
 Nextest run ID 500b1c8b-74b4-469b-b20a-69e271597207 with nextest profile: default
    Starting 2 tests across 35 binaries (640 tests skipped)
        FAIL [   0.124s] (1/2) proxima-model-interop::arch_data_baseline window_ring_layers_follow_a_window_on_one_dense_layer
  stdout ───

    running 1 test
    test window_ring_layers_follow_a_window_on_one_dense_layer ... FAILED

    failures:

    failures:
        window_ring_layers_follow_a_window_on_one_dense_layer

    test result: FAILED. 0 passed; 1 failed; 0 ignored; 0 measured; 44 filtered out; finished in 0.12s

  stderr ───

    thread 'window_ring_layers_follow_a_window_on_one_dense_layer' (59306471) panicked at proxima-model-interop/tests/arch_data_baseline.rs:1302:51:
    the descriptor lowers: UnsupportedInBuilder { builder: "build_forward(CacheStrategy::SingleRange)", feature: "non-uniform per-layer attention config" }
    note: run with `RUST_BACKTRACE=1` environment variable to display a backtrace

        PASS [   1.211s] (2/2) proxima-model-interop::arch_data_baseline window_ring_layers_equal_the_oracle_swa_flags_on_both_gemma4_checkpoints
────────────
     Summary [   1.217s] 2 tests run: 1 passed, 1 failed, 640 skipped
        FAIL [   0.124s] (1/2) proxima-model-interop::arch_data_baseline window_ring_layers_follow_a_window_on_one_dense_layer
error: test run failed
