m0 decode: generated_tokens=24 text="\n## WORK IN PROGRESS — EXPERIMENTAL\n\n### proxima is under heavy active development: not stable,"
m0 capture: step=23 dispatches_with_threads=398
m0 groups: 27 kernels-by-identity-and-geometry over 398 dispatches
m0 replay: group 0/27
m0 sequence replay: one command buffer, dispatches=398 of 398 captured, gpu_ms=[5.932624917477369, 5.917208385653794, 5.853999988175929]
m0 chunk sequence replay: chunks=8, gpu_ms=[[0.29150000773370266, 0.2467083977535367, 0.44824997894465923, 0.5205832421779633, 0.727499951608479, 0.9177499450743198, 1.2078749714419246, 1.641958369873464], [0.29150000773370266, 0.23291667457669973, 0.4443749785423279, 0.5043334094807506, 0.7037916220724583, 0.9035000111907721, 1.2245000107213855, 1.6593750333413482], [0.2924998989328742, 0.23787503596395254, 0.43062493205070496, 0.49587490502744913, 0.702916644513607, 0.8900833781808615, 1.2434583622962236, 1.6998749924823642]]
m0 family sequence replay excludes 0 unreplayable dispatches of 398
m0 family sequence replay: family=attention dispatches=48 runs=7 gpu_ms_mean=1.2952 gpu_ms_min=1.2781 cov_pct=0.60
m0 family sequence replay: family=norms dispatches=49 runs=7 gpu_ms_mean=0.2954 gpu_ms_min=0.2879 cov_pct=1.35
m0 family sequence replay: family=other_matvec dispatches=218 runs=7 gpu_ms_mean=3.6017 gpu_ms_min=3.5560 cov_pct=0.76
m0 family sequence replay: family=rope_copy_elementwise dispatches=83 runs=7 gpu_ms_mean=0.3412 gpu_ms_min=0.2881 cov_pct=6.38

class                                     disp/step us/disp cold  total us cold   % step | us/disp -flr   total -flr | us/disp marg   total marg
matvec Q8_0                                     169        20.48         3460.8    60.3% |        12.35       2087.6 |        14.90       2517.4
cached attention partial                         24        49.88         1197.0    20.8% |        41.75       1002.0 |        47.24       1133.8
RMSNorm sumsq + fused epilogue                   49        10.85          531.9     9.3% |         2.73        133.7 |         4.52        221.5
matvec f32                                       49         9.98          489.1     8.5% |         1.86         91.0 |         7.64        374.3
UNCLASSIFIED omega_moe_topk_e32_k8_stacked         24         8.75          210.0     3.7% |         0.62         15.0 |         4.83        116.0
cached attention merge                           24         7.00          168.0     2.9% |         0.00          0.0 |         4.25        102.1
UNCLASSIFIED omega_elementwise_twin_r3_n4_fused_multiply_o0_o1__multiply_o2_o3__add_s0_s1_fused_multiply_o0_o3__multiply_o2_o1__subtract_s0_s1         24         6.10          146.5     2.6% |         0.00          0.0 |         3.18         76.2
UNCLASSIFIED omega_elementwise_twin_r3_n4_fused_multiply_o0_o1__multiply_o2_o3__subtract_s0_s1_fused_multiply_o0_o3__multiply_o2_o1__add_s0_s1         24         5.85          140.5     2.4% |         0.00          0.0 |         3.55         85.2
elementwise fused_identity_o0__multiply_s0_o1_g10          1        18.87           18.9     0.3% |        10.75         10.7 |        15.79         15.8
softmax max                                       2         6.23           12.5     0.2% |         0.00          0.0 |         3.18          6.4
UNCLASSIFIED omega_reduce_r3_o2_n5_fused_equal_o0_o1__add_o2_o3__select_s0_s1_o4_minimum_positive_infinity          1        10.00           10.0     0.2% |         1.87          1.9 |         5.89          5.9
iota                                              2         4.48            9.0     0.2% |         0.00          0.0 |         2.20          4.4
elementwise identity_g1                           1         6.27            6.3     0.1% |         0.00          0.0 |         3.60          3.6
identity copy                                     1         6.04            6.0     0.1% |         0.00          0.0 |         3.58          3.6
UNCLASSIFIED omega_reduce_r2_o1_n1_identity_minimum_positive_infinity          1         5.88            5.9     0.1% |         0.00          0.0 |         2.80          2.8
softmax sum                                       1         5.71            5.7     0.1% |         0.00          0.0 |         2.56          2.6
elementwise multiply                              1         5.25            5.2     0.1% |         0.00          0.0 |         2.76          2.8

m0 floor: empty command buffer GPU span median=8.13 us min=3.67 us max=12.63 us n=200
m0 step (captured step 23, last evaluation that ran): rows_evaluated=Some(1) tokens_committed=Some(1) gpu_busy_ms=Some(5.741958389990032) gpu_exec_ms=Some(3.218166) physical_dispatch_calls=Some(398)
m0 step (median over logged evaluations at step >= 2, mixed widths): gpu_busy_ms=5.834 gpu_exec_ms=5.288
m0 reconcile: sum(median x count) [cold]=6423.2 us; ratio to gpu_busy_ms=1.119; ratio to gpu_exec_ms=1.996
m0 reconcile: sum(median x count) [cold-minus-floor]=3342.0 us; ratio to gpu_busy_ms=0.582; ratio to gpu_exec_ms=1.038
m0 reconcile: sum(median x count) [warm]=6299.5 us; ratio to gpu_busy_ms=1.097; ratio to gpu_exec_ms=1.957
m0 reconcile: sum(median x count) [marginal]=4674.3 us; ratio to gpu_busy_ms=0.814; ratio to gpu_exec_ms=1.452
m0 invariant 1: sum(group members)=398 captured_dispatches=398 physical_dispatch_calls_logged=Some(398) capture_step_is_last_logged_step=true
m0 replay failures: 0
m0 unreplayable by capture: groups=0 dispatches=0
