m0 decode: generated_tokens=24 text="# Walkthrough of the `proxima` Project\n\nThe provided documentation describes **proxima**, a high-level,"
m0 capture: step=23 dispatches_with_threads=653
m0 groups: 81 kernels-by-identity-and-geometry over 653 dispatches
m0 replay: group 0/81
m0 replay: group 50/81
m0 sequence replay: one command buffer, dispatches=653 of 653 captured, gpu_ms=[10.671583353541791, 10.625375085510314, 10.577666689641774]
m0 chunk sequence replay: chunks=8, gpu_ms=[[0.28495839796960354, 1.1623749742284417, 1.1073750210925937, 1.184375025331974, 1.4180416474118829, 1.5989582752808928, 1.4821666991338134, 2.440500073134899], [0.28095836751163006, 1.1508750030770898, 1.0967499110847712, 1.1726249940693378, 1.3762499438598752, 1.5662916703149676, 1.4553749933838844, 2.4579999735578895], [0.27712504379451275, 1.1721249902620912, 1.0917499894276261, 1.163249951787293, 1.4365833485499024, 1.609249971807003, 1.4790833229199052, 2.4578749435022473]]
m0 family sequence replay excludes 0 unreplayable dispatches of 653
m0 family sequence replay: family=attention dispatches=70 runs=7 gpu_ms_mean=1.1126 gpu_ms_min=1.0997 cov_pct=0.90
m0 family sequence replay: family=head dispatches=1 runs=7 gpu_ms_mean=1.0992 gpu_ms_min=1.0955 cov_pct=0.20
m0 family sequence replay: family=norms dispatches=242 runs=7 gpu_ms_mean=2.4785 gpu_ms_min=2.4476 cov_pct=0.85
m0 family sequence replay: family=other_matvec dispatches=2 runs=7 gpu_ms_mean=0.1320 gpu_ms_min=0.1295 cov_pct=1.53
m0 family sequence replay: family=q4_0_matvec dispatches=275 runs=7 gpu_ms_mean=5.1607 gpu_ms_min=5.1315 cov_pct=0.43
m0 family sequence replay: family=rope_copy_elementwise dispatches=63 runs=7 gpu_ms_mean=0.5751 gpu_ms_min=0.5688 cov_pct=0.60

class                                     disp/step us/disp cold  total us cold   % step | us/disp -flr   total -flr | us/disp marg   total marg
matvec Q4_0                                     275        21.00         5774.4    54.8% |        13.04       3585.8 |        17.04       4685.9
RMSNorm sumsq + fused epilogue                  242        11.91         2881.9    27.3% |         3.95        956.0 |         5.70       1379.2
head                                              1      1153.62         1153.6    10.9% |      1145.67       1145.7 |      1094.07       1094.1
cached attention partial                         35        26.70          934.5     8.9% |        18.74        656.0 |        24.09        843.1
UNCLASSIFIED omega_elementwise_twin_r3_n4_fused_multiply_o0_o1__multiply_o2_o3__subtract_s0_s1_fused_multiply_o0_o3__multiply_o2_o1__add_s0_s1         35        13.41          469.3     4.4% |         5.45        190.7 |        12.81        448.3
cached attention merge                           35         8.73          305.7     2.9% |         0.77         27.1 |         5.82        203.7
matvec Float16                                    1       118.21          118.2     1.1% |       110.25        110.2 |       114.81        114.8
UNCLASSIFIED omega_elementwise_twin_r3_n4_fused_multiply_o0_o1__multiply_o2_o3__add_s0_s1_fused_multiply_o0_o3__multiply_o2_o1__subtract_s0_s1         15         5.86           87.9     0.8% |         0.00          0.0 |         3.26         48.8
elementwise fused_identity_o0__multiply_s0_o1_g10          2        22.92           45.8     0.4% |        14.96         29.9 |        15.93         31.9
softmax max                                       2         7.53           15.1     0.1% |         0.46          0.9 |         4.46          8.9
UNCLASSIFIED omega_reduce_r3_o2_n5_fused_equal_o0_o1__add_o2_o3__select_s0_s1_o4_minimum_positive_infinity          1        14.90           14.9     0.1% |         6.94          6.9 |        10.12         10.1
identity copy                                     2         7.30           14.6     0.1% |         0.70          1.4 |         4.57          9.1
matvec f32                                        1        12.73           12.7     0.1% |         4.77          4.8 |         8.48          8.5
iota                                              2         4.25            8.5     0.1% |         0.00          0.0 |         1.75          3.5
elementwise identity_g1                           1         6.31            6.3     0.1% |         0.00          0.0 |         3.74          3.7
UNCLASSIFIED omega_reduce_r2_o1_n1_identity_minimum_positive_infinity          1         6.13            6.1     0.1% |         0.00          0.0 |         3.02          3.0
softmax sum                                       1         6.00            6.0     0.1% |         0.00          0.0 |         2.98          3.0
elementwise multiply                              1         5.08            5.1     0.0% |         0.00          0.0 |         2.81          2.8

m0 floor: empty command buffer GPU span median=7.96 us min=7.63 us max=175.83 us n=200
m0 step (captured step 23, last evaluation that ran): rows_evaluated=Some(1) tokens_committed=Some(1) gpu_busy_ms=Some(10.546166682615876) gpu_exec_ms=Some(5.83075) physical_dispatch_calls=Some(653)
m0 step (median over logged evaluations at step >= 2, mixed widths): gpu_busy_ms=10.427 gpu_exec_ms=5.842
m0 reconcile: sum(median x count) [cold]=11860.6 us; ratio to gpu_busy_ms=1.125; ratio to gpu_exec_ms=2.034
m0 reconcile: sum(median x count) [cold-minus-floor]=6715.5 us; ratio to gpu_busy_ms=0.637; ratio to gpu_exec_ms=1.152
m0 reconcile: sum(median x count) [warm]=11961.7 us; ratio to gpu_busy_ms=1.134; ratio to gpu_exec_ms=2.051
m0 reconcile: sum(median x count) [marginal]=8902.5 us; ratio to gpu_busy_ms=0.844; ratio to gpu_exec_ms=1.527
m0 invariant 1: sum(group members)=653 captured_dispatches=653 physical_dispatch_calls_logged=Some(653) capture_step_is_last_logged_step=true
m0 replay failures: 0
m0 unreplayable by capture: groups=0 dispatches=0
