2026-10-05T17:06:56Z LAUNCH decode_arms proxima arm=base0c process=0 bin=/Users/brianbruggeman/repos/slot-0/.long_ctx_backups/arch_data/perf/decode_gbps_baseline_152467a9
2026-10-05T17:07:14Z EXIT decode_arms proxima arm=base0c process=0 status=exit status: 0
2026-10-05T17:07:14Z LAUNCH decode_arms proxima arm=ctl0c process=0 bin=/Users/brianbruggeman/repos/slot-0/.long_ctx_backups/arch_data/perf/decode_gbps_baseline_152467a9_ctl
2026-10-05T17:07:31Z EXIT decode_arms proxima arm=ctl0c process=0 status=exit status: 0
2026-10-05T17:07:31Z LAUNCH decode_arms proxima arm=tip process=0 bin=/Users/brianbruggeman/repos/slot-0/.long_ctx_backups/arch_data/perf/decode_gbps_baseline_slice5
2026-10-05T17:07:48Z EXIT decode_arms proxima arm=tip process=0 status=exit status: 0
2026-10-05T17:07:48Z LAUNCH decode_arms proxima arm=ctl0c process=1 bin=/Users/brianbruggeman/repos/slot-0/.long_ctx_backups/arch_data/perf/decode_gbps_baseline_152467a9_ctl
2026-10-05T17:08:06Z EXIT decode_arms proxima arm=ctl0c process=1 status=exit status: 0
2026-10-05T17:08:06Z LAUNCH decode_arms proxima arm=tip process=1 bin=/Users/brianbruggeman/repos/slot-0/.long_ctx_backups/arch_data/perf/decode_gbps_baseline_slice5
2026-10-05T17:08:23Z EXIT decode_arms proxima arm=tip process=1 status=exit status: 0
2026-10-05T17:08:23Z LAUNCH decode_arms proxima arm=base0c process=1 bin=/Users/brianbruggeman/repos/slot-0/.long_ctx_backups/arch_data/perf/decode_gbps_baseline_152467a9
2026-10-05T17:08:41Z EXIT decode_arms proxima arm=base0c process=1 status=exit status: 0
2026-10-05T17:08:41Z LAUNCH decode_arms proxima arm=tip process=2 bin=/Users/brianbruggeman/repos/slot-0/.long_ctx_backups/arch_data/perf/decode_gbps_baseline_slice5
2026-10-05T17:08:58Z EXIT decode_arms proxima arm=tip process=2 status=exit status: 0
2026-10-05T17:08:58Z LAUNCH decode_arms proxima arm=base0c process=2 bin=/Users/brianbruggeman/repos/slot-0/.long_ctx_backups/arch_data/perf/decode_gbps_baseline_152467a9
2026-10-05T17:09:15Z EXIT decode_arms proxima arm=base0c process=2 status=exit status: 0
2026-10-05T17:09:15Z LAUNCH decode_arms proxima arm=ctl0c process=2 bin=/Users/brianbruggeman/repos/slot-0/.long_ctx_backups/arch_data/perf/decode_gbps_baseline_152467a9_ctl
2026-10-05T17:09:33Z EXIT decode_arms proxima arm=ctl0c process=2 status=exit status: 0
2026-10-05T17:09:33Z LAUNCH decode_arms proxima arm=base0c process=3 bin=/Users/brianbruggeman/repos/slot-0/.long_ctx_backups/arch_data/perf/decode_gbps_baseline_152467a9
2026-10-05T17:09:50Z EXIT decode_arms proxima arm=base0c process=3 status=exit status: 0
2026-10-05T17:09:50Z LAUNCH decode_arms proxima arm=ctl0c process=3 bin=/Users/brianbruggeman/repos/slot-0/.long_ctx_backups/arch_data/perf/decode_gbps_baseline_152467a9_ctl
2026-10-05T17:10:07Z EXIT decode_arms proxima arm=ctl0c process=3 status=exit status: 0
2026-10-05T17:10:08Z LAUNCH decode_arms proxima arm=tip process=3 bin=/Users/brianbruggeman/repos/slot-0/.long_ctx_backups/arch_data/perf/decode_gbps_baseline_slice5
2026-10-05T17:10:25Z EXIT decode_arms proxima arm=tip process=3 status=exit status: 0
2026-10-05T17:10:25Z LAUNCH decode_arms proxima arm=ctl0c process=4 bin=/Users/brianbruggeman/repos/slot-0/.long_ctx_backups/arch_data/perf/decode_gbps_baseline_152467a9_ctl
2026-10-05T17:10:42Z EXIT decode_arms proxima arm=ctl0c process=4 status=exit status: 0
2026-10-05T17:10:42Z LAUNCH decode_arms proxima arm=tip process=4 bin=/Users/brianbruggeman/repos/slot-0/.long_ctx_backups/arch_data/perf/decode_gbps_baseline_slice5
2026-10-05T17:11:00Z EXIT decode_arms proxima arm=tip process=4 status=exit status: 0
2026-10-05T17:11:00Z LAUNCH decode_arms proxima arm=base0c process=4 bin=/Users/brianbruggeman/repos/slot-0/.long_ctx_backups/arch_data/perf/decode_gbps_baseline_152467a9
2026-10-05T17:11:17Z EXIT decode_arms proxima arm=base0c process=4 status=exit status: 0
2026-10-05T17:11:17Z LAUNCH decode_arms proxima arm=tip process=5 bin=/Users/brianbruggeman/repos/slot-0/.long_ctx_backups/arch_data/perf/decode_gbps_baseline_slice5
2026-10-05T17:11:36Z EXIT decode_arms proxima arm=tip process=5 status=exit status: 0
2026-10-05T17:11:36Z LAUNCH decode_arms proxima arm=base0c process=5 bin=/Users/brianbruggeman/repos/slot-0/.long_ctx_backups/arch_data/perf/decode_gbps_baseline_152467a9
2026-10-05T17:11:54Z EXIT decode_arms proxima arm=base0c process=5 status=exit status: 0
2026-10-05T17:11:54Z LAUNCH decode_arms proxima arm=ctl0c process=5 bin=/Users/brianbruggeman/repos/slot-0/.long_ctx_backups/arch_data/perf/decode_gbps_baseline_152467a9_ctl
2026-10-05T17:12:12Z EXIT decode_arms proxima arm=ctl0c process=5 status=exit status: 0
2026-10-05T17:12:12Z LAUNCH decode_arms proxima arm=base0c process=6 bin=/Users/brianbruggeman/repos/slot-0/.long_ctx_backups/arch_data/perf/decode_gbps_baseline_152467a9
2026-10-05T17:12:30Z EXIT decode_arms proxima arm=base0c process=6 status=exit status: 0
2026-10-05T17:12:31Z LAUNCH decode_arms proxima arm=ctl0c process=6 bin=/Users/brianbruggeman/repos/slot-0/.long_ctx_backups/arch_data/perf/decode_gbps_baseline_152467a9_ctl
2026-10-05T17:12:48Z EXIT decode_arms proxima arm=ctl0c process=6 status=exit status: 0
2026-10-05T17:12:48Z LAUNCH decode_arms proxima arm=tip process=6 bin=/Users/brianbruggeman/repos/slot-0/.long_ctx_backups/arch_data/perf/decode_gbps_baseline_slice5
2026-10-05T17:13:06Z EXIT decode_arms proxima arm=tip process=6 status=exit status: 0
2026-10-05T17:13:06Z LAUNCH decode_arms proxima arm=ctl0c process=7 bin=/Users/brianbruggeman/repos/slot-0/.long_ctx_backups/arch_data/perf/decode_gbps_baseline_152467a9_ctl
2026-10-05T17:13:23Z EXIT decode_arms proxima arm=ctl0c process=7 status=exit status: 0
2026-10-05T17:13:23Z LAUNCH decode_arms proxima arm=tip process=7 bin=/Users/brianbruggeman/repos/slot-0/.long_ctx_backups/arch_data/perf/decode_gbps_baseline_slice5
2026-10-05T17:13:40Z EXIT decode_arms proxima arm=tip process=7 status=exit status: 0
2026-10-05T17:13:41Z LAUNCH decode_arms proxima arm=base0c process=7 bin=/Users/brianbruggeman/repos/slot-0/.long_ctx_backups/arch_data/perf/decode_gbps_baseline_152467a9
2026-10-05T17:13:58Z EXIT decode_arms proxima arm=base0c process=7 status=exit status: 0
