ab capture excludes 0 unreplayable dispatches of 369
ab capture: step=0 dispatches=369 groups=21
ab res sha=49f88ec486a7766a arm=base tg_static_bytes=10368 max_threads=896 exec_width=32 bound_buffer_bytes=90443524 iters=50 cell label=49f88ec486a7766a:base wall_ms=121.261 cpu_ms=3.316 cpu_pct=2.7 rss_peak_mb=1622.4 footprint_mb=202.1 gpu_alloc_mb=1516.5 load_before=3.18 load_after=3.18
ab res sha=49f88ec486a7766a arm=49f88ec486a7766a.ctrl tg_static_bytes=10368 max_threads=896 exec_width=32 bound_buffer_bytes=90443524 iters=50 cell label=49f88ec486a7766a:49f88ec486a7766a.ctrl wall_ms=119.945 cpu_ms=3.102 cpu_pct=2.6 rss_peak_mb=1622.4 footprint_mb=202.1 gpu_alloc_mb=1516.5 load_before=3.18 load_after=3.18
ab res sha=49f88ec486a7766a arm=49f88ec486a7766a.floatstage tg_static_bytes=14464 max_threads=768 exec_width=32 bound_buffer_bytes=90443524 iters=50 cell label=49f88ec486a7766a:49f88ec486a7766a.floatstage wall_ms=131.093 cpu_ms=3.300 cpu_pct=2.5 rss_peak_mb=1622.4 footprint_mb=202.1 gpu_alloc_mb=1516.5 load_before=3.18 load_after=3.18
ab res sha=49f88ec486a7766a arm=49f88ec486a7766a.noact tg_static_bytes=10368 max_threads=896 exec_width=32 bound_buffer_bytes=90443524 iters=50 cell label=49f88ec486a7766a:49f88ec486a7766a.noact wall_ms=117.273 cpu_ms=3.256 cpu_pct=2.8 rss_peak_mb=1622.4 footprint_mb=202.1 gpu_alloc_mb=1516.5 load_before=3.18 load_after=3.18
ab res sha=49f88ec486a7766a arm=49f88ec486a7766a.nodequant tg_static_bytes=10368 max_threads=1024 exec_width=32 bound_buffer_bytes=90443524 iters=50 cell label=49f88ec486a7766a:49f88ec486a7766a.nodequant wall_ms=109.529 cpu_ms=3.486 cpu_pct=3.2 rss_peak_mb=1622.4 footprint_mb=202.1 gpu_alloc_mb=1516.5 load_before=3.18 load_after=3.18
ab res sha=49f88ec486a7766a arm=49f88ec486a7766a.noloads tg_static_bytes=10368 max_threads=1024 exec_width=32 bound_buffer_bytes=90443524 iters=50 cell label=49f88ec486a7766a:49f88ec486a7766a.noloads wall_ms=106.445 cpu_ms=3.850 cpu_pct=3.6 rss_peak_mb=1622.4 footprint_mb=202.1 gpu_alloc_mb=1516.5 load_before=3.18 load_after=3.18
ab res sha=49f88ec486a7766a arm=49f88ec486a7766a.nomma tg_static_bytes=10368 max_threads=1024 exec_width=32 bound_buffer_bytes=90443524 iters=50 cell label=49f88ec486a7766a:49f88ec486a7766a.nomma wall_ms=74.246 cpu_ms=2.985 cpu_pct=4.0 rss_peak_mb=1622.4 footprint_mb=202.1 gpu_alloc_mb=1516.5 load_before=3.18 load_after=3.18
ab res sha=49f88ec486a7766a arm=49f88ec486a7766a.nostage tg_static_bytes=10368 max_threads=1024 exec_width=32 bound_buffer_bytes=90443524 iters=50 cell label=49f88ec486a7766a:49f88ec486a7766a.nostage wall_ms=96.571 cpu_ms=3.178 cpu_pct=3.3 rss_peak_mb=1622.4 footprint_mb=202.1 gpu_alloc_mb=1516.5 load_before=3.18 load_after=3.18
ab res sha=49f88ec486a7766a arm=49f88ec486a7766a.nowrite tg_static_bytes=10368 max_threads=896 exec_width=32 bound_buffer_bytes=90443524 iters=50 cell label=49f88ec486a7766a:49f88ec486a7766a.nowrite wall_ms=119.694 cpu_ms=3.130 cpu_pct=2.6 rss_peak_mb=1622.4 footprint_mb=202.1 gpu_alloc_mb=1516.5 load_before=3.18 load_after=3.18
ab res sha=49f88ec486a7766a arm=49f88ec486a7766a.unroll2 tg_static_bytes=14464 max_threads=768 exec_width=32 bound_buffer_bytes=90443524 iters=50 cell label=49f88ec486a7766a:49f88ec486a7766a.unroll2 wall_ms=120.317 cpu_ms=3.194 cpu_pct=2.7 rss_peak_mb=1622.4 footprint_mb=202.0 gpu_alloc_mb=1516.5 load_before=3.18 load_after=3.18
ab bits sha=49f88ec486a7766a threads=288768 extents=[1000, 8, 1024, 512] arm=base elements=4096000 differing=0 max_ulp=0 max_abs=0e0 max_abs_over_largest=0e0
ab bits sha=49f88ec486a7766a threads=288768 extents=[1000, 8, 1024, 512] arm=49f88ec486a7766a.ctrl elements=4096000 differing=0 max_ulp=0 max_abs=0e0 max_abs_over_largest=0e0
ab bits sha=49f88ec486a7766a threads=288768 extents=[1000, 8, 1024, 512] arm=49f88ec486a7766a.floatstage elements=4096000 differing=0 max_ulp=0 max_abs=0e0 max_abs_over_largest=0e0
ab bits sha=49f88ec486a7766a threads=288768 extents=[1000, 8, 1024, 512] arm=49f88ec486a7766a.noact elements=4096000 differing=4094342 max_ulp=2169906365 max_abs=5.6267166e1 max_abs_over_largest=1.0065713e0
ab bits sha=49f88ec486a7766a threads=288768 extents=[1000, 8, 1024, 512] arm=49f88ec486a7766a.nodequant elements=4096000 differing=4096000 max_ulp=2241602652 max_abs=3.018029e2 max_abs_over_largest=5.398995e0
ab bits sha=49f88ec486a7766a threads=288768 extents=[1000, 8, 1024, 512] arm=49f88ec486a7766a.noloads elements=4096000 differing=4096000 max_ulp=2241612536 max_abs=2.950732e2 max_abs_over_largest=5.2786064e0
ab bits sha=49f88ec486a7766a threads=288768 extents=[1000, 8, 1024, 512] arm=49f88ec486a7766a.nomma elements=4096000 differing=4094342 max_ulp=1113561453 max_abs=5.589983e1 max_abs_over_largest=1e0
ab bits sha=49f88ec486a7766a threads=288768 extents=[1000, 8, 1024, 512] arm=49f88ec486a7766a.nostage elements=4096000 differing=4096000 max_ulp=3252439800 max_abs=inf max_abs_over_largest=inf
ab bits sha=49f88ec486a7766a threads=288768 extents=[1000, 8, 1024, 512] arm=49f88ec486a7766a.nowrite elements=4096000 differing=4096000 max_ulp=2540806221 max_abs=1.4660155e13 max_abs_over_largest=2.6225759e11
ab bits sha=49f88ec486a7766a threads=288768 extents=[1000, 8, 1024, 512] arm=49f88ec486a7766a.unroll2 elements=4096000 differing=0 max_ulp=0 max_abs=0e0 max_abs_over_largest=0e0
ab group sha=49f88ec486a7766a threads=288768 extents=[1000, 8, 1024, 512] tg=Some(128) count=24 pass=0 arm=base marginal_us=2159.939 single_us=2165.583
ab group sha=49f88ec486a7766a threads=288768 extents=[1000, 8, 1024, 512] tg=Some(128) count=24 pass=0 arm=49f88ec486a7766a.ctrl marginal_us=2160.164 single_us=2163.125
ab group sha=49f88ec486a7766a threads=288768 extents=[1000, 8, 1024, 512] tg=Some(128) count=24 pass=0 arm=49f88ec486a7766a.floatstage marginal_us=2383.542 single_us=2391.750
ab group sha=49f88ec486a7766a threads=288768 extents=[1000, 8, 1024, 512] tg=Some(128) count=24 pass=0 arm=49f88ec486a7766a.noact marginal_us=2087.486 single_us=2091.958
ab group sha=49f88ec486a7766a threads=288768 extents=[1000, 8, 1024, 512] tg=Some(128) count=24 pass=0 arm=49f88ec486a7766a.nodequant marginal_us=1926.739 single_us=1932.125
ab group sha=49f88ec486a7766a threads=288768 extents=[1000, 8, 1024, 512] tg=Some(128) count=24 pass=0 arm=49f88ec486a7766a.noloads marginal_us=1882.492 single_us=1886.250
ab group sha=49f88ec486a7766a threads=288768 extents=[1000, 8, 1024, 512] tg=Some(128) count=24 pass=0 arm=49f88ec486a7766a.nomma marginal_us=1256.992 single_us=1276.500
ab group sha=49f88ec486a7766a threads=288768 extents=[1000, 8, 1024, 512] tg=Some(128) count=24 pass=0 arm=49f88ec486a7766a.nostage marginal_us=1683.569 single_us=1688.625
ab group sha=49f88ec486a7766a threads=288768 extents=[1000, 8, 1024, 512] tg=Some(128) count=24 pass=0 arm=49f88ec486a7766a.nowrite marginal_us=2161.636 single_us=2166.917
ab group sha=49f88ec486a7766a threads=288768 extents=[1000, 8, 1024, 512] tg=Some(128) count=24 pass=0 arm=49f88ec486a7766a.unroll2 marginal_us=2174.308 single_us=2180.375
ab res sha=49f88ec486a7766a arm=base tg_static_bytes=10368 max_threads=896 exec_width=32 bound_buffer_bytes=74059524 iters=50 cell label=49f88ec486a7766a:base wall_ms=133.390 cpu_ms=4.113 cpu_pct=3.1 rss_peak_mb=1622.4 footprint_mb=280.3 gpu_alloc_mb=1516.5 load_before=3.00 load_after=3.00
ab res sha=49f88ec486a7766a arm=49f88ec486a7766a.ctrl tg_static_bytes=10368 max_threads=896 exec_width=32 bound_buffer_bytes=74059524 iters=50 cell label=49f88ec486a7766a:49f88ec486a7766a.ctrl wall_ms=133.350 cpu_ms=3.721 cpu_pct=2.8 rss_peak_mb=1622.4 footprint_mb=280.3 gpu_alloc_mb=1516.5 load_before=3.00 load_after=3.00
ab res sha=49f88ec486a7766a arm=49f88ec486a7766a.floatstage tg_static_bytes=14464 max_threads=768 exec_width=32 bound_buffer_bytes=74059524 iters=50 cell label=49f88ec486a7766a:49f88ec486a7766a.floatstage wall_ms=145.823 cpu_ms=3.295 cpu_pct=2.3 rss_peak_mb=1622.4 footprint_mb=280.3 gpu_alloc_mb=1516.5 load_before=3.00 load_after=3.00
ab res sha=49f88ec486a7766a arm=49f88ec486a7766a.noact tg_static_bytes=10368 max_threads=896 exec_width=32 bound_buffer_bytes=74059524 iters=50 cell label=49f88ec486a7766a:49f88ec486a7766a.noact wall_ms=129.021 cpu_ms=3.265 cpu_pct=2.5 rss_peak_mb=1622.4 footprint_mb=280.3 gpu_alloc_mb=1516.5 load_before=3.00 load_after=3.00
ab res sha=49f88ec486a7766a arm=49f88ec486a7766a.nodequant tg_static_bytes=10368 max_threads=1024 exec_width=32 bound_buffer_bytes=74059524 iters=50 cell label=49f88ec486a7766a:49f88ec486a7766a.nodequant wall_ms=117.087 cpu_ms=3.309 cpu_pct=2.8 rss_peak_mb=1622.4 footprint_mb=280.3 gpu_alloc_mb=1516.5 load_before=3.00 load_after=3.00
ab res sha=49f88ec486a7766a arm=49f88ec486a7766a.noloads tg_static_bytes=10368 max_threads=1024 exec_width=32 bound_buffer_bytes=74059524 iters=50 cell label=49f88ec486a7766a:49f88ec486a7766a.noloads wall_ms=113.414 cpu_ms=3.061 cpu_pct=2.7 rss_peak_mb=1622.4 footprint_mb=280.3 gpu_alloc_mb=1516.5 load_before=3.00 load_after=3.00
ab res sha=49f88ec486a7766a arm=49f88ec486a7766a.nomma tg_static_bytes=10368 max_threads=1024 exec_width=32 bound_buffer_bytes=74059524 iters=50 cell label=49f88ec486a7766a:49f88ec486a7766a.nomma wall_ms=87.678 cpu_ms=2.951 cpu_pct=3.4 rss_peak_mb=1622.4 footprint_mb=280.3 gpu_alloc_mb=1516.5 load_before=3.00 load_after=3.00
ab res sha=49f88ec486a7766a arm=49f88ec486a7766a.nostage tg_static_bytes=10368 max_threads=1024 exec_width=32 bound_buffer_bytes=74059524 iters=50 cell label=49f88ec486a7766a:49f88ec486a7766a.nostage wall_ms=104.082 cpu_ms=3.082 cpu_pct=3.0 rss_peak_mb=1622.4 footprint_mb=280.3 gpu_alloc_mb=1516.5 load_before=3.00 load_after=3.00
ab res sha=49f88ec486a7766a arm=49f88ec486a7766a.nowrite tg_static_bytes=10368 max_threads=896 exec_width=32 bound_buffer_bytes=74059524 iters=50 cell label=49f88ec486a7766a:49f88ec486a7766a.nowrite wall_ms=133.115 cpu_ms=3.277 cpu_pct=2.5 rss_peak_mb=1622.4 footprint_mb=280.3 gpu_alloc_mb=1516.5 load_before=3.00 load_after=3.00
ab res sha=49f88ec486a7766a arm=49f88ec486a7766a.unroll2 tg_static_bytes=14464 max_threads=768 exec_width=32 bound_buffer_bytes=74059524 iters=50 cell label=49f88ec486a7766a:49f88ec486a7766a.unroll2 wall_ms=136.315 cpu_ms=3.383 cpu_pct=2.5 rss_peak_mb=1622.4 footprint_mb=280.3 gpu_alloc_mb=1516.5 load_before=3.00 load_after=3.00
ab bits sha=49f88ec486a7766a threads=577536 extents=[1000, 8, 512, 1024] arm=base elements=8192000 differing=0 max_ulp=0 max_abs=0e0 max_abs_over_largest=0e0
ab bits sha=49f88ec486a7766a threads=577536 extents=[1000, 8, 512, 1024] arm=49f88ec486a7766a.ctrl elements=8192000 differing=0 max_ulp=0 max_abs=0e0 max_abs_over_largest=0e0
ab bits sha=49f88ec486a7766a threads=577536 extents=[1000, 8, 512, 1024] arm=49f88ec486a7766a.floatstage elements=8192000 differing=0 max_ulp=0 max_abs=0e0 max_abs_over_largest=0e0
ab bits sha=49f88ec486a7766a threads=577536 extents=[1000, 8, 512, 1024] arm=49f88ec486a7766a.noact elements=8192000 differing=8192000 max_ulp=2173098903 max_abs=6.827084e1 max_abs_over_largest=1.0021664e0
ab bits sha=49f88ec486a7766a threads=577536 extents=[1000, 8, 512, 1024] arm=49f88ec486a7766a.nodequant elements=8192000 differing=8192000 max_ulp=2257730749 max_abs=9.703367e2 max_abs_over_largest=1.4243837e1
ab bits sha=49f88ec486a7766a threads=577536 extents=[1000, 8, 512, 1024] arm=49f88ec486a7766a.noloads elements=8192000 differing=8192000 max_ulp=2240298780 max_abs=1.9612326e2 max_abs_over_largest=2.878947e0
ab bits sha=49f88ec486a7766a threads=577536 extents=[1000, 8, 512, 1024] arm=49f88ec486a7766a.nomma elements=8192000 differing=8192000 max_ulp=1116225308 max_abs=6.812326e1 max_abs_over_largest=1e0
ab bits sha=49f88ec486a7766a threads=577536 extents=[1000, 8, 512, 1024] arm=49f88ec486a7766a.nostage elements=8192000 differing=8192000 max_ulp=3259514652 max_abs=inf max_abs_over_largest=inf
ab bits sha=49f88ec486a7766a threads=577536 extents=[1000, 8, 512, 1024] arm=49f88ec486a7766a.nowrite elements=8192000 differing=8192000 max_ulp=2547881073 max_abs=1.4660155e13 max_abs_over_largest=2.1520043e11
ab bits sha=49f88ec486a7766a threads=577536 extents=[1000, 8, 512, 1024] arm=49f88ec486a7766a.unroll2 elements=8192000 differing=0 max_ulp=0 max_abs=0e0 max_abs_over_largest=0e0
ab group sha=49f88ec486a7766a threads=577536 extents=[1000, 8, 512, 1024] tg=Some(128) count=24 pass=0 arm=base marginal_us=2402.111 single_us=2405.583
ab group sha=49f88ec486a7766a threads=577536 extents=[1000, 8, 512, 1024] tg=Some(128) count=24 pass=0 arm=49f88ec486a7766a.ctrl marginal_us=2402.475 single_us=2406.667
ab group sha=49f88ec486a7766a threads=577536 extents=[1000, 8, 512, 1024] tg=Some(128) count=24 pass=0 arm=49f88ec486a7766a.floatstage marginal_us=2660.169 single_us=2664.375
ab group sha=49f88ec486a7766a threads=577536 extents=[1000, 8, 512, 1024] tg=Some(128) count=24 pass=0 arm=49f88ec486a7766a.noact marginal_us=2330.467 single_us=2335.542
ab group sha=49f88ec486a7766a threads=577536 extents=[1000, 8, 512, 1024] tg=Some(128) count=24 pass=0 arm=49f88ec486a7766a.nodequant marginal_us=2082.347 single_us=2089.042
ab group sha=49f88ec486a7766a threads=577536 extents=[1000, 8, 512, 1024] tg=Some(128) count=24 pass=0 arm=49f88ec486a7766a.noloads marginal_us=2038.547 single_us=2043.917
ab group sha=49f88ec486a7766a threads=577536 extents=[1000, 8, 512, 1024] tg=Some(128) count=24 pass=0 arm=49f88ec486a7766a.nomma marginal_us=1516.133 single_us=1544.875
ab group sha=49f88ec486a7766a threads=577536 extents=[1000, 8, 512, 1024] tg=Some(128) count=24 pass=0 arm=49f88ec486a7766a.nostage marginal_us=1842.075 single_us=1843.750
ab group sha=49f88ec486a7766a threads=577536 extents=[1000, 8, 512, 1024] tg=Some(128) count=24 pass=0 arm=49f88ec486a7766a.nowrite marginal_us=2401.608 single_us=2409.500
ab group sha=49f88ec486a7766a threads=577536 extents=[1000, 8, 512, 1024] tg=Some(128) count=24 pass=0 arm=49f88ec486a7766a.unroll2 marginal_us=2470.450 single_us=2475.750
ab cell label=process wall_ms=25147.776 cpu_ms=1156.772 cpu_pct=4.6 rss_peak_mb=1622.4 footprint_mb=249.2 gpu_alloc_mb=1516.5 load_before=3.18 load_after=3.43
