raw arm=base0c process=0 run=0 ms_per_token=16.3860
raw arm=base0c process=0 run=1 ms_per_token=12.1970
raw arm=base0c process=0 run=2 ms_per_token=13.2520
raw arm=base0c process=0 run=3 ms_per_token=12.1240
raw arm=tip process=0 run=0 ms_per_token=12.6150
raw arm=tip process=0 run=1 ms_per_token=12.5870
raw arm=tip process=0 run=2 ms_per_token=11.6820
raw arm=tip process=0 run=3 ms_per_token=12.2350
raw arm=tip process=1 run=0 ms_per_token=12.5880
raw arm=tip process=1 run=1 ms_per_token=11.9230
raw arm=tip process=1 run=2 ms_per_token=11.9770
raw arm=tip process=1 run=3 ms_per_token=11.8450
raw arm=base0c process=1 run=0 ms_per_token=12.3350
raw arm=base0c process=1 run=1 ms_per_token=11.8940
raw arm=base0c process=1 run=2 ms_per_token=13.5610
raw arm=base0c process=1 run=3 ms_per_token=12.2550
arm=base0c metric=ms_per_token process=0 run=1 value=12.1970 outlier=false
arm=base0c metric=ms_per_token process=0 run=2 value=13.2520 outlier=true
arm=base0c metric=ms_per_token process=0 run=3 value=12.1240 outlier=false
arm=base0c metric=ms_per_token process=1 run=1 value=11.8940 outlier=false
arm=base0c metric=ms_per_token process=1 run=2 value=13.5610 outlier=true
arm=base0c metric=ms_per_token process=1 run=3 value=12.2550 outlier=false
summary arm=base0c metric=ms_per_token n_all=6 median_all=12.2260 cov_all_pct=4.98 min_all=11.8940 max_all=13.5610 | n_kept=4 median_kept=12.1605 mad_kept=0.0655 cov_kept_pct=1.13 min_kept=11.8940 max_kept=12.2550
arm=base0c metric=prefill_ms process=0 run=1 value=2501.9840 outlier=false
arm=base0c metric=prefill_ms process=0 run=2 value=2490.9990 outlier=false
arm=base0c metric=prefill_ms process=0 run=3 value=2485.9590 outlier=false
arm=base0c metric=prefill_ms process=1 run=1 value=2468.9900 outlier=false
arm=base0c metric=prefill_ms process=1 run=2 value=2505.9970 outlier=false
arm=base0c metric=prefill_ms process=1 run=3 value=2497.9560 outlier=false
summary arm=base0c metric=prefill_ms n_all=6 median_all=2494.4775 cov_all_pct=0.49 min_all=2468.9900 max_all=2505.9970 | n_kept=6 median_kept=2494.4775 mad_kept=8.0125 cov_kept_pct=0.49 min_kept=2468.9900 max_kept=2505.9970
arm=base0c metric=ttft_ms process=0 run=1 value=2502.0000 outlier=false
arm=base0c metric=ttft_ms process=0 run=2 value=2491.0000 outlier=false
arm=base0c metric=ttft_ms process=0 run=3 value=2486.0000 outlier=false
arm=base0c metric=ttft_ms process=1 run=1 value=2469.0000 outlier=false
arm=base0c metric=ttft_ms process=1 run=2 value=2506.0000 outlier=false
arm=base0c metric=ttft_ms process=1 run=3 value=2498.0000 outlier=false
summary arm=base0c metric=ttft_ms n_all=6 median_all=2494.5000 cov_all_pct=0.49 min_all=2469.0000 max_all=2506.0000 | n_kept=6 median_kept=2494.5000 mad_kept=8.0000 cov_kept_pct=0.49 min_kept=2469.0000 max_kept=2506.0000
memory arm=base0c metric=peak_rss_bytes process=0 value=3902472192
memory arm=base0c metric=peak_rss_bytes process=1 value=3937468416
summary arm=base0c metric=peak_rss_bytes n=2 median=3919970304 max=3937468416
memory arm=base0c metric=peak_footprint_bytes process=0 value=712977088
memory arm=base0c metric=peak_footprint_bytes process=1 value=707439616
summary arm=base0c metric=peak_footprint_bytes n=2 median=710208352 max=712977088
memory arm=base0c metric=peak_gpu_bytes process=0 value=5609734144
memory arm=base0c metric=peak_gpu_bytes process=1 value=5609734144
summary arm=base0c metric=peak_gpu_bytes n=2 median=5609734144 max=5609734144
extra arm=base0c process=0 peers_present_at_exit=[]
extra arm=base0c process=1 peers_present_at_exit=[]
arm=tip metric=ms_per_token process=0 run=1 value=12.5870 outlier=false
arm=tip metric=ms_per_token process=0 run=2 value=11.6820 outlier=false
arm=tip metric=ms_per_token process=0 run=3 value=12.2350 outlier=false
arm=tip metric=ms_per_token process=1 run=1 value=11.9230 outlier=false
arm=tip metric=ms_per_token process=1 run=2 value=11.9770 outlier=false
arm=tip metric=ms_per_token process=1 run=3 value=11.8450 outlier=false
summary arm=tip metric=ms_per_token n_all=6 median_all=11.9500 cov_all_pct=2.45 min_all=11.6820 max_all=12.5870 | n_kept=6 median_kept=11.9500 mad_kept=0.1865 cov_kept_pct=2.45 min_kept=11.6820 max_kept=12.5870
arm=tip metric=prefill_ms process=0 run=1 value=2502.0610 outlier=true
arm=tip metric=prefill_ms process=0 run=2 value=2522.9580 outlier=true
arm=tip metric=prefill_ms process=0 run=3 value=2517.0450 outlier=false
arm=tip metric=prefill_ms process=1 run=1 value=2514.0190 outlier=false
arm=tip metric=prefill_ms process=1 run=2 value=2514.9570 outlier=false
arm=tip metric=prefill_ms process=1 run=3 value=2514.0140 outlier=false
summary arm=tip metric=prefill_ms n_all=6 median_all=2514.4880 cov_all_pct=0.25 min_all=2502.0610 max_all=2522.9580 | n_kept=4 median_kept=2514.4880 mad_kept=0.4715 cov_kept_pct=0.05 min_kept=2514.0140 max_kept=2517.0450
arm=tip metric=ttft_ms process=0 run=1 value=2502.0000 outlier=true
arm=tip metric=ttft_ms process=0 run=2 value=2523.0000 outlier=true
arm=tip metric=ttft_ms process=0 run=3 value=2517.0000 outlier=false
arm=tip metric=ttft_ms process=1 run=1 value=2514.0000 outlier=false
arm=tip metric=ttft_ms process=1 run=2 value=2515.0000 outlier=false
arm=tip metric=ttft_ms process=1 run=3 value=2514.0000 outlier=false
summary arm=tip metric=ttft_ms n_all=6 median_all=2514.5000 cov_all_pct=0.25 min_all=2502.0000 max_all=2523.0000 | n_kept=4 median_kept=2514.5000 mad_kept=0.5000 cov_kept_pct=0.05 min_kept=2514.0000 max_kept=2517.0000
memory arm=tip metric=peak_rss_bytes process=0 value=3916873728
memory arm=tip metric=peak_rss_bytes process=1 value=3855581184
summary arm=tip metric=peak_rss_bytes n=2 median=3886227456 max=3916873728
memory arm=tip metric=peak_footprint_bytes process=0 value=702278464
memory arm=tip metric=peak_footprint_bytes process=1 value=707046144
summary arm=tip metric=peak_footprint_bytes n=2 median=704662304 max=707046144
memory arm=tip metric=peak_gpu_bytes process=0 value=5608554496
memory arm=tip metric=peak_gpu_bytes process=1 value=5608554496
summary arm=tip metric=peak_gpu_bytes n=2 median=5608554496 max=5608554496
extra arm=tip process=0 peers_present_at_exit=[]
extra arm=tip process=1 peers_present_at_exit=[]
bound metric=ms_per_token arm=tip vs=base0c arm_median=11.9500 reference_median=12.1605 delta=-0.2105 limit=0.2432 within=true
bound metric=prefill_ms arm=tip vs=base0c arm_median=2514.4880 reference_median=2494.4775 delta=20.0105 limit=49.8895 within=true
bound metric=ttft_ms arm=tip vs=base0c arm_median=2514.5000 reference_median=2494.5000 delta=20.0000 limit=49.8900 within=true
bound metric=peak_rss_bytes arm=tip vs=base0c arm_median=3886227456 reference_median=3919970304 delta=-33742848 limit=78399406 within=true
bound metric=peak_footprint_bytes arm=tip vs=base0c arm_median=704662304 reference_median=710208352 delta=-5546048 limit=14204167 within=true
bound metric=peak_gpu_bytes arm=tip vs=base0c arm_median=5608554496 reference_median=5609734144 delta=-1179648 limit=112194683 within=true
