ab capture excludes 0 unreplayable dispatches of 653
ab capture: step=5 dispatches=653 groups=47
ab res sha=23d555d56f27caa0 arm=base tg_static_bytes=32 max_threads=832 exec_width=32 bound_buffer_bytes=3783432 iters=50 cell label=23d555d56f27caa0:base wall_ms=12.745 cpu_ms=2.961 cpu_pct=23.2 rss_peak_mb=3435.0 footprint_mb=101.6 gpu_alloc_mb=3247.5 load_before=5.38 load_after=5.38
ab res sha=23d555d56f27caa0 arm=23d555d56f27caa0.ctrl tg_static_bytes=32 max_threads=832 exec_width=32 bound_buffer_bytes=3783432 iters=50 cell label=23d555d56f27caa0:23d555d56f27caa0.ctrl wall_ms=12.246 cpu_ms=2.775 cpu_pct=22.7 rss_peak_mb=3435.0 footprint_mb=101.6 gpu_alloc_mb=3247.5 load_before=5.38 load_after=5.38
ab res sha=23d555d56f27caa0 arm=23d555d56f27caa0.noreduce tg_static_bytes=0 max_threads=832 exec_width=32 bound_buffer_bytes=3783432 iters=50 cell label=23d555d56f27caa0:23d555d56f27caa0.noreduce wall_ms=11.357 cpu_ms=2.739 cpu_pct=24.1 rss_peak_mb=3435.0 footprint_mb=101.6 gpu_alloc_mb=3247.5 load_before=5.38 load_after=5.38
ab res sha=23d555d56f27caa0 arm=23d555d56f27caa0.nosumsq tg_static_bytes=32 max_threads=1024 exec_width=32 bound_buffer_bytes=3783432 iters=50 cell label=23d555d56f27caa0:23d555d56f27caa0.nosumsq wall_ms=11.366 cpu_ms=2.756 cpu_pct=24.2 rss_peak_mb=3435.0 footprint_mb=101.6 gpu_alloc_mb=3247.5 load_before=5.38 load_after=5.38
ab res sha=23d555d56f27caa0 arm=23d555d56f27caa0.noweights tg_static_bytes=32 max_threads=1024 exec_width=32 bound_buffer_bytes=3783432 iters=50 cell label=23d555d56f27caa0:23d555d56f27caa0.noweights wall_ms=11.611 cpu_ms=2.796 cpu_pct=24.1 rss_peak_mb=3435.0 footprint_mb=101.6 gpu_alloc_mb=3247.5 load_before=5.38 load_after=5.38
ab res sha=23d555d56f27caa0 arm=23d555d56f27caa0.nowrite tg_static_bytes=32 max_threads=832 exec_width=32 bound_buffer_bytes=3783432 iters=50 cell label=23d555d56f27caa0:23d555d56f27caa0.nowrite wall_ms=11.418 cpu_ms=2.833 cpu_pct=24.8 rss_peak_mb=3435.0 footprint_mb=101.6 gpu_alloc_mb=3247.5 load_before=5.38 load_after=5.38
ab res sha=23d555d56f27caa0 arm=23d555d56f27caa0.w128 tg_static_bytes=16 max_threads=512 exec_width=32 bound_buffer_bytes=3783432 iters=50 cell label=23d555d56f27caa0:23d555d56f27caa0.w128 wall_ms=12.336 cpu_ms=2.777 cpu_pct=22.5 rss_peak_mb=3435.0 footprint_mb=101.6 gpu_alloc_mb=3247.5 load_before=5.38 load_after=5.38
ab res sha=23d555d56f27caa0 arm=23d555d56f27caa0.w192 tg_static_bytes=32 max_threads=768 exec_width=32 bound_buffer_bytes=3783432 iters=50 cell label=23d555d56f27caa0:23d555d56f27caa0.w192 wall_ms=11.636 cpu_ms=2.882 cpu_pct=24.8 rss_peak_mb=3435.0 footprint_mb=101.5 gpu_alloc_mb=3247.5 load_before=5.38 load_after=5.38
ab res sha=23d555d56f27caa0 arm=23d555d56f27caa0.w384 tg_static_bytes=48 max_threads=1024 exec_width=32 bound_buffer_bytes=3783432 iters=50 cell label=23d555d56f27caa0:23d555d56f27caa0.w384 wall_ms=11.652 cpu_ms=2.833 cpu_pct=24.3 rss_peak_mb=3435.0 footprint_mb=101.5 gpu_alloc_mb=3247.5 load_before=5.38 load_after=5.38
ab res sha=23d555d56f27caa0 arm=23d555d56f27caa0.w512 tg_static_bytes=64 max_threads=1024 exec_width=32 bound_buffer_bytes=3783432 iters=50 cell label=23d555d56f27caa0:23d555d56f27caa0.w512 wall_ms=11.408 cpu_ms=2.906 cpu_pct=25.5 rss_peak_mb=3435.0 footprint_mb=102.4 gpu_alloc_mb=3247.5 load_before=5.38 load_after=5.38
ab bits sha=23d555d56f27caa0 threads=256 extents=[1, 1536] arm=base elements=1536 differing=0 max_ulp=0 max_abs=0e0 max_abs_over_largest=0e0
ab bits sha=23d555d56f27caa0 threads=256 extents=[1, 1536] arm=23d555d56f27caa0.ctrl elements=1536 differing=0 max_ulp=0 max_abs=0e0 max_abs_over_largest=0e0
ab bits sha=23d555d56f27caa0 threads=256 extents=[1, 1536] arm=23d555d56f27caa0.noreduce elements=1536 differing=1536 max_ulp=47332110 max_abs=1.6701812e3 max_abs_over_largest=1.6203085e1
ab bits sha=23d555d56f27caa0 threads=256 extents=[1, 1536] arm=23d555d56f27caa0.nosumsq elements=1536 differing=1536 max_ulp=102946670 max_abs=4.886257e5 max_abs_over_largest=4.74035e3
ab bits sha=23d555d56f27caa0 threads=256 extents=[1, 1536] arm=23d555d56f27caa0.noweights elements=1536 differing=1536 max_ulp=2166759632 max_abs=1.0328888e2 max_abs_over_largest=1.0020461e0
ab bits sha=23d555d56f27caa0 threads=256 extents=[1, 1536] arm=23d555d56f27caa0.nowrite elements=1536 differing=1536 max_ulp=2552462657 max_abs=1.4660155e13 max_abs_over_largest=1.4222393e11
ab bits sha=23d555d56f27caa0 threads=256 extents=[1, 1536] arm=23d555d56f27caa0.w128 elements=1536 differing=0 max_ulp=0 max_abs=0e0 max_abs_over_largest=0e0
ab bits sha=23d555d56f27caa0 threads=256 extents=[1, 1536] arm=23d555d56f27caa0.w192 elements=1536 differing=0 max_ulp=0 max_abs=0e0 max_abs_over_largest=0e0
ab bits sha=23d555d56f27caa0 threads=256 extents=[1, 1536] arm=23d555d56f27caa0.w384 elements=1536 differing=0 max_ulp=0 max_abs=0e0 max_abs_over_largest=0e0
ab bits sha=23d555d56f27caa0 threads=256 extents=[1, 1536] arm=23d555d56f27caa0.w512 elements=1536 differing=0 max_ulp=0 max_abs=0e0 max_abs_over_largest=0e0
ab sequence sha=23d555d56f27caa0 threads=256 extents=[1, 1536] tg=Some(256) count=71 pass=0 arm=base per_dispatch_us=5.927
ab sequence sha=23d555d56f27caa0 threads=256 extents=[1, 1536] tg=Some(256) count=71 pass=0 arm=23d555d56f27caa0.ctrl per_dispatch_us=5.954
ab sequence sha=23d555d56f27caa0 threads=256 extents=[1, 1536] tg=Some(256) count=71 pass=0 arm=23d555d56f27caa0.noreduce per_dispatch_us=5.791
ab sequence sha=23d555d56f27caa0 threads=256 extents=[1, 1536] tg=Some(256) count=71 pass=0 arm=23d555d56f27caa0.nosumsq per_dispatch_us=4.722
ab sequence sha=23d555d56f27caa0 threads=256 extents=[1, 1536] tg=Some(256) count=71 pass=0 arm=23d555d56f27caa0.noweights per_dispatch_us=4.783
ab sequence sha=23d555d56f27caa0 threads=256 extents=[1, 1536] tg=Some(256) count=71 pass=0 arm=23d555d56f27caa0.nowrite per_dispatch_us=5.818
ab sequence sha=23d555d56f27caa0 threads=256 extents=[1, 1536] tg=Some(256) count=71 pass=0 arm=23d555d56f27caa0.w128 per_dispatch_us=9.126
ab sequence sha=23d555d56f27caa0 threads=256 extents=[1, 1536] tg=Some(256) count=71 pass=0 arm=23d555d56f27caa0.w192 per_dispatch_us=6.180
ab sequence sha=23d555d56f27caa0 threads=256 extents=[1, 1536] tg=Some(256) count=71 pass=0 arm=23d555d56f27caa0.w384 per_dispatch_us=5.775
ab sequence sha=23d555d56f27caa0 threads=256 extents=[1, 1536] tg=Some(256) count=71 pass=0 arm=23d555d56f27caa0.w512 per_dispatch_us=4.860
ab res sha=d8ad59bfed0ed43d arm=base tg_static_bytes=32 max_threads=832 exec_width=32 bound_buffer_bytes=5257992 iters=50 cell label=d8ad59bfed0ed43d:base wall_ms=11.381 cpu_ms=2.770 cpu_pct=24.3 rss_peak_mb=3435.0 footprint_mb=102.2 gpu_alloc_mb=3247.5 load_before=5.38 load_after=5.38
ab res sha=d8ad59bfed0ed43d arm=d8ad59bfed0ed43d.ctrl tg_static_bytes=32 max_threads=832 exec_width=32 bound_buffer_bytes=5257992 iters=50 cell label=d8ad59bfed0ed43d:d8ad59bfed0ed43d.ctrl wall_ms=11.381 cpu_ms=2.703 cpu_pct=23.8 rss_peak_mb=3435.0 footprint_mb=102.2 gpu_alloc_mb=3247.5 load_before=5.38 load_after=5.38
ab res sha=d8ad59bfed0ed43d arm=d8ad59bfed0ed43d.noreduce tg_static_bytes=0 max_threads=832 exec_width=32 bound_buffer_bytes=5257992 iters=50 cell label=d8ad59bfed0ed43d:d8ad59bfed0ed43d.noreduce wall_ms=11.370 cpu_ms=2.729 cpu_pct=24.0 rss_peak_mb=3435.0 footprint_mb=102.2 gpu_alloc_mb=3247.5 load_before=5.38 load_after=5.38
ab res sha=d8ad59bfed0ed43d arm=d8ad59bfed0ed43d.nosumsq tg_static_bytes=32 max_threads=1024 exec_width=32 bound_buffer_bytes=5257992 iters=50 cell label=d8ad59bfed0ed43d:d8ad59bfed0ed43d.nosumsq wall_ms=11.361 cpu_ms=2.747 cpu_pct=24.2 rss_peak_mb=3435.0 footprint_mb=102.2 gpu_alloc_mb=3247.5 load_before=5.38 load_after=5.38
ab res sha=d8ad59bfed0ed43d arm=d8ad59bfed0ed43d.noweights tg_static_bytes=32 max_threads=1024 exec_width=32 bound_buffer_bytes=5257992 iters=50 cell label=d8ad59bfed0ed43d:d8ad59bfed0ed43d.noweights wall_ms=11.397 cpu_ms=2.784 cpu_pct=24.4 rss_peak_mb=3435.0 footprint_mb=102.2 gpu_alloc_mb=3247.5 load_before=5.38 load_after=5.38
ab res sha=d8ad59bfed0ed43d arm=d8ad59bfed0ed43d.nowrite tg_static_bytes=32 max_threads=832 exec_width=32 bound_buffer_bytes=5257992 iters=50 cell label=d8ad59bfed0ed43d:d8ad59bfed0ed43d.nowrite wall_ms=12.282 cpu_ms=2.806 cpu_pct=22.8 rss_peak_mb=3435.0 footprint_mb=102.2 gpu_alloc_mb=3247.5 load_before=5.38 load_after=5.38
ab res sha=d8ad59bfed0ed43d arm=d8ad59bfed0ed43d.w128 tg_static_bytes=16 max_threads=576 exec_width=32 bound_buffer_bytes=5257992 iters=50 cell label=d8ad59bfed0ed43d:d8ad59bfed0ed43d.w128 wall_ms=12.377 cpu_ms=2.834 cpu_pct=22.9 rss_peak_mb=3435.0 footprint_mb=102.2 gpu_alloc_mb=3247.5 load_before=5.38 load_after=5.38
ab res sha=d8ad59bfed0ed43d arm=d8ad59bfed0ed43d.w192 tg_static_bytes=32 max_threads=832 exec_width=32 bound_buffer_bytes=5257992 iters=50 cell label=d8ad59bfed0ed43d:d8ad59bfed0ed43d.w192 wall_ms=12.563 cpu_ms=2.830 cpu_pct=22.5 rss_peak_mb=3435.0 footprint_mb=102.2 gpu_alloc_mb=3247.5 load_before=5.38 load_after=5.38
ab res sha=d8ad59bfed0ed43d arm=d8ad59bfed0ed43d.w384 tg_static_bytes=48 max_threads=1024 exec_width=32 bound_buffer_bytes=5257992 iters=50 cell label=d8ad59bfed0ed43d:d8ad59bfed0ed43d.w384 wall_ms=11.655 cpu_ms=2.836 cpu_pct=24.3 rss_peak_mb=3435.0 footprint_mb=102.2 gpu_alloc_mb=3247.5 load_before=5.38 load_after=5.38
ab res sha=d8ad59bfed0ed43d arm=d8ad59bfed0ed43d.w512 tg_static_bytes=64 max_threads=1024 exec_width=32 bound_buffer_bytes=5257992 iters=50 cell label=d8ad59bfed0ed43d:d8ad59bfed0ed43d.w512 wall_ms=11.365 cpu_ms=2.828 cpu_pct=24.9 rss_peak_mb=3435.0 footprint_mb=102.2 gpu_alloc_mb=3247.5 load_before=5.38 load_after=5.38
ab bits sha=d8ad59bfed0ed43d threads=256 extents=[1, 1536] arm=base elements=1536 differing=0 max_ulp=0 max_abs=0e0 max_abs_over_largest=0e0
ab bits sha=d8ad59bfed0ed43d threads=256 extents=[1, 1536] arm=d8ad59bfed0ed43d.ctrl elements=1536 differing=0 max_ulp=0 max_abs=0e0 max_abs_over_largest=0e0
ab bits sha=d8ad59bfed0ed43d threads=256 extents=[1, 1536] arm=d8ad59bfed0ed43d.noreduce elements=1536 differing=1351 max_ulp=2125143253 max_abs=3.6254418e0 max_abs_over_largest=3.4504776e0
ab bits sha=d8ad59bfed0ed43d threads=256 extents=[1, 1536] arm=d8ad59bfed0ed43d.nosumsq elements=1536 differing=1466 max_ulp=2192492937 max_abs=1.7030838e4 max_abs_over_largest=1.6208928e4
ab bits sha=d8ad59bfed0ed43d threads=256 extents=[1, 1536] arm=d8ad59bfed0ed43d.noweights elements=1536 differing=1536 max_ulp=2080356578 max_abs=1.0284643e0 max_abs_over_largest=9.788305e-1
ab bits sha=d8ad59bfed0ed43d threads=256 extents=[1, 1536] arm=d8ad59bfed0ed43d.nowrite elements=1536 differing=1536 max_ulp=2493437832 max_abs=1.4660155e13 max_abs_over_largest=1.3952654e13
ab bits sha=d8ad59bfed0ed43d threads=256 extents=[1, 1536] arm=d8ad59bfed0ed43d.w128 elements=1536 differing=512 max_ulp=2433717696 max_abs=1.4660155e13 max_abs_over_largest=1.3952654e13
ab bits sha=d8ad59bfed0ed43d threads=256 extents=[1, 1536] arm=d8ad59bfed0ed43d.w192 elements=1536 differing=0 max_ulp=0 max_abs=0e0 max_abs_over_largest=0e0
ab bits sha=d8ad59bfed0ed43d threads=256 extents=[1, 1536] arm=d8ad59bfed0ed43d.w384 elements=1536 differing=545 max_ulp=192 max_abs=1.1920929e-7 max_abs_over_largest=1.1345624e-7
ab bits sha=d8ad59bfed0ed43d threads=256 extents=[1, 1536] arm=d8ad59bfed0ed43d.w512 elements=1536 differing=0 max_ulp=0 max_abs=0e0 max_abs_over_largest=0e0
ab sequence sha=d8ad59bfed0ed43d threads=256 extents=[1, 1536] tg=Some(256) count=35 pass=0 arm=base per_dispatch_us=6.893
ab sequence sha=d8ad59bfed0ed43d threads=256 extents=[1, 1536] tg=Some(256) count=35 pass=0 arm=d8ad59bfed0ed43d.ctrl per_dispatch_us=6.886
ab sequence sha=d8ad59bfed0ed43d threads=256 extents=[1, 1536] tg=Some(256) count=35 pass=0 arm=d8ad59bfed0ed43d.noreduce per_dispatch_us=6.611
ab sequence sha=d8ad59bfed0ed43d threads=256 extents=[1, 1536] tg=Some(256) count=35 pass=0 arm=d8ad59bfed0ed43d.nosumsq per_dispatch_us=6.036
ab sequence sha=d8ad59bfed0ed43d threads=256 extents=[1, 1536] tg=Some(256) count=35 pass=0 arm=d8ad59bfed0ed43d.noweights per_dispatch_us=5.044
ab sequence sha=d8ad59bfed0ed43d threads=256 extents=[1, 1536] tg=Some(256) count=35 pass=0 arm=d8ad59bfed0ed43d.nowrite per_dispatch_us=6.732
ab sequence sha=d8ad59bfed0ed43d threads=256 extents=[1, 1536] tg=Some(256) count=35 pass=0 arm=d8ad59bfed0ed43d.w128 per_dispatch_us=7.375
ab sequence sha=d8ad59bfed0ed43d threads=256 extents=[1, 1536] tg=Some(256) count=35 pass=0 arm=d8ad59bfed0ed43d.w192 per_dispatch_us=7.285
ab sequence sha=d8ad59bfed0ed43d threads=256 extents=[1, 1536] tg=Some(256) count=35 pass=0 arm=d8ad59bfed0ed43d.w384 per_dispatch_us=6.044
ab sequence sha=d8ad59bfed0ed43d threads=256 extents=[1, 1536] tg=Some(256) count=35 pass=0 arm=d8ad59bfed0ed43d.w512 per_dispatch_us=5.896
ab res sha=f41c3c0ebf45e3dc arm=base tg_static_bytes=32 max_threads=832 exec_width=32 bound_buffer_bytes=5061896 iters=50 cell label=f41c3c0ebf45e3dc:base wall_ms=11.258 cpu_ms=2.690 cpu_pct=23.9 rss_peak_mb=3435.0 footprint_mb=102.2 gpu_alloc_mb=3247.5 load_before=5.38 load_after=5.38
ab res sha=f41c3c0ebf45e3dc arm=f41c3c0ebf45e3dc.ctrl tg_static_bytes=32 max_threads=832 exec_width=32 bound_buffer_bytes=5061896 iters=50 cell label=f41c3c0ebf45e3dc:f41c3c0ebf45e3dc.ctrl wall_ms=11.344 cpu_ms=2.703 cpu_pct=23.8 rss_peak_mb=3435.0 footprint_mb=102.2 gpu_alloc_mb=3247.5 load_before=5.38 load_after=5.38
ab res sha=f41c3c0ebf45e3dc arm=f41c3c0ebf45e3dc.noreduce tg_static_bytes=0 max_threads=832 exec_width=32 bound_buffer_bytes=5061896 iters=50 cell label=f41c3c0ebf45e3dc:f41c3c0ebf45e3dc.noreduce wall_ms=11.367 cpu_ms=2.691 cpu_pct=23.7 rss_peak_mb=3435.0 footprint_mb=102.2 gpu_alloc_mb=3247.5 load_before=5.38 load_after=5.38
ab res sha=f41c3c0ebf45e3dc arm=f41c3c0ebf45e3dc.nosumsq tg_static_bytes=32 max_threads=1024 exec_width=32 bound_buffer_bytes=5061896 iters=50 cell label=f41c3c0ebf45e3dc:f41c3c0ebf45e3dc.nosumsq wall_ms=11.363 cpu_ms=2.736 cpu_pct=24.1 rss_peak_mb=3435.0 footprint_mb=102.2 gpu_alloc_mb=3247.5 load_before=5.38 load_after=5.38
ab res sha=f41c3c0ebf45e3dc arm=f41c3c0ebf45e3dc.noweights tg_static_bytes=32 max_threads=1024 exec_width=32 bound_buffer_bytes=5061896 iters=50 cell label=f41c3c0ebf45e3dc:f41c3c0ebf45e3dc.noweights wall_ms=11.556 cpu_ms=2.747 cpu_pct=23.8 rss_peak_mb=3435.0 footprint_mb=102.2 gpu_alloc_mb=3247.5 load_before=5.38 load_after=5.38
ab res sha=f41c3c0ebf45e3dc arm=f41c3c0ebf45e3dc.nowrite tg_static_bytes=32 max_threads=832 exec_width=32 bound_buffer_bytes=5061896 iters=50 cell label=f41c3c0ebf45e3dc:f41c3c0ebf45e3dc.nowrite wall_ms=12.139 cpu_ms=2.815 cpu_pct=23.2 rss_peak_mb=3435.0 footprint_mb=102.2 gpu_alloc_mb=3247.5 load_before=5.38 load_after=5.38
ab res sha=f41c3c0ebf45e3dc arm=f41c3c0ebf45e3dc.w128 tg_static_bytes=16 max_threads=576 exec_width=32 bound_buffer_bytes=5061896 iters=50 cell label=f41c3c0ebf45e3dc:f41c3c0ebf45e3dc.w128 wall_ms=12.496 cpu_ms=2.833 cpu_pct=22.7 rss_peak_mb=3435.0 footprint_mb=102.2 gpu_alloc_mb=3247.5 load_before=5.38 load_after=5.38
ab res sha=f41c3c0ebf45e3dc arm=f41c3c0ebf45e3dc.w192 tg_static_bytes=32 max_threads=832 exec_width=32 bound_buffer_bytes=5061896 iters=50 cell label=f41c3c0ebf45e3dc:f41c3c0ebf45e3dc.w192 wall_ms=12.465 cpu_ms=2.831 cpu_pct=22.7 rss_peak_mb=3435.0 footprint_mb=102.2 gpu_alloc_mb=3247.5 load_before=5.38 load_after=5.38
ab res sha=f41c3c0ebf45e3dc arm=f41c3c0ebf45e3dc.w384 tg_static_bytes=48 max_threads=1024 exec_width=32 bound_buffer_bytes=5061896 iters=50 cell label=f41c3c0ebf45e3dc:f41c3c0ebf45e3dc.w384 wall_ms=11.352 cpu_ms=2.990 cpu_pct=26.3 rss_peak_mb=3435.0 footprint_mb=102.2 gpu_alloc_mb=3247.5 load_before=5.38 load_after=5.38
ab res sha=f41c3c0ebf45e3dc arm=f41c3c0ebf45e3dc.w512 tg_static_bytes=64 max_threads=1024 exec_width=32 bound_buffer_bytes=5061896 iters=50 cell label=f41c3c0ebf45e3dc:f41c3c0ebf45e3dc.w512 wall_ms=11.129 cpu_ms=2.704 cpu_pct=24.3 rss_peak_mb=3435.0 footprint_mb=102.2 gpu_alloc_mb=3247.5 load_before=5.38 load_after=5.38
ab bits sha=f41c3c0ebf45e3dc threads=256 extents=[1, 1536] arm=base elements=1536 differing=0 max_ulp=0 max_abs=0e0 max_abs_over_largest=0e0
ab bits sha=f41c3c0ebf45e3dc threads=256 extents=[1, 1536] arm=f41c3c0ebf45e3dc.ctrl elements=1536 differing=0 max_ulp=0 max_abs=0e0 max_abs_over_largest=0e0
ab bits sha=f41c3c0ebf45e3dc threads=256 extents=[1, 1536] arm=f41c3c0ebf45e3dc.noreduce elements=1536 differing=940 max_ulp=2174991425 max_abs=3.2965403e3 max_abs_over_largest=8.573326e0
ab bits sha=f41c3c0ebf45e3dc threads=256 extents=[1, 1536] arm=f41c3c0ebf45e3dc.nosumsq elements=1536 differing=1045 max_ulp=2208429346 max_abs=2.156691e5 max_abs_over_largest=5.608915e2
ab bits sha=f41c3c0ebf45e3dc threads=256 extents=[1, 1536] arm=f41c3c0ebf45e3dc.noweights elements=1536 differing=1536 max_ulp=2204021410 max_abs=3.8173633e2 max_abs_over_largest=9.9278325e-1
ab bits sha=f41c3c0ebf45e3dc threads=256 extents=[1, 1536] arm=f41c3c0ebf45e3dc.nowrite elements=1536 differing=1536 max_ulp=2558685089 max_abs=1.4660155e13 max_abs_over_largest=3.8126723e10
ab bits sha=f41c3c0ebf45e3dc threads=256 extents=[1, 1536] arm=f41c3c0ebf45e3dc.w128 elements=1536 differing=512 max_ulp=2558685089 max_abs=1.4660155e13 max_abs_over_largest=3.8126723e10
ab bits sha=f41c3c0ebf45e3dc threads=256 extents=[1, 1536] arm=f41c3c0ebf45e3dc.w192 elements=1536 differing=0 max_ulp=0 max_abs=0e0 max_abs_over_largest=0e0
ab bits sha=f41c3c0ebf45e3dc threads=256 extents=[1, 1536] arm=f41c3c0ebf45e3dc.w384 elements=1536 differing=0 max_ulp=0 max_abs=0e0 max_abs_over_largest=0e0
ab bits sha=f41c3c0ebf45e3dc threads=256 extents=[1, 1536] arm=f41c3c0ebf45e3dc.w512 elements=1536 differing=0 max_ulp=0 max_abs=0e0 max_abs_over_largest=0e0
ab sequence sha=f41c3c0ebf45e3dc threads=256 extents=[1, 1536] tg=Some(256) count=70 pass=0 arm=base per_dispatch_us=6.546
ab sequence sha=f41c3c0ebf45e3dc threads=256 extents=[1, 1536] tg=Some(256) count=70 pass=0 arm=f41c3c0ebf45e3dc.ctrl per_dispatch_us=6.573
ab sequence sha=f41c3c0ebf45e3dc threads=256 extents=[1, 1536] tg=Some(256) count=70 pass=0 arm=f41c3c0ebf45e3dc.noreduce per_dispatch_us=6.452
ab sequence sha=f41c3c0ebf45e3dc threads=256 extents=[1, 1536] tg=Some(256) count=70 pass=0 arm=f41c3c0ebf45e3dc.nosumsq per_dispatch_us=5.825
ab sequence sha=f41c3c0ebf45e3dc threads=256 extents=[1, 1536] tg=Some(256) count=70 pass=0 arm=f41c3c0ebf45e3dc.noweights per_dispatch_us=4.835
ab sequence sha=f41c3c0ebf45e3dc threads=256 extents=[1, 1536] tg=Some(256) count=70 pass=0 arm=f41c3c0ebf45e3dc.nowrite per_dispatch_us=6.484
ab sequence sha=f41c3c0ebf45e3dc threads=256 extents=[1, 1536] tg=Some(256) count=70 pass=0 arm=f41c3c0ebf45e3dc.w128 per_dispatch_us=7.418
ab sequence sha=f41c3c0ebf45e3dc threads=256 extents=[1, 1536] tg=Some(256) count=70 pass=0 arm=f41c3c0ebf45e3dc.w192 per_dispatch_us=6.952
ab sequence sha=f41c3c0ebf45e3dc threads=256 extents=[1, 1536] tg=Some(256) count=70 pass=0 arm=f41c3c0ebf45e3dc.w384 per_dispatch_us=5.920
ab sequence sha=f41c3c0ebf45e3dc threads=256 extents=[1, 1536] tg=Some(256) count=70 pass=0 arm=f41c3c0ebf45e3dc.w512 per_dispatch_us=5.775
ab cell label=process wall_ms=3287.553 cpu_ms=2626.835 cpu_pct=79.9 rss_peak_mb=3435.0 footprint_mb=101.5 gpu_alloc_mb=3247.5 load_before=4.80 load_after=5.38
