ab capture excludes 0 unreplayable dispatches of 369
ab capture: step=0 dispatches=369 groups=21
ab res sha=1388fb736f661844 arm=base tg_static_bytes=4480 max_threads=384 exec_width=32 bound_buffer_bytes=138235140 iters=5 cell label=1388fb736f661844:base wall_ms=11.181 cpu_ms=0.394 cpu_pct=3.5 rss_peak_mb=1618.7 footprint_mb=186.5 gpu_alloc_mb=1521.7 load_before=4.30 load_after=4.30
ab res sha=1388fb736f661844 arm=1388fb736f661844.ctrl tg_static_bytes=4480 max_threads=384 exec_width=32 bound_buffer_bytes=138235140 iters=5 cell label=1388fb736f661844:1388fb736f661844.ctrl wall_ms=6.834 cpu_ms=0.398 cpu_pct=5.8 rss_peak_mb=1618.7 footprint_mb=186.5 gpu_alloc_mb=1521.7 load_before=4.30 load_after=4.30
ab res sha=1388fb736f661844 arm=1388fb736f661844.f16kv tg_static_bytes=4480 max_threads=384 exec_width=32 bound_buffer_bytes=133778692 iters=5 cell label=1388fb736f661844:1388fb736f661844.f16kv wall_ms=6.596 cpu_ms=0.398 cpu_pct=6.0 rss_peak_mb=1618.7 footprint_mb=186.5 gpu_alloc_mb=1521.7 load_before=4.30 load_after=4.30
ab res sha=1388fb736f661844 arm=1388fb736f661844.nocausal tg_static_bytes=4480 max_threads=384 exec_width=32 bound_buffer_bytes=138235140 iters=5 cell label=1388fb736f661844:1388fb736f661844.nocausal wall_ms=10.803 cpu_ms=0.294 cpu_pct=2.7 rss_peak_mb=1618.7 footprint_mb=186.5 gpu_alloc_mb=1521.7 load_before=4.30 load_after=4.30
ab res sha=1388fb736f661844 arm=1388fb736f661844.nopv tg_static_bytes=4480 max_threads=384 exec_width=32 bound_buffer_bytes=138235140 iters=5 cell label=1388fb736f661844:1388fb736f661844.nopv wall_ms=5.407 cpu_ms=0.300 cpu_pct=5.5 rss_peak_mb=1618.7 footprint_mb=186.5 gpu_alloc_mb=1521.7 load_before=4.30 load_after=4.30
ab res sha=1388fb736f661844 arm=1388fb736f661844.nopvloads tg_static_bytes=4480 max_threads=384 exec_width=32 bound_buffer_bytes=138235140 iters=5 cell label=1388fb736f661844:1388fb736f661844.nopvloads wall_ms=6.455 cpu_ms=0.291 cpu_pct=4.5 rss_peak_mb=1618.7 footprint_mb=186.5 gpu_alloc_mb=1521.7 load_before=4.30 load_after=4.30
ab res sha=1388fb736f661844 arm=1388fb736f661844.noqk tg_static_bytes=4480 max_threads=576 exec_width=32 bound_buffer_bytes=138235140 iters=5 cell label=1388fb736f661844:1388fb736f661844.noqk wall_ms=4.220 cpu_ms=0.287 cpu_pct=6.8 rss_peak_mb=1618.7 footprint_mb=186.5 gpu_alloc_mb=1521.7 load_before=4.30 load_after=4.30
ab res sha=1388fb736f661844 arm=1388fb736f661844.noqkloads tg_static_bytes=4480 max_threads=576 exec_width=32 bound_buffer_bytes=138235140 iters=5 cell label=1388fb736f661844:1388fb736f661844.noqkloads wall_ms=4.777 cpu_ms=0.277 cpu_pct=5.8 rss_peak_mb=1618.7 footprint_mb=186.5 gpu_alloc_mb=1521.7 load_before=4.30 load_after=4.30
ab res sha=1388fb736f661844 arm=1388fb736f661844.nosoftmax tg_static_bytes=4480 max_threads=384 exec_width=32 bound_buffer_bytes=138235140 iters=5 cell label=1388fb736f661844:1388fb736f661844.nosoftmax wall_ms=4.591 cpu_ms=0.342 cpu_pct=7.5 rss_peak_mb=1618.7 footprint_mb=187.5 gpu_alloc_mb=1521.7 load_before=4.30 load_after=4.30
ab bits sha=1388fb736f661844 threads=64000 extents=[1000, 8, 2, 64] arm=base elements=16000 differing=0 max_ulp=0 max_abs=0e0 max_abs_over_largest=0e0
ab bits sha=1388fb736f661844 threads=64000 extents=[1000, 8, 2, 64] arm=1388fb736f661844.ctrl elements=16000 differing=0 max_ulp=0 max_abs=0e0 max_abs_over_largest=0e0
ab bits sha=1388fb736f661844 threads=64000 extents=[1000, 8, 2, 64] arm=1388fb736f661844.f16kv elements=16000 differing=15999 max_ulp=1968574795 max_abs=2.4809837e-2 max_abs_over_largest=2.2227503e-3
ab bits sha=1388fb736f661844 threads=64000 extents=[1000, 8, 2, 64] arm=1388fb736f661844.nocausal elements=16000 differing=0 max_ulp=0 max_abs=0e0 max_abs_over_largest=0e0
ab bits sha=1388fb736f661844 threads=64000 extents=[1000, 8, 2, 64] arm=1388fb736f661844.nopv elements=16000 differing=16000 max_ulp=1093834401 max_abs=1.1161775e1 max_abs_over_largest=1e0
ab bits sha=1388fb736f661844 threads=64000 extents=[1000, 8, 2, 64] arm=1388fb736f661844.nopvloads elements=16000 differing=16000 max_ulp=2148997014 max_abs=1.0661775e1 max_abs_over_largest=9.5520425e-1
ab bits sha=1388fb736f661844 threads=64000 extents=[1000, 8, 2, 64] arm=1388fb736f661844.noqk elements=16000 differing=14976 max_ulp=2155120181 max_abs=9.236261e0 max_abs_over_largest=8.274904e-1
ab bits sha=1388fb736f661844 threads=64000 extents=[1000, 8, 2, 64] arm=1388fb736f661844.noqkloads elements=16000 differing=14976 max_ulp=2155120181 max_abs=9.236261e0 max_abs_over_largest=8.274904e-1
ab bits sha=1388fb736f661844 threads=64000 extents=[1000, 8, 2, 64] arm=1388fb736f661844.nosoftmax elements=16000 differing=16000 max_ulp=1093834401 max_abs=1.1161775e1 max_abs_over_largest=1e0
ab group sha=1388fb736f661844 threads=64000 extents=[1000, 8, 2, 64] tg=Some(64) count=24 pass=0 arm=base marginal_us=1131.350 single_us=1149.500
ab group sha=1388fb736f661844 threads=64000 extents=[1000, 8, 2, 64] tg=Some(64) count=24 pass=0 arm=1388fb736f661844.ctrl marginal_us=1133.422 single_us=1143.000
ab group sha=1388fb736f661844 threads=64000 extents=[1000, 8, 2, 64] tg=Some(64) count=24 pass=0 arm=1388fb736f661844.f16kv marginal_us=1086.325 single_us=1102.500
ab group sha=1388fb736f661844 threads=64000 extents=[1000, 8, 2, 64] tg=Some(64) count=24 pass=0 arm=1388fb736f661844.nocausal marginal_us=1921.517 single_us=1942.167
ab group sha=1388fb736f661844 threads=64000 extents=[1000, 8, 2, 64] tg=Some(64) count=24 pass=0 arm=1388fb736f661844.nopv marginal_us=869.378 single_us=892.292
ab group sha=1388fb736f661844 threads=64000 extents=[1000, 8, 2, 64] tg=Some(64) count=24 pass=0 arm=1388fb736f661844.nopvloads marginal_us=1073.761 single_us=1085.708
ab group sha=1388fb736f661844 threads=64000 extents=[1000, 8, 2, 64] tg=Some(64) count=24 pass=0 arm=1388fb736f661844.noqk marginal_us=637.753 single_us=646.583
ab group sha=1388fb736f661844 threads=64000 extents=[1000, 8, 2, 64] tg=Some(64) count=24 pass=0 arm=1388fb736f661844.noqkloads marginal_us=731.589 single_us=741.500
ab group sha=1388fb736f661844 threads=64000 extents=[1000, 8, 2, 64] tg=Some(64) count=24 pass=0 arm=1388fb736f661844.nosoftmax marginal_us=683.058 single_us=707.750
ab cell label=process wall_ms=5117.610 cpu_ms=822.119 cpu_pct=16.1 rss_peak_mb=1618.7 footprint_mb=187.0 gpu_alloc_mb=1517.5 load_before=4.30 load_after=4.11
