probe=expert_grouped_gemm experts=32 runs=21 unit=us gpu_clock=GPUStartTime..GPUEndTime
shape=gate_up tokens=160 routing=balanced median_us=276.5 cov_pct=10.69 useful_tflops=0.607
shape=gate_up tokens=160 routing=uniform median_us=330.8 cov_pct=14.60 useful_tflops=0.507
shape=gate_up tokens=160 routing=zipf median_us=523.9 cov_pct=17.46 useful_tflops=0.320
shape=gate_up tokens=160 routing=single median_us=671.7 cov_pct=7.63 useful_tflops=0.250
shape=gate_up tokens=160 routing=chain median_us=353.6 cov_pct=0.54 useful_tflops=0.474
shape=gate_up tokens=512 routing=balanced median_us=414.5 cov_pct=29.01 useful_tflops=1.295
shape=gate_up tokens=512 routing=uniform median_us=402.4 cov_pct=12.91 useful_tflops=1.334
shape=gate_up tokens=512 routing=zipf median_us=337.7 cov_pct=8.46 useful_tflops=1.590
shape=gate_up tokens=512 routing=single median_us=561.5 cov_pct=9.43 useful_tflops=0.956
shape=gate_up tokens=512 routing=chain median_us=230.5 cov_pct=0.28 useful_tflops=2.329
shape=gate_up tokens=1000 routing=balanced median_us=408.9 cov_pct=15.63 useful_tflops=2.565
shape=gate_up tokens=1000 routing=uniform median_us=351.2 cov_pct=2.43 useful_tflops=2.986
shape=gate_up tokens=1000 routing=zipf median_us=390.0 cov_pct=0.41 useful_tflops=2.689
shape=gate_up tokens=1000 routing=single median_us=1125.9 cov_pct=0.68 useful_tflops=0.931
shape=gate_up tokens=1000 routing=chain median_us=298.5 cov_pct=0.68 useful_tflops=3.513
shape=gate_up tokens=2048 routing=balanced median_us=767.4 cov_pct=34.14 useful_tflops=2.798
shape=gate_up tokens=2048 routing=uniform median_us=601.5 cov_pct=2.51 useful_tflops=3.570
shape=gate_up tokens=2048 routing=zipf median_us=723.9 cov_pct=1.36 useful_tflops=2.967
shape=gate_up tokens=2048 routing=single median_us=2248.7 cov_pct=1.20 useful_tflops=0.955
shape=gate_up tokens=2048 routing=chain median_us=469.6 cov_pct=0.43 useful_tflops=4.573
shape=down tokens=160 routing=balanced median_us=202.7 cov_pct=56.18 useful_tflops=0.827
shape=down tokens=160 routing=uniform median_us=199.4 cov_pct=1.44 useful_tflops=0.841
shape=down tokens=160 routing=zipf median_us=203.9 cov_pct=1.61 useful_tflops=0.823
shape=down tokens=160 routing=single median_us=136.5 cov_pct=0.23 useful_tflops=1.229
shape=down tokens=160 routing=chain median_us=86.8 cov_pct=0.43 useful_tflops=1.934
shape=down tokens=512 routing=balanced median_us=710.0 cov_pct=35.01 useful_tflops=0.756
shape=down tokens=512 routing=uniform median_us=247.7 cov_pct=2.19 useful_tflops=2.167
shape=down tokens=512 routing=zipf median_us=253.9 cov_pct=1.15 useful_tflops=2.114
shape=down tokens=512 routing=single median_us=318.9 cov_pct=2.14 useful_tflops=1.684
shape=down tokens=512 routing=chain median_us=171.6 cov_pct=1.22 useful_tflops=3.128
shape=down tokens=1000 routing=balanced median_us=315.6 cov_pct=61.58 useful_tflops=3.322
shape=down tokens=1000 routing=uniform median_us=357.9 cov_pct=1.50 useful_tflops=2.930
shape=down tokens=1000 routing=zipf median_us=367.3 cov_pct=1.28 useful_tflops=2.855
shape=down tokens=1000 routing=single median_us=602.6 cov_pct=1.51 useful_tflops=1.740
shape=down tokens=1000 routing=chain median_us=318.4 cov_pct=60.45 useful_tflops=3.294
shape=down tokens=2048 routing=balanced median_us=526.9 cov_pct=53.41 useful_tflops=4.076
shape=down tokens=2048 routing=uniform median_us=604.4 cov_pct=1.09 useful_tflops=3.553
shape=down tokens=2048 routing=zipf median_us=597.2 cov_pct=1.03 useful_tflops=3.596
shape=down tokens=2048 routing=single median_us=1216.9 cov_pct=1.05 useful_tflops=1.765
shape=down tokens=2048 routing=chain median_us=522.0 cov_pct=0.71 useful_tflops=4.114
