probe=expert_grouped_gemm experts=32 runs=21 unit=us gpu_clock=GPUStartTime..GPUEndTime
shape=gate_up tokens=160 routing=balanced median_us=640.6 cov_pct=14.36 useful_tflops=0.262
shape=gate_up tokens=160 routing=uniform median_us=513.0 cov_pct=16.71 useful_tflops=0.327
shape=gate_up tokens=160 routing=zipf median_us=528.4 cov_pct=9.10 useful_tflops=0.318
shape=gate_up tokens=160 routing=single median_us=356.7 cov_pct=12.67 useful_tflops=0.470
shape=gate_up tokens=160 routing=chain median_us=142.8 cov_pct=11.54 useful_tflops=1.175
shape=gate_up tokens=512 routing=balanced median_us=339.0 cov_pct=9.72 useful_tflops=1.584
shape=gate_up tokens=512 routing=uniform median_us=248.1 cov_pct=3.84 useful_tflops=2.164
shape=gate_up tokens=512 routing=zipf median_us=255.1 cov_pct=2.11 useful_tflops=2.105
shape=gate_up tokens=512 routing=single median_us=576.1 cov_pct=0.43 useful_tflops=0.932
shape=gate_up tokens=512 routing=chain median_us=233.2 cov_pct=0.95 useful_tflops=2.303
shape=gate_up tokens=1000 routing=balanced median_us=600.5 cov_pct=18.49 useful_tflops=1.746
shape=gate_up tokens=1000 routing=uniform median_us=356.9 cov_pct=3.05 useful_tflops=2.938
shape=gate_up tokens=1000 routing=zipf median_us=389.7 cov_pct=0.53 useful_tflops=2.691
shape=gate_up tokens=1000 routing=single median_us=1119.8 cov_pct=0.93 useful_tflops=0.936
shape=gate_up tokens=1000 routing=chain median_us=297.6 cov_pct=0.97 useful_tflops=3.523
shape=gate_up tokens=2048 routing=balanced median_us=472.8 cov_pct=36.77 useful_tflops=4.542
shape=gate_up tokens=2048 routing=uniform median_us=600.5 cov_pct=2.55 useful_tflops=3.576
shape=gate_up tokens=2048 routing=zipf median_us=724.2 cov_pct=1.57 useful_tflops=2.965
shape=gate_up tokens=2048 routing=single median_us=2244.5 cov_pct=1.93 useful_tflops=0.957
shape=gate_up tokens=2048 routing=chain median_us=471.5 cov_pct=1.32 useful_tflops=4.555
shape=down tokens=160 routing=balanced median_us=292.1 cov_pct=10.09 useful_tflops=0.574
shape=down tokens=160 routing=uniform median_us=199.1 cov_pct=2.19 useful_tflops=0.843
shape=down tokens=160 routing=zipf median_us=203.4 cov_pct=2.08 useful_tflops=0.825
shape=down tokens=160 routing=single median_us=140.3 cov_pct=1.42 useful_tflops=1.196
shape=down tokens=160 routing=chain median_us=87.1 cov_pct=1.82 useful_tflops=1.926
shape=down tokens=512 routing=balanced median_us=428.5 cov_pct=15.42 useful_tflops=1.253
shape=down tokens=512 routing=uniform median_us=248.1 cov_pct=23.84 useful_tflops=2.164
shape=down tokens=512 routing=zipf median_us=254.0 cov_pct=1.20 useful_tflops=2.114
shape=down tokens=512 routing=single median_us=312.2 cov_pct=0.55 useful_tflops=1.719
shape=down tokens=512 routing=chain median_us=172.1 cov_pct=1.67 useful_tflops=3.119
shape=down tokens=1000 routing=balanced median_us=608.1 cov_pct=45.80 useful_tflops=1.724
shape=down tokens=1000 routing=uniform median_us=357.0 cov_pct=1.60 useful_tflops=2.937
shape=down tokens=1000 routing=zipf median_us=366.5 cov_pct=1.24 useful_tflops=2.861
shape=down tokens=1000 routing=single median_us=615.4 cov_pct=0.81 useful_tflops=1.704
shape=down tokens=1000 routing=chain median_us=312.8 cov_pct=2.28 useful_tflops=3.352
shape=down tokens=2048 routing=balanced median_us=526.9 cov_pct=57.28 useful_tflops=4.076
shape=down tokens=2048 routing=uniform median_us=611.7 cov_pct=0.85 useful_tflops=3.510
shape=down tokens=2048 routing=zipf median_us=602.2 cov_pct=1.13 useful_tflops=3.566
shape=down tokens=2048 routing=single median_us=1219.8 cov_pct=1.60 useful_tflops=1.760
shape=down tokens=2048 routing=chain median_us=523.5 cov_pct=0.65 useful_tflops=4.102
