probe=expert_grouped_gemm experts=32 runs=21 unit=us gpu_clock=GPUStartTime..GPUEndTime
shape=gate_up tokens=160 routing=balanced median_us=1230.4 cov_pct=27.54 useful_tflops=0.136
shape=gate_up tokens=160 routing=uniform median_us=1655.1 cov_pct=20.00 useful_tflops=0.101
shape=gate_up tokens=160 routing=zipf median_us=985.7 cov_pct=14.67 useful_tflops=0.170
shape=gate_up tokens=160 routing=single median_us=255.8 cov_pct=9.78 useful_tflops=0.656
shape=gate_up tokens=160 routing=chain median_us=371.2 cov_pct=0.53 useful_tflops=0.452
shape=gate_up tokens=512 routing=balanced median_us=669.8 cov_pct=53.91 useful_tflops=0.801
shape=gate_up tokens=512 routing=uniform median_us=707.5 cov_pct=6.71 useful_tflops=0.759
shape=gate_up tokens=512 routing=zipf median_us=790.7 cov_pct=4.33 useful_tflops=0.679
shape=gate_up tokens=512 routing=single median_us=502.5 cov_pct=4.84 useful_tflops=1.068
shape=gate_up tokens=512 routing=chain median_us=552.4 cov_pct=7.04 useful_tflops=0.972
shape=gate_up tokens=1000 routing=balanced median_us=820.8 cov_pct=38.60 useful_tflops=1.277
shape=gate_up tokens=1000 routing=uniform median_us=1013.6 cov_pct=3.60 useful_tflops=1.034
shape=gate_up tokens=1000 routing=zipf median_us=1070.4 cov_pct=2.59 useful_tflops=0.980
shape=gate_up tokens=1000 routing=single median_us=980.7 cov_pct=0.30 useful_tflops=1.069
shape=gate_up tokens=1000 routing=chain median_us=810.4 cov_pct=5.79 useful_tflops=1.294
shape=gate_up tokens=2048 routing=balanced median_us=1437.0 cov_pct=19.48 useful_tflops=1.494
shape=gate_up tokens=2048 routing=uniform median_us=1674.6 cov_pct=0.94 useful_tflops=1.282
shape=gate_up tokens=2048 routing=zipf median_us=1591.2 cov_pct=3.36 useful_tflops=1.350
shape=gate_up tokens=2048 routing=single median_us=1951.1 cov_pct=0.49 useful_tflops=1.101
shape=gate_up tokens=2048 routing=chain median_us=1467.1 cov_pct=2.27 useful_tflops=1.464
shape=down tokens=160 routing=balanced median_us=632.7 cov_pct=25.62 useful_tflops=0.265
shape=down tokens=160 routing=uniform median_us=640.1 cov_pct=3.54 useful_tflops=0.262
shape=down tokens=160 routing=zipf median_us=626.6 cov_pct=2.46 useful_tflops=0.268
shape=down tokens=160 routing=single median_us=166.5 cov_pct=10.87 useful_tflops=1.008
shape=down tokens=160 routing=chain median_us=260.4 cov_pct=0.40 useful_tflops=0.644
shape=down tokens=512 routing=balanced median_us=700.6 cov_pct=43.08 useful_tflops=0.766
shape=down tokens=512 routing=uniform median_us=706.5 cov_pct=2.63 useful_tflops=0.760
shape=down tokens=512 routing=zipf median_us=783.2 cov_pct=1.53 useful_tflops=0.685
shape=down tokens=512 routing=single median_us=532.6 cov_pct=2.08 useful_tflops=1.008
shape=down tokens=512 routing=chain median_us=423.5 cov_pct=4.03 useful_tflops=1.268
shape=down tokens=1000 routing=balanced median_us=842.4 cov_pct=2.65 useful_tflops=1.245
shape=down tokens=1000 routing=uniform median_us=1062.5 cov_pct=1.79 useful_tflops=0.987
shape=down tokens=1000 routing=zipf median_us=1100.0 cov_pct=1.56 useful_tflops=0.953
shape=down tokens=1000 routing=single median_us=1054.2 cov_pct=0.43 useful_tflops=0.995
shape=down tokens=1000 routing=chain median_us=872.7 cov_pct=2.36 useful_tflops=1.202
shape=down tokens=2048 routing=balanced median_us=1586.7 cov_pct=1.06 useful_tflops=1.353
shape=down tokens=2048 routing=uniform median_us=1852.1 cov_pct=0.72 useful_tflops=1.159
shape=down tokens=2048 routing=zipf median_us=1752.9 cov_pct=1.04 useful_tflops=1.225
shape=down tokens=2048 routing=single median_us=2111.6 cov_pct=4.57 useful_tflops=1.017
shape=down tokens=2048 routing=chain median_us=1593.2 cov_pct=1.09 useful_tflops=1.348
