probe=expert_grouped_gemm experts=32 runs=21 unit=us gpu_clock=GPUStartTime..GPUEndTime
shape=gate_up tokens=160 routing=balanced median_us=1471.9 cov_pct=6.12 useful_tflops=0.114
shape=gate_up tokens=160 routing=uniform median_us=1464.6 cov_pct=6.60 useful_tflops=0.115
shape=gate_up tokens=160 routing=zipf median_us=1416.0 cov_pct=3.27 useful_tflops=0.118
shape=gate_up tokens=160 routing=single median_us=774.0 cov_pct=11.44 useful_tflops=0.217
shape=gate_up tokens=160 routing=chain median_us=405.1 cov_pct=10.69 useful_tflops=0.414
shape=gate_up tokens=512 routing=balanced median_us=464.1 cov_pct=59.18 useful_tflops=1.157
shape=gate_up tokens=512 routing=uniform median_us=490.7 cov_pct=4.02 useful_tflops=1.094
shape=gate_up tokens=512 routing=zipf median_us=519.0 cov_pct=6.21 useful_tflops=1.035
shape=gate_up tokens=512 routing=single median_us=499.1 cov_pct=0.39 useful_tflops=1.076
shape=gate_up tokens=512 routing=chain median_us=518.6 cov_pct=0.54 useful_tflops=1.035
shape=gate_up tokens=1000 routing=balanced median_us=564.9 cov_pct=61.68 useful_tflops=1.856
shape=gate_up tokens=1000 routing=uniform median_us=712.8 cov_pct=3.20 useful_tflops=1.471
shape=gate_up tokens=1000 routing=zipf median_us=692.2 cov_pct=2.15 useful_tflops=1.515
shape=gate_up tokens=1000 routing=single median_us=968.2 cov_pct=0.62 useful_tflops=1.083
shape=gate_up tokens=1000 routing=chain median_us=563.5 cov_pct=5.17 useful_tflops=1.861
shape=gate_up tokens=2048 routing=balanced median_us=974.8 cov_pct=2.79 useful_tflops=2.203
shape=gate_up tokens=2048 routing=uniform median_us=1093.5 cov_pct=1.98 useful_tflops=1.964
shape=gate_up tokens=2048 routing=zipf median_us=1032.0 cov_pct=1.96 useful_tflops=2.081
shape=gate_up tokens=2048 routing=single median_us=1925.4 cov_pct=0.69 useful_tflops=1.115
shape=gate_up tokens=2048 routing=chain median_us=961.5 cov_pct=2.15 useful_tflops=2.234
shape=down tokens=160 routing=balanced median_us=878.1 cov_pct=52.05 useful_tflops=0.191
shape=down tokens=160 routing=uniform median_us=403.3 cov_pct=2.65 useful_tflops=0.416
shape=down tokens=160 routing=zipf median_us=395.2 cov_pct=3.07 useful_tflops=0.424
shape=down tokens=160 routing=single median_us=166.4 cov_pct=1.22 useful_tflops=1.008
shape=down tokens=160 routing=chain median_us=243.1 cov_pct=3.78 useful_tflops=0.690
shape=down tokens=512 routing=balanced median_us=433.7 cov_pct=59.02 useful_tflops=1.238
shape=down tokens=512 routing=uniform median_us=456.7 cov_pct=2.34 useful_tflops=1.176
shape=down tokens=512 routing=zipf median_us=487.5 cov_pct=2.13 useful_tflops=1.101
shape=down tokens=512 routing=single median_us=315.4 cov_pct=0.36 useful_tflops=1.702
shape=down tokens=512 routing=chain median_us=293.7 cov_pct=5.04 useful_tflops=1.828
shape=down tokens=1000 routing=balanced median_us=543.9 cov_pct=59.05 useful_tflops=1.928
shape=down tokens=1000 routing=uniform median_us=663.5 cov_pct=1.62 useful_tflops=1.580
shape=down tokens=1000 routing=zipf median_us=674.4 cov_pct=2.18 useful_tflops=1.555
shape=down tokens=1000 routing=single median_us=865.0 cov_pct=8.87 useful_tflops=1.212
shape=down tokens=1000 routing=chain median_us=545.0 cov_pct=1.97 useful_tflops=1.924
shape=down tokens=2048 routing=balanced median_us=998.2 cov_pct=44.48 useful_tflops=2.151
shape=down tokens=2048 routing=uniform median_us=1140.3 cov_pct=0.76 useful_tflops=1.883
shape=down tokens=2048 routing=zipf median_us=1083.7 cov_pct=1.14 useful_tflops=1.982
shape=down tokens=2048 routing=single median_us=1470.1 cov_pct=15.72 useful_tflops=1.461
shape=down tokens=2048 routing=chain median_us=998.3 cov_pct=1.48 useful_tflops=2.151
