probe=expert_grouped_gemm experts=32 runs=21 unit=us gpu_clock=GPUStartTime..GPUEndTime
shape=gate_up tokens=160 routing=balanced median_us=952.2 cov_pct=23.10 useful_tflops=0.176
shape=gate_up tokens=160 routing=uniform median_us=927.5 cov_pct=17.62 useful_tflops=0.181
shape=gate_up tokens=160 routing=zipf median_us=613.4 cov_pct=13.89 useful_tflops=0.274
shape=gate_up tokens=160 routing=single median_us=251.5 cov_pct=0.73 useful_tflops=0.667
shape=gate_up tokens=160 routing=chain median_us=298.8 cov_pct=0.85 useful_tflops=0.562
shape=gate_up tokens=512 routing=balanced median_us=498.2 cov_pct=62.62 useful_tflops=1.078
shape=gate_up tokens=512 routing=uniform median_us=535.8 cov_pct=4.42 useful_tflops=1.002
shape=gate_up tokens=512 routing=zipf median_us=557.7 cov_pct=4.09 useful_tflops=0.963
shape=gate_up tokens=512 routing=single median_us=498.8 cov_pct=0.43 useful_tflops=1.076
shape=gate_up tokens=512 routing=chain median_us=489.8 cov_pct=0.38 useful_tflops=1.096
shape=gate_up tokens=1000 routing=balanced median_us=614.5 cov_pct=61.39 useful_tflops=1.706
shape=gate_up tokens=1000 routing=uniform median_us=745.1 cov_pct=3.76 useful_tflops=1.407
shape=gate_up tokens=1000 routing=zipf median_us=755.9 cov_pct=3.86 useful_tflops=1.387
shape=gate_up tokens=1000 routing=single median_us=965.7 cov_pct=0.58 useful_tflops=1.086
shape=gate_up tokens=1000 routing=chain median_us=591.6 cov_pct=3.00 useful_tflops=1.772
shape=gate_up tokens=2048 routing=balanced median_us=1054.4 cov_pct=47.20 useful_tflops=2.037
shape=gate_up tokens=2048 routing=uniform median_us=1199.2 cov_pct=1.68 useful_tflops=1.791
shape=gate_up tokens=2048 routing=zipf median_us=1158.2 cov_pct=2.11 useful_tflops=1.854
shape=gate_up tokens=2048 routing=single median_us=1920.5 cov_pct=0.30 useful_tflops=1.118
shape=gate_up tokens=2048 routing=chain median_us=1058.7 cov_pct=1.93 useful_tflops=2.028
shape=down tokens=160 routing=balanced median_us=1386.3 cov_pct=50.46 useful_tflops=0.121
shape=down tokens=160 routing=uniform median_us=430.2 cov_pct=1.98 useful_tflops=0.390
shape=down tokens=160 routing=zipf median_us=439.2 cov_pct=2.43 useful_tflops=0.382
shape=down tokens=160 routing=single median_us=209.8 cov_pct=9.68 useful_tflops=0.800
shape=down tokens=160 routing=chain median_us=252.8 cov_pct=0.68 useful_tflops=0.664
shape=down tokens=512 routing=balanced median_us=471.5 cov_pct=63.28 useful_tflops=1.139
shape=down tokens=512 routing=uniform median_us=493.6 cov_pct=2.16 useful_tflops=1.088
shape=down tokens=512 routing=zipf median_us=539.5 cov_pct=1.45 useful_tflops=0.995
shape=down tokens=512 routing=single median_us=637.1 cov_pct=6.93 useful_tflops=0.843
shape=down tokens=512 routing=chain median_us=320.6 cov_pct=2.72 useful_tflops=1.674
shape=down tokens=1000 routing=balanced median_us=605.1 cov_pct=60.94 useful_tflops=1.733
shape=down tokens=1000 routing=uniform median_us=739.7 cov_pct=1.18 useful_tflops=1.418
shape=down tokens=1000 routing=zipf median_us=758.9 cov_pct=1.13 useful_tflops=1.382
shape=down tokens=1000 routing=single median_us=866.7 cov_pct=17.99 useful_tflops=1.210
shape=down tokens=1000 routing=chain median_us=602.0 cov_pct=2.59 useful_tflops=1.742
shape=down tokens=2048 routing=balanced median_us=1110.2 cov_pct=1.47 useful_tflops=1.934
shape=down tokens=2048 routing=uniform median_us=1276.7 cov_pct=0.91 useful_tflops=1.682
shape=down tokens=2048 routing=zipf median_us=1222.7 cov_pct=1.00 useful_tflops=1.756
shape=down tokens=2048 routing=single median_us=1725.5 cov_pct=19.21 useful_tflops=1.245
shape=down tokens=2048 routing=chain median_us=1117.6 cov_pct=1.20 useful_tflops=1.921
