probe=expert_grouped_gemm experts=32 runs=21 unit=us gpu_clock=GPUStartTime..GPUEndTime
shape=gate_up tokens=160 routing=balanced median_us=1734.9 cov_pct=15.49 useful_tflops=0.097
shape=gate_up tokens=160 routing=uniform median_us=1031.4 cov_pct=20.53 useful_tflops=0.163
shape=gate_up tokens=160 routing=zipf median_us=682.9 cov_pct=13.96 useful_tflops=0.246
shape=gate_up tokens=160 routing=single median_us=253.4 cov_pct=0.16 useful_tflops=0.662
shape=gate_up tokens=160 routing=chain median_us=301.7 cov_pct=0.66 useful_tflops=0.556
shape=gate_up tokens=512 routing=balanced median_us=571.6 cov_pct=60.21 useful_tflops=0.939
shape=gate_up tokens=512 routing=uniform median_us=584.9 cov_pct=2.64 useful_tflops=0.918
shape=gate_up tokens=512 routing=zipf median_us=618.9 cov_pct=3.02 useful_tflops=0.867
shape=gate_up tokens=512 routing=single median_us=500.2 cov_pct=0.24 useful_tflops=1.073
shape=gate_up tokens=512 routing=chain median_us=460.4 cov_pct=0.29 useful_tflops=1.166
shape=gate_up tokens=1000 routing=balanced median_us=671.0 cov_pct=6.84 useful_tflops=1.563
shape=gate_up tokens=1000 routing=uniform median_us=807.3 cov_pct=3.02 useful_tflops=1.299
shape=gate_up tokens=1000 routing=zipf median_us=824.7 cov_pct=2.68 useful_tflops=1.272
shape=gate_up tokens=1000 routing=single median_us=975.8 cov_pct=0.61 useful_tflops=1.075
shape=gate_up tokens=1000 routing=chain median_us=672.2 cov_pct=4.77 useful_tflops=1.560
shape=gate_up tokens=2048 routing=balanced median_us=1178.9 cov_pct=44.89 useful_tflops=1.822
shape=gate_up tokens=2048 routing=uniform median_us=1334.5 cov_pct=1.37 useful_tflops=1.609
shape=gate_up tokens=2048 routing=zipf median_us=1278.2 cov_pct=2.22 useful_tflops=1.680
shape=gate_up tokens=2048 routing=single median_us=1942.9 cov_pct=0.48 useful_tflops=1.105
shape=gate_up tokens=2048 routing=chain median_us=1162.6 cov_pct=1.71 useful_tflops=1.847
shape=down tokens=160 routing=balanced median_us=498.3 cov_pct=60.74 useful_tflops=0.337
shape=down tokens=160 routing=uniform median_us=497.0 cov_pct=2.64 useful_tflops=0.338
shape=down tokens=160 routing=zipf median_us=495.0 cov_pct=2.98 useful_tflops=0.339
shape=down tokens=160 routing=single median_us=194.2 cov_pct=15.68 useful_tflops=0.864
shape=down tokens=160 routing=chain median_us=236.4 cov_pct=0.71 useful_tflops=0.710
shape=down tokens=512 routing=balanced median_us=537.0 cov_pct=62.31 useful_tflops=1.000
shape=down tokens=512 routing=uniform median_us=557.5 cov_pct=2.62 useful_tflops=0.963
shape=down tokens=512 routing=zipf median_us=611.1 cov_pct=2.05 useful_tflops=0.878
shape=down tokens=512 routing=single median_us=572.1 cov_pct=19.21 useful_tflops=0.938
shape=down tokens=512 routing=chain median_us=354.2 cov_pct=4.58 useful_tflops=1.516
shape=down tokens=1000 routing=balanced median_us=673.5 cov_pct=59.58 useful_tflops=1.557
shape=down tokens=1000 routing=uniform median_us=826.4 cov_pct=1.55 useful_tflops=1.269
shape=down tokens=1000 routing=zipf median_us=858.5 cov_pct=1.48 useful_tflops=1.221
shape=down tokens=1000 routing=single median_us=1122.2 cov_pct=7.65 useful_tflops=0.934
shape=down tokens=1000 routing=chain median_us=678.3 cov_pct=2.49 useful_tflops=1.546
shape=down tokens=2048 routing=balanced median_us=1251.8 cov_pct=1.20 useful_tflops=1.716
shape=down tokens=2048 routing=uniform median_us=1441.8 cov_pct=0.73 useful_tflops=1.489
shape=down tokens=2048 routing=zipf median_us=1370.2 cov_pct=0.71 useful_tflops=1.567
shape=down tokens=2048 routing=single median_us=2233.8 cov_pct=13.05 useful_tflops=0.961
shape=down tokens=2048 routing=chain median_us=1256.1 cov_pct=1.21 useful_tflops=1.710
