probe=expert_grouped_gemm experts=32 runs=21 unit=us gpu_clock=GPUStartTime..GPUEndTime
shape=gate_up tokens=160 routing=balanced median_us=1898.2 cov_pct=4.64 useful_tflops=0.088
shape=gate_up tokens=160 routing=zipf median_us=1777.7 cov_pct=7.05 useful_tflops=0.094
shape=gate_up tokens=160 routing=single median_us=743.7 cov_pct=0.41 useful_tflops=0.226
shape=gate_up tokens=512 routing=balanced median_us=1219.8 cov_pct=26.07 useful_tflops=0.440
shape=gate_up tokens=512 routing=zipf median_us=934.8 cov_pct=11.15 useful_tflops=0.574
shape=gate_up tokens=512 routing=single median_us=466.2 cov_pct=12.53 useful_tflops=1.152
shape=gate_up tokens=1000 routing=balanced median_us=871.6 cov_pct=23.72 useful_tflops=1.203
shape=gate_up tokens=1000 routing=zipf median_us=801.7 cov_pct=2.27 useful_tflops=1.308
shape=gate_up tokens=1000 routing=single median_us=903.7 cov_pct=0.58 useful_tflops=1.160
shape=gate_up tokens=2048 routing=balanced median_us=1018.1 cov_pct=29.94 useful_tflops=2.109
shape=gate_up tokens=2048 routing=zipf median_us=1439.5 cov_pct=1.89 useful_tflops=1.492
shape=gate_up tokens=2048 routing=single median_us=1819.6 cov_pct=1.15 useful_tflops=1.180
shape=down tokens=160 routing=balanced median_us=943.2 cov_pct=32.92 useful_tflops=0.178
shape=down tokens=160 routing=zipf median_us=420.8 cov_pct=4.11 useful_tflops=0.399
shape=down tokens=160 routing=single median_us=204.0 cov_pct=5.53 useful_tflops=0.822
shape=down tokens=512 routing=balanced median_us=1299.2 cov_pct=37.52 useful_tflops=0.413
shape=down tokens=512 routing=zipf median_us=592.6 cov_pct=2.11 useful_tflops=0.906
shape=down tokens=512 routing=single median_us=513.2 cov_pct=10.21 useful_tflops=1.046
shape=down tokens=1000 routing=balanced median_us=565.6 cov_pct=56.56 useful_tflops=1.854
shape=down tokens=1000 routing=zipf median_us=773.8 cov_pct=1.26 useful_tflops=1.355
shape=down tokens=1000 routing=single median_us=1016.2 cov_pct=14.82 useful_tflops=1.032
shape=down tokens=2048 routing=balanced median_us=1034.7 cov_pct=59.70 useful_tflops=2.075
shape=down tokens=2048 routing=zipf median_us=1187.5 cov_pct=1.34 useful_tflops=1.808
shape=down tokens=2048 routing=single median_us=2021.9 cov_pct=12.66 useful_tflops=1.062
