probe=expert_grouped_gemm experts=32 runs=21 unit=us gpu_clock=GPUStartTime..GPUEndTime
shape=gate_up tokens=160 routing=balanced median_us=123.8 cov_pct=3.25 useful_tflops=1.356
shape=gate_up tokens=160 routing=zipf median_us=112.9 cov_pct=2.67 useful_tflops=1.486
shape=gate_up tokens=160 routing=single median_us=84.8 cov_pct=2.06 useful_tflops=1.980
shape=gate_up tokens=512 routing=balanced median_us=165.6 cov_pct=2.92 useful_tflops=3.242
shape=gate_up tokens=512 routing=zipf median_us=174.6 cov_pct=43.35 useful_tflops=3.075
shape=gate_up tokens=512 routing=single median_us=51.4 cov_pct=2.14 useful_tflops=10.450
shape=gate_up tokens=1000 routing=balanced median_us=239.6 cov_pct=1.98 useful_tflops=4.377
shape=gate_up tokens=1000 routing=zipf median_us=263.0 cov_pct=26.96 useful_tflops=3.988
shape=gate_up tokens=1000 routing=single median_us=94.1 cov_pct=1.94 useful_tflops=11.140
shape=gate_up tokens=2048 routing=balanced median_us=424.6 cov_pct=1.43 useful_tflops=5.058
shape=gate_up tokens=2048 routing=zipf median_us=137.6 cov_pct=60.63 useful_tflops=15.609
shape=gate_up tokens=2048 routing=single median_us=176.8 cov_pct=0.95 useful_tflops=12.147
shape=down tokens=160 routing=balanced median_us=186.7 cov_pct=1.95 useful_tflops=0.898
shape=down tokens=160 routing=zipf median_us=168.7 cov_pct=2.16 useful_tflops=0.994
shape=down tokens=160 routing=single median_us=44.6 cov_pct=49.30 useful_tflops=3.760
shape=down tokens=512 routing=balanced median_us=260.7 cov_pct=1.49 useful_tflops=2.059
shape=down tokens=512 routing=zipf median_us=90.9 cov_pct=52.43 useful_tflops=5.908
shape=down tokens=512 routing=single median_us=67.1 cov_pct=5.67 useful_tflops=7.998
shape=down tokens=1000 routing=balanced median_us=397.9 cov_pct=0.85 useful_tflops=2.635
shape=down tokens=1000 routing=zipf median_us=137.5 cov_pct=0.66 useful_tflops=7.626
shape=down tokens=1000 routing=single median_us=118.5 cov_pct=11.69 useful_tflops=8.849
shape=down tokens=2048 routing=balanced median_us=742.6 cov_pct=31.13 useful_tflops=2.892
shape=down tokens=2048 routing=zipf median_us=237.5 cov_pct=0.49 useful_tflops=9.044
shape=down tokens=2048 routing=single median_us=310.3 cov_pct=49.55 useful_tflops=6.921
