probe=expert_grouped_gemm experts=32 runs=21 unit=us gpu_clock=GPUStartTime..GPUEndTime
shape=gate_up tokens=160 routing=balanced median_us=1117.0 cov_pct=0.25 useful_tflops=0.150
shape=gate_up tokens=160 routing=uniform median_us=1118.0 cov_pct=1.95 useful_tflops=0.150
shape=gate_up tokens=160 routing=zipf median_us=1224.4 cov_pct=1.68 useful_tflops=0.137
shape=gate_up tokens=160 routing=single median_us=1828.6 cov_pct=8.06 useful_tflops=0.092
shape=gate_up tokens=512 routing=balanced median_us=355.2 cov_pct=59.17 useful_tflops=1.511
shape=gate_up tokens=512 routing=uniform median_us=377.9 cov_pct=0.75 useful_tflops=1.421
shape=gate_up tokens=512 routing=zipf median_us=562.2 cov_pct=0.33 useful_tflops=0.955
shape=gate_up tokens=512 routing=single median_us=1845.6 cov_pct=0.35 useful_tflops=0.291
shape=gate_up tokens=1000 routing=balanced median_us=422.0 cov_pct=0.49 useful_tflops=2.485
shape=gate_up tokens=1000 routing=uniform median_us=594.4 cov_pct=0.32 useful_tflops=1.764
shape=gate_up tokens=1000 routing=zipf median_us=1030.9 cov_pct=0.20 useful_tflops=1.017
shape=gate_up tokens=1000 routing=single median_us=3663.8 cov_pct=0.09 useful_tflops=0.286
shape=gate_up tokens=2048 routing=balanced median_us=832.9 cov_pct=45.12 useful_tflops=2.578
shape=gate_up tokens=2048 routing=uniform median_us=1089.0 cov_pct=0.13 useful_tflops=1.972
shape=gate_up tokens=2048 routing=zipf median_us=1936.9 cov_pct=0.39 useful_tflops=1.109
shape=gate_up tokens=2048 routing=single median_us=7371.1 cov_pct=0.23 useful_tflops=0.291
shape=down tokens=160 routing=balanced median_us=343.3 cov_pct=1.03 useful_tflops=0.489
shape=down tokens=160 routing=uniform median_us=341.4 cov_pct=0.68 useful_tflops=0.491
shape=down tokens=160 routing=zipf median_us=339.3 cov_pct=0.41 useful_tflops=0.494
shape=down tokens=160 routing=single median_us=309.3 cov_pct=0.47 useful_tflops=0.542
shape=down tokens=512 routing=balanced median_us=1156.5 cov_pct=40.48 useful_tflops=0.464
shape=down tokens=512 routing=uniform median_us=364.8 cov_pct=2.04 useful_tflops=1.472
shape=down tokens=512 routing=zipf median_us=437.8 cov_pct=0.28 useful_tflops=1.226
shape=down tokens=512 routing=single median_us=937.9 cov_pct=0.43 useful_tflops=0.572
shape=down tokens=1000 routing=balanced median_us=439.8 cov_pct=58.73 useful_tflops=2.384
shape=down tokens=1000 routing=uniform median_us=590.0 cov_pct=0.91 useful_tflops=1.777
shape=down tokens=1000 routing=zipf median_us=688.7 cov_pct=0.19 useful_tflops=1.522
shape=down tokens=1000 routing=single median_us=1848.7 cov_pct=0.40 useful_tflops=0.567
shape=down tokens=2048 routing=balanced median_us=815.9 cov_pct=58.13 useful_tflops=2.632
shape=down tokens=2048 routing=uniform median_us=1035.3 cov_pct=0.21 useful_tflops=2.074
shape=down tokens=2048 routing=zipf median_us=1259.7 cov_pct=0.16 useful_tflops=1.705
shape=down tokens=2048 routing=single median_us=3783.0 cov_pct=0.36 useful_tflops=0.568
