probe=expert_grouped_gemm experts=32 runs=21 unit=us gpu_clock=GPUStartTime..GPUEndTime
shape=gate_up tokens=160 routing=balanced median_us=1470.4 cov_pct=5.15 useful_tflops=0.114
shape=gate_up tokens=160 routing=uniform median_us=1471.3 cov_pct=1.74 useful_tflops=0.114
shape=gate_up tokens=160 routing=zipf median_us=1507.6 cov_pct=3.40 useful_tflops=0.111
shape=gate_up tokens=160 routing=single median_us=790.3 cov_pct=8.18 useful_tflops=0.212
shape=gate_up tokens=512 routing=balanced median_us=613.7 cov_pct=56.47 useful_tflops=0.875
shape=gate_up tokens=512 routing=uniform median_us=490.9 cov_pct=6.76 useful_tflops=1.094
shape=gate_up tokens=512 routing=zipf median_us=517.5 cov_pct=5.39 useful_tflops=1.037
shape=gate_up tokens=512 routing=single median_us=499.0 cov_pct=1.44 useful_tflops=1.076
shape=gate_up tokens=1000 routing=balanced median_us=569.9 cov_pct=64.69 useful_tflops=1.840
shape=gate_up tokens=1000 routing=uniform median_us=699.9 cov_pct=3.51 useful_tflops=1.498
shape=gate_up tokens=1000 routing=zipf median_us=686.8 cov_pct=2.86 useful_tflops=1.527
shape=gate_up tokens=1000 routing=single median_us=967.3 cov_pct=0.14 useful_tflops=1.084
shape=gate_up tokens=2048 routing=balanced median_us=964.2 cov_pct=7.12 useful_tflops=2.227
shape=gate_up tokens=2048 routing=uniform median_us=1090.1 cov_pct=1.49 useful_tflops=1.970
shape=gate_up tokens=2048 routing=zipf median_us=1037.4 cov_pct=1.86 useful_tflops=2.070
shape=gate_up tokens=2048 routing=single median_us=1927.4 cov_pct=0.46 useful_tflops=1.114
shape=down tokens=160 routing=balanced median_us=413.6 cov_pct=24.32 useful_tflops=0.406
shape=down tokens=160 routing=uniform median_us=392.8 cov_pct=3.82 useful_tflops=0.427
shape=down tokens=160 routing=zipf median_us=399.5 cov_pct=3.81 useful_tflops=0.420
shape=down tokens=160 routing=single median_us=166.8 cov_pct=0.55 useful_tflops=1.006
shape=down tokens=512 routing=balanced median_us=869.7 cov_pct=28.58 useful_tflops=0.617
shape=down tokens=512 routing=uniform median_us=458.7 cov_pct=3.17 useful_tflops=1.170
shape=down tokens=512 routing=zipf median_us=484.4 cov_pct=2.26 useful_tflops=1.108
shape=down tokens=512 routing=single median_us=315.8 cov_pct=0.42 useful_tflops=1.700
shape=down tokens=1000 routing=balanced median_us=540.6 cov_pct=60.44 useful_tflops=1.940
shape=down tokens=1000 routing=uniform median_us=666.9 cov_pct=2.33 useful_tflops=1.572
shape=down tokens=1000 routing=zipf median_us=671.5 cov_pct=1.49 useful_tflops=1.562
shape=down tokens=1000 routing=single median_us=861.3 cov_pct=11.93 useful_tflops=1.217
shape=down tokens=2048 routing=balanced median_us=995.5 cov_pct=33.14 useful_tflops=2.157
shape=down tokens=2048 routing=uniform median_us=1136.3 cov_pct=0.65 useful_tflops=1.890
shape=down tokens=2048 routing=zipf median_us=1091.5 cov_pct=1.39 useful_tflops=1.967
shape=down tokens=2048 routing=single median_us=1470.7 cov_pct=11.11 useful_tflops=1.460
