probe=expert_grouped_gemm experts=32 runs=21 unit=us gpu_clock=GPUStartTime..GPUEndTime
shape=gate_up tokens=160 routing=balanced median_us=1476.1 cov_pct=6.93 useful_tflops=0.114
shape=gate_up tokens=160 routing=uniform median_us=1637.5 cov_pct=8.15 useful_tflops=0.102
shape=gate_up tokens=160 routing=zipf median_us=1545.4 cov_pct=7.62 useful_tflops=0.109
shape=gate_up tokens=160 routing=single median_us=323.8 cov_pct=10.89 useful_tflops=0.518
shape=gate_up tokens=512 routing=balanced median_us=607.5 cov_pct=56.17 useful_tflops=0.884
shape=gate_up tokens=512 routing=uniform median_us=499.1 cov_pct=6.47 useful_tflops=1.076
shape=gate_up tokens=512 routing=zipf median_us=542.3 cov_pct=6.73 useful_tflops=0.990
shape=gate_up tokens=512 routing=single median_us=310.5 cov_pct=0.70 useful_tflops=1.729
shape=gate_up tokens=1000 routing=balanced median_us=612.3 cov_pct=13.56 useful_tflops=1.713
shape=gate_up tokens=1000 routing=uniform median_us=713.2 cov_pct=3.38 useful_tflops=1.470
shape=gate_up tokens=1000 routing=zipf median_us=722.0 cov_pct=2.96 useful_tflops=1.452
shape=gate_up tokens=1000 routing=single median_us=843.8 cov_pct=12.58 useful_tflops=1.243
shape=gate_up tokens=2048 routing=balanced median_us=1068.2 cov_pct=20.90 useful_tflops=2.010
shape=gate_up tokens=2048 routing=uniform median_us=1183.1 cov_pct=1.55 useful_tflops=1.815
shape=gate_up tokens=2048 routing=zipf median_us=1135.5 cov_pct=1.60 useful_tflops=1.891
shape=gate_up tokens=2048 routing=single median_us=1440.5 cov_pct=13.65 useful_tflops=1.491
shape=down tokens=160 routing=balanced median_us=566.2 cov_pct=29.28 useful_tflops=0.296
shape=down tokens=160 routing=uniform median_us=421.8 cov_pct=2.88 useful_tflops=0.398
shape=down tokens=160 routing=zipf median_us=421.9 cov_pct=6.78 useful_tflops=0.398
shape=down tokens=160 routing=single median_us=143.2 cov_pct=4.14 useful_tflops=1.171
shape=down tokens=512 routing=balanced median_us=478.4 cov_pct=41.92 useful_tflops=1.122
shape=down tokens=512 routing=uniform median_us=496.1 cov_pct=2.23 useful_tflops=1.082
shape=down tokens=512 routing=zipf median_us=528.2 cov_pct=1.57 useful_tflops=1.016
shape=down tokens=512 routing=single median_us=301.3 cov_pct=3.12 useful_tflops=1.782
shape=down tokens=1000 routing=balanced median_us=623.6 cov_pct=53.56 useful_tflops=1.682
shape=down tokens=1000 routing=uniform median_us=755.3 cov_pct=2.06 useful_tflops=1.388
shape=down tokens=1000 routing=zipf median_us=763.1 cov_pct=2.10 useful_tflops=1.374
shape=down tokens=1000 routing=single median_us=584.0 cov_pct=13.12 useful_tflops=1.796
shape=down tokens=2048 routing=balanced median_us=1176.7 cov_pct=1.50 useful_tflops=1.825
shape=down tokens=2048 routing=uniform median_us=1326.5 cov_pct=1.01 useful_tflops=1.619
shape=down tokens=2048 routing=zipf median_us=1262.1 cov_pct=1.03 useful_tflops=1.702
shape=down tokens=2048 routing=single median_us=1151.4 cov_pct=3.19 useful_tflops=1.865
