probe=expert_grouped_gemm experts=32 runs=21 unit=us gpu_clock=GPUStartTime..GPUEndTime
shape=gate_up tokens=160 routing=balanced median_us=1469.6 cov_pct=6.38 useful_tflops=0.114
shape=gate_up tokens=160 routing=uniform median_us=1472.3 cov_pct=3.64 useful_tflops=0.114
shape=gate_up tokens=160 routing=zipf median_us=1512.0 cov_pct=3.21 useful_tflops=0.111
shape=gate_up tokens=160 routing=single median_us=788.4 cov_pct=0.33 useful_tflops=0.213
shape=gate_up tokens=160 routing=chain median_us=642.8 cov_pct=4.97 useful_tflops=0.261
shape=gate_up tokens=512 routing=balanced median_us=530.5 cov_pct=56.57 useful_tflops=1.012
shape=gate_up tokens=512 routing=uniform median_us=491.3 cov_pct=5.72 useful_tflops=1.093
shape=gate_up tokens=512 routing=zipf median_us=518.6 cov_pct=5.60 useful_tflops=1.035
shape=gate_up tokens=512 routing=single median_us=498.7 cov_pct=0.36 useful_tflops=1.076
shape=gate_up tokens=512 routing=chain median_us=518.7 cov_pct=0.21 useful_tflops=1.035
shape=gate_up tokens=1000 routing=balanced median_us=641.6 cov_pct=59.41 useful_tflops=1.634
shape=gate_up tokens=1000 routing=uniform median_us=702.8 cov_pct=2.66 useful_tflops=1.492
shape=gate_up tokens=1000 routing=zipf median_us=689.7 cov_pct=2.48 useful_tflops=1.520
shape=gate_up tokens=1000 routing=single median_us=964.3 cov_pct=0.43 useful_tflops=1.087
shape=gate_up tokens=1000 routing=chain median_us=560.0 cov_pct=6.31 useful_tflops=1.873
shape=gate_up tokens=2048 routing=balanced median_us=965.1 cov_pct=49.63 useful_tflops=2.225
shape=gate_up tokens=2048 routing=uniform median_us=1086.6 cov_pct=1.52 useful_tflops=1.976
shape=gate_up tokens=2048 routing=zipf median_us=1037.3 cov_pct=1.81 useful_tflops=2.070
shape=gate_up tokens=2048 routing=single median_us=1937.0 cov_pct=0.63 useful_tflops=1.109
shape=gate_up tokens=2048 routing=chain median_us=963.4 cov_pct=2.49 useful_tflops=2.229
shape=down tokens=160 routing=balanced median_us=1303.3 cov_pct=45.92 useful_tflops=0.129
shape=down tokens=160 routing=uniform median_us=391.2 cov_pct=2.53 useful_tflops=0.429
shape=down tokens=160 routing=zipf median_us=403.0 cov_pct=3.35 useful_tflops=0.416
shape=down tokens=160 routing=single median_us=165.9 cov_pct=0.37 useful_tflops=1.011
shape=down tokens=160 routing=chain median_us=243.1 cov_pct=0.20 useful_tflops=0.690
shape=down tokens=512 routing=balanced median_us=427.1 cov_pct=60.71 useful_tflops=1.257
shape=down tokens=512 routing=uniform median_us=459.1 cov_pct=2.02 useful_tflops=1.169
shape=down tokens=512 routing=zipf median_us=635.2 cov_pct=54.70 useful_tflops=0.845
shape=down tokens=512 routing=single median_us=415.9 cov_pct=12.41 useful_tflops=1.291
shape=down tokens=512 routing=chain median_us=293.3 cov_pct=3.41 useful_tflops=1.831
shape=down tokens=1000 routing=balanced median_us=701.8 cov_pct=19.87 useful_tflops=1.494
shape=down tokens=1000 routing=uniform median_us=661.4 cov_pct=1.85 useful_tflops=1.585
shape=down tokens=1000 routing=zipf median_us=673.0 cov_pct=1.50 useful_tflops=1.558
shape=down tokens=1000 routing=single median_us=863.7 cov_pct=9.01 useful_tflops=1.214
shape=down tokens=1000 routing=chain median_us=538.0 cov_pct=2.65 useful_tflops=1.949
shape=down tokens=2048 routing=balanced median_us=995.0 cov_pct=21.36 useful_tflops=2.158
shape=down tokens=2048 routing=uniform median_us=1140.5 cov_pct=0.82 useful_tflops=1.883
shape=down tokens=2048 routing=zipf median_us=1082.2 cov_pct=1.01 useful_tflops=1.984
shape=down tokens=2048 routing=single median_us=1473.0 cov_pct=9.08 useful_tflops=1.458
shape=down tokens=2048 routing=chain median_us=1005.2 cov_pct=1.29 useful_tflops=2.136
