probe=expert_grouped_gemm experts=32 runs=21 unit=us gpu_clock=GPUStartTime..GPUEndTime
shape=gate_up tokens=160 routing=balanced median_us=728.4 cov_pct=7.74 useful_tflops=0.230
shape=gate_up tokens=160 routing=uniform median_us=735.0 cov_pct=7.59 useful_tflops=0.228
shape=gate_up tokens=160 routing=zipf median_us=714.2 cov_pct=3.03 useful_tflops=0.235
shape=gate_up tokens=160 routing=single median_us=519.1 cov_pct=2.41 useful_tflops=0.323
shape=gate_up tokens=160 routing=chain median_us=476.2 cov_pct=0.59 useful_tflops=0.352
shape=gate_up tokens=512 routing=balanced median_us=770.9 cov_pct=23.18 useful_tflops=0.696
shape=gate_up tokens=512 routing=uniform median_us=338.2 cov_pct=14.06 useful_tflops=1.587
shape=gate_up tokens=512 routing=zipf median_us=280.0 cov_pct=4.33 useful_tflops=1.917
shape=gate_up tokens=512 routing=single median_us=321.6 cov_pct=1.74 useful_tflops=1.669
shape=gate_up tokens=512 routing=chain median_us=292.1 cov_pct=0.72 useful_tflops=1.838
shape=gate_up tokens=1000 routing=balanced median_us=374.5 cov_pct=59.73 useful_tflops=2.800
shape=gate_up tokens=1000 routing=uniform median_us=402.4 cov_pct=2.35 useful_tflops=2.606
shape=gate_up tokens=1000 routing=zipf median_us=393.9 cov_pct=2.10 useful_tflops=2.662
shape=gate_up tokens=1000 routing=single median_us=607.4 cov_pct=1.41 useful_tflops=1.726
shape=gate_up tokens=1000 routing=chain median_us=368.7 cov_pct=4.48 useful_tflops=2.844
shape=gate_up tokens=2048 routing=balanced median_us=600.0 cov_pct=20.09 useful_tflops=3.579
shape=gate_up tokens=2048 routing=uniform median_us=625.5 cov_pct=1.02 useful_tflops=3.433
shape=gate_up tokens=2048 routing=zipf median_us=619.1 cov_pct=2.41 useful_tflops=3.469
shape=gate_up tokens=2048 routing=single median_us=1195.2 cov_pct=0.47 useful_tflops=1.797
shape=gate_up tokens=2048 routing=chain median_us=577.2 cov_pct=1.83 useful_tflops=3.721
shape=down tokens=160 routing=balanced median_us=454.1 cov_pct=11.65 useful_tflops=0.369
shape=down tokens=160 routing=uniform median_us=231.0 cov_pct=2.32 useful_tflops=0.726
shape=down tokens=160 routing=zipf median_us=230.4 cov_pct=2.82 useful_tflops=0.728
shape=down tokens=160 routing=single median_us=136.6 cov_pct=0.45 useful_tflops=1.228
shape=down tokens=160 routing=chain median_us=153.0 cov_pct=0.61 useful_tflops=1.097
shape=down tokens=512 routing=balanced median_us=263.1 cov_pct=56.14 useful_tflops=2.040
shape=down tokens=512 routing=uniform median_us=286.6 cov_pct=2.25 useful_tflops=1.873
shape=down tokens=512 routing=zipf median_us=300.7 cov_pct=2.04 useful_tflops=1.785
shape=down tokens=512 routing=single median_us=229.2 cov_pct=0.60 useful_tflops=2.343
shape=down tokens=512 routing=chain median_us=221.2 cov_pct=2.10 useful_tflops=2.427
shape=down tokens=1000 routing=balanced median_us=1188.5 cov_pct=51.36 useful_tflops=0.882
shape=down tokens=1000 routing=uniform median_us=423.1 cov_pct=1.41 useful_tflops=2.478
shape=down tokens=1000 routing=zipf median_us=429.3 cov_pct=0.84 useful_tflops=2.442
shape=down tokens=1000 routing=single median_us=525.8 cov_pct=10.47 useful_tflops=1.994
shape=down tokens=1000 routing=chain median_us=380.5 cov_pct=2.00 useful_tflops=2.755
shape=down tokens=2048 routing=balanced median_us=665.4 cov_pct=19.87 useful_tflops=3.227
shape=down tokens=2048 routing=uniform median_us=723.0 cov_pct=0.96 useful_tflops=2.970
shape=down tokens=2048 routing=zipf median_us=704.2 cov_pct=1.03 useful_tflops=3.050
shape=down tokens=2048 routing=single median_us=1032.6 cov_pct=9.66 useful_tflops=2.080
shape=down tokens=2048 routing=chain median_us=659.3 cov_pct=0.83 useful_tflops=3.257
