probe=expert_grouped_gemm experts=32 runs=21 unit=us gpu_clock=GPUStartTime..GPUEndTime
shape=gate_up tokens=160 routing=balanced median_us=548.0 cov_pct=37.55 useful_tflops=0.306
shape=gate_up tokens=160 routing=uniform median_us=292.4 cov_pct=12.69 useful_tflops=0.574
shape=gate_up tokens=160 routing=zipf median_us=276.2 cov_pct=1.74 useful_tflops=0.608
shape=gate_up tokens=160 routing=single median_us=171.6 cov_pct=0.52 useful_tflops=0.978
shape=gate_up tokens=160 routing=chain median_us=149.5 cov_pct=1.01 useful_tflops=1.122
shape=gate_up tokens=512 routing=balanced median_us=307.5 cov_pct=55.61 useful_tflops=1.746
shape=gate_up tokens=512 routing=uniform median_us=314.4 cov_pct=2.82 useful_tflops=1.708
shape=gate_up tokens=512 routing=zipf median_us=330.2 cov_pct=2.57 useful_tflops=1.626
shape=gate_up tokens=512 routing=single median_us=322.7 cov_pct=1.07 useful_tflops=1.664
shape=gate_up tokens=512 routing=chain median_us=326.3 cov_pct=0.41 useful_tflops=1.645
shape=gate_up tokens=1000 routing=balanced median_us=409.4 cov_pct=58.97 useful_tflops=2.561
shape=gate_up tokens=1000 routing=uniform median_us=416.1 cov_pct=2.48 useful_tflops=2.520
shape=gate_up tokens=1000 routing=zipf median_us=426.3 cov_pct=2.53 useful_tflops=2.460
shape=gate_up tokens=1000 routing=single median_us=610.4 cov_pct=0.57 useful_tflops=1.718
shape=gate_up tokens=1000 routing=chain median_us=379.7 cov_pct=3.24 useful_tflops=2.762
shape=gate_up tokens=2048 routing=balanced median_us=627.5 cov_pct=60.02 useful_tflops=3.422
shape=gate_up tokens=2048 routing=uniform median_us=678.9 cov_pct=1.82 useful_tflops=3.163
shape=gate_up tokens=2048 routing=zipf median_us=672.9 cov_pct=2.04 useful_tflops=3.192
shape=gate_up tokens=2048 routing=single median_us=1198.8 cov_pct=0.39 useful_tflops=1.791
shape=gate_up tokens=2048 routing=chain median_us=616.2 cov_pct=2.11 useful_tflops=3.485
shape=down tokens=160 routing=balanced median_us=800.6 cov_pct=38.32 useful_tflops=0.210
shape=down tokens=160 routing=uniform median_us=251.8 cov_pct=1.42 useful_tflops=0.666
shape=down tokens=160 routing=zipf median_us=249.6 cov_pct=2.21 useful_tflops=0.672
shape=down tokens=160 routing=single median_us=134.2 cov_pct=0.70 useful_tflops=1.250
shape=down tokens=160 routing=chain median_us=156.3 cov_pct=0.34 useful_tflops=1.073
shape=down tokens=512 routing=balanced median_us=892.0 cov_pct=51.32 useful_tflops=0.602
shape=down tokens=512 routing=uniform median_us=308.9 cov_pct=2.24 useful_tflops=1.738
shape=down tokens=512 routing=zipf median_us=323.4 cov_pct=1.69 useful_tflops=1.660
shape=down tokens=512 routing=single median_us=257.2 cov_pct=2.88 useful_tflops=2.087
shape=down tokens=512 routing=chain median_us=225.0 cov_pct=1.65 useful_tflops=2.386
shape=down tokens=1000 routing=balanced median_us=404.9 cov_pct=60.69 useful_tflops=2.590
shape=down tokens=1000 routing=uniform median_us=459.9 cov_pct=1.08 useful_tflops=2.280
shape=down tokens=1000 routing=zipf median_us=465.9 cov_pct=1.29 useful_tflops=2.251
shape=down tokens=1000 routing=single median_us=535.0 cov_pct=7.58 useful_tflops=1.960
shape=down tokens=1000 routing=chain median_us=406.5 cov_pct=1.62 useful_tflops=2.580
shape=down tokens=2048 routing=balanced median_us=710.0 cov_pct=1.27 useful_tflops=3.025
shape=down tokens=2048 routing=uniform median_us=781.8 cov_pct=1.14 useful_tflops=2.747
shape=down tokens=2048 routing=zipf median_us=757.8 cov_pct=1.07 useful_tflops=2.834
shape=down tokens=2048 routing=single median_us=932.7 cov_pct=11.33 useful_tflops=2.302
shape=down tokens=2048 routing=chain median_us=710.0 cov_pct=1.52 useful_tflops=3.025
