ab capture excludes 0 unreplayable dispatches of 369
ab capture: step=0 dispatches=369 groups=21
ab res sha=1388fb736f661844 arm=base tg_static_bytes=4480 max_threads=384 exec_width=32 bound_buffer_bytes=138235140 iters=50 cell label=1388fb736f661844:base wall_ms=74.225 cpu_ms=3.407 cpu_pct=4.6 rss_peak_mb=1618.8 footprint_mb=188.4 gpu_alloc_mb=1521.7 load_before=3.76 load_after=3.76
ab res sha=1388fb736f661844 arm=1388fb736f661844.ctrl tg_static_bytes=4480 max_threads=384 exec_width=32 bound_buffer_bytes=138235140 iters=50 cell label=1388fb736f661844:1388fb736f661844.ctrl wall_ms=68.811 cpu_ms=3.236 cpu_pct=4.7 rss_peak_mb=1618.8 footprint_mb=188.4 gpu_alloc_mb=1521.7 load_before=3.76 load_after=3.76
ab res sha=1388fb736f661844 arm=1388fb736f661844.f16kv tg_static_bytes=4480 max_threads=384 exec_width=32 bound_buffer_bytes=133778692 iters=50 cell label=1388fb736f661844:1388fb736f661844.f16kv wall_ms=67.292 cpu_ms=3.413 cpu_pct=5.1 rss_peak_mb=1618.8 footprint_mb=188.4 gpu_alloc_mb=1521.7 load_before=3.76 load_after=3.76
ab res sha=1388fb736f661844 arm=1388fb736f661844.nocausal tg_static_bytes=4480 max_threads=384 exec_width=32 bound_buffer_bytes=138235140 iters=50 cell label=1388fb736f661844:1388fb736f661844.nocausal wall_ms=109.697 cpu_ms=3.366 cpu_pct=3.1 rss_peak_mb=1618.8 footprint_mb=188.4 gpu_alloc_mb=1521.7 load_before=3.76 load_after=3.76
ab res sha=1388fb736f661844 arm=1388fb736f661844.nopv tg_static_bytes=4480 max_threads=384 exec_width=32 bound_buffer_bytes=138235140 iters=50 cell label=1388fb736f661844:1388fb736f661844.nopv wall_ms=55.919 cpu_ms=3.225 cpu_pct=5.8 rss_peak_mb=1618.8 footprint_mb=188.4 gpu_alloc_mb=1521.7 load_before=3.76 load_after=3.76
ab res sha=1388fb736f661844 arm=1388fb736f661844.nopvloads tg_static_bytes=4480 max_threads=384 exec_width=32 bound_buffer_bytes=138235140 iters=50 cell label=1388fb736f661844:1388fb736f661844.nopvloads wall_ms=66.747 cpu_ms=3.319 cpu_pct=5.0 rss_peak_mb=1618.8 footprint_mb=188.4 gpu_alloc_mb=1521.7 load_before=3.76 load_after=3.76
ab res sha=1388fb736f661844 arm=1388fb736f661844.noqk tg_static_bytes=4480 max_threads=576 exec_width=32 bound_buffer_bytes=138235140 iters=50 cell label=1388fb736f661844:1388fb736f661844.noqk wall_ms=43.623 cpu_ms=3.034 cpu_pct=7.0 rss_peak_mb=1618.8 footprint_mb=188.4 gpu_alloc_mb=1521.7 load_before=3.76 load_after=3.76
ab res sha=1388fb736f661844 arm=1388fb736f661844.noqkloads tg_static_bytes=4480 max_threads=576 exec_width=32 bound_buffer_bytes=138235140 iters=50 cell label=1388fb736f661844:1388fb736f661844.noqkloads wall_ms=48.554 cpu_ms=2.972 cpu_pct=6.1 rss_peak_mb=1618.8 footprint_mb=188.4 gpu_alloc_mb=1521.7 load_before=3.76 load_after=3.76
ab res sha=1388fb736f661844 arm=1388fb736f661844.nosoftmax tg_static_bytes=4480 max_threads=384 exec_width=32 bound_buffer_bytes=138235140 iters=50 cell label=1388fb736f661844:1388fb736f661844.nosoftmax wall_ms=45.625 cpu_ms=3.071 cpu_pct=6.7 rss_peak_mb=1618.8 footprint_mb=188.4 gpu_alloc_mb=1521.7 load_before=3.76 load_after=3.76
ab res sha=1388fb736f661844 arm=1388fb736f661844.pvonly tg_static_bytes=4480 max_threads=576 exec_width=32 bound_buffer_bytes=138235140 iters=50 cell label=1388fb736f661844:1388fb736f661844.pvonly wall_ms=27.645 cpu_ms=2.919 cpu_pct=10.6 rss_peak_mb=1618.8 footprint_mb=188.4 gpu_alloc_mb=1521.7 load_before=3.76 load_after=3.76
ab res sha=1388fb736f661844 arm=1388fb736f661844.qkonly tg_static_bytes=4480 max_threads=384 exec_width=32 bound_buffer_bytes=138235140 iters=50 cell label=1388fb736f661844:1388fb736f661844.qkonly wall_ms=33.150 cpu_ms=3.086 cpu_pct=9.3 rss_peak_mb=1618.8 footprint_mb=189.3 gpu_alloc_mb=1521.7 load_before=3.76 load_after=3.76
ab res sha=1388fb736f661844 arm=1388fb736f661844.skeleton tg_static_bytes=4480 max_threads=576 exec_width=32 bound_buffer_bytes=138235140 iters=50 cell label=1388fb736f661844:1388fb736f661844.skeleton wall_ms=17.247 cpu_ms=2.892 cpu_pct=16.8 rss_peak_mb=1618.8 footprint_mb=189.3 gpu_alloc_mb=1521.7 load_before=3.76 load_after=3.76
ab res sha=1388fb736f661844 arm=1388fb736f661844.smonly tg_static_bytes=4480 max_threads=576 exec_width=32 bound_buffer_bytes=138235140 iters=50 cell label=1388fb736f661844:1388fb736f661844.smonly wall_ms=32.756 cpu_ms=3.005 cpu_pct=9.2 rss_peak_mb=1618.8 footprint_mb=189.3 gpu_alloc_mb=1521.7 load_before=3.76 load_after=3.76
ab bits sha=1388fb736f661844 threads=64000 extents=[1000, 8, 2, 64] arm=base elements=1024000 differing=0 max_ulp=0 max_abs=0e0 max_abs_over_largest=0e0
ab bits sha=1388fb736f661844 threads=64000 extents=[1000, 8, 2, 64] arm=1388fb736f661844.ctrl elements=1024000 differing=0 max_ulp=0 max_abs=0e0 max_abs_over_largest=0e0
ab bits sha=1388fb736f661844 threads=64000 extents=[1000, 8, 2, 64] arm=1388fb736f661844.f16kv elements=1024000 differing=1023906 max_ulp=1998121882 max_abs=3.7965298e-2 max_abs_over_largest=3.4013675e-3
ab bits sha=1388fb736f661844 threads=64000 extents=[1000, 8, 2, 64] arm=1388fb736f661844.nocausal elements=1024000 differing=0 max_ulp=0 max_abs=0e0 max_abs_over_largest=0e0
ab bits sha=1388fb736f661844 threads=64000 extents=[1000, 8, 2, 64] arm=1388fb736f661844.nopv elements=1024000 differing=1024000 max_ulp=1093834401 max_abs=1.1161775e1 max_abs_over_largest=1e0
ab bits sha=1388fb736f661844 threads=64000 extents=[1000, 8, 2, 64] arm=1388fb736f661844.nopvloads elements=1024000 differing=1024000 max_ulp=2148997014 max_abs=1.0661775e1 max_abs_over_largest=9.5520425e-1
ab bits sha=1388fb736f661844 threads=64000 extents=[1000, 8, 2, 64] arm=1388fb736f661844.noqk elements=1024000 differing=1022976 max_ulp=2162838343 max_abs=1.1378794e1 max_abs_over_largest=1.019443e0
ab bits sha=1388fb736f661844 threads=64000 extents=[1000, 8, 2, 64] arm=1388fb736f661844.noqkloads elements=1024000 differing=1022976 max_ulp=2162838343 max_abs=1.1378794e1 max_abs_over_largest=1.019443e0
ab bits sha=1388fb736f661844 threads=64000 extents=[1000, 8, 2, 64] arm=1388fb736f661844.nosoftmax elements=1024000 differing=1024000 max_ulp=1093834401 max_abs=1.1161775e1 max_abs_over_largest=1e0
ab bits sha=1388fb736f661844 threads=64000 extents=[1000, 8, 2, 64] arm=1388fb736f661844.pvonly elements=1024000 differing=1024000 max_ulp=1093834401 max_abs=1.1161775e1 max_abs_over_largest=1e0
ab bits sha=1388fb736f661844 threads=64000 extents=[1000, 8, 2, 64] arm=1388fb736f661844.qkonly elements=1024000 differing=1024000 max_ulp=1093834401 max_abs=1.1161775e1 max_abs_over_largest=1e0
ab bits sha=1388fb736f661844 threads=64000 extents=[1000, 8, 2, 64] arm=1388fb736f661844.skeleton elements=1024000 differing=1024000 max_ulp=1093834401 max_abs=1.1161775e1 max_abs_over_largest=1e0
ab bits sha=1388fb736f661844 threads=64000 extents=[1000, 8, 2, 64] arm=1388fb736f661844.smonly elements=1024000 differing=1024000 max_ulp=1093834401 max_abs=1.1161775e1 max_abs_over_largest=1e0
ab group sha=1388fb736f661844 threads=64000 extents=[1000, 8, 2, 64] tg=Some(64) count=24 pass=0 arm=base marginal_us=1132.578 single_us=1145.208
ab group sha=1388fb736f661844 threads=64000 extents=[1000, 8, 2, 64] tg=Some(64) count=24 pass=0 arm=1388fb736f661844.ctrl marginal_us=1130.164 single_us=1137.375
ab group sha=1388fb736f661844 threads=64000 extents=[1000, 8, 2, 64] tg=Some(64) count=24 pass=0 arm=1388fb736f661844.f16kv marginal_us=1086.664 single_us=1093.542
ab group sha=1388fb736f661844 threads=64000 extents=[1000, 8, 2, 64] tg=Some(64) count=24 pass=0 arm=1388fb736f661844.nocausal marginal_us=1918.175 single_us=1928.750
ab group sha=1388fb736f661844 threads=64000 extents=[1000, 8, 2, 64] tg=Some(64) count=24 pass=0 arm=1388fb736f661844.nopv marginal_us=873.475 single_us=884.750
ab group sha=1388fb736f661844 threads=64000 extents=[1000, 8, 2, 64] tg=Some(64) count=24 pass=0 arm=1388fb736f661844.nopvloads marginal_us=1073.211 single_us=1087.708
ab group sha=1388fb736f661844 threads=64000 extents=[1000, 8, 2, 64] tg=Some(64) count=24 pass=0 arm=1388fb736f661844.noqk marginal_us=633.369 single_us=634.833
ab group sha=1388fb736f661844 threads=64000 extents=[1000, 8, 2, 64] tg=Some(64) count=24 pass=0 arm=1388fb736f661844.noqkloads marginal_us=730.019 single_us=735.208
ab group sha=1388fb736f661844 threads=64000 extents=[1000, 8, 2, 64] tg=Some(64) count=24 pass=0 arm=1388fb736f661844.nosoftmax marginal_us=681.608 single_us=703.250
ab group sha=1388fb736f661844 threads=64000 extents=[1000, 8, 2, 64] tg=Some(64) count=24 pass=0 arm=1388fb736f661844.pvonly marginal_us=312.283 single_us=318.500
ab group sha=1388fb736f661844 threads=64000 extents=[1000, 8, 2, 64] tg=Some(64) count=24 pass=0 arm=1388fb736f661844.qkonly marginal_us=435.339 single_us=452.583
ab group sha=1388fb736f661844 threads=64000 extents=[1000, 8, 2, 64] tg=Some(64) count=24 pass=0 arm=1388fb736f661844.skeleton marginal_us=104.122 single_us=110.292
ab group sha=1388fb736f661844 threads=64000 extents=[1000, 8, 2, 64] tg=Some(64) count=24 pass=0 arm=1388fb736f661844.smonly marginal_us=417.536 single_us=424.208
ab cell label=process wall_ms=7155.736 cpu_ms=986.113 cpu_pct=13.8 rss_peak_mb=1618.8 footprint_mb=185.7 gpu_alloc_mb=1517.5 load_before=3.76 load_after=3.54
