ab capture excludes 0 unreplayable dispatches of 369
ab capture: step=0 dispatches=369 groups=21
ab res sha=49f88ec486a7766a arm=base tg_static_bytes=10368 max_threads=896 exec_width=32 bound_buffer_bytes=90443524 iters=50 cell label=49f88ec486a7766a:base wall_ms=97.132 cpu_ms=2.624 cpu_pct=2.7 rss_peak_mb=1618.7 footprint_mb=199.3 gpu_alloc_mb=1516.5 load_before=3.87 load_after=3.87
ab res sha=49f88ec486a7766a arm=49f88ec486a7766a.ctrl tg_static_bytes=10368 max_threads=896 exec_width=32 bound_buffer_bytes=90443524 iters=50 cell label=49f88ec486a7766a:49f88ec486a7766a.ctrl wall_ms=97.122 cpu_ms=2.635 cpu_pct=2.7 rss_peak_mb=1618.7 footprint_mb=199.3 gpu_alloc_mb=1516.5 load_before=3.87 load_after=3.87
ab res sha=49f88ec486a7766a arm=49f88ec486a7766a.floatstage tg_static_bytes=14464 max_threads=768 exec_width=32 bound_buffer_bytes=90443524 iters=50 cell label=49f88ec486a7766a:49f88ec486a7766a.floatstage wall_ms=108.970 cpu_ms=2.615 cpu_pct=2.4 rss_peak_mb=1618.7 footprint_mb=199.3 gpu_alloc_mb=1516.5 load_before=3.87 load_after=3.87
ab res sha=49f88ec486a7766a arm=49f88ec486a7766a.noact tg_static_bytes=10368 max_threads=896 exec_width=32 bound_buffer_bytes=90443524 iters=50 cell label=49f88ec486a7766a:49f88ec486a7766a.noact wall_ms=94.131 cpu_ms=2.752 cpu_pct=2.9 rss_peak_mb=1618.7 footprint_mb=199.3 gpu_alloc_mb=1516.5 load_before=3.87 load_after=3.87
ab res sha=49f88ec486a7766a arm=49f88ec486a7766a.nodequant tg_static_bytes=10368 max_threads=1024 exec_width=32 bound_buffer_bytes=90443524 iters=50 cell label=49f88ec486a7766a:49f88ec486a7766a.nodequant wall_ms=86.232 cpu_ms=2.711 cpu_pct=3.1 rss_peak_mb=1618.7 footprint_mb=199.3 gpu_alloc_mb=1516.5 load_before=3.87 load_after=3.87
ab res sha=49f88ec486a7766a arm=49f88ec486a7766a.noloads tg_static_bytes=10368 max_threads=1024 exec_width=32 bound_buffer_bytes=90443524 iters=50 cell label=49f88ec486a7766a:49f88ec486a7766a.noloads wall_ms=84.059 cpu_ms=2.800 cpu_pct=3.3 rss_peak_mb=1618.7 footprint_mb=199.3 gpu_alloc_mb=1516.5 load_before=3.87 load_after=3.87
ab res sha=49f88ec486a7766a arm=49f88ec486a7766a.nomma tg_static_bytes=10368 max_threads=1024 exec_width=32 bound_buffer_bytes=90443524 iters=50 cell label=49f88ec486a7766a:49f88ec486a7766a.nomma wall_ms=51.260 cpu_ms=2.518 cpu_pct=4.9 rss_peak_mb=1618.7 footprint_mb=199.3 gpu_alloc_mb=1516.5 load_before=3.87 load_after=3.87
ab res sha=49f88ec486a7766a arm=49f88ec486a7766a.nostage tg_static_bytes=10368 max_threads=1024 exec_width=32 bound_buffer_bytes=90443524 iters=50 cell label=49f88ec486a7766a:49f88ec486a7766a.nostage wall_ms=73.657 cpu_ms=2.733 cpu_pct=3.7 rss_peak_mb=1618.7 footprint_mb=199.3 gpu_alloc_mb=1516.5 load_before=3.87 load_after=3.87
ab res sha=49f88ec486a7766a arm=49f88ec486a7766a.nowrite tg_static_bytes=10368 max_threads=896 exec_width=32 bound_buffer_bytes=90443524 iters=50 cell label=49f88ec486a7766a:49f88ec486a7766a.nowrite wall_ms=96.997 cpu_ms=2.573 cpu_pct=2.7 rss_peak_mb=1618.7 footprint_mb=199.3 gpu_alloc_mb=1516.5 load_before=3.87 load_after=3.87
ab res sha=49f88ec486a7766a arm=49f88ec486a7766a.tile64 tg_static_bytes=18560 max_threads=576 exec_width=32 bound_buffer_bytes=90443524 iters=50 cell label=49f88ec486a7766a:49f88ec486a7766a.tile64 wall_ms=100.873 cpu_ms=3.116 cpu_pct=3.1 rss_peak_mb=1618.7 footprint_mb=199.3 gpu_alloc_mb=1516.5 load_before=3.87 load_after=3.87
ab res sha=49f88ec486a7766a arm=49f88ec486a7766a.unroll2 tg_static_bytes=14464 max_threads=768 exec_width=32 bound_buffer_bytes=90443524 iters=50 cell label=49f88ec486a7766a:49f88ec486a7766a.unroll2 wall_ms=97.582 cpu_ms=2.629 cpu_pct=2.7 rss_peak_mb=1618.7 footprint_mb=199.2 gpu_alloc_mb=1516.5 load_before=3.87 load_after=3.87
ab bits sha=49f88ec486a7766a threads=288768 extents=[1000, 8, 1024, 512] arm=base elements=4096000 differing=0 max_ulp=0 max_abs=0e0 max_abs_over_largest=0e0
ab bits sha=49f88ec486a7766a threads=288768 extents=[1000, 8, 1024, 512] arm=49f88ec486a7766a.ctrl elements=4096000 differing=0 max_ulp=0 max_abs=0e0 max_abs_over_largest=0e0
ab bits sha=49f88ec486a7766a threads=288768 extents=[1000, 8, 1024, 512] arm=49f88ec486a7766a.floatstage elements=4096000 differing=0 max_ulp=0 max_abs=0e0 max_abs_over_largest=0e0
ab bits sha=49f88ec486a7766a threads=288768 extents=[1000, 8, 1024, 512] arm=49f88ec486a7766a.noact elements=4096000 differing=4094342 max_ulp=2169906365 max_abs=5.6267166e1 max_abs_over_largest=1.0065713e0
ab bits sha=49f88ec486a7766a threads=288768 extents=[1000, 8, 1024, 512] arm=49f88ec486a7766a.nodequant elements=4096000 differing=4096000 max_ulp=2241602652 max_abs=3.018029e2 max_abs_over_largest=5.398995e0
ab bits sha=49f88ec486a7766a threads=288768 extents=[1000, 8, 1024, 512] arm=49f88ec486a7766a.noloads elements=4096000 differing=4096000 max_ulp=2241612536 max_abs=2.950732e2 max_abs_over_largest=5.2786064e0
ab bits sha=49f88ec486a7766a threads=288768 extents=[1000, 8, 1024, 512] arm=49f88ec486a7766a.nomma elements=4096000 differing=4094342 max_ulp=1113561453 max_abs=5.589983e1 max_abs_over_largest=1e0
ab bits sha=49f88ec486a7766a threads=288768 extents=[1000, 8, 1024, 512] arm=49f88ec486a7766a.nostage elements=4096000 differing=4096000 max_ulp=3252439800 max_abs=inf max_abs_over_largest=inf
ab bits sha=49f88ec486a7766a threads=288768 extents=[1000, 8, 1024, 512] arm=49f88ec486a7766a.nowrite elements=4096000 differing=4096000 max_ulp=2540806221 max_abs=1.4660155e13 max_abs_over_largest=2.6225759e11
ab bits sha=49f88ec486a7766a threads=288768 extents=[1000, 8, 1024, 512] arm=49f88ec486a7766a.tile64 elements=4096000 differing=0 max_ulp=0 max_abs=0e0 max_abs_over_largest=0e0
ab bits sha=49f88ec486a7766a threads=288768 extents=[1000, 8, 1024, 512] arm=49f88ec486a7766a.unroll2 elements=4096000 differing=0 max_ulp=0 max_abs=0e0 max_abs_over_largest=0e0
ab group sha=49f88ec486a7766a threads=288768 extents=[1000, 8, 1024, 512] tg=Some(128) count=24 pass=0 arm=base marginal_us=1733.750 single_us=1737.500
ab group sha=49f88ec486a7766a threads=288768 extents=[1000, 8, 1024, 512] tg=Some(128) count=24 pass=0 arm=49f88ec486a7766a.ctrl marginal_us=1733.961 single_us=1735.500
ab group sha=49f88ec486a7766a threads=288768 extents=[1000, 8, 1024, 512] tg=Some(128) count=24 pass=0 arm=49f88ec486a7766a.floatstage marginal_us=1957.303 single_us=1967.042
ab group sha=49f88ec486a7766a threads=288768 extents=[1000, 8, 1024, 512] tg=Some(128) count=24 pass=0 arm=49f88ec486a7766a.noact marginal_us=1662.647 single_us=1664.875
ab group sha=49f88ec486a7766a threads=288768 extents=[1000, 8, 1024, 512] tg=Some(128) count=24 pass=0 arm=49f88ec486a7766a.nodequant marginal_us=1502.367 single_us=1507.000
ab group sha=49f88ec486a7766a threads=288768 extents=[1000, 8, 1024, 512] tg=Some(128) count=24 pass=0 arm=49f88ec486a7766a.noloads marginal_us=1457.747 single_us=1461.750
ab group sha=49f88ec486a7766a threads=288768 extents=[1000, 8, 1024, 512] tg=Some(128) count=24 pass=0 arm=49f88ec486a7766a.nomma marginal_us=831.094 single_us=848.875
ab group sha=49f88ec486a7766a threads=288768 extents=[1000, 8, 1024, 512] tg=Some(128) count=24 pass=0 arm=49f88ec486a7766a.nostage marginal_us=1258.692 single_us=1260.083
ab group sha=49f88ec486a7766a threads=288768 extents=[1000, 8, 1024, 512] tg=Some(128) count=24 pass=0 arm=49f88ec486a7766a.nowrite marginal_us=1735.297 single_us=1740.167
ab group sha=49f88ec486a7766a threads=288768 extents=[1000, 8, 1024, 512] tg=Some(128) count=24 pass=0 arm=49f88ec486a7766a.tile64 marginal_us=1796.144 single_us=1795.375
ab group sha=49f88ec486a7766a threads=288768 extents=[1000, 8, 1024, 512] tg=Some(128) count=24 pass=0 arm=49f88ec486a7766a.unroll2 marginal_us=1747.522 single_us=1753.000
ab res sha=49f88ec486a7766a arm=base tg_static_bytes=10368 max_threads=896 exec_width=32 bound_buffer_bytes=74059524 iters=50 cell label=49f88ec486a7766a:base wall_ms=110.201 cpu_ms=3.032 cpu_pct=2.8 rss_peak_mb=1618.7 footprint_mb=277.4 gpu_alloc_mb=1516.5 load_before=3.89 load_after=3.89
ab res sha=49f88ec486a7766a arm=49f88ec486a7766a.ctrl tg_static_bytes=10368 max_threads=896 exec_width=32 bound_buffer_bytes=74059524 iters=50 cell label=49f88ec486a7766a:49f88ec486a7766a.ctrl wall_ms=109.920 cpu_ms=2.711 cpu_pct=2.5 rss_peak_mb=1618.7 footprint_mb=277.4 gpu_alloc_mb=1516.5 load_before=3.89 load_after=3.89
ab res sha=49f88ec486a7766a arm=49f88ec486a7766a.floatstage tg_static_bytes=14464 max_threads=768 exec_width=32 bound_buffer_bytes=74059524 iters=50 cell label=49f88ec486a7766a:49f88ec486a7766a.floatstage wall_ms=123.447 cpu_ms=2.792 cpu_pct=2.3 rss_peak_mb=1618.7 footprint_mb=277.4 gpu_alloc_mb=1516.5 load_before=3.89 load_after=3.89
ab res sha=49f88ec486a7766a arm=49f88ec486a7766a.noact tg_static_bytes=10368 max_threads=896 exec_width=32 bound_buffer_bytes=74059524 iters=50 cell label=49f88ec486a7766a:49f88ec486a7766a.noact wall_ms=107.072 cpu_ms=2.761 cpu_pct=2.6 rss_peak_mb=1618.7 footprint_mb=277.4 gpu_alloc_mb=1516.5 load_before=3.89 load_after=3.89
ab res sha=49f88ec486a7766a arm=49f88ec486a7766a.nodequant tg_static_bytes=10368 max_threads=1024 exec_width=32 bound_buffer_bytes=74059524 iters=50 cell label=49f88ec486a7766a:49f88ec486a7766a.nodequant wall_ms=94.140 cpu_ms=2.707 cpu_pct=2.9 rss_peak_mb=1618.7 footprint_mb=277.4 gpu_alloc_mb=1516.5 load_before=3.89 load_after=3.89
ab res sha=49f88ec486a7766a arm=49f88ec486a7766a.noloads tg_static_bytes=10368 max_threads=1024 exec_width=32 bound_buffer_bytes=74059524 iters=50 cell label=49f88ec486a7766a:49f88ec486a7766a.noloads wall_ms=92.354 cpu_ms=2.746 cpu_pct=3.0 rss_peak_mb=1618.7 footprint_mb=277.4 gpu_alloc_mb=1516.5 load_before=3.89 load_after=3.89
ab res sha=49f88ec486a7766a arm=49f88ec486a7766a.nomma tg_static_bytes=10368 max_threads=1024 exec_width=32 bound_buffer_bytes=74059524 iters=50 cell label=49f88ec486a7766a:49f88ec486a7766a.nomma wall_ms=65.170 cpu_ms=2.606 cpu_pct=4.0 rss_peak_mb=1618.7 footprint_mb=277.4 gpu_alloc_mb=1516.5 load_before=3.89 load_after=3.89
ab res sha=49f88ec486a7766a arm=49f88ec486a7766a.nostage tg_static_bytes=10368 max_threads=1024 exec_width=32 bound_buffer_bytes=74059524 iters=50 cell label=49f88ec486a7766a:49f88ec486a7766a.nostage wall_ms=81.902 cpu_ms=2.678 cpu_pct=3.3 rss_peak_mb=1618.7 footprint_mb=277.4 gpu_alloc_mb=1516.5 load_before=3.89 load_after=3.89
ab res sha=49f88ec486a7766a arm=49f88ec486a7766a.nowrite tg_static_bytes=10368 max_threads=896 exec_width=32 bound_buffer_bytes=74059524 iters=50 cell label=49f88ec486a7766a:49f88ec486a7766a.nowrite wall_ms=110.144 cpu_ms=2.763 cpu_pct=2.5 rss_peak_mb=1618.7 footprint_mb=277.4 gpu_alloc_mb=1516.5 load_before=3.89 load_after=3.89
ab res sha=49f88ec486a7766a arm=49f88ec486a7766a.tile64 tg_static_bytes=18560 max_threads=576 exec_width=32 bound_buffer_bytes=74059524 iters=50 cell label=49f88ec486a7766a:49f88ec486a7766a.tile64 wall_ms=116.459 cpu_ms=2.725 cpu_pct=2.3 rss_peak_mb=1618.7 footprint_mb=277.4 gpu_alloc_mb=1516.5 load_before=3.89 load_after=3.89
ab res sha=49f88ec486a7766a arm=49f88ec486a7766a.unroll2 tg_static_bytes=14464 max_threads=768 exec_width=32 bound_buffer_bytes=74059524 iters=50 cell label=49f88ec486a7766a:49f88ec486a7766a.unroll2 wall_ms=113.407 cpu_ms=2.875 cpu_pct=2.5 rss_peak_mb=1618.7 footprint_mb=277.4 gpu_alloc_mb=1516.5 load_before=3.89 load_after=3.89
ab bits sha=49f88ec486a7766a threads=577536 extents=[1000, 8, 512, 1024] arm=base elements=8192000 differing=0 max_ulp=0 max_abs=0e0 max_abs_over_largest=0e0
ab bits sha=49f88ec486a7766a threads=577536 extents=[1000, 8, 512, 1024] arm=49f88ec486a7766a.ctrl elements=8192000 differing=0 max_ulp=0 max_abs=0e0 max_abs_over_largest=0e0
ab bits sha=49f88ec486a7766a threads=577536 extents=[1000, 8, 512, 1024] arm=49f88ec486a7766a.floatstage elements=8192000 differing=0 max_ulp=0 max_abs=0e0 max_abs_over_largest=0e0
ab bits sha=49f88ec486a7766a threads=577536 extents=[1000, 8, 512, 1024] arm=49f88ec486a7766a.noact elements=8192000 differing=8192000 max_ulp=2173098903 max_abs=6.827084e1 max_abs_over_largest=1.0021664e0
ab bits sha=49f88ec486a7766a threads=577536 extents=[1000, 8, 512, 1024] arm=49f88ec486a7766a.nodequant elements=8192000 differing=8192000 max_ulp=2257730749 max_abs=9.703367e2 max_abs_over_largest=1.4243837e1
ab bits sha=49f88ec486a7766a threads=577536 extents=[1000, 8, 512, 1024] arm=49f88ec486a7766a.noloads elements=8192000 differing=8192000 max_ulp=2240298780 max_abs=1.9612326e2 max_abs_over_largest=2.878947e0
ab bits sha=49f88ec486a7766a threads=577536 extents=[1000, 8, 512, 1024] arm=49f88ec486a7766a.nomma elements=8192000 differing=8192000 max_ulp=1116225308 max_abs=6.812326e1 max_abs_over_largest=1e0
ab bits sha=49f88ec486a7766a threads=577536 extents=[1000, 8, 512, 1024] arm=49f88ec486a7766a.nostage elements=8192000 differing=8192000 max_ulp=3259514652 max_abs=inf max_abs_over_largest=inf
ab bits sha=49f88ec486a7766a threads=577536 extents=[1000, 8, 512, 1024] arm=49f88ec486a7766a.nowrite elements=8192000 differing=8192000 max_ulp=2547881073 max_abs=1.4660155e13 max_abs_over_largest=2.1520043e11
ab bits sha=49f88ec486a7766a threads=577536 extents=[1000, 8, 512, 1024] arm=49f88ec486a7766a.tile64 elements=8192000 differing=0 max_ulp=0 max_abs=0e0 max_abs_over_largest=0e0
ab bits sha=49f88ec486a7766a threads=577536 extents=[1000, 8, 512, 1024] arm=49f88ec486a7766a.unroll2 elements=8192000 differing=0 max_ulp=0 max_abs=0e0 max_abs_over_largest=0e0
ab group sha=49f88ec486a7766a threads=577536 extents=[1000, 8, 512, 1024] tg=Some(128) count=24 pass=0 arm=base marginal_us=1975.661 single_us=1979.500
ab group sha=49f88ec486a7766a threads=577536 extents=[1000, 8, 512, 1024] tg=Some(128) count=24 pass=0 arm=49f88ec486a7766a.ctrl marginal_us=1974.692 single_us=1978.333
ab group sha=49f88ec486a7766a threads=577536 extents=[1000, 8, 512, 1024] tg=Some(128) count=24 pass=0 arm=49f88ec486a7766a.floatstage marginal_us=2235.672 single_us=2237.292
ab group sha=49f88ec486a7766a threads=577536 extents=[1000, 8, 512, 1024] tg=Some(128) count=24 pass=0 arm=49f88ec486a7766a.noact marginal_us=1904.244 single_us=1908.583
ab group sha=49f88ec486a7766a threads=577536 extents=[1000, 8, 512, 1024] tg=Some(128) count=24 pass=0 arm=49f88ec486a7766a.nodequant marginal_us=1657.483 single_us=1662.625
ab group sha=49f88ec486a7766a threads=577536 extents=[1000, 8, 512, 1024] tg=Some(128) count=24 pass=0 arm=49f88ec486a7766a.noloads marginal_us=1613.600 single_us=1616.125
ab group sha=49f88ec486a7766a threads=577536 extents=[1000, 8, 512, 1024] tg=Some(128) count=24 pass=0 arm=49f88ec486a7766a.nomma marginal_us=1086.406 single_us=1110.250
ab group sha=49f88ec486a7766a threads=577536 extents=[1000, 8, 512, 1024] tg=Some(128) count=24 pass=0 arm=49f88ec486a7766a.nostage marginal_us=1416.564 single_us=1418.250
ab group sha=49f88ec486a7766a threads=577536 extents=[1000, 8, 512, 1024] tg=Some(128) count=24 pass=0 arm=49f88ec486a7766a.nowrite marginal_us=1976.242 single_us=1981.583
ab group sha=49f88ec486a7766a threads=577536 extents=[1000, 8, 512, 1024] tg=Some(128) count=24 pass=0 arm=49f88ec486a7766a.tile64 marginal_us=2095.953 single_us=2098.375
ab group sha=49f88ec486a7766a threads=577536 extents=[1000, 8, 512, 1024] tg=Some(128) count=24 pass=0 arm=49f88ec486a7766a.unroll2 marginal_us=2043.586 single_us=2052.083
ab cell label=process wall_ms=22601.566 cpu_ms=1164.937 cpu_pct=5.2 rss_peak_mb=1618.7 footprint_mb=246.3 gpu_alloc_mb=1516.5 load_before=3.87 load_after=3.54
