ab capture excludes 0 unreplayable dispatches of 369
ab capture: step=0 dispatches=369 groups=21
ab res sha=49f88ec486a7766a arm=base tg_static_bytes=256 max_threads=1024 exec_width=32 bound_buffer_bytes=74059524 iters=50 cell label=49f88ec486a7766a:base wall_ms=31.349 cpu_ms=2.593 cpu_pct=8.3 rss_peak_mb=1621.4 footprint_mb=215.8 gpu_alloc_mb=1516.5 load_before=3.42 load_after=3.42
ab res sha=49f88ec486a7766a arm=49f88ec486a7766a.pp16 tg_static_bytes=256 max_threads=640 exec_width=32 bound_buffer_bytes=74059524 iters=50 cell label=49f88ec486a7766a:49f88ec486a7766a.pp16 wall_ms=42.256 cpu_ms=2.690 cpu_pct=6.4 rss_peak_mb=1621.4 footprint_mb=215.8 gpu_alloc_mb=1516.5 load_before=3.42 load_after=3.42
ab res sha=49f88ec486a7766a arm=49f88ec486a7766a.pp4 tg_static_bytes=256 max_threads=1024 exec_width=32 bound_buffer_bytes=74059524 iters=50 cell label=49f88ec486a7766a:49f88ec486a7766a.pp4 wall_ms=29.976 cpu_ms=2.583 cpu_pct=8.6 rss_peak_mb=1621.4 footprint_mb=215.8 gpu_alloc_mb=1516.5 load_before=3.42 load_after=3.42
ab res sha=49f88ec486a7766a arm=49f88ec486a7766a.pp8 tg_static_bytes=256 max_threads=1024 exec_width=32 bound_buffer_bytes=74059524 iters=50 cell label=49f88ec486a7766a:49f88ec486a7766a.pp8 wall_ms=29.906 cpu_ms=2.483 cpu_pct=8.3 rss_peak_mb=1621.4 footprint_mb=215.8 gpu_alloc_mb=1516.5 load_before=3.42 load_after=3.42
ab res sha=49f88ec486a7766a arm=49f88ec486a7766a.ppctrl tg_static_bytes=256 max_threads=1024 exec_width=32 bound_buffer_bytes=74059524 iters=50 cell label=49f88ec486a7766a:49f88ec486a7766a.ppctrl wall_ms=32.067 cpu_ms=2.641 cpu_pct=8.2 rss_peak_mb=1621.4 footprint_mb=215.8 gpu_alloc_mb=1516.5 load_before=3.42 load_after=3.42
ab res sha=49f88ec486a7766a arm=49f88ec486a7766a.ppgrid32 tg_static_bytes=256 max_threads=1024 exec_width=32 bound_buffer_bytes=74059524 iters=50 cell label=49f88ec486a7766a:49f88ec486a7766a.ppgrid32 wall_ms=20.710 cpu_ms=2.778 cpu_pct=13.4 rss_peak_mb=1621.4 footprint_mb=215.8 gpu_alloc_mb=1516.5 load_before=3.42 load_after=3.42
ab bits sha=49f88ec486a7766a threads=1024 extents=[1000, 8, 512, 1024] arm=base elements=8192000 differing=0 max_ulp=0 max_abs=0e0 max_abs_over_largest=0e0
ab bits sha=49f88ec486a7766a threads=1024 extents=[1000, 8, 512, 1024] arm=49f88ec486a7766a.pp16 elements=8192000 differing=0 max_ulp=0 max_abs=0e0 max_abs_over_largest=0e0
ab bits sha=49f88ec486a7766a threads=1024 extents=[1000, 8, 512, 1024] arm=49f88ec486a7766a.pp4 elements=8192000 differing=0 max_ulp=0 max_abs=0e0 max_abs_over_largest=0e0
ab bits sha=49f88ec486a7766a threads=1024 extents=[1000, 8, 512, 1024] arm=49f88ec486a7766a.pp8 elements=8192000 differing=0 max_ulp=0 max_abs=0e0 max_abs_over_largest=0e0
ab bits sha=49f88ec486a7766a threads=1024 extents=[1000, 8, 512, 1024] arm=49f88ec486a7766a.ppctrl elements=8192000 differing=0 max_ulp=0 max_abs=0e0 max_abs_over_largest=0e0
ab bits sha=49f88ec486a7766a threads=1024 extents=[1000, 8, 512, 1024] arm=49f88ec486a7766a.ppgrid32 elements=8192000 differing=0 max_ulp=0 max_abs=0e0 max_abs_over_largest=0e0
ab compaction sha=49f88ec486a7766a extents=[1000, 8, 512, 1024] arm=base bytes=32260 differing=0
ab compaction sha=49f88ec486a7766a extents=[1000, 8, 512, 1024] arm=49f88ec486a7766a.pp16 bytes=32260 differing=0
ab compaction sha=49f88ec486a7766a extents=[1000, 8, 512, 1024] arm=49f88ec486a7766a.pp4 bytes=32260 differing=0
ab compaction sha=49f88ec486a7766a extents=[1000, 8, 512, 1024] arm=49f88ec486a7766a.pp8 bytes=32260 differing=0
ab compaction sha=49f88ec486a7766a extents=[1000, 8, 512, 1024] arm=49f88ec486a7766a.ppctrl bytes=32260 differing=0
ab compaction sha=49f88ec486a7766a extents=[1000, 8, 512, 1024] arm=49f88ec486a7766a.ppgrid32 bytes=32260 differing=30412
ab group sha=49f88ec486a7766a threads=1024 extents=[1000, 8, 512, 1024] tg=Some(1024) count=24 pass=0 arm=base marginal_us=423.353 single_us=426.583
ab group sha=49f88ec486a7766a threads=1024 extents=[1000, 8, 512, 1024] tg=Some(1024) count=24 pass=0 arm=49f88ec486a7766a.pp16 marginal_us=638.725 single_us=640.000
ab group sha=49f88ec486a7766a threads=1024 extents=[1000, 8, 512, 1024] tg=Some(1024) count=24 pass=0 arm=49f88ec486a7766a.pp4 marginal_us=404.192 single_us=407.750
ab group sha=49f88ec486a7766a threads=1024 extents=[1000, 8, 512, 1024] tg=Some(1024) count=24 pass=0 arm=49f88ec486a7766a.pp8 marginal_us=402.458 single_us=404.750
ab group sha=49f88ec486a7766a threads=1024 extents=[1000, 8, 512, 1024] tg=Some(1024) count=24 pass=0 arm=49f88ec486a7766a.ppctrl marginal_us=423.558 single_us=426.375
ab group sha=49f88ec486a7766a threads=1024 extents=[1000, 8, 512, 1024] tg=Some(1024) count=24 pass=0 arm=49f88ec486a7766a.ppgrid32 marginal_us=197.758 single_us=202.000
ab res sha=49f88ec486a7766a arm=base tg_static_bytes=256 max_threads=1024 exec_width=32 bound_buffer_bytes=90443524 iters=50 cell label=49f88ec486a7766a:base wall_ms=31.073 cpu_ms=2.559 cpu_pct=8.2 rss_peak_mb=1621.4 footprint_mb=262.8 gpu_alloc_mb=1516.5 load_before=3.42 load_after=3.42
ab res sha=49f88ec486a7766a arm=49f88ec486a7766a.pp16 tg_static_bytes=256 max_threads=640 exec_width=32 bound_buffer_bytes=90443524 iters=50 cell label=49f88ec486a7766a:49f88ec486a7766a.pp16 wall_ms=41.820 cpu_ms=2.595 cpu_pct=6.2 rss_peak_mb=1621.4 footprint_mb=262.8 gpu_alloc_mb=1516.5 load_before=3.42 load_after=3.42
ab res sha=49f88ec486a7766a arm=49f88ec486a7766a.pp4 tg_static_bytes=256 max_threads=1024 exec_width=32 bound_buffer_bytes=90443524 iters=50 cell label=49f88ec486a7766a:49f88ec486a7766a.pp4 wall_ms=30.297 cpu_ms=2.501 cpu_pct=8.3 rss_peak_mb=1621.4 footprint_mb=262.8 gpu_alloc_mb=1516.5 load_before=3.42 load_after=3.42
ab res sha=49f88ec486a7766a arm=49f88ec486a7766a.pp8 tg_static_bytes=256 max_threads=1024 exec_width=32 bound_buffer_bytes=90443524 iters=50 cell label=49f88ec486a7766a:49f88ec486a7766a.pp8 wall_ms=30.249 cpu_ms=2.523 cpu_pct=8.3 rss_peak_mb=1621.4 footprint_mb=262.8 gpu_alloc_mb=1516.5 load_before=3.42 load_after=3.42
ab res sha=49f88ec486a7766a arm=49f88ec486a7766a.ppctrl tg_static_bytes=256 max_threads=1024 exec_width=32 bound_buffer_bytes=90443524 iters=50 cell label=49f88ec486a7766a:49f88ec486a7766a.ppctrl wall_ms=31.955 cpu_ms=2.617 cpu_pct=8.2 rss_peak_mb=1621.4 footprint_mb=262.8 gpu_alloc_mb=1516.5 load_before=3.42 load_after=3.42
ab res sha=49f88ec486a7766a arm=49f88ec486a7766a.ppgrid32 tg_static_bytes=256 max_threads=1024 exec_width=32 bound_buffer_bytes=90443524 iters=50 cell label=49f88ec486a7766a:49f88ec486a7766a.ppgrid32 wall_ms=20.901 cpu_ms=2.770 cpu_pct=13.3 rss_peak_mb=1621.4 footprint_mb=262.8 gpu_alloc_mb=1516.5 load_before=3.42 load_after=3.42
ab bits sha=49f88ec486a7766a threads=1024 extents=[1000, 8, 1024, 512] arm=base elements=4096000 differing=0 max_ulp=0 max_abs=0e0 max_abs_over_largest=0e0
ab bits sha=49f88ec486a7766a threads=1024 extents=[1000, 8, 1024, 512] arm=49f88ec486a7766a.pp16 elements=4096000 differing=0 max_ulp=0 max_abs=0e0 max_abs_over_largest=0e0
ab bits sha=49f88ec486a7766a threads=1024 extents=[1000, 8, 1024, 512] arm=49f88ec486a7766a.pp4 elements=4096000 differing=0 max_ulp=0 max_abs=0e0 max_abs_over_largest=0e0
ab bits sha=49f88ec486a7766a threads=1024 extents=[1000, 8, 1024, 512] arm=49f88ec486a7766a.pp8 elements=4096000 differing=0 max_ulp=0 max_abs=0e0 max_abs_over_largest=0e0
ab bits sha=49f88ec486a7766a threads=1024 extents=[1000, 8, 1024, 512] arm=49f88ec486a7766a.ppctrl elements=4096000 differing=0 max_ulp=0 max_abs=0e0 max_abs_over_largest=0e0
ab bits sha=49f88ec486a7766a threads=1024 extents=[1000, 8, 1024, 512] arm=49f88ec486a7766a.ppgrid32 elements=4096000 differing=0 max_ulp=0 max_abs=0e0 max_abs_over_largest=0e0
ab compaction sha=49f88ec486a7766a extents=[1000, 8, 1024, 512] arm=base bytes=32260 differing=0
ab compaction sha=49f88ec486a7766a extents=[1000, 8, 1024, 512] arm=49f88ec486a7766a.pp16 bytes=32260 differing=0
ab compaction sha=49f88ec486a7766a extents=[1000, 8, 1024, 512] arm=49f88ec486a7766a.pp4 bytes=32260 differing=0
ab compaction sha=49f88ec486a7766a extents=[1000, 8, 1024, 512] arm=49f88ec486a7766a.pp8 bytes=32260 differing=0
ab compaction sha=49f88ec486a7766a extents=[1000, 8, 1024, 512] arm=49f88ec486a7766a.ppctrl bytes=32260 differing=0
ab compaction sha=49f88ec486a7766a extents=[1000, 8, 1024, 512] arm=49f88ec486a7766a.ppgrid32 bytes=32260 differing=30413
ab group sha=49f88ec486a7766a threads=1024 extents=[1000, 8, 1024, 512] tg=Some(1024) count=24 pass=0 arm=base marginal_us=423.289 single_us=426.542
ab group sha=49f88ec486a7766a threads=1024 extents=[1000, 8, 1024, 512] tg=Some(1024) count=24 pass=0 arm=49f88ec486a7766a.pp16 marginal_us=638.319 single_us=639.458
ab group sha=49f88ec486a7766a threads=1024 extents=[1000, 8, 1024, 512] tg=Some(1024) count=24 pass=0 arm=49f88ec486a7766a.pp4 marginal_us=404.131 single_us=407.292
ab group sha=49f88ec486a7766a threads=1024 extents=[1000, 8, 1024, 512] tg=Some(1024) count=24 pass=0 arm=49f88ec486a7766a.pp8 marginal_us=402.778 single_us=404.667
ab group sha=49f88ec486a7766a threads=1024 extents=[1000, 8, 1024, 512] tg=Some(1024) count=24 pass=0 arm=49f88ec486a7766a.ppctrl marginal_us=423.364 single_us=426.833
ab group sha=49f88ec486a7766a threads=1024 extents=[1000, 8, 1024, 512] tg=Some(1024) count=24 pass=0 arm=49f88ec486a7766a.ppgrid32 marginal_us=197.736 single_us=201.875
ab cell label=process wall_ms=4008.475 cpu_ms=961.644 cpu_pct=24.0 rss_peak_mb=1621.4 footprint_mb=247.2 gpu_alloc_mb=1516.5 load_before=3.37 load_after=3.42
