m0 decode: generated_tokens=24 text="# Walkthrough of the `proxima` Project\n\nThe provided documentation describes **proxima**, a high-level,"
m0 capture: step=23 dispatches_with_threads=653
m0 groups: 81 kernels-by-identity-and-geometry over 653 dispatches
m0 replay: group 0/81
m0 replay: group 50/81
m0 sequence replay: one command buffer, dispatches=653 of 653 captured, gpu_ms=[10.505750076845288, 10.354166617617011, 9.771624929271638]
m0 chunk sequence replay: chunks=8, gpu_ms=[[0.2648750087246299, 0.3456666599959135, 0.4564583068713546, 0.699375057592988, 0.8940832922235131, 1.2213749578222632, 2.1813749335706234, 3.8632083451375365], [0.2607500646263361, 0.34241669345647097, 0.5105416057631373, 0.7027083775028586, 0.8820000803098083, 1.2126249494031072, 2.109666704200208, 3.7899999879300594], [0.2605416812002659, 0.33599999733269215, 0.45583327300846577, 0.6970000686123967, 0.8886666037142277, 1.210374990478158, 2.1042500156909227, 3.806374967098236]]
m0 family sequence replay excludes 0 unreplayable dispatches of 653
m0 family sequence replay: family=attention dispatches=70 runs=7 gpu_ms_mean=1.0346 gpu_ms_min=1.0110 cov_pct=2.75
m0 family sequence replay: family=head dispatches=1 runs=7 gpu_ms_mean=1.0990 gpu_ms_min=1.0860 cov_pct=0.69
m0 family sequence replay: family=norms dispatches=242 runs=7 gpu_ms_mean=2.1182 gpu_ms_min=2.0410 cov_pct=4.25
m0 family sequence replay: family=other_matvec dispatches=2 runs=7 gpu_ms_mean=0.1315 gpu_ms_min=0.1282 cov_pct=2.96
m0 family sequence replay: family=q4_0_matvec dispatches=275 runs=7 gpu_ms_mean=4.8951 gpu_ms_min=4.7718 cov_pct=2.63
m0 family sequence replay: family=rope_copy_elementwise dispatches=63 runs=7 gpu_ms_mean=0.2525 gpu_ms_min=0.2409 cov_pct=7.33

class                                     disp/step us/disp cold  total us cold   % step | us/disp -flr   total -flr | us/disp marg   total marg
matvec Q4_0                                     275        18.90         5197.4    52.7% |        11.02       3031.7 |        14.59       4013.6
RMSNorm sumsq + fused epilogue                  242        11.63         2814.2    28.5% |         3.75        908.4 |         5.93       1435.8
head                                              1      1148.87         1148.9    11.7% |      1141.00       1141.0 |      1085.34       1085.3
cached attention partial                         35        26.75          936.3     9.5% |        18.87        660.6 |        23.79        832.6
cached attention merge                           35         8.45          295.9     3.0% |         0.58         20.3 |         5.49        192.2
UNCLASSIFIED omega_elementwise_twin_r3_n4_fused_multiply_o0_o1__multiply_o2_o3__subtract_s0_s1_fused_multiply_o0_o3__multiply_o2_o1__add_s0_s1         35         6.38          223.4     2.3% |         0.00          0.0 |         3.73        130.7
matvec Float16                                    1       119.81          119.8     1.2% |       111.94        111.9 |       114.98        115.0
UNCLASSIFIED omega_elementwise_twin_r3_n4_fused_multiply_o0_o1__multiply_o2_o3__add_s0_s1_fused_multiply_o0_o3__multiply_o2_o1__subtract_s0_s1         15         5.12           76.8     0.8% |         0.00          0.0 |         2.65         39.7
elementwise fused_identity_o0__multiply_s0_o1_g10          2        18.06           36.1     0.4% |        10.19         20.4 |        15.11         30.2
UNCLASSIFIED omega_reduce_r3_o2_n5_fused_equal_o0_o1__add_o2_o3__select_s0_s1_o4_minimum_positive_infinity          1        15.13           15.1     0.2% |         7.25          7.2 |        10.53         10.5
identity copy                                     2         7.10           14.2     0.1% |         0.58          1.2 |         4.14          8.3
softmax max                                       2         7.06           14.1     0.1% |         0.25          0.5 |         4.17          8.3
matvec f32                                        1        12.17           12.2     0.1% |         4.29          4.3 |         8.19          8.2
iota                                              2         4.25            8.5     0.1% |         0.00          0.0 |         1.86          3.7
softmax sum                                       1         6.13            6.1     0.1% |         0.00          0.0 |         2.98          3.0
elementwise identity_g1                           1         6.00            6.0     0.1% |         0.00          0.0 |         3.19          3.2
UNCLASSIFIED omega_reduce_r2_o1_n1_identity_minimum_positive_infinity          1         5.88            5.9     0.1% |         0.00          0.0 |         2.71          2.7
elementwise multiply                              1         5.50            5.5     0.1% |         0.00          0.0 |         2.91          2.9

m0 floor: empty command buffer GPU span median=7.88 us min=3.50 us max=11.00 us n=200
m0 step (captured step 23, last evaluation that ran): rows_evaluated=Some(1) tokens_committed=Some(1) gpu_busy_ms=Some(9.85816668253392) gpu_exec_ms=Some(4.896583) physical_dispatch_calls=Some(653)
m0 step (median over logged evaluations at step >= 2, mixed widths): gpu_busy_ms=9.978 gpu_exec_ms=8.929
m0 reconcile: sum(median x count) [cold]=10936.3 us; ratio to gpu_busy_ms=1.109; ratio to gpu_exec_ms=2.233
m0 reconcile: sum(median x count) [cold-minus-floor]=5907.5 us; ratio to gpu_busy_ms=0.599; ratio to gpu_exec_ms=1.206
m0 reconcile: sum(median x count) [warm]=10945.7 us; ratio to gpu_busy_ms=1.110; ratio to gpu_exec_ms=2.235
m0 reconcile: sum(median x count) [marginal]=7926.1 us; ratio to gpu_busy_ms=0.804; ratio to gpu_exec_ms=1.619
m0 invariant 1: sum(group members)=653 captured_dispatches=653 physical_dispatch_calls_logged=Some(653) capture_step_is_last_logged_step=true
m0 replay failures: 0
m0 unreplayable by capture: groups=0 dispatches=0
