ab capture excludes 0 unreplayable dispatches of 369
ab capture: step=0 dispatches=369 groups=21
ab res sha=49f88ec486a7766a arm=base tg_static_bytes=10368 max_threads=896 exec_width=32 bound_buffer_bytes=90443524 iters=50 cell label=49f88ec486a7766a:base wall_ms=128.624 cpu_ms=3.272 cpu_pct=2.5 rss_peak_mb=1616.9 footprint_mb=203.5 gpu_alloc_mb=1516.5 load_before=3.14 load_after=3.14
ab res sha=49f88ec486a7766a arm=49f88ec486a7766a.ctrl tg_static_bytes=10368 max_threads=896 exec_width=32 bound_buffer_bytes=90443524 iters=50 cell label=49f88ec486a7766a:49f88ec486a7766a.ctrl wall_ms=119.672 cpu_ms=3.219 cpu_pct=2.7 rss_peak_mb=1616.9 footprint_mb=203.5 gpu_alloc_mb=1516.5 load_before=3.14 load_after=3.14
ab res sha=49f88ec486a7766a arm=49f88ec486a7766a.floatstage tg_static_bytes=14464 max_threads=768 exec_width=32 bound_buffer_bytes=90443524 iters=50 cell label=49f88ec486a7766a:49f88ec486a7766a.floatstage wall_ms=130.627 cpu_ms=3.098 cpu_pct=2.4 rss_peak_mb=1616.9 footprint_mb=203.5 gpu_alloc_mb=1516.5 load_before=3.14 load_after=3.14
ab res sha=49f88ec486a7766a arm=49f88ec486a7766a.noact tg_static_bytes=10368 max_threads=896 exec_width=32 bound_buffer_bytes=90443524 iters=50 cell label=49f88ec486a7766a:49f88ec486a7766a.noact wall_ms=116.854 cpu_ms=3.245 cpu_pct=2.8 rss_peak_mb=1616.9 footprint_mb=203.5 gpu_alloc_mb=1516.5 load_before=3.14 load_after=3.14
ab res sha=49f88ec486a7766a arm=49f88ec486a7766a.nodequant tg_static_bytes=10368 max_threads=1024 exec_width=32 bound_buffer_bytes=90443524 iters=50 cell label=49f88ec486a7766a:49f88ec486a7766a.nodequant wall_ms=108.940 cpu_ms=3.009 cpu_pct=2.8 rss_peak_mb=1616.9 footprint_mb=203.5 gpu_alloc_mb=1516.5 load_before=3.14 load_after=3.14
ab res sha=49f88ec486a7766a arm=49f88ec486a7766a.noloads tg_static_bytes=10368 max_threads=1024 exec_width=32 bound_buffer_bytes=90443524 iters=50 cell label=49f88ec486a7766a:49f88ec486a7766a.noloads wall_ms=106.310 cpu_ms=3.093 cpu_pct=2.9 rss_peak_mb=1616.9 footprint_mb=203.5 gpu_alloc_mb=1516.5 load_before=3.14 load_after=3.14
ab res sha=49f88ec486a7766a arm=49f88ec486a7766a.nomma tg_static_bytes=10368 max_threads=1024 exec_width=32 bound_buffer_bytes=90443524 iters=50 cell label=49f88ec486a7766a:49f88ec486a7766a.nomma wall_ms=74.368 cpu_ms=2.893 cpu_pct=3.9 rss_peak_mb=1616.9 footprint_mb=203.5 gpu_alloc_mb=1516.5 load_before=3.14 load_after=3.14
ab res sha=49f88ec486a7766a arm=49f88ec486a7766a.nostage tg_static_bytes=10368 max_threads=1024 exec_width=32 bound_buffer_bytes=90443524 iters=50 cell label=49f88ec486a7766a:49f88ec486a7766a.nostage wall_ms=96.460 cpu_ms=3.014 cpu_pct=3.1 rss_peak_mb=1616.9 footprint_mb=203.5 gpu_alloc_mb=1516.5 load_before=3.14 load_after=3.14
ab res sha=49f88ec486a7766a arm=49f88ec486a7766a.nowrite tg_static_bytes=10368 max_threads=896 exec_width=32 bound_buffer_bytes=90443524 iters=50 cell label=49f88ec486a7766a:49f88ec486a7766a.nowrite wall_ms=119.818 cpu_ms=3.260 cpu_pct=2.7 rss_peak_mb=1616.9 footprint_mb=203.5 gpu_alloc_mb=1516.5 load_before=3.14 load_after=3.14
ab res sha=49f88ec486a7766a arm=49f88ec486a7766a.unroll2 tg_static_bytes=14464 max_threads=768 exec_width=32 bound_buffer_bytes=90443524 iters=50 cell label=49f88ec486a7766a:49f88ec486a7766a.unroll2 wall_ms=120.249 cpu_ms=3.073 cpu_pct=2.6 rss_peak_mb=1616.9 footprint_mb=203.5 gpu_alloc_mb=1516.5 load_before=3.14 load_after=3.14
ab bits sha=49f88ec486a7766a threads=288768 extents=[1000, 8, 1024, 512] arm=base elements=4096000 differing=0 max_ulp=0 max_abs=0e0 max_abs_over_largest=0e0
ab bits sha=49f88ec486a7766a threads=288768 extents=[1000, 8, 1024, 512] arm=49f88ec486a7766a.ctrl elements=4096000 differing=0 max_ulp=0 max_abs=0e0 max_abs_over_largest=0e0
ab bits sha=49f88ec486a7766a threads=288768 extents=[1000, 8, 1024, 512] arm=49f88ec486a7766a.floatstage elements=4096000 differing=0 max_ulp=0 max_abs=0e0 max_abs_over_largest=0e0
ab bits sha=49f88ec486a7766a threads=288768 extents=[1000, 8, 1024, 512] arm=49f88ec486a7766a.noact elements=4096000 differing=4094342 max_ulp=2169906365 max_abs=5.6267166e1 max_abs_over_largest=1.0065713e0
ab bits sha=49f88ec486a7766a threads=288768 extents=[1000, 8, 1024, 512] arm=49f88ec486a7766a.nodequant elements=4096000 differing=4096000 max_ulp=2241602652 max_abs=3.018029e2 max_abs_over_largest=5.398995e0
ab bits sha=49f88ec486a7766a threads=288768 extents=[1000, 8, 1024, 512] arm=49f88ec486a7766a.noloads elements=4096000 differing=4096000 max_ulp=2241612536 max_abs=2.950732e2 max_abs_over_largest=5.2786064e0
ab bits sha=49f88ec486a7766a threads=288768 extents=[1000, 8, 1024, 512] arm=49f88ec486a7766a.nomma elements=4096000 differing=4094342 max_ulp=1113561453 max_abs=5.589983e1 max_abs_over_largest=1e0
ab bits sha=49f88ec486a7766a threads=288768 extents=[1000, 8, 1024, 512] arm=49f88ec486a7766a.nostage elements=4096000 differing=4096000 max_ulp=3252439800 max_abs=inf max_abs_over_largest=inf
ab bits sha=49f88ec486a7766a threads=288768 extents=[1000, 8, 1024, 512] arm=49f88ec486a7766a.nowrite elements=4096000 differing=4096000 max_ulp=2540806221 max_abs=1.4660155e13 max_abs_over_largest=2.6225759e11
ab bits sha=49f88ec486a7766a threads=288768 extents=[1000, 8, 1024, 512] arm=49f88ec486a7766a.unroll2 elements=4096000 differing=0 max_ulp=0 max_abs=0e0 max_abs_over_largest=0e0
ab group sha=49f88ec486a7766a threads=288768 extents=[1000, 8, 1024, 512] tg=Some(128) count=24 pass=0 arm=base marginal_us=2159.892 single_us=2163.500
ab group sha=49f88ec486a7766a threads=288768 extents=[1000, 8, 1024, 512] tg=Some(128) count=24 pass=0 arm=49f88ec486a7766a.ctrl marginal_us=2160.042 single_us=2163.250
ab group sha=49f88ec486a7766a threads=288768 extents=[1000, 8, 1024, 512] tg=Some(128) count=24 pass=0 arm=49f88ec486a7766a.floatstage marginal_us=2382.797 single_us=2389.375
ab group sha=49f88ec486a7766a threads=288768 extents=[1000, 8, 1024, 512] tg=Some(128) count=24 pass=0 arm=49f88ec486a7766a.noact marginal_us=2087.661 single_us=2090.208
ab group sha=49f88ec486a7766a threads=288768 extents=[1000, 8, 1024, 512] tg=Some(128) count=24 pass=0 arm=49f88ec486a7766a.nodequant marginal_us=1926.633 single_us=1930.500
ab group sha=49f88ec486a7766a threads=288768 extents=[1000, 8, 1024, 512] tg=Some(128) count=24 pass=0 arm=49f88ec486a7766a.noloads marginal_us=1881.497 single_us=1885.625
ab group sha=49f88ec486a7766a threads=288768 extents=[1000, 8, 1024, 512] tg=Some(128) count=24 pass=0 arm=49f88ec486a7766a.nomma marginal_us=1257.575 single_us=1279.625
ab group sha=49f88ec486a7766a threads=288768 extents=[1000, 8, 1024, 512] tg=Some(128) count=24 pass=0 arm=49f88ec486a7766a.nostage marginal_us=1683.308 single_us=1688.083
ab group sha=49f88ec486a7766a threads=288768 extents=[1000, 8, 1024, 512] tg=Some(128) count=24 pass=0 arm=49f88ec486a7766a.nowrite marginal_us=2160.150 single_us=2166.250
ab group sha=49f88ec486a7766a threads=288768 extents=[1000, 8, 1024, 512] tg=Some(128) count=24 pass=0 arm=49f88ec486a7766a.unroll2 marginal_us=2175.758 single_us=2179.250
ab res sha=49f88ec486a7766a arm=base tg_static_bytes=10368 max_threads=896 exec_width=32 bound_buffer_bytes=74059524 iters=50 cell label=49f88ec486a7766a:base wall_ms=132.952 cpu_ms=3.319 cpu_pct=2.5 rss_peak_mb=1616.9 footprint_mb=280.7 gpu_alloc_mb=1516.5 load_before=3.12 load_after=3.12
ab res sha=49f88ec486a7766a arm=49f88ec486a7766a.ctrl tg_static_bytes=10368 max_threads=896 exec_width=32 bound_buffer_bytes=74059524 iters=50 cell label=49f88ec486a7766a:49f88ec486a7766a.ctrl wall_ms=133.200 cpu_ms=3.494 cpu_pct=2.6 rss_peak_mb=1616.9 footprint_mb=280.7 gpu_alloc_mb=1516.5 load_before=3.12 load_after=3.12
ab res sha=49f88ec486a7766a arm=49f88ec486a7766a.floatstage tg_static_bytes=14464 max_threads=768 exec_width=32 bound_buffer_bytes=74059524 iters=50 cell label=49f88ec486a7766a:49f88ec486a7766a.floatstage wall_ms=145.139 cpu_ms=3.228 cpu_pct=2.2 rss_peak_mb=1616.9 footprint_mb=280.7 gpu_alloc_mb=1516.5 load_before=3.12 load_after=3.12
ab res sha=49f88ec486a7766a arm=49f88ec486a7766a.noact tg_static_bytes=10368 max_threads=896 exec_width=32 bound_buffer_bytes=74059524 iters=50 cell label=49f88ec486a7766a:49f88ec486a7766a.noact wall_ms=128.553 cpu_ms=3.051 cpu_pct=2.4 rss_peak_mb=1616.9 footprint_mb=280.7 gpu_alloc_mb=1516.5 load_before=3.12 load_after=3.12
ab res sha=49f88ec486a7766a arm=49f88ec486a7766a.nodequant tg_static_bytes=10368 max_threads=1024 exec_width=32 bound_buffer_bytes=74059524 iters=50 cell label=49f88ec486a7766a:49f88ec486a7766a.nodequant wall_ms=117.060 cpu_ms=3.530 cpu_pct=3.0 rss_peak_mb=1616.9 footprint_mb=280.7 gpu_alloc_mb=1516.5 load_before=3.12 load_after=3.12
ab res sha=49f88ec486a7766a arm=49f88ec486a7766a.noloads tg_static_bytes=10368 max_threads=1024 exec_width=32 bound_buffer_bytes=74059524 iters=50 cell label=49f88ec486a7766a:49f88ec486a7766a.noloads wall_ms=114.014 cpu_ms=3.223 cpu_pct=2.8 rss_peak_mb=1616.9 footprint_mb=280.7 gpu_alloc_mb=1516.5 load_before=3.12 load_after=3.12
ab res sha=49f88ec486a7766a arm=49f88ec486a7766a.nomma tg_static_bytes=10368 max_threads=1024 exec_width=32 bound_buffer_bytes=74059524 iters=50 cell label=49f88ec486a7766a:49f88ec486a7766a.nomma wall_ms=87.640 cpu_ms=2.940 cpu_pct=3.4 rss_peak_mb=1616.9 footprint_mb=280.7 gpu_alloc_mb=1516.5 load_before=3.12 load_after=3.12
ab res sha=49f88ec486a7766a arm=49f88ec486a7766a.nostage tg_static_bytes=10368 max_threads=1024 exec_width=32 bound_buffer_bytes=74059524 iters=50 cell label=49f88ec486a7766a:49f88ec486a7766a.nostage wall_ms=104.025 cpu_ms=3.155 cpu_pct=3.0 rss_peak_mb=1616.9 footprint_mb=280.7 gpu_alloc_mb=1516.5 load_before=3.12 load_after=3.12
ab res sha=49f88ec486a7766a arm=49f88ec486a7766a.nowrite tg_static_bytes=10368 max_threads=896 exec_width=32 bound_buffer_bytes=74059524 iters=50 cell label=49f88ec486a7766a:49f88ec486a7766a.nowrite wall_ms=132.354 cpu_ms=3.073 cpu_pct=2.3 rss_peak_mb=1616.9 footprint_mb=280.7 gpu_alloc_mb=1516.5 load_before=3.12 load_after=3.12
ab res sha=49f88ec486a7766a arm=49f88ec486a7766a.unroll2 tg_static_bytes=14464 max_threads=768 exec_width=32 bound_buffer_bytes=74059524 iters=50 cell label=49f88ec486a7766a:49f88ec486a7766a.unroll2 wall_ms=136.223 cpu_ms=3.298 cpu_pct=2.4 rss_peak_mb=1616.9 footprint_mb=280.7 gpu_alloc_mb=1516.5 load_before=3.12 load_after=3.12
ab bits sha=49f88ec486a7766a threads=577536 extents=[1000, 8, 512, 1024] arm=base elements=8192000 differing=0 max_ulp=0 max_abs=0e0 max_abs_over_largest=0e0
ab bits sha=49f88ec486a7766a threads=577536 extents=[1000, 8, 512, 1024] arm=49f88ec486a7766a.ctrl elements=8192000 differing=0 max_ulp=0 max_abs=0e0 max_abs_over_largest=0e0
ab bits sha=49f88ec486a7766a threads=577536 extents=[1000, 8, 512, 1024] arm=49f88ec486a7766a.floatstage elements=8192000 differing=0 max_ulp=0 max_abs=0e0 max_abs_over_largest=0e0
ab bits sha=49f88ec486a7766a threads=577536 extents=[1000, 8, 512, 1024] arm=49f88ec486a7766a.noact elements=8192000 differing=8192000 max_ulp=2173098903 max_abs=6.827084e1 max_abs_over_largest=1.0021664e0
ab bits sha=49f88ec486a7766a threads=577536 extents=[1000, 8, 512, 1024] arm=49f88ec486a7766a.nodequant elements=8192000 differing=8192000 max_ulp=2257730749 max_abs=9.703367e2 max_abs_over_largest=1.4243837e1
ab bits sha=49f88ec486a7766a threads=577536 extents=[1000, 8, 512, 1024] arm=49f88ec486a7766a.noloads elements=8192000 differing=8192000 max_ulp=2240298780 max_abs=1.9612326e2 max_abs_over_largest=2.878947e0
ab bits sha=49f88ec486a7766a threads=577536 extents=[1000, 8, 512, 1024] arm=49f88ec486a7766a.nomma elements=8192000 differing=8192000 max_ulp=1116225308 max_abs=6.812326e1 max_abs_over_largest=1e0
ab bits sha=49f88ec486a7766a threads=577536 extents=[1000, 8, 512, 1024] arm=49f88ec486a7766a.nostage elements=8192000 differing=8192000 max_ulp=3259514652 max_abs=inf max_abs_over_largest=inf
ab bits sha=49f88ec486a7766a threads=577536 extents=[1000, 8, 512, 1024] arm=49f88ec486a7766a.nowrite elements=8192000 differing=8192000 max_ulp=2547881073 max_abs=1.4660155e13 max_abs_over_largest=2.1520043e11
ab bits sha=49f88ec486a7766a threads=577536 extents=[1000, 8, 512, 1024] arm=49f88ec486a7766a.unroll2 elements=8192000 differing=0 max_ulp=0 max_abs=0e0 max_abs_over_largest=0e0
ab group sha=49f88ec486a7766a threads=577536 extents=[1000, 8, 512, 1024] tg=Some(128) count=24 pass=0 arm=base marginal_us=2402.625 single_us=2406.250
ab group sha=49f88ec486a7766a threads=577536 extents=[1000, 8, 512, 1024] tg=Some(128) count=24 pass=0 arm=49f88ec486a7766a.ctrl marginal_us=2403.381 single_us=2407.625
ab group sha=49f88ec486a7766a threads=577536 extents=[1000, 8, 512, 1024] tg=Some(128) count=24 pass=0 arm=49f88ec486a7766a.floatstage marginal_us=2657.958 single_us=2662.458
ab group sha=49f88ec486a7766a threads=577536 extents=[1000, 8, 512, 1024] tg=Some(128) count=24 pass=0 arm=49f88ec486a7766a.noact marginal_us=2328.972 single_us=2335.750
ab group sha=49f88ec486a7766a threads=577536 extents=[1000, 8, 512, 1024] tg=Some(128) count=24 pass=0 arm=49f88ec486a7766a.nodequant marginal_us=2081.306 single_us=2089.042
ab group sha=49f88ec486a7766a threads=577536 extents=[1000, 8, 512, 1024] tg=Some(128) count=24 pass=0 arm=49f88ec486a7766a.noloads marginal_us=2037.861 single_us=2043.292
ab group sha=49f88ec486a7766a threads=577536 extents=[1000, 8, 512, 1024] tg=Some(128) count=24 pass=0 arm=49f88ec486a7766a.nomma marginal_us=1513.225 single_us=1547.125
ab group sha=49f88ec486a7766a threads=577536 extents=[1000, 8, 512, 1024] tg=Some(128) count=24 pass=0 arm=49f88ec486a7766a.nostage marginal_us=1841.597 single_us=1846.750
ab group sha=49f88ec486a7766a threads=577536 extents=[1000, 8, 512, 1024] tg=Some(128) count=24 pass=0 arm=49f88ec486a7766a.nowrite marginal_us=2401.797 single_us=2408.917
ab group sha=49f88ec486a7766a threads=577536 extents=[1000, 8, 512, 1024] tg=Some(128) count=24 pass=0 arm=49f88ec486a7766a.unroll2 marginal_us=2470.556 single_us=2476.083
ab cell label=process wall_ms=25999.010 cpu_ms=1252.334 cpu_pct=4.8 rss_peak_mb=1616.9 footprint_mb=249.7 gpu_alloc_mb=1516.5 load_before=3.14 load_after=3.02
