m0 decode: generated_tokens=24 text="A **large office building** is smaller in size than a hippopotamus.\n\nHere's why:\n\n*"
m0 capture: step=23 dispatches_with_threads=653
m0 groups: 81 kernels-by-identity-and-geometry over 653 dispatches
m0 replay: group 0/81
m0 replay: group 50/81
m0 sequence replay: one command buffer, dispatches=653 of 653 captured, gpu_ms=[10.281416587531567, 10.120208258740604, 10.428125038743019]
m0 chunk sequence replay: chunks=8, gpu_ms=[[0.260666711255908, 1.1429584119468927, 1.082916627638042, 1.119916676543653, 1.4071250334382057, 1.5691249864175916, 1.4481249963864684, 2.428125008009374], [0.26270828675478697, 1.0999583173543215, 1.056874985806644, 1.1222916655242443, 1.396375009790063, 1.58120843116194, 1.441999920643866, 2.440166659653187], [0.262125045992434, 1.1320416815578938, 1.0736666154116392, 1.1417500209063292, 1.3982499949634075, 1.5690833097323775, 1.4381250366568565, 2.425250015221536]]
m0 family sequence replay excludes 0 unreplayable dispatches of 653
m0 family sequence replay: family=attention dispatches=70 runs=7 gpu_ms_mean=0.7506 gpu_ms_min=0.7291 cov_pct=1.51
m0 family sequence replay: family=head dispatches=1 runs=7 gpu_ms_mean=1.0995 gpu_ms_min=1.0828 cov_pct=0.72
m0 family sequence replay: family=norms dispatches=242 runs=7 gpu_ms_mean=2.6869 gpu_ms_min=2.6151 cov_pct=1.36
m0 family sequence replay: family=other_matvec dispatches=2 runs=7 gpu_ms_mean=0.1333 gpu_ms_min=0.1325 cov_pct=0.66
m0 family sequence replay: family=q4_0_matvec dispatches=275 runs=7 gpu_ms_mean=5.2063 gpu_ms_min=5.1601 cov_pct=0.52
m0 family sequence replay: family=rope_copy_elementwise dispatches=63 runs=7 gpu_ms_mean=0.5738 gpu_ms_min=0.5655 cov_pct=1.17

class                                     disp/step us/disp cold  total us cold   % step | us/disp -flr   total -flr | us/disp marg   total marg
matvec Q4_0                                     275        18.83         5179.3    49.7% |        10.96       3013.7 |        14.79       4068.1
RMSNorm sumsq + fused epilogue                  242        12.63         3056.5    29.3% |         4.75       1150.7 |         6.26       1514.5
head                                              1      1140.65         1140.6    10.9% |      1132.77       1132.8 |      1082.76       1082.8
cached attention partial                         35        17.94          628.0     6.0% |        10.07        352.3 |        10.84        379.6
UNCLASSIFIED omega_elementwise_twin_r3_n4_fused_multiply_o0_o1__multiply_o2_o3__subtract_s0_s1_fused_multiply_o0_o3__multiply_o2_o1__add_s0_s1         35        13.82          483.9     4.6% |         5.95        208.2 |        13.39        468.8
cached attention merge                           35         8.02          280.9     2.7% |         0.35         12.3 |         5.66        198.1
matvec Float16                                    1       118.48          118.5     1.1% |       110.60        110.6 |       114.04        114.0
UNCLASSIFIED omega_elementwise_twin_r3_n4_fused_multiply_o0_o1__multiply_o2_o3__add_s0_s1_fused_multiply_o0_o3__multiply_o2_o1__subtract_s0_s1         15         5.80           87.1     0.8% |         0.00          0.0 |         3.89         58.3
elementwise fused_identity_o0__multiply_s0_o1_g10          2        18.40           36.8     0.4% |        10.52         21.0 |        12.30         24.6
UNCLASSIFIED omega_reduce_r3_o2_n5_fused_equal_o0_o1__add_o2_o3__select_s0_s1_o4_minimum_positive_infinity          1        15.25           15.3     0.1% |         7.38          7.4 |        10.12         10.1
identity copy                                     2         7.05           14.1     0.1% |         0.50          1.0 |         4.76          9.5
softmax max                                       2         7.05           14.1     0.1% |         0.33          0.7 |         4.06          8.1
matvec f32                                        1        13.48           13.5     0.1% |         5.60          5.6 |         9.78          9.8
iota                                              2         4.08            8.2     0.1% |         0.00          0.0 |         2.12          4.2
softmax sum                                       1         6.31            6.3     0.1% |         0.00          0.0 |         2.68          2.7
elementwise identity_g1                           1         6.25            6.3     0.1% |         0.00          0.0 |         3.90          3.9
UNCLASSIFIED omega_reduce_r2_o1_n1_identity_minimum_positive_infinity          1         6.10            6.1     0.1% |         0.00          0.0 |         2.99          3.0
elementwise multiply                              1         5.42            5.4     0.1% |         0.00          0.0 |         2.95          2.9

m0 floor: empty command buffer GPU span median=7.88 us min=7.54 us max=12.17 us n=200
m0 step (captured step 23, last evaluation that ran): rows_evaluated=Some(1) tokens_committed=Some(1) gpu_busy_ms=Some(10.421708226203918) gpu_exec_ms=Some(5.419208) physical_dispatch_calls=Some(653)
m0 step (median over logged evaluations at step >= 2, mixed widths): gpu_busy_ms=10.396 gpu_exec_ms=5.358
m0 reconcile: sum(median x count) [cold]=11100.6 us; ratio to gpu_busy_ms=1.065; ratio to gpu_exec_ms=2.048
m0 reconcile: sum(median x count) [cold-minus-floor]=6016.3 us; ratio to gpu_busy_ms=0.577; ratio to gpu_exec_ms=1.110
m0 reconcile: sum(median x count) [warm]=11304.2 us; ratio to gpu_busy_ms=1.085; ratio to gpu_exec_ms=2.086
m0 reconcile: sum(median x count) [marginal]=7963.1 us; ratio to gpu_busy_ms=0.764; ratio to gpu_exec_ms=1.469
m0 invariant 1: sum(group members)=653 captured_dispatches=653 physical_dispatch_calls_logged=Some(653) capture_step_is_last_logged_step=true
m0 replay failures: 0
m0 unreplayable by capture: groups=0 dispatches=0
