m0 decode: generated_tokens=24 text="A **large office building** is smaller in size than a hippopotamus.\n\nHere's why:\n\n*"
m0 capture: step=23 dispatches_with_threads=653
m0 groups: 81 kernels-by-identity-and-geometry over 653 dispatches
m0 replay: group 0/81
m0 replay: group 50/81
m0 sequence replay: one command buffer, dispatches=653 of 653 captured, gpu_ms=[9.714083396829665, 9.618125041015446, 9.664124925620854]
m0 chunk sequence replay: chunks=8, gpu_ms=[[0.2618333091959357, 1.0462083155289292, 1.055458327755332, 1.1374999303370714, 1.3881250051781535, 1.5697500202804804, 1.4226667117327452, 2.3962915875017643], [0.2619166625663638, 1.1042499681934714, 1.087249955162406, 1.1052499758079648, 1.3777499552816153, 1.5396666713058949, 1.3771249214187264, 2.435875008814037], [0.2604583278298378, 1.1396249756217003, 1.115541672334075, 1.1515000369399786, 1.4003749238327146, 1.5815832884982228, 1.4570000348612666, 2.442000084556639]]
m0 family sequence replay excludes 0 unreplayable dispatches of 653
m0 family sequence replay: family=attention dispatches=70 runs=7 gpu_ms_mean=0.7029 gpu_ms_min=0.6518 cov_pct=5.54
m0 family sequence replay: family=head dispatches=1 runs=7 gpu_ms_mean=1.1080 gpu_ms_min=1.1012 cov_pct=0.85
m0 family sequence replay: family=norms dispatches=242 runs=7 gpu_ms_mean=2.4807 gpu_ms_min=2.3543 cov_pct=5.27
m0 family sequence replay: family=other_matvec dispatches=2 runs=7 gpu_ms_mean=0.1312 gpu_ms_min=0.1297 cov_pct=1.07
m0 family sequence replay: family=q4_0_matvec dispatches=275 runs=7 gpu_ms_mean=4.9372 gpu_ms_min=4.7927 cov_pct=2.83
m0 family sequence replay: family=rope_copy_elementwise dispatches=63 runs=7 gpu_ms_mean=0.5364 gpu_ms_min=0.5036 cov_pct=5.59

class                                     disp/step us/disp cold  total us cold   % step | us/disp -flr   total -flr | us/disp marg   total marg
matvec Q4_0                                     275        18.81         5172.5    49.4% |        10.58       2910.2 |        14.84       4080.0
RMSNorm sumsq + fused epilogue                  242        12.67         3065.1    29.2% |         4.44       1073.7 |         5.86       1418.6
head                                              1      1145.44         1145.4    10.9% |      1137.21       1137.2 |      1082.01       1082.0
cached attention partial                         35        17.95          628.3     6.0% |         9.72        340.2 |        12.10        423.3
UNCLASSIFIED omega_elementwise_twin_r3_n4_fused_multiply_o0_o1__multiply_o2_o3__subtract_s0_s1_fused_multiply_o0_o3__multiply_o2_o1__add_s0_s1         35        13.60          475.9     4.5% |         5.37        187.8 |        12.62        441.7
cached attention merge                           35         8.22          287.9     2.7% |         0.28          9.8 |         6.01        210.5
matvec Float16                                    1       118.02          118.0     1.1% |       109.79        109.8 |       114.09        114.1
UNCLASSIFIED omega_elementwise_twin_r3_n4_fused_multiply_o0_o1__multiply_o2_o3__add_s0_s1_fused_multiply_o0_o3__multiply_o2_o1__subtract_s0_s1         15         5.86           87.9     0.8% |         0.00          0.0 |         3.91         58.6
elementwise fused_identity_o0__multiply_s0_o1_g10          2        18.69           37.4     0.4% |        10.46         20.9 |        13.30         26.6
UNCLASSIFIED omega_reduce_r3_o2_n5_fused_equal_o0_o1__add_o2_o3__select_s0_s1_o4_minimum_positive_infinity          1        15.21           15.2     0.1% |         6.98          7.0 |        11.49         11.5
softmax max                                       2         7.47           14.9     0.1% |         0.40          0.8 |         4.29          8.6
identity copy                                     2         6.99           14.0     0.1% |         0.46          0.9 |         4.66          9.3
matvec f32                                        1        12.63           12.6     0.1% |         4.40          4.4 |         9.11          9.1
iota                                              2         4.73            9.5     0.1% |         0.00          0.0 |         2.21          4.4
softmax sum                                       1         6.25            6.2     0.1% |         0.00          0.0 |         2.56          2.6
elementwise identity_g1                           1         6.25            6.2     0.1% |         0.00          0.0 |         4.34          4.3
UNCLASSIFIED omega_reduce_r2_o1_n1_identity_minimum_positive_infinity          1         6.25            6.2     0.1% |         0.00          0.0 |         2.66          2.7
elementwise multiply                              1         5.33            5.3     0.1% |         0.00          0.0 |         2.54          2.5

m0 floor: empty command buffer GPU span median=8.23 us min=6.79 us max=10.54 us n=200
m0 step (captured step 23, last evaluation that ran): rows_evaluated=Some(1) tokens_committed=Some(1) gpu_busy_ms=Some(10.480000055395067) gpu_exec_ms=Some(5.586125) physical_dispatch_calls=Some(653)
m0 step (median over logged evaluations at step >= 2, mixed widths): gpu_busy_ms=10.422 gpu_exec_ms=5.255
m0 reconcile: sum(median x count) [cold]=11108.6 us; ratio to gpu_busy_ms=1.060; ratio to gpu_exec_ms=1.989
m0 reconcile: sum(median x count) [cold-minus-floor]=5802.7 us; ratio to gpu_busy_ms=0.554; ratio to gpu_exec_ms=1.039
m0 reconcile: sum(median x count) [warm]=11206.8 us; ratio to gpu_busy_ms=1.069; ratio to gpu_exec_ms=2.006
m0 reconcile: sum(median x count) [marginal]=7910.5 us; ratio to gpu_busy_ms=0.755; ratio to gpu_exec_ms=1.416
m0 invariant 1: sum(group members)=653 captured_dispatches=653 physical_dispatch_calls_logged=Some(653) capture_step_is_last_logged_step=true
m0 replay failures: 0
m0 unreplayable by capture: groups=0 dispatches=0
