m0 decode: generated_tokens=24 text="A **large office building** is smaller in size than a hippopotamus.\n\nHere's why:\n\n*"
m0 capture: step=23 dispatches_with_threads=653
m0 groups: 81 kernels-by-identity-and-geometry over 653 dispatches
m0 replay: group 0/81
m0 replay: group 50/81
m0 sequence replay: one command buffer, dispatches=653 of 653 captured, gpu_ms=[9.64112498331815, 9.542624931782484, 10.155083378776908]
m0 chunk sequence replay: chunks=8, gpu_ms=[[0.26949995663017035, 1.1341249337419868, 1.0288750054314733, 1.02508335839957, 1.3208750169724226, 1.5705000841990113, 1.402291702106595, 2.407000050880015], [0.2571666846051812, 1.1606250191107392, 1.0941666550934315, 1.1573749361559749, 1.3977083144709468, 1.564291655085981, 1.45370839163661, 2.4271250003948808], [0.275125028565526, 1.135125057771802, 1.11774995457381, 1.1338749900460243, 1.3985000550746918, 1.5587917296215892, 1.43624993506819, 2.4101249873638153]]
m0 family sequence replay excludes 0 unreplayable dispatches of 653
m0 family sequence replay: family=attention dispatches=70 runs=7 gpu_ms_mean=0.7174 gpu_ms_min=0.6634 cov_pct=3.99
m0 family sequence replay: family=head dispatches=1 runs=7 gpu_ms_mean=1.1060 gpu_ms_min=1.0850 cov_pct=0.80
m0 family sequence replay: family=norms dispatches=242 runs=7 gpu_ms_mean=2.5808 gpu_ms_min=2.4575 cov_pct=3.60
m0 family sequence replay: family=other_matvec dispatches=2 runs=7 gpu_ms_mean=0.1308 gpu_ms_min=0.1292 cov_pct=1.08
m0 family sequence replay: family=q4_0_matvec dispatches=275 runs=7 gpu_ms_mean=5.0080 gpu_ms_min=4.8977 cov_pct=2.47
m0 family sequence replay: family=rope_copy_elementwise dispatches=63 runs=7 gpu_ms_mean=0.5786 gpu_ms_min=0.5199 cov_pct=4.43

class                                     disp/step us/disp cold  total us cold   % step | us/disp -flr   total -flr | us/disp marg   total marg
matvec Q4_0                                     275        18.79         5168.3    50.3% |        10.67       2934.0 |        15.04       4134.7
RMSNorm sumsq + fused epilogue                  242        12.68         3068.6    29.9% |         4.56       1102.3 |         5.63       1362.1
head                                              1      1141.12         1141.1    11.1% |      1133.00       1133.0 |      1081.99       1082.0
cached attention partial                         35        18.14          635.0     6.2% |        10.02        350.6 |        12.10        423.4
UNCLASSIFIED omega_elementwise_twin_r3_n4_fused_multiply_o0_o1__multiply_o2_o3__subtract_s0_s1_fused_multiply_o0_o3__multiply_o2_o1__add_s0_s1         35        13.92          487.2     4.7% |         5.80        202.9 |        14.32        501.2
cached attention merge                           35         8.00          280.0     2.7% |         0.29         10.2 |         5.31        186.0
matvec Float16                                    1       118.12          118.1     1.1% |       110.00        110.0 |       114.84        114.8
UNCLASSIFIED omega_elementwise_twin_r3_n4_fused_multiply_o0_o1__multiply_o2_o3__add_s0_s1_fused_multiply_o0_o3__multiply_o2_o1__subtract_s0_s1         15         5.87           88.0     0.9% |         0.00          0.0 |         3.35         50.3
elementwise fused_identity_o0__multiply_s0_o1_g10          2        18.29           36.6     0.4% |        10.17         20.3 |        12.75         25.5
UNCLASSIFIED omega_reduce_r3_o2_n5_fused_equal_o0_o1__add_o2_o3__select_s0_s1_o4_minimum_positive_infinity          1        15.13           15.1     0.1% |         7.00          7.0 |        10.21         10.2
softmax max                                       2         7.06           14.1     0.1% |         0.25          0.5 |         4.04          8.1
identity copy                                     2         6.82           13.6     0.1% |         0.30          0.6 |         4.58          9.2
matvec f32                                        1        12.79           12.8     0.1% |         4.67          4.7 |         9.78          9.8
iota                                              2         4.25            8.5     0.1% |         0.00          0.0 |         2.22          4.4
elementwise identity_g1                           1         6.25            6.2     0.1% |         0.00          0.0 |         3.35          3.3
softmax sum                                       1         6.15            6.1     0.1% |         0.00          0.0 |         2.55          2.6
UNCLASSIFIED omega_reduce_r2_o1_n1_identity_minimum_positive_infinity          1         5.77            5.8     0.1% |         0.00          0.0 |         2.79          2.8
elementwise multiply                              1         5.50            5.5     0.1% |         0.00          0.0 |         2.79          2.8

m0 floor: empty command buffer GPU span median=8.12 us min=7.79 us max=12.54 us n=200
m0 step (captured step 23, last evaluation that ran): rows_evaluated=Some(1) tokens_committed=Some(1) gpu_busy_ms=Some(10.279125068336725) gpu_exec_ms=Some(4.995) physical_dispatch_calls=Some(653)
m0 step (median over logged evaluations at step >= 2, mixed widths): gpu_busy_ms=10.442 gpu_exec_ms=5.391
m0 reconcile: sum(median x count) [cold]=11110.8 us; ratio to gpu_busy_ms=1.081; ratio to gpu_exec_ms=2.224
m0 reconcile: sum(median x count) [cold-minus-floor]=5876.0 us; ratio to gpu_busy_ms=0.572; ratio to gpu_exec_ms=1.176
m0 reconcile: sum(median x count) [warm]=11227.0 us; ratio to gpu_busy_ms=1.092; ratio to gpu_exec_ms=2.248
m0 reconcile: sum(median x count) [marginal]=7933.2 us; ratio to gpu_busy_ms=0.772; ratio to gpu_exec_ms=1.588
m0 invariant 1: sum(group members)=653 captured_dispatches=653 physical_dispatch_calls_logged=Some(653) capture_step_is_last_logged_step=true
m0 replay failures: 0
m0 unreplayable by capture: groups=0 dispatches=0
