m0 decode: generated_tokens=24 text="A **large office building** is smaller in size than a hippopotamus.\n\nHere's why:\n\n*"
m0 capture: step=23 dispatches_with_threads=653
m0 groups: 81 kernels-by-identity-and-geometry over 653 dispatches
m0 replay: group 0/81
m0 replay: group 50/81
m0 sequence replay: one command buffer, dispatches=653 of 653 captured, gpu_ms=[9.55125002656132, 10.30299998819828, 10.4674999602139]
m0 chunk sequence replay: chunks=8, gpu_ms=[[0.2673750277608633, 1.174208358861506, 1.1172499507665634, 1.1587500339373946, 1.380625064484775, 1.5794583596289158, 1.452916651032865, 2.4197499733418226], [0.266416696831584, 1.1543333530426025, 1.1016249191015959, 1.1355000315234065, 1.4067917363718152, 1.558625022880733, 1.445541623979807, 2.430916647426784], [0.27487496845424175, 1.1548749171197414, 1.1129166232421994, 1.189333270303905, 1.4307915698736906, 1.574625028297305, 1.4464166015386581, 2.4151249090209603]]
m0 family sequence replay excludes 0 unreplayable dispatches of 653
m0 family sequence replay: family=attention dispatches=70 runs=7 gpu_ms_mean=0.7421 gpu_ms_min=0.6614 cov_pct=4.69
m0 family sequence replay: family=head dispatches=1 runs=7 gpu_ms_mean=1.1004 gpu_ms_min=1.0856 cov_pct=0.70
m0 family sequence replay: family=norms dispatches=242 runs=7 gpu_ms_mean=2.6335 gpu_ms_min=2.3691 cov_pct=5.31
m0 family sequence replay: family=other_matvec dispatches=2 runs=7 gpu_ms_mean=0.1318 gpu_ms_min=0.1293 cov_pct=1.07
m0 family sequence replay: family=q4_0_matvec dispatches=275 runs=7 gpu_ms_mean=5.0960 gpu_ms_min=4.7765 cov_pct=3.54
m0 family sequence replay: family=rope_copy_elementwise dispatches=63 runs=7 gpu_ms_mean=0.5537 gpu_ms_min=0.5075 cov_pct=5.34

class                                     disp/step us/disp cold  total us cold   % step | us/disp -flr   total -flr | us/disp marg   total marg
matvec Q4_0                                     275        18.60         5114.7    49.8% |        10.64       2926.1 |        14.68       4037.2
RMSNorm sumsq + fused epilogue                  242        12.54         3033.6    29.5% |         4.58       1107.7 |         6.28       1519.6
head                                              1      1142.12         1142.1    11.1% |      1134.17       1134.2 |      1082.99       1083.0
cached attention partial                         35        18.03          630.9     6.1% |        10.07        352.3 |        12.57        440.1
UNCLASSIFIED omega_elementwise_twin_r3_n4_fused_multiply_o0_o1__multiply_o2_o3__subtract_s0_s1_fused_multiply_o0_o3__multiply_o2_o1__add_s0_s1         35        13.75          481.3     4.7% |         5.79        202.7 |        12.32        431.3
cached attention merge                           35         8.15          285.1     2.8% |         0.35         12.4 |         5.75        201.1
matvec Float16                                    1       117.96          118.0     1.1% |       110.00        110.0 |       114.04        114.0
UNCLASSIFIED omega_elementwise_twin_r3_n4_fused_multiply_o0_o1__multiply_o2_o3__add_s0_s1_fused_multiply_o0_o3__multiply_o2_o1__subtract_s0_s1         15         5.76           86.4     0.8% |         0.00          0.0 |         3.73         56.0
elementwise fused_identity_o0__multiply_s0_o1_g10          2        18.30           36.6     0.4% |        10.34         20.7 |        12.99         26.0
UNCLASSIFIED omega_reduce_r3_o2_n5_fused_equal_o0_o1__add_o2_o3__select_s0_s1_o4_minimum_positive_infinity          1        15.00           15.0     0.1% |         7.04          7.0 |        10.75         10.7
softmax max                                       2         7.20           14.4     0.1% |         0.41          0.8 |         4.40          8.8
identity copy                                     2         6.95           13.9     0.1% |         0.38          0.8 |         4.38          8.8
matvec f32                                        1        12.40           12.4     0.1% |         4.44          4.4 |         9.85          9.8
iota                                              2         4.38            8.8     0.1% |         0.00          0.0 |         2.24          4.5
softmax sum                                       1         6.13            6.1     0.1% |         0.00          0.0 |         2.57          2.6
elementwise identity_g1                           1         5.96            6.0     0.1% |         0.00          0.0 |         4.21          4.2
UNCLASSIFIED omega_reduce_r2_o1_n1_identity_minimum_positive_infinity          1         5.94            5.9     0.1% |         0.00          0.0 |         2.58          2.6
elementwise multiply                              1         5.29            5.3     0.1% |         0.00          0.0 |         2.85          2.8

m0 floor: empty command buffer GPU span median=7.96 us min=7.67 us max=10.92 us n=200
m0 step (captured step 23, last evaluation that ran): rows_evaluated=Some(1) tokens_committed=Some(1) gpu_busy_ms=Some(10.275916662067175) gpu_exec_ms=Some(5.092375) physical_dispatch_calls=Some(653)
m0 step (median over logged evaluations at step >= 2, mixed widths): gpu_busy_ms=10.451 gpu_exec_ms=5.395
m0 reconcile: sum(median x count) [cold]=11016.3 us; ratio to gpu_busy_ms=1.072; ratio to gpu_exec_ms=2.163
m0 reconcile: sum(median x count) [cold-minus-floor]=5879.2 us; ratio to gpu_busy_ms=0.572; ratio to gpu_exec_ms=1.155
m0 reconcile: sum(median x count) [warm]=11277.6 us; ratio to gpu_busy_ms=1.097; ratio to gpu_exec_ms=2.215
m0 reconcile: sum(median x count) [marginal]=7963.1 us; ratio to gpu_busy_ms=0.775; ratio to gpu_exec_ms=1.564
m0 invariant 1: sum(group members)=653 captured_dispatches=653 physical_dispatch_calls_logged=Some(653) capture_step_is_last_logged_step=true
m0 replay failures: 0
m0 unreplayable by capture: groups=0 dispatches=0
