m0 decode: generated_tokens=24 text="A **large office building** is smaller in size than a hippopotamus.\n\nHere's why:\n\n*"
m0 capture: step=23 dispatches_with_threads=653
m0 groups: 81 kernels-by-identity-and-geometry over 653 dispatches
m0 replay: group 0/81
m0 replay: group 50/81
m0 sequence replay: one command buffer, dispatches=653 of 653 captured, gpu_ms=[11.0124999191612, 10.41687501128763, 10.297875036485493]
m0 chunk sequence replay: chunks=8, gpu_ms=[[0.2543750451877713, 1.1233333498239517, 1.072874991223216, 1.1277500307187438, 1.3916250318288803, 1.560000004246831, 1.4366250252351165, 2.423458267003298], [0.2613749820739031, 1.1824583634734154, 1.1639583390206099, 1.2001249706372619, 1.5020000282675028, 1.6939584165811539, 1.6136250924319029, 2.5433333357796073], [0.2804165706038475, 1.2891666265204549, 1.238666707649827, 1.3132082531228662, 1.5267499256879091, 1.7101250123232603, 1.6146249836310744, 2.5357500417158008]]
m0 family sequence replay excludes 0 unreplayable dispatches of 653
m0 family sequence replay: family=attention dispatches=70 runs=7 gpu_ms_mean=0.7332 gpu_ms_min=0.6792 cov_pct=4.07
m0 family sequence replay: family=head dispatches=1 runs=7 gpu_ms_mean=1.1015 gpu_ms_min=1.0858 cov_pct=0.68
m0 family sequence replay: family=norms dispatches=242 runs=7 gpu_ms_mean=3.7161 gpu_ms_min=3.5235 cov_pct=4.13
m0 family sequence replay: family=other_matvec dispatches=2 runs=7 gpu_ms_mean=0.1330 gpu_ms_min=0.1308 cov_pct=1.07
m0 family sequence replay: family=q4_0_matvec dispatches=275 runs=7 gpu_ms_mean=5.0534 gpu_ms_min=4.8840 cov_pct=2.45
m0 family sequence replay: family=rope_copy_elementwise dispatches=63 runs=7 gpu_ms_mean=0.5580 gpu_ms_min=0.5131 cov_pct=5.13

class                                     disp/step us/disp cold  total us cold   % step | us/disp -flr   total -flr | us/disp marg   total marg
matvec Q4_0                                     275        18.62         5120.1    45.0% |        10.46       2877.4 |        14.81       4073.3
RMSNorm sumsq + fused epilogue                  242        16.07         3889.4    34.2% |         7.86       1902.9 |         9.39       2273.3
head                                              1      1142.19         1142.2    10.0% |      1133.98       1134.0 |      1085.79       1085.8
cached attention partial                         35        17.96          628.5     5.5% |         9.75        341.2 |        11.78        412.2
UNCLASSIFIED omega_elementwise_twin_r3_n4_fused_multiply_o0_o1__multiply_o2_o3__subtract_s0_s1_fused_multiply_o0_o3__multiply_o2_o1__add_s0_s1         35        14.00          490.0     4.3% |         5.79        202.7 |        12.64        442.3
cached attention merge                           35         8.19          286.7     2.5% |         0.28          9.9 |         5.99        209.7
matvec Float16                                    1       118.50          118.5     1.0% |       110.29        110.3 |       113.91        113.9
UNCLASSIFIED omega_elementwise_twin_r3_n4_fused_multiply_o0_o1__multiply_o2_o3__add_s0_s1_fused_multiply_o0_o3__multiply_o2_o1__subtract_s0_s1         15         5.78           86.7     0.8% |         0.00          0.0 |         4.04         60.6
elementwise fused_identity_o0__multiply_s0_o1_g10          2        18.61           37.2     0.3% |        10.41         20.8 |        12.82         25.6
UNCLASSIFIED omega_reduce_r3_o2_n5_fused_equal_o0_o1__add_o2_o3__select_s0_s1_o4_minimum_positive_infinity          1        14.81           14.8     0.1% |         6.60          6.6 |        11.50         11.5
softmax max                                       2         7.09           14.2     0.1% |         0.18          0.4 |         4.29          8.6
identity copy                                     2         6.94           13.9     0.1% |         0.34          0.7 |         4.49          9.0
matvec f32                                        1        12.65           12.6     0.1% |         4.44          4.4 |         9.85          9.8
iota                                              2         4.42            8.8     0.1% |         0.00          0.0 |         2.24          4.5
softmax sum                                       1         6.42            6.4     0.1% |         0.00          0.0 |         2.95          3.0
elementwise identity_g1                           1         6.38            6.4     0.1% |         0.00          0.0 |         4.26          4.3
UNCLASSIFIED omega_reduce_r2_o1_n1_identity_minimum_positive_infinity          1         6.12            6.1     0.1% |         0.00          0.0 |         2.53          2.5
elementwise multiply                              1         5.46            5.5     0.0% |         0.00          0.0 |         2.88          2.9

m0 floor: empty command buffer GPU span median=8.21 us min=7.87 us max=15.87 us n=200
m0 step (captured step 23, last evaluation that ran): rows_evaluated=Some(1) tokens_committed=Some(1) gpu_busy_ms=Some(11.373250046744943) gpu_exec_ms=Some(6.090708) physical_dispatch_calls=Some(653)
m0 step (median over logged evaluations at step >= 2, mixed widths): gpu_busy_ms=11.276 gpu_exec_ms=6.098
m0 reconcile: sum(median x count) [cold]=11888.1 us; ratio to gpu_busy_ms=1.045; ratio to gpu_exec_ms=1.952
m0 reconcile: sum(median x count) [cold-minus-floor]=6611.4 us; ratio to gpu_busy_ms=0.581; ratio to gpu_exec_ms=1.085
m0 reconcile: sum(median x count) [warm]=12118.5 us; ratio to gpu_busy_ms=1.066; ratio to gpu_exec_ms=1.990
m0 reconcile: sum(median x count) [marginal]=8752.7 us; ratio to gpu_busy_ms=0.770; ratio to gpu_exec_ms=1.437
m0 invariant 1: sum(group members)=653 captured_dispatches=653 physical_dispatch_calls_logged=Some(653) capture_step_is_last_logged_step=true
m0 replay failures: 0
m0 unreplayable by capture: groups=0 dispatches=0
