m0 decode: generated_tokens=24 text="A **large office building** is smaller in size than a hippopotamus.\n\nHere's why:\n\n*"
m0 capture: step=23 dispatches_with_threads=653
m0 groups: 81 kernels-by-identity-and-geometry over 653 dispatches
m0 replay: group 0/81
m0 replay: group 50/81
m0 sequence replay: one command buffer, dispatches=653 of 653 captured, gpu_ms=[10.391750023700297, 10.482999961823225, 10.564249940216541]
m0 chunk sequence replay: chunks=8, gpu_ms=[[0.2743750810623169, 1.1354166781529784, 1.120750093832612, 1.1635000118985772, 1.3904999941587448, 1.5666666440665722, 1.4512500492855906, 2.434374997392297], [0.26433332823216915, 1.1652084067463875, 1.086750067770481, 1.1523750144988298, 1.4135000528767705, 1.5741250244900584, 1.4705000212416053, 2.366625005379319], [0.25887496303766966, 1.09158328268677, 1.1815833859145641, 1.204625004902482, 1.4044999843463302, 1.567291677929461, 1.45070836879313, 2.4288749555125833]]
m0 family sequence replay excludes 0 unreplayable dispatches of 653
m0 family sequence replay: family=attention dispatches=70 runs=7 gpu_ms_mean=0.6848 gpu_ms_min=0.6554 cov_pct=4.20
m0 family sequence replay: family=head dispatches=1 runs=7 gpu_ms_mean=1.1087 gpu_ms_min=1.0973 cov_pct=0.52
m0 family sequence replay: family=norms dispatches=242 runs=7 gpu_ms_mean=2.5129 gpu_ms_min=2.3854 cov_pct=5.59
m0 family sequence replay: family=other_matvec dispatches=2 runs=7 gpu_ms_mean=0.1304 gpu_ms_min=0.1299 cov_pct=0.41
m0 family sequence replay: family=q4_0_matvec dispatches=275 runs=7 gpu_ms_mean=5.0118 gpu_ms_min=4.8002 cov_pct=3.90
m0 family sequence replay: family=rope_copy_elementwise dispatches=63 runs=7 gpu_ms_mean=0.5163 gpu_ms_min=0.4975 cov_pct=4.60

class                                     disp/step us/disp cold  total us cold   % step | us/disp -flr   total -flr | us/disp marg   total marg
matvec Q4_0                                     275        18.57         5106.4    48.1% |        10.47       2878.6 |        14.92       4104.3
RMSNorm sumsq + fused epilogue                  242        12.62         3053.1    28.8% |         4.49       1086.9 |         5.91       1429.5
head                                              1      1146.48         1146.5    10.8% |      1138.35       1138.4 |      1083.56       1083.6
cached attention partial                         35        18.10          633.5     6.0% |         9.97        349.1 |        11.68        408.8
UNCLASSIFIED omega_elementwise_twin_r3_n4_fused_multiply_o0_o1__multiply_o2_o3__subtract_s0_s1_fused_multiply_o0_o3__multiply_o2_o1__add_s0_s1         35        13.60          476.0     4.5% |         5.47        191.6 |        13.06        457.1
cached attention merge                           35         8.05          281.7     2.7% |         0.32         11.4 |         5.72        200.2
matvec Float16                                    1       117.79          117.8     1.1% |       109.67        109.7 |       114.58        114.6
UNCLASSIFIED omega_elementwise_twin_r3_n4_fused_multiply_o0_o1__multiply_o2_o3__add_s0_s1_fused_multiply_o0_o3__multiply_o2_o1__subtract_s0_s1         15         5.75           86.2     0.8% |         0.00          0.0 |         3.78         56.7
elementwise fused_identity_o0__multiply_s0_o1_g10          2        18.32           36.6     0.3% |        10.20         20.4 |        12.52         25.0
UNCLASSIFIED omega_reduce_r3_o2_n5_fused_equal_o0_o1__add_o2_o3__select_s0_s1_o4_minimum_positive_infinity          1        14.88           14.9     0.1% |         6.75          6.7 |        12.93         12.9
softmax max                                       2         7.24           14.5     0.1% |         0.25          0.5 |         4.43          8.9
identity copy                                     2         6.73           13.5     0.1% |         0.25          0.5 |         4.48          9.0
matvec f32                                        1        12.50           12.5     0.1% |         4.37          4.4 |         8.35          8.3
iota                                              2         4.17            8.3     0.1% |         0.00          0.0 |         1.68          3.4
softmax sum                                       1         6.19            6.2     0.1% |         0.00          0.0 |         2.97          3.0
UNCLASSIFIED omega_reduce_r2_o1_n1_identity_minimum_positive_infinity          1         6.15            6.1     0.1% |         0.00          0.0 |         3.11          3.1
elementwise identity_g1                           1         5.85            5.9     0.1% |         0.00          0.0 |         3.42          3.4
elementwise multiply                              1         5.35            5.4     0.1% |         0.00          0.0 |         2.91          2.9

m0 floor: empty command buffer GPU span median=8.13 us min=7.75 us max=11.67 us n=200
m0 step (captured step 23, last evaluation that ran): rows_evaluated=Some(1) tokens_committed=Some(1) gpu_busy_ms=Some(10.615125065669417) gpu_exec_ms=Some(5.513708) physical_dispatch_calls=Some(653)
m0 step (median over logged evaluations at step >= 2, mixed widths): gpu_busy_ms=10.385 gpu_exec_ms=5.301
m0 reconcile: sum(median x count) [cold]=11025.2 us; ratio to gpu_busy_ms=1.039; ratio to gpu_exec_ms=2.000
m0 reconcile: sum(median x count) [cold-minus-floor]=5798.1 us; ratio to gpu_busy_ms=0.546; ratio to gpu_exec_ms=1.052
m0 reconcile: sum(median x count) [warm]=11190.9 us; ratio to gpu_busy_ms=1.054; ratio to gpu_exec_ms=2.030
m0 reconcile: sum(median x count) [marginal]=7934.6 us; ratio to gpu_busy_ms=0.747; ratio to gpu_exec_ms=1.439
m0 invariant 1: sum(group members)=653 captured_dispatches=653 physical_dispatch_calls_logged=Some(653) capture_step_is_last_logged_step=true
m0 replay failures: 0
m0 unreplayable by capture: groups=0 dispatches=0
