ab capture excludes 0 unreplayable dispatches of 828
ab capture: step=0 dispatches=828 groups=48
ab res sha=28e538282271e635 arm=base tg_static_bytes=8576 max_threads=384 exec_width=32 bound_buffer_bytes=404038148 iters=50 cell label=28e538282271e635:base wall_ms=68.799 cpu_ms=3.713 cpu_pct=5.4 rss_peak_mb=3426.9 footprint_mb=230.5 gpu_alloc_mb=3375.6 load_before=5.76 load_after=5.76
ab res sha=28e538282271e635 arm=28e538282271e635.ctrl tg_static_bytes=8576 max_threads=384 exec_width=32 bound_buffer_bytes=404038148 iters=50 cell label=28e538282271e635:28e538282271e635.ctrl wall_ms=57.476 cpu_ms=3.166 cpu_pct=5.5 rss_peak_mb=3426.9 footprint_mb=230.5 gpu_alloc_mb=3375.6 load_before=5.76 load_after=5.76
ab res sha=28e538282271e635 arm=28e538282271e635.r1u tg_static_bytes=4288 max_threads=384 exec_width=32 bound_buffer_bytes=404038148 iters=50 cell label=28e538282271e635:28e538282271e635.r1u wall_ms=72.111 cpu_ms=3.100 cpu_pct=4.3 rss_peak_mb=3426.9 footprint_mb=230.5 gpu_alloc_mb=3375.6 load_before=5.76 load_after=5.76
ab res sha=28e538282271e635 arm=28e538282271e635.r2b64u tg_static_bytes=4480 max_threads=384 exec_width=32 bound_buffer_bytes=404038148 iters=50 cell label=28e538282271e635:28e538282271e635.r2b64u wall_ms=57.440 cpu_ms=2.937 cpu_pct=5.1 rss_peak_mb=3426.9 footprint_mb=230.5 gpu_alloc_mb=3375.6 load_before=5.76 load_after=5.76
ab res sha=28e538282271e635 arm=28e538282271e635.r2hot tg_static_bytes=8576 max_threads=384 exec_width=32 bound_buffer_bytes=404038148 iters=50 cell label=28e538282271e635:28e538282271e635.r2hot wall_ms=56.965 cpu_ms=3.315 cpu_pct=5.8 rss_peak_mb=3426.9 footprint_mb=231.0 gpu_alloc_mb=3375.6 load_before=5.76 load_after=5.76
ab res sha=28e538282271e635 arm=28e538282271e635.r2n2u tg_static_bytes=8576 max_threads=384 exec_width=32 bound_buffer_bytes=404038148 iters=50 cell label=28e538282271e635:28e538282271e635.r2n2u wall_ms=96.397 cpu_ms=3.326 cpu_pct=3.5 rss_peak_mb=3426.9 footprint_mb=231.0 gpu_alloc_mb=3375.6 load_before=5.76 load_after=5.76
ab res sha=28e538282271e635 arm=28e538282271e635.r2n8u tg_static_bytes=8576 max_threads=448 exec_width=32 bound_buffer_bytes=404038148 iters=50 cell label=28e538282271e635:28e538282271e635.r2n8u wall_ms=79.215 cpu_ms=3.295 cpu_pct=4.2 rss_peak_mb=3426.9 footprint_mb=231.0 gpu_alloc_mb=3375.6 load_before=5.76 load_after=5.76
ab res sha=28e538282271e635 arm=28e538282271e635.r4hot tg_static_bytes=17152 max_threads=384 exec_width=32 bound_buffer_bytes=404038148 iters=50 cell label=28e538282271e635:28e538282271e635.r4hot wall_ms=53.526 cpu_ms=2.997 cpu_pct=5.6 rss_peak_mb=3426.9 footprint_mb=231.0 gpu_alloc_mb=3375.6 load_before=5.76 load_after=5.76
ab res sha=28e538282271e635 arm=28e538282271e635.r4u tg_static_bytes=17152 max_threads=384 exec_width=32 bound_buffer_bytes=404038148 iters=50 cell label=28e538282271e635:28e538282271e635.r4u wall_ms=56.163 cpu_ms=3.048 cpu_pct=5.4 rss_peak_mb=3426.9 footprint_mb=231.0 gpu_alloc_mb=3375.6 load_before=5.76 load_after=5.76
ab res sha=28e538282271e635 arm=28e538282271e635.r8b64u tg_static_bytes=17920 max_threads=384 exec_width=32 bound_buffer_bytes=404038148 iters=50 cell label=28e538282271e635:28e538282271e635.r8b64u wall_ms=100.645 cpu_ms=3.638 cpu_pct=3.6 rss_peak_mb=3426.9 footprint_mb=231.0 gpu_alloc_mb=3375.6 load_before=5.76 load_after=5.76
ab bits sha=28e538282271e635 threads=62208 extents=[971, 1, 8, 256] arm=base elements=1988608 differing=0 max_ulp=0 max_abs=0e0 max_abs_over_largest=0e0
ab bits sha=28e538282271e635 threads=62208 extents=[971, 1, 8, 256] arm=28e538282271e635.ctrl elements=1988608 differing=0 max_ulp=0 max_abs=0e0 max_abs_over_largest=0e0
ab bits sha=28e538282271e635 threads=62208 extents=[971, 1, 8, 256] arm=28e538282271e635.r1u elements=1988608 differing=69844 max_ulp=44942 max_abs=4.7683716e-6 max_abs_over_largest=3.5125154e-7
ab bits sha=28e538282271e635 threads=62208 extents=[971, 1, 8, 256] arm=28e538282271e635.r2b64u elements=1988608 differing=1045269 max_ulp=996093 max_abs=4.7683716e-6 max_abs_over_largest=3.5125154e-7
ab bits sha=28e538282271e635 threads=62208 extents=[971, 1, 8, 256] arm=28e538282271e635.r2hot elements=1988608 differing=1726464 max_ulp=2116621071 max_abs=3.7557108e0 max_abs_over_largest=2.7665612e-1
ab bits sha=28e538282271e635 threads=62208 extents=[971, 1, 8, 256] arm=28e538282271e635.r2n2u elements=1988608 differing=0 max_ulp=0 max_abs=0e0 max_abs_over_largest=0e0
ab bits sha=28e538282271e635 threads=62208 extents=[971, 1, 8, 256] arm=28e538282271e635.r2n8u elements=1988608 differing=0 max_ulp=0 max_abs=0e0 max_abs_over_largest=0e0
ab bits sha=28e538282271e635 threads=62208 extents=[971, 1, 8, 256] arm=28e538282271e635.r4hot elements=1988608 differing=1726464 max_ulp=2116621071 max_abs=3.7557108e0 max_abs_over_largest=2.7665612e-1
ab bits sha=28e538282271e635 threads=62208 extents=[971, 1, 8, 256] arm=28e538282271e635.r4u elements=1988608 differing=0 max_ulp=0 max_abs=0e0 max_abs_over_largest=0e0
ab bits sha=28e538282271e635 threads=62208 extents=[971, 1, 8, 256] arm=28e538282271e635.r8b64u elements=1988608 differing=1045269 max_ulp=996093 max_abs=4.7683716e-6 max_abs_over_largest=3.5125154e-7
ab group sha=28e538282271e635 threads=62208 extents=[971, 1, 8, 256] tg=Some(128) count=28 pass=0 arm=base marginal_us=952.736 single_us=963.875 rounds=21 round_min_us=952.375 round_max_us=999.500 round_cov_pct=1.356
ab group sha=28e538282271e635 threads=62208 extents=[971, 1, 8, 256] tg=Some(128) count=28 pass=0 arm=28e538282271e635.ctrl marginal_us=952.169 single_us=966.333 rounds=21 round_min_us=936.375 round_max_us=990.292 round_cov_pct=1.466
ab group sha=28e538282271e635 threads=62208 extents=[971, 1, 8, 256] tg=Some(128) count=28 pass=0 arm=28e538282271e635.r1u marginal_us=1207.292 single_us=1210.583 rounds=21 round_min_us=1188.792 round_max_us=1232.625 round_cov_pct=0.845
ab group sha=28e538282271e635 threads=62208 extents=[971, 1, 8, 256] tg=Some(128) count=28 pass=0 arm=28e538282271e635.r2b64u marginal_us=926.822 single_us=937.792 rounds=21 round_min_us=932.125 round_max_us=944.292 round_cov_pct=0.375
ab group sha=28e538282271e635 threads=62208 extents=[971, 1, 8, 256] tg=Some(128) count=28 pass=0 arm=28e538282271e635.r2hot marginal_us=897.878 single_us=907.875 rounds=21 round_min_us=895.542 round_max_us=933.333 round_cov_pct=1.014
ab group sha=28e538282271e635 threads=62208 extents=[971, 1, 8, 256] tg=Some(128) count=28 pass=0 arm=28e538282271e635.r2n2u marginal_us=1685.589 single_us=1708.292 rounds=21 round_min_us=1614.833 round_max_us=1765.625 round_cov_pct=2.343
ab group sha=28e538282271e635 threads=62208 extents=[971, 1, 8, 256] tg=Some(128) count=28 pass=0 arm=28e538282271e635.r2n8u marginal_us=1332.594 single_us=1317.750 rounds=21 round_min_us=1308.000 round_max_us=1461.750 round_cov_pct=2.405
ab group sha=28e538282271e635 threads=62208 extents=[971, 1, 8, 256] tg=Some(128) count=28 pass=0 arm=28e538282271e635.r4hot marginal_us=847.311 single_us=881.833 rounds=21 round_min_us=862.542 round_max_us=893.000 round_cov_pct=1.063
ab group sha=28e538282271e635 threads=62208 extents=[971, 1, 8, 256] tg=Some(128) count=28 pass=0 arm=28e538282271e635.r4u marginal_us=898.250 single_us=928.500 rounds=21 round_min_us=913.083 round_max_us=943.708 round_cov_pct=0.853
ab group sha=28e538282271e635 threads=62208 extents=[971, 1, 8, 256] tg=Some(128) count=28 pass=0 arm=28e538282271e635.r8b64u marginal_us=1748.864 single_us=1766.000 rounds=21 round_min_us=1748.583 round_max_us=1968.917 round_cov_pct=3.357
ab res sha=96585e0bac7c1105 arm=base tg_static_bytes=8576 max_threads=384 exec_width=32 bound_buffer_bytes=372568580 iters=50 cell label=96585e0bac7c1105:base wall_ms=145.950 cpu_ms=3.763 cpu_pct=2.6 rss_peak_mb=3426.9 footprint_mb=232.3 gpu_alloc_mb=3375.6 load_before=5.86 load_after=5.86
ab res sha=96585e0bac7c1105 arm=96585e0bac7c1105.ctrl tg_static_bytes=8576 max_threads=384 exec_width=32 bound_buffer_bytes=372568580 iters=50 cell label=96585e0bac7c1105:96585e0bac7c1105.ctrl wall_ms=144.755 cpu_ms=3.992 cpu_pct=2.8 rss_peak_mb=3426.9 footprint_mb=232.3 gpu_alloc_mb=3375.6 load_before=5.86 load_after=5.86
ab res sha=96585e0bac7c1105 arm=96585e0bac7c1105.r1u tg_static_bytes=4288 max_threads=448 exec_width=32 bound_buffer_bytes=372568580 iters=50 cell label=96585e0bac7c1105:96585e0bac7c1105.r1u wall_ms=189.282 cpu_ms=4.660 cpu_pct=2.5 rss_peak_mb=3426.9 footprint_mb=232.3 gpu_alloc_mb=3375.6 load_before=5.86 load_after=6.03
ab res sha=96585e0bac7c1105 arm=96585e0bac7c1105.r2hot tg_static_bytes=8576 max_threads=384 exec_width=32 bound_buffer_bytes=372568580 iters=50 cell label=96585e0bac7c1105:96585e0bac7c1105.r2hot wall_ms=142.690 cpu_ms=3.792 cpu_pct=2.7 rss_peak_mb=3426.9 footprint_mb=232.3 gpu_alloc_mb=3375.6 load_before=6.03 load_after=6.03
ab res sha=96585e0bac7c1105 arm=96585e0bac7c1105.r4u tg_static_bytes=17152 max_threads=384 exec_width=32 bound_buffer_bytes=372568580 iters=50 cell label=96585e0bac7c1105:96585e0bac7c1105.r4u wall_ms=165.531 cpu_ms=4.192 cpu_pct=2.5 rss_peak_mb=3426.9 footprint_mb=232.3 gpu_alloc_mb=3375.6 load_before=6.03 load_after=6.03
ab bits sha=96585e0bac7c1105 threads=124416 extents=[971, 1, 8, 512] arm=base elements=3977216 differing=0 max_ulp=0 max_abs=0e0 max_abs_over_largest=0e0
ab bits sha=96585e0bac7c1105 threads=124416 extents=[971, 1, 8, 512] arm=96585e0bac7c1105.ctrl elements=3977216 differing=0 max_ulp=0 max_abs=0e0 max_abs_over_largest=0e0
ab bits sha=96585e0bac7c1105 threads=124416 extents=[971, 1, 8, 512] arm=96585e0bac7c1105.r1u elements=3977216 differing=0 max_ulp=0 max_abs=0e0 max_abs_over_largest=0e0
ab bits sha=96585e0bac7c1105 threads=124416 extents=[971, 1, 8, 512] arm=96585e0bac7c1105.r2hot elements=3977216 differing=3452927 max_ulp=2120280224 max_abs=1.95819e0 max_abs_over_largest=9.056883e-2
ab bits sha=96585e0bac7c1105 threads=124416 extents=[971, 1, 8, 512] arm=96585e0bac7c1105.r4u elements=3977216 differing=0 max_ulp=0 max_abs=0e0 max_abs_over_largest=0e0
ab group sha=96585e0bac7c1105 threads=124416 extents=[971, 1, 8, 512] tg=Some(256) count=7 pass=0 arm=base marginal_us=2616.397 single_us=2626.208 rounds=21 round_min_us=2609.208 round_max_us=2765.792 round_cov_pct=1.284
ab group sha=96585e0bac7c1105 threads=124416 extents=[971, 1, 8, 512] tg=Some(256) count=7 pass=0 arm=96585e0bac7c1105.ctrl marginal_us=2626.025 single_us=2640.458 rounds=21 round_min_us=2627.292 round_max_us=2785.500 round_cov_pct=2.100
ab group sha=96585e0bac7c1105 threads=124416 extents=[971, 1, 8, 512] tg=Some(256) count=7 pass=0 arm=96585e0bac7c1105.r1u marginal_us=3483.089 single_us=3497.458 rounds=21 round_min_us=3472.917 round_max_us=3615.375 round_cov_pct=1.216
ab group sha=96585e0bac7c1105 threads=124416 extents=[971, 1, 8, 512] tg=Some(256) count=7 pass=0 arm=96585e0bac7c1105.r2hot marginal_us=2581.989 single_us=2582.583 rounds=21 round_min_us=2544.125 round_max_us=2725.542 round_cov_pct=2.265
ab group sha=96585e0bac7c1105 threads=124416 extents=[971, 1, 8, 512] tg=Some(256) count=7 pass=0 arm=96585e0bac7c1105.r4u marginal_us=3037.639 single_us=3071.500 rounds=21 round_min_us=3007.792 round_max_us=3281.042 round_cov_pct=3.159
ab cell label=process wall_ms=15607.557 cpu_ms=2503.634 cpu_pct=16.0 rss_peak_mb=3426.9 footprint_mb=262.6 gpu_alloc_mb=3375.6 load_before=5.82 load_after=5.78
