ab capture excludes 0 unreplayable dispatches of 828
ab capture: step=0 dispatches=828 groups=48
ab res sha=28e538282271e635 arm=base tg_static_bytes=8576 max_threads=384 exec_width=32 bound_buffer_bytes=404038148 iters=50 cell label=28e538282271e635:base wall_ms=68.033 cpu_ms=3.321 cpu_pct=4.9 rss_peak_mb=3425.6 footprint_mb=225.7 gpu_alloc_mb=3375.6 load_before=4.42 load_after=4.42
ab res sha=28e538282271e635 arm=28e538282271e635.ctrl tg_static_bytes=8576 max_threads=384 exec_width=32 bound_buffer_bytes=404038148 iters=50 cell label=28e538282271e635:28e538282271e635.ctrl wall_ms=57.818 cpu_ms=3.113 cpu_pct=5.4 rss_peak_mb=3425.6 footprint_mb=225.7 gpu_alloc_mb=3375.6 load_before=4.42 load_after=4.42
ab res sha=28e538282271e635 arm=28e538282271e635.r1u tg_static_bytes=4288 max_threads=384 exec_width=32 bound_buffer_bytes=404038148 iters=50 cell label=28e538282271e635:28e538282271e635.r1u wall_ms=72.172 cpu_ms=3.126 cpu_pct=4.3 rss_peak_mb=3425.6 footprint_mb=225.7 gpu_alloc_mb=3375.6 load_before=4.42 load_after=4.42
ab res sha=28e538282271e635 arm=28e538282271e635.r2b64u tg_static_bytes=4480 max_threads=384 exec_width=32 bound_buffer_bytes=404038148 iters=50 cell label=28e538282271e635:28e538282271e635.r2b64u wall_ms=57.543 cpu_ms=2.935 cpu_pct=5.1 rss_peak_mb=3425.6 footprint_mb=225.7 gpu_alloc_mb=3375.6 load_before=4.42 load_after=4.42
ab res sha=28e538282271e635 arm=28e538282271e635.r2hot tg_static_bytes=8576 max_threads=384 exec_width=32 bound_buffer_bytes=404038148 iters=50 cell label=28e538282271e635:28e538282271e635.r2hot wall_ms=56.986 cpu_ms=3.232 cpu_pct=5.7 rss_peak_mb=3425.6 footprint_mb=225.7 gpu_alloc_mb=3375.6 load_before=4.42 load_after=4.42
ab res sha=28e538282271e635 arm=28e538282271e635.r2n2u tg_static_bytes=8576 max_threads=384 exec_width=32 bound_buffer_bytes=404038148 iters=50 cell label=28e538282271e635:28e538282271e635.r2n2u wall_ms=97.304 cpu_ms=3.548 cpu_pct=3.6 rss_peak_mb=3425.6 footprint_mb=226.5 gpu_alloc_mb=3375.6 load_before=4.42 load_after=4.42
ab res sha=28e538282271e635 arm=28e538282271e635.r2n8u tg_static_bytes=8576 max_threads=448 exec_width=32 bound_buffer_bytes=404038148 iters=50 cell label=28e538282271e635:28e538282271e635.r2n8u wall_ms=79.815 cpu_ms=3.203 cpu_pct=4.0 rss_peak_mb=3425.6 footprint_mb=226.5 gpu_alloc_mb=3375.6 load_before=4.42 load_after=4.42
ab res sha=28e538282271e635 arm=28e538282271e635.r4hot tg_static_bytes=17152 max_threads=384 exec_width=32 bound_buffer_bytes=404038148 iters=50 cell label=28e538282271e635:28e538282271e635.r4hot wall_ms=54.381 cpu_ms=3.314 cpu_pct=6.1 rss_peak_mb=3425.6 footprint_mb=226.5 gpu_alloc_mb=3375.6 load_before=4.42 load_after=4.42
ab res sha=28e538282271e635 arm=28e538282271e635.r4u tg_static_bytes=17152 max_threads=384 exec_width=32 bound_buffer_bytes=404038148 iters=50 cell label=28e538282271e635:28e538282271e635.r4u wall_ms=56.092 cpu_ms=3.088 cpu_pct=5.5 rss_peak_mb=3425.6 footprint_mb=226.5 gpu_alloc_mb=3375.6 load_before=4.42 load_after=4.42
ab res sha=28e538282271e635 arm=28e538282271e635.r8b64u tg_static_bytes=17920 max_threads=384 exec_width=32 bound_buffer_bytes=404038148 iters=50 cell label=28e538282271e635:28e538282271e635.r8b64u wall_ms=98.950 cpu_ms=3.193 cpu_pct=3.2 rss_peak_mb=3425.6 footprint_mb=226.5 gpu_alloc_mb=3375.6 load_before=4.42 load_after=4.42
ab bits sha=28e538282271e635 threads=62208 extents=[971, 1, 8, 256] arm=base elements=1988608 differing=0 max_ulp=0 max_abs=0e0 max_abs_over_largest=0e0
ab bits sha=28e538282271e635 threads=62208 extents=[971, 1, 8, 256] arm=28e538282271e635.ctrl elements=1988608 differing=0 max_ulp=0 max_abs=0e0 max_abs_over_largest=0e0
ab bits sha=28e538282271e635 threads=62208 extents=[971, 1, 8, 256] arm=28e538282271e635.r1u elements=1988608 differing=69844 max_ulp=44942 max_abs=4.7683716e-6 max_abs_over_largest=3.5125154e-7
ab bits sha=28e538282271e635 threads=62208 extents=[971, 1, 8, 256] arm=28e538282271e635.r2b64u elements=1988608 differing=1045269 max_ulp=996093 max_abs=4.7683716e-6 max_abs_over_largest=3.5125154e-7
ab bits sha=28e538282271e635 threads=62208 extents=[971, 1, 8, 256] arm=28e538282271e635.r2hot elements=1988608 differing=1726464 max_ulp=2116621071 max_abs=3.7557108e0 max_abs_over_largest=2.7665612e-1
ab bits sha=28e538282271e635 threads=62208 extents=[971, 1, 8, 256] arm=28e538282271e635.r2n2u elements=1988608 differing=0 max_ulp=0 max_abs=0e0 max_abs_over_largest=0e0
ab bits sha=28e538282271e635 threads=62208 extents=[971, 1, 8, 256] arm=28e538282271e635.r2n8u elements=1988608 differing=0 max_ulp=0 max_abs=0e0 max_abs_over_largest=0e0
ab bits sha=28e538282271e635 threads=62208 extents=[971, 1, 8, 256] arm=28e538282271e635.r4hot elements=1988608 differing=1726464 max_ulp=2116621071 max_abs=3.7557108e0 max_abs_over_largest=2.7665612e-1
ab bits sha=28e538282271e635 threads=62208 extents=[971, 1, 8, 256] arm=28e538282271e635.r4u elements=1988608 differing=0 max_ulp=0 max_abs=0e0 max_abs_over_largest=0e0
ab bits sha=28e538282271e635 threads=62208 extents=[971, 1, 8, 256] arm=28e538282271e635.r8b64u elements=1988608 differing=1045269 max_ulp=996093 max_abs=4.7683716e-6 max_abs_over_largest=3.5125154e-7
ab group sha=28e538282271e635 threads=62208 extents=[971, 1, 8, 256] tg=Some(128) count=28 pass=0 arm=base marginal_us=953.744 single_us=966.917 rounds=21 round_min_us=950.750 round_max_us=983.875 round_cov_pct=0.941
ab group sha=28e538282271e635 threads=62208 extents=[971, 1, 8, 256] tg=Some(128) count=28 pass=0 arm=28e538282271e635.ctrl marginal_us=952.692 single_us=965.125 rounds=21 round_min_us=931.083 round_max_us=992.500 round_cov_pct=1.214
ab group sha=28e538282271e635 threads=62208 extents=[971, 1, 8, 256] tg=Some(128) count=28 pass=0 arm=28e538282271e635.r1u marginal_us=1208.228 single_us=1217.958 rounds=21 round_min_us=1195.250 round_max_us=1226.750 round_cov_pct=0.760
ab group sha=28e538282271e635 threads=62208 extents=[971, 1, 8, 256] tg=Some(128) count=28 pass=0 arm=28e538282271e635.r2b64u marginal_us=930.025 single_us=940.833 rounds=21 round_min_us=929.667 round_max_us=944.417 round_cov_pct=0.384
ab group sha=28e538282271e635 threads=62208 extents=[971, 1, 8, 256] tg=Some(128) count=28 pass=0 arm=28e538282271e635.r2hot marginal_us=897.078 single_us=908.750 rounds=21 round_min_us=896.750 round_max_us=916.833 round_cov_pct=0.628
ab group sha=28e538282271e635 threads=62208 extents=[971, 1, 8, 256] tg=Some(128) count=28 pass=0 arm=28e538282271e635.r2n2u marginal_us=1691.633 single_us=1716.375 rounds=21 round_min_us=1615.333 round_max_us=1737.917 round_cov_pct=2.069
ab group sha=28e538282271e635 threads=62208 extents=[971, 1, 8, 256] tg=Some(128) count=28 pass=0 arm=28e538282271e635.r2n8u marginal_us=1343.006 single_us=1334.875 rounds=21 round_min_us=1310.333 round_max_us=1345.833 round_cov_pct=0.742
ab group sha=28e538282271e635 threads=62208 extents=[971, 1, 8, 256] tg=Some(128) count=28 pass=0 arm=28e538282271e635.r4hot marginal_us=845.628 single_us=884.000 rounds=21 round_min_us=858.375 round_max_us=896.708 round_cov_pct=1.154
ab group sha=28e538282271e635 threads=62208 extents=[971, 1, 8, 256] tg=Some(128) count=28 pass=0 arm=28e538282271e635.r4u marginal_us=898.967 single_us=925.417 rounds=21 round_min_us=903.917 round_max_us=929.792 round_cov_pct=0.829
ab group sha=28e538282271e635 threads=62208 extents=[971, 1, 8, 256] tg=Some(128) count=28 pass=0 arm=28e538282271e635.r8b64u marginal_us=1749.981 single_us=1756.500 rounds=21 round_min_us=1747.667 round_max_us=1778.500 round_cov_pct=0.445
ab res sha=96585e0bac7c1105 arm=base tg_static_bytes=8576 max_threads=384 exec_width=32 bound_buffer_bytes=372568580 iters=50 cell label=96585e0bac7c1105:base wall_ms=144.426 cpu_ms=3.989 cpu_pct=2.8 rss_peak_mb=3425.6 footprint_mb=229.8 gpu_alloc_mb=3375.6 load_before=4.23 load_after=4.23
ab res sha=96585e0bac7c1105 arm=96585e0bac7c1105.ctrl tg_static_bytes=8576 max_threads=384 exec_width=32 bound_buffer_bytes=372568580 iters=50 cell label=96585e0bac7c1105:96585e0bac7c1105.ctrl wall_ms=144.808 cpu_ms=4.510 cpu_pct=3.1 rss_peak_mb=3425.6 footprint_mb=229.8 gpu_alloc_mb=3375.6 load_before=4.23 load_after=4.23
ab res sha=96585e0bac7c1105 arm=96585e0bac7c1105.r1u tg_static_bytes=4288 max_threads=448 exec_width=32 bound_buffer_bytes=372568580 iters=50 cell label=96585e0bac7c1105:96585e0bac7c1105.r1u wall_ms=189.069 cpu_ms=4.603 cpu_pct=2.4 rss_peak_mb=3425.6 footprint_mb=229.8 gpu_alloc_mb=3375.6 load_before=4.23 load_after=4.23
ab res sha=96585e0bac7c1105 arm=96585e0bac7c1105.r2hot tg_static_bytes=8576 max_threads=384 exec_width=32 bound_buffer_bytes=372568580 iters=50 cell label=96585e0bac7c1105:96585e0bac7c1105.r2hot wall_ms=143.564 cpu_ms=3.709 cpu_pct=2.6 rss_peak_mb=3425.6 footprint_mb=229.8 gpu_alloc_mb=3375.6 load_before=4.23 load_after=4.23
ab res sha=96585e0bac7c1105 arm=96585e0bac7c1105.r4u tg_static_bytes=17152 max_threads=384 exec_width=32 bound_buffer_bytes=372568580 iters=50 cell label=96585e0bac7c1105:96585e0bac7c1105.r4u wall_ms=166.329 cpu_ms=3.881 cpu_pct=2.3 rss_peak_mb=3425.6 footprint_mb=229.8 gpu_alloc_mb=3375.6 load_before=4.23 load_after=4.23
ab bits sha=96585e0bac7c1105 threads=124416 extents=[971, 1, 8, 512] arm=base elements=3977216 differing=0 max_ulp=0 max_abs=0e0 max_abs_over_largest=0e0
ab bits sha=96585e0bac7c1105 threads=124416 extents=[971, 1, 8, 512] arm=96585e0bac7c1105.ctrl elements=3977216 differing=0 max_ulp=0 max_abs=0e0 max_abs_over_largest=0e0
ab bits sha=96585e0bac7c1105 threads=124416 extents=[971, 1, 8, 512] arm=96585e0bac7c1105.r1u elements=3977216 differing=0 max_ulp=0 max_abs=0e0 max_abs_over_largest=0e0
ab bits sha=96585e0bac7c1105 threads=124416 extents=[971, 1, 8, 512] arm=96585e0bac7c1105.r2hot elements=3977216 differing=3452927 max_ulp=2120280224 max_abs=1.95819e0 max_abs_over_largest=9.056883e-2
ab bits sha=96585e0bac7c1105 threads=124416 extents=[971, 1, 8, 512] arm=96585e0bac7c1105.r4u elements=3977216 differing=0 max_ulp=0 max_abs=0e0 max_abs_over_largest=0e0
ab group sha=96585e0bac7c1105 threads=124416 extents=[971, 1, 8, 512] tg=Some(256) count=7 pass=0 arm=base marginal_us=2615.006 single_us=2634.375 rounds=21 round_min_us=2615.250 round_max_us=2769.625 round_cov_pct=1.923
ab group sha=96585e0bac7c1105 threads=124416 extents=[971, 1, 8, 512] tg=Some(256) count=7 pass=0 arm=96585e0bac7c1105.ctrl marginal_us=2612.958 single_us=2622.167 rounds=21 round_min_us=2611.750 round_max_us=2762.250 round_cov_pct=1.608
ab group sha=96585e0bac7c1105 threads=124416 extents=[971, 1, 8, 512] tg=Some(256) count=7 pass=0 arm=96585e0bac7c1105.r1u marginal_us=3496.867 single_us=3506.000 rounds=21 round_min_us=3486.375 round_max_us=3668.667 round_cov_pct=1.390
ab group sha=96585e0bac7c1105 threads=124416 extents=[971, 1, 8, 512] tg=Some(256) count=7 pass=0 arm=96585e0bac7c1105.r2hot marginal_us=2596.503 single_us=2593.500 rounds=21 round_min_us=2555.250 round_max_us=2721.000 round_cov_pct=1.672
ab group sha=96585e0bac7c1105 threads=124416 extents=[971, 1, 8, 512] tg=Some(256) count=7 pass=0 arm=96585e0bac7c1105.r4u marginal_us=3040.694 single_us=3066.750 rounds=21 round_min_us=2992.125 round_max_us=3263.292 round_cov_pct=2.327
ab cell label=process wall_ms=13069.085 cpu_ms=2335.882 cpu_pct=17.9 rss_peak_mb=3425.6 footprint_mb=260.2 gpu_alloc_mb=3375.6 load_before=4.42 load_after=4.13
