ab capture excludes 0 unreplayable dispatches of 828
ab capture: step=0 dispatches=828 groups=48
ab res sha=28e538282271e635 arm=base tg_static_bytes=8576 max_threads=384 exec_width=32 bound_buffer_bytes=404038148 iters=50 cell label=28e538282271e635:base wall_ms=69.113 cpu_ms=3.563 cpu_pct=5.2 rss_peak_mb=3429.1 footprint_mb=224.0 gpu_alloc_mb=3375.6 load_before=4.14 load_after=4.14
ab res sha=28e538282271e635 arm=28e538282271e635.ctrl tg_static_bytes=8576 max_threads=384 exec_width=32 bound_buffer_bytes=404038148 iters=50 cell label=28e538282271e635:28e538282271e635.ctrl wall_ms=57.872 cpu_ms=3.246 cpu_pct=5.6 rss_peak_mb=3429.1 footprint_mb=224.0 gpu_alloc_mb=3375.6 load_before=4.14 load_after=4.14
ab res sha=28e538282271e635 arm=28e538282271e635.r1u tg_static_bytes=4288 max_threads=384 exec_width=32 bound_buffer_bytes=404038148 iters=50 cell label=28e538282271e635:28e538282271e635.r1u wall_ms=71.926 cpu_ms=3.134 cpu_pct=4.4 rss_peak_mb=3429.1 footprint_mb=224.0 gpu_alloc_mb=3375.6 load_before=4.14 load_after=3.89
ab res sha=28e538282271e635 arm=28e538282271e635.r2b64u tg_static_bytes=4480 max_threads=384 exec_width=32 bound_buffer_bytes=404038148 iters=50 cell label=28e538282271e635:28e538282271e635.r2b64u wall_ms=57.540 cpu_ms=3.004 cpu_pct=5.2 rss_peak_mb=3429.1 footprint_mb=224.0 gpu_alloc_mb=3375.6 load_before=3.89 load_after=3.89
ab res sha=28e538282271e635 arm=28e538282271e635.r2hot tg_static_bytes=8576 max_threads=384 exec_width=32 bound_buffer_bytes=404038148 iters=50 cell label=28e538282271e635:28e538282271e635.r2hot wall_ms=56.971 cpu_ms=3.314 cpu_pct=5.8 rss_peak_mb=3429.1 footprint_mb=224.0 gpu_alloc_mb=3375.6 load_before=3.89 load_after=3.89
ab res sha=28e538282271e635 arm=28e538282271e635.r2n2u tg_static_bytes=8576 max_threads=384 exec_width=32 bound_buffer_bytes=404038148 iters=50 cell label=28e538282271e635:28e538282271e635.r2n2u wall_ms=96.606 cpu_ms=3.302 cpu_pct=3.4 rss_peak_mb=3429.1 footprint_mb=224.8 gpu_alloc_mb=3375.6 load_before=3.89 load_after=3.89
ab res sha=28e538282271e635 arm=28e538282271e635.r2n8u tg_static_bytes=8576 max_threads=448 exec_width=32 bound_buffer_bytes=404038148 iters=50 cell label=28e538282271e635:28e538282271e635.r2n8u wall_ms=79.306 cpu_ms=3.120 cpu_pct=3.9 rss_peak_mb=3429.1 footprint_mb=224.8 gpu_alloc_mb=3375.6 load_before=3.89 load_after=3.89
ab res sha=28e538282271e635 arm=28e538282271e635.r4hot tg_static_bytes=17152 max_threads=384 exec_width=32 bound_buffer_bytes=404038148 iters=50 cell label=28e538282271e635:28e538282271e635.r4hot wall_ms=54.200 cpu_ms=3.159 cpu_pct=5.8 rss_peak_mb=3429.1 footprint_mb=224.8 gpu_alloc_mb=3375.6 load_before=3.89 load_after=3.89
ab res sha=28e538282271e635 arm=28e538282271e635.r4u tg_static_bytes=17152 max_threads=384 exec_width=32 bound_buffer_bytes=404038148 iters=50 cell label=28e538282271e635:28e538282271e635.r4u wall_ms=56.076 cpu_ms=3.222 cpu_pct=5.7 rss_peak_mb=3429.1 footprint_mb=224.8 gpu_alloc_mb=3375.6 load_before=3.89 load_after=3.89
ab res sha=28e538282271e635 arm=28e538282271e635.r8b64u tg_static_bytes=17920 max_threads=384 exec_width=32 bound_buffer_bytes=404038148 iters=50 cell label=28e538282271e635:28e538282271e635.r8b64u wall_ms=99.909 cpu_ms=3.269 cpu_pct=3.3 rss_peak_mb=3429.1 footprint_mb=224.8 gpu_alloc_mb=3375.6 load_before=3.89 load_after=3.89
ab bits sha=28e538282271e635 threads=62208 extents=[971, 1, 8, 256] arm=base elements=1988608 differing=0 max_ulp=0 max_abs=0e0 max_abs_over_largest=0e0
ab bits sha=28e538282271e635 threads=62208 extents=[971, 1, 8, 256] arm=28e538282271e635.ctrl elements=1988608 differing=0 max_ulp=0 max_abs=0e0 max_abs_over_largest=0e0
ab bits sha=28e538282271e635 threads=62208 extents=[971, 1, 8, 256] arm=28e538282271e635.r1u elements=1988608 differing=69844 max_ulp=44942 max_abs=4.7683716e-6 max_abs_over_largest=3.5125154e-7
ab bits sha=28e538282271e635 threads=62208 extents=[971, 1, 8, 256] arm=28e538282271e635.r2b64u elements=1988608 differing=1045269 max_ulp=996093 max_abs=4.7683716e-6 max_abs_over_largest=3.5125154e-7
ab bits sha=28e538282271e635 threads=62208 extents=[971, 1, 8, 256] arm=28e538282271e635.r2hot elements=1988608 differing=1726464 max_ulp=2116621071 max_abs=3.7557108e0 max_abs_over_largest=2.7665612e-1
ab bits sha=28e538282271e635 threads=62208 extents=[971, 1, 8, 256] arm=28e538282271e635.r2n2u elements=1988608 differing=0 max_ulp=0 max_abs=0e0 max_abs_over_largest=0e0
ab bits sha=28e538282271e635 threads=62208 extents=[971, 1, 8, 256] arm=28e538282271e635.r2n8u elements=1988608 differing=0 max_ulp=0 max_abs=0e0 max_abs_over_largest=0e0
ab bits sha=28e538282271e635 threads=62208 extents=[971, 1, 8, 256] arm=28e538282271e635.r4hot elements=1988608 differing=1726464 max_ulp=2116621071 max_abs=3.7557108e0 max_abs_over_largest=2.7665612e-1
ab bits sha=28e538282271e635 threads=62208 extents=[971, 1, 8, 256] arm=28e538282271e635.r4u elements=1988608 differing=0 max_ulp=0 max_abs=0e0 max_abs_over_largest=0e0
ab bits sha=28e538282271e635 threads=62208 extents=[971, 1, 8, 256] arm=28e538282271e635.r8b64u elements=1988608 differing=1045269 max_ulp=996093 max_abs=4.7683716e-6 max_abs_over_largest=3.5125154e-7
ab group sha=28e538282271e635 threads=62208 extents=[971, 1, 8, 256] tg=Some(128) count=28 pass=0 arm=base marginal_us=952.669 single_us=963.125 rounds=21 round_min_us=953.958 round_max_us=997.375 round_cov_pct=1.023
ab group sha=28e538282271e635 threads=62208 extents=[971, 1, 8, 256] tg=Some(128) count=28 pass=0 arm=28e538282271e635.ctrl marginal_us=950.042 single_us=971.875 rounds=21 round_min_us=933.167 round_max_us=986.500 round_cov_pct=1.266
ab group sha=28e538282271e635 threads=62208 extents=[971, 1, 8, 256] tg=Some(128) count=28 pass=0 arm=28e538282271e635.r1u marginal_us=1206.231 single_us=1214.042 rounds=21 round_min_us=1197.417 round_max_us=1227.333 round_cov_pct=0.747
ab group sha=28e538282271e635 threads=62208 extents=[971, 1, 8, 256] tg=Some(128) count=28 pass=0 arm=28e538282271e635.r2b64u marginal_us=929.242 single_us=940.542 rounds=21 round_min_us=934.625 round_max_us=946.125 round_cov_pct=0.348
ab group sha=28e538282271e635 threads=62208 extents=[971, 1, 8, 256] tg=Some(128) count=28 pass=0 arm=28e538282271e635.r2hot marginal_us=897.783 single_us=904.833 rounds=21 round_min_us=897.917 round_max_us=915.500 round_cov_pct=0.590
ab group sha=28e538282271e635 threads=62208 extents=[971, 1, 8, 256] tg=Some(128) count=28 pass=0 arm=28e538282271e635.r2n2u marginal_us=1694.442 single_us=1731.375 rounds=21 round_min_us=1618.000 round_max_us=1812.125 round_cov_pct=3.188
ab group sha=28e538282271e635 threads=62208 extents=[971, 1, 8, 256] tg=Some(128) count=28 pass=0 arm=28e538282271e635.r2n8u marginal_us=1346.900 single_us=1333.125 rounds=21 round_min_us=1311.750 round_max_us=1350.083 round_cov_pct=0.631
ab group sha=28e538282271e635 threads=62208 extents=[971, 1, 8, 256] tg=Some(128) count=28 pass=0 arm=28e538282271e635.r4hot marginal_us=847.558 single_us=886.000 rounds=21 round_min_us=866.958 round_max_us=894.708 round_cov_pct=0.796
ab group sha=28e538282271e635 threads=62208 extents=[971, 1, 8, 256] tg=Some(128) count=28 pass=0 arm=28e538282271e635.r4u marginal_us=895.842 single_us=923.208 rounds=21 round_min_us=899.500 round_max_us=951.000 round_cov_pct=1.250
ab group sha=28e538282271e635 threads=62208 extents=[971, 1, 8, 256] tg=Some(128) count=28 pass=0 arm=28e538282271e635.r8b64u marginal_us=1749.658 single_us=1763.542 rounds=21 round_min_us=1740.667 round_max_us=1778.833 round_cov_pct=0.519
ab res sha=96585e0bac7c1105 arm=base tg_static_bytes=8576 max_threads=384 exec_width=32 bound_buffer_bytes=372568580 iters=50 cell label=96585e0bac7c1105:base wall_ms=143.433 cpu_ms=3.229 cpu_pct=2.3 rss_peak_mb=3429.1 footprint_mb=226.2 gpu_alloc_mb=3375.6 load_before=3.89 load_after=3.89
ab res sha=96585e0bac7c1105 arm=96585e0bac7c1105.ctrl tg_static_bytes=8576 max_threads=384 exec_width=32 bound_buffer_bytes=372568580 iters=50 cell label=96585e0bac7c1105:96585e0bac7c1105.ctrl wall_ms=143.536 cpu_ms=3.179 cpu_pct=2.2 rss_peak_mb=3429.1 footprint_mb=226.2 gpu_alloc_mb=3375.6 load_before=3.89 load_after=4.22
ab res sha=96585e0bac7c1105 arm=96585e0bac7c1105.r1u tg_static_bytes=4288 max_threads=448 exec_width=32 bound_buffer_bytes=372568580 iters=50 cell label=96585e0bac7c1105:96585e0bac7c1105.r1u wall_ms=188.102 cpu_ms=3.345 cpu_pct=1.8 rss_peak_mb=3429.1 footprint_mb=226.2 gpu_alloc_mb=3375.6 load_before=4.22 load_after=4.22
ab res sha=96585e0bac7c1105 arm=96585e0bac7c1105.r2hot tg_static_bytes=8576 max_threads=384 exec_width=32 bound_buffer_bytes=372568580 iters=50 cell label=96585e0bac7c1105:96585e0bac7c1105.r2hot wall_ms=142.585 cpu_ms=3.325 cpu_pct=2.3 rss_peak_mb=3429.1 footprint_mb=226.2 gpu_alloc_mb=3375.6 load_before=4.22 load_after=4.22
ab res sha=96585e0bac7c1105 arm=96585e0bac7c1105.r4u tg_static_bytes=17152 max_threads=384 exec_width=32 bound_buffer_bytes=372568580 iters=50 cell label=96585e0bac7c1105:96585e0bac7c1105.r4u wall_ms=164.705 cpu_ms=3.557 cpu_pct=2.2 rss_peak_mb=3429.1 footprint_mb=226.2 gpu_alloc_mb=3375.6 load_before=4.22 load_after=4.22
ab bits sha=96585e0bac7c1105 threads=124416 extents=[971, 1, 8, 512] arm=base elements=3977216 differing=0 max_ulp=0 max_abs=0e0 max_abs_over_largest=0e0
ab bits sha=96585e0bac7c1105 threads=124416 extents=[971, 1, 8, 512] arm=96585e0bac7c1105.ctrl elements=3977216 differing=0 max_ulp=0 max_abs=0e0 max_abs_over_largest=0e0
ab bits sha=96585e0bac7c1105 threads=124416 extents=[971, 1, 8, 512] arm=96585e0bac7c1105.r1u elements=3977216 differing=0 max_ulp=0 max_abs=0e0 max_abs_over_largest=0e0
ab bits sha=96585e0bac7c1105 threads=124416 extents=[971, 1, 8, 512] arm=96585e0bac7c1105.r2hot elements=3977216 differing=3452927 max_ulp=2120280224 max_abs=1.95819e0 max_abs_over_largest=9.056883e-2
ab bits sha=96585e0bac7c1105 threads=124416 extents=[971, 1, 8, 512] arm=96585e0bac7c1105.r4u elements=3977216 differing=0 max_ulp=0 max_abs=0e0 max_abs_over_largest=0e0
ab group sha=96585e0bac7c1105 threads=124416 extents=[971, 1, 8, 512] tg=Some(256) count=7 pass=0 arm=base marginal_us=2614.581 single_us=2635.292 rounds=21 round_min_us=2603.958 round_max_us=2792.542 round_cov_pct=2.184
ab group sha=96585e0bac7c1105 threads=124416 extents=[971, 1, 8, 512] tg=Some(256) count=7 pass=0 arm=96585e0bac7c1105.ctrl marginal_us=2614.142 single_us=2623.125 rounds=21 round_min_us=2614.417 round_max_us=2749.333 round_cov_pct=1.063
ab group sha=96585e0bac7c1105 threads=124416 extents=[971, 1, 8, 512] tg=Some(256) count=7 pass=0 arm=96585e0bac7c1105.r1u marginal_us=3497.606 single_us=3503.917 rounds=21 round_min_us=3484.250 round_max_us=3684.708 round_cov_pct=1.349
ab group sha=96585e0bac7c1105 threads=124416 extents=[971, 1, 8, 512] tg=Some(256) count=7 pass=0 arm=96585e0bac7c1105.r2hot marginal_us=2596.836 single_us=2607.333 rounds=21 round_min_us=2563.292 round_max_us=2746.250 round_cov_pct=1.352
ab group sha=96585e0bac7c1105 threads=124416 extents=[971, 1, 8, 512] tg=Some(256) count=7 pass=0 arm=96585e0bac7c1105.r4u marginal_us=3035.664 single_us=3068.417 rounds=21 round_min_us=2978.750 round_max_us=3268.417 round_cov_pct=2.555
ab cell label=process wall_ms=13098.308 cpu_ms=2347.808 cpu_pct=17.9 rss_peak_mb=3429.1 footprint_mb=256.5 gpu_alloc_mb=3375.6 load_before=4.14 load_after=4.20
