ab capture excludes 0 unreplayable dispatches of 369
ab capture: step=0 dispatches=369 groups=21
ab res sha=e3603c6942491f2f arm=base tg_static_bytes=9600 max_threads=384 exec_width=32 bound_buffer_bytes=138235140 iters=50 cell label=e3603c6942491f2f:base wall_ms=70.285 cpu_ms=3.116 cpu_pct=4.4 rss_peak_mb=1616.6 footprint_mb=187.9 gpu_alloc_mb=1515.3 load_before=3.11 load_after=3.11
ab res sha=e3603c6942491f2f arm=e3603c6942491f2f.ctrl tg_static_bytes=9856 max_threads=384 exec_width=32 bound_buffer_bytes=138235140 iters=50 cell label=e3603c6942491f2f:e3603c6942491f2f.ctrl wall_ms=66.884 cpu_ms=3.084 cpu_pct=4.6 rss_peak_mb=1616.6 footprint_mb=187.9 gpu_alloc_mb=1515.3 load_before=3.11 load_after=3.11
ab res sha=e3603c6942491f2f arm=e3603c6942491f2f.t16u_pad2560 tg_static_bytes=19200 max_threads=384 exec_width=32 bound_buffer_bytes=138235140 iters=50 cell label=e3603c6942491f2f:e3603c6942491f2f.t16u_pad2560 wall_ms=112.371 cpu_ms=4.579 cpu_pct=4.1 rss_peak_mb=1616.6 footprint_mb=187.9 gpu_alloc_mb=1515.3 load_before=3.11 load_after=3.11
ab res sha=e3603c6942491f2f arm=e3603c6942491f2f.t8s_pad2400 tg_static_bytes=19200 max_threads=384 exec_width=32 bound_buffer_bytes=138235140 iters=50 cell label=e3603c6942491f2f:e3603c6942491f2f.t8s_pad2400 wall_ms=99.567 cpu_ms=3.528 cpu_pct=3.5 rss_peak_mb=1616.6 footprint_mb=187.9 gpu_alloc_mb=1515.3 load_before=3.11 load_after=3.11
ab res sha=e3603c6942491f2f arm=e3603c6942491f2f.t8s_pad4800 tg_static_bytes=28800 max_threads=384 exec_width=32 bound_buffer_bytes=138235140 iters=50 cell label=e3603c6942491f2f:e3603c6942491f2f.t8s_pad4800 wall_ms=137.046 cpu_ms=3.423 cpu_pct=2.5 rss_peak_mb=1616.6 footprint_mb=187.9 gpu_alloc_mb=1515.3 load_before=3.11 load_after=3.11
ab res sha=e3603c6942491f2f arm=e3603c6942491f2f.t8u_pad1280 tg_static_bytes=9600 max_threads=384 exec_width=32 bound_buffer_bytes=138235140 iters=50 cell label=e3603c6942491f2f:e3603c6942491f2f.t8u_pad1280 wall_ms=67.100 cpu_ms=3.077 cpu_pct=4.6 rss_peak_mb=1616.6 footprint_mb=187.9 gpu_alloc_mb=1515.3 load_before=3.11 load_after=3.11
ab bits sha=e3603c6942491f2f threads=64000 extents=[1000, 8, 2, 64] arm=base elements=1024000 differing=0 max_ulp=0 max_abs=0e0 max_abs_over_largest=0e0
ab bits sha=e3603c6942491f2f threads=64000 extents=[1000, 8, 2, 64] arm=e3603c6942491f2f.ctrl elements=1024000 differing=0 max_ulp=0 max_abs=0e0 max_abs_over_largest=0e0
ab bits sha=e3603c6942491f2f threads=64000 extents=[1000, 8, 2, 64] arm=e3603c6942491f2f.t16u_pad2560 elements=1024000 differing=0 max_ulp=0 max_abs=0e0 max_abs_over_largest=0e0
ab bits sha=e3603c6942491f2f threads=64000 extents=[1000, 8, 2, 64] arm=e3603c6942491f2f.t8s_pad2400 elements=1024000 differing=0 max_ulp=0 max_abs=0e0 max_abs_over_largest=0e0
ab bits sha=e3603c6942491f2f threads=64000 extents=[1000, 8, 2, 64] arm=e3603c6942491f2f.t8s_pad4800 elements=1024000 differing=0 max_ulp=0 max_abs=0e0 max_abs_over_largest=0e0
ab bits sha=e3603c6942491f2f threads=64000 extents=[1000, 8, 2, 64] arm=e3603c6942491f2f.t8u_pad1280 elements=1024000 differing=0 max_ulp=0 max_abs=0e0 max_abs_over_largest=0e0
ab group sha=e3603c6942491f2f threads=64000 extents=[1000, 8, 2, 64] tg=Some(64) count=24 pass=0 arm=base marginal_us=1111.469 single_us=1129.083 rounds=21 round_min_us=1089.417 round_max_us=1153.417 round_cov_pct=1.846
ab group sha=e3603c6942491f2f threads=64000 extents=[1000, 8, 2, 64] tg=Some(64) count=24 pass=0 arm=e3603c6942491f2f.ctrl marginal_us=1126.058 single_us=1138.000 rounds=21 round_min_us=1085.792 round_max_us=1177.833 round_cov_pct=2.051
ab group sha=e3603c6942491f2f threads=64000 extents=[1000, 8, 2, 64] tg=Some(64) count=24 pass=0 arm=e3603c6942491f2f.t16u_pad2560 marginal_us=1995.078 single_us=1999.667 rounds=21 round_min_us=1986.917 round_max_us=2033.667 round_cov_pct=0.638
ab group sha=e3603c6942491f2f threads=64000 extents=[1000, 8, 2, 64] tg=Some(64) count=24 pass=0 arm=e3603c6942491f2f.t8s_pad2400 marginal_us=1760.375 single_us=1760.750 rounds=21 round_min_us=1702.625 round_max_us=1882.042 round_cov_pct=2.798
ab group sha=e3603c6942491f2f threads=64000 extents=[1000, 8, 2, 64] tg=Some(64) count=24 pass=0 arm=e3603c6942491f2f.t8s_pad4800 marginal_us=2474.336 single_us=2488.375 rounds=21 round_min_us=2404.625 round_max_us=2544.542 round_cov_pct=1.487
ab group sha=e3603c6942491f2f threads=64000 extents=[1000, 8, 2, 64] tg=Some(64) count=24 pass=0 arm=e3603c6942491f2f.t8u_pad1280 marginal_us=1132.861 single_us=1138.000 rounds=21 round_min_us=1107.625 round_max_us=1171.125 round_cov_pct=1.501
ab cell label=process wall_ms=4791.169 cpu_ms=818.380 cpu_pct=17.1 rss_peak_mb=1616.6 footprint_mb=182.7 gpu_alloc_mb=1515.3 load_before=3.11 load_after=2.94
