ab capture excludes 0 unreplayable dispatches of 369
ab capture: step=0 dispatches=369 groups=21
ab res sha=e3603c6942491f2f arm=base tg_static_bytes=9600 max_threads=384 exec_width=32 bound_buffer_bytes=138235140 iters=50 cell label=e3603c6942491f2f:base wall_ms=67.357 cpu_ms=3.147 cpu_pct=4.7 rss_peak_mb=1616.8 footprint_mb=184.4 gpu_alloc_mb=1516.3 load_before=4.43 load_after=4.43
ab res sha=e3603c6942491f2f arm=e3603c6942491f2f.ctrl tg_static_bytes=9600 max_threads=384 exec_width=32 bound_buffer_bytes=138235140 iters=50 cell label=e3603c6942491f2f:e3603c6942491f2f.ctrl wall_ms=66.427 cpu_ms=3.037 cpu_pct=4.6 rss_peak_mb=1616.8 footprint_mb=184.4 gpu_alloc_mb=1516.3 load_before=4.43 load_after=4.43
ab res sha=e3603c6942491f2f arm=e3603c6942491f2f.t16hot tg_static_bytes=8960 max_threads=384 exec_width=32 bound_buffer_bytes=138235140 iters=50 cell label=e3603c6942491f2f:e3603c6942491f2f.t16hot wall_ms=74.745 cpu_ms=3.155 cpu_pct=4.2 rss_peak_mb=1616.8 footprint_mb=184.4 gpu_alloc_mb=1516.3 load_before=4.43 load_after=4.43
ab res sha=e3603c6942491f2f arm=e3603c6942491f2f.t16n4s tg_static_bytes=19200 max_threads=384 exec_width=32 bound_buffer_bytes=138235140 iters=50 cell label=e3603c6942491f2f:e3603c6942491f2f.t16n4s wall_ms=72.439 cpu_ms=3.308 cpu_pct=4.6 rss_peak_mb=1616.8 footprint_mb=184.4 gpu_alloc_mb=1516.3 load_before=4.43 load_after=4.64
ab res sha=e3603c6942491f2f arm=e3603c6942491f2f.t16n4u tg_static_bytes=8960 max_threads=384 exec_width=32 bound_buffer_bytes=138235140 iters=50 cell label=e3603c6942491f2f:e3603c6942491f2f.t16n4u wall_ms=71.249 cpu_ms=3.117 cpu_pct=4.4 rss_peak_mb=1616.8 footprint_mb=184.4 gpu_alloc_mb=1516.3 load_before=4.64 load_after=4.64
ab res sha=e3603c6942491f2f arm=e3603c6942491f2f.t16s tg_static_bytes=19200 max_threads=384 exec_width=32 bound_buffer_bytes=138235140 iters=50 cell label=e3603c6942491f2f:e3603c6942491f2f.t16s wall_ms=109.537 cpu_ms=3.644 cpu_pct=3.3 rss_peak_mb=1616.8 footprint_mb=184.4 gpu_alloc_mb=1516.3 load_before=4.64 load_after=4.64
ab res sha=e3603c6942491f2f arm=e3603c6942491f2f.t16u tg_static_bytes=8960 max_threads=384 exec_width=32 bound_buffer_bytes=138235140 iters=50 cell label=e3603c6942491f2f:e3603c6942491f2f.t16u wall_ms=76.908 cpu_ms=3.108 cpu_pct=4.0 rss_peak_mb=1616.8 footprint_mb=184.4 gpu_alloc_mb=1516.3 load_before=4.64 load_after=4.64
ab res sha=e3603c6942491f2f arm=e3603c6942491f2f.t32n4u tg_static_bytes=17920 max_threads=384 exec_width=32 bound_buffer_bytes=138235140 iters=50 cell label=e3603c6942491f2f:e3603c6942491f2f.t32n4u wall_ms=99.065 cpu_ms=3.879 cpu_pct=3.9 rss_peak_mb=1616.8 footprint_mb=184.4 gpu_alloc_mb=1516.3 load_before=4.64 load_after=4.64
ab res sha=e3603c6942491f2f arm=e3603c6942491f2f.t32u tg_static_bytes=17920 max_threads=384 exec_width=32 bound_buffer_bytes=138235140 iters=50 cell label=e3603c6942491f2f:e3603c6942491f2f.t32u wall_ms=179.905 cpu_ms=4.489 cpu_pct=2.5 rss_peak_mb=1616.8 footprint_mb=185.3 gpu_alloc_mb=1516.3 load_before=4.64 load_after=4.64
ab res sha=e3603c6942491f2f arm=e3603c6942491f2f.t8hot tg_static_bytes=9600 max_threads=384 exec_width=32 bound_buffer_bytes=138235140 iters=50 cell label=e3603c6942491f2f:e3603c6942491f2f.t8hot wall_ms=65.589 cpu_ms=3.176 cpu_pct=4.8 rss_peak_mb=1616.8 footprint_mb=185.3 gpu_alloc_mb=1516.3 load_before=4.64 load_after=4.64
ab res sha=e3603c6942491f2f arm=e3603c6942491f2f.t8n4s tg_static_bytes=9600 max_threads=512 exec_width=32 bound_buffer_bytes=138235140 iters=50 cell label=e3603c6942491f2f:e3603c6942491f2f.t8n4s wall_ms=64.150 cpu_ms=2.959 cpu_pct=4.6 rss_peak_mb=1616.8 footprint_mb=185.3 gpu_alloc_mb=1516.3 load_before=4.64 load_after=4.64
ab res sha=e3603c6942491f2f arm=e3603c6942491f2f.t8n4u tg_static_bytes=4480 max_threads=448 exec_width=32 bound_buffer_bytes=138235140 iters=50 cell label=e3603c6942491f2f:e3603c6942491f2f.t8n4u wall_ms=73.787 cpu_ms=3.120 cpu_pct=4.2 rss_peak_mb=1616.8 footprint_mb=185.3 gpu_alloc_mb=1516.3 load_before=4.64 load_after=4.64
ab res sha=e3603c6942491f2f arm=e3603c6942491f2f.t8n8s tg_static_bytes=9600 max_threads=576 exec_width=32 bound_buffer_bytes=138235140 iters=50 cell label=e3603c6942491f2f:e3603c6942491f2f.t8n8s wall_ms=79.774 cpu_ms=2.809 cpu_pct=3.5 rss_peak_mb=1616.8 footprint_mb=185.3 gpu_alloc_mb=1516.3 load_before=4.64 load_after=4.64
ab res sha=e3603c6942491f2f arm=e3603c6942491f2f.t8u tg_static_bytes=4480 max_threads=384 exec_width=32 bound_buffer_bytes=138235140 iters=50 cell label=e3603c6942491f2f:e3603c6942491f2f.t8u wall_ms=67.406 cpu_ms=2.784 cpu_pct=4.1 rss_peak_mb=1616.8 footprint_mb=185.3 gpu_alloc_mb=1516.3 load_before=4.64 load_after=4.64
ab bits sha=e3603c6942491f2f threads=64000 extents=[1000, 8, 2, 64] arm=base elements=1024000 differing=0 max_ulp=0 max_abs=0e0 max_abs_over_largest=0e0
ab bits sha=e3603c6942491f2f threads=64000 extents=[1000, 8, 2, 64] arm=e3603c6942491f2f.ctrl elements=1024000 differing=0 max_ulp=0 max_abs=0e0 max_abs_over_largest=0e0
ab bits sha=e3603c6942491f2f threads=64000 extents=[1000, 8, 2, 64] arm=e3603c6942491f2f.t16hot elements=1024000 differing=955805 max_ulp=2171758565 max_abs=1.1575182e1 max_abs_over_largest=1.0370377e0
ab bits sha=e3603c6942491f2f threads=64000 extents=[1000, 8, 2, 64] arm=e3603c6942491f2f.t16n4s elements=1024000 differing=0 max_ulp=0 max_abs=0e0 max_abs_over_largest=0e0
ab bits sha=e3603c6942491f2f threads=64000 extents=[1000, 8, 2, 64] arm=e3603c6942491f2f.t16n4u elements=1024000 differing=0 max_ulp=0 max_abs=0e0 max_abs_over_largest=0e0
ab bits sha=e3603c6942491f2f threads=64000 extents=[1000, 8, 2, 64] arm=e3603c6942491f2f.t16s elements=1024000 differing=0 max_ulp=0 max_abs=0e0 max_abs_over_largest=0e0
ab bits sha=e3603c6942491f2f threads=64000 extents=[1000, 8, 2, 64] arm=e3603c6942491f2f.t16u elements=1024000 differing=0 max_ulp=0 max_abs=0e0 max_abs_over_largest=0e0
ab bits sha=e3603c6942491f2f threads=64000 extents=[1000, 8, 2, 64] arm=e3603c6942491f2f.t32n4u elements=1024000 differing=0 max_ulp=0 max_abs=0e0 max_abs_over_largest=0e0
ab bits sha=e3603c6942491f2f threads=64000 extents=[1000, 8, 2, 64] arm=e3603c6942491f2f.t32u elements=1024000 differing=0 max_ulp=0 max_abs=0e0 max_abs_over_largest=0e0
ab bits sha=e3603c6942491f2f threads=64000 extents=[1000, 8, 2, 64] arm=e3603c6942491f2f.t8hot elements=1024000 differing=955805 max_ulp=2171758565 max_abs=1.1575182e1 max_abs_over_largest=1.0370377e0
ab bits sha=e3603c6942491f2f threads=64000 extents=[1000, 8, 2, 64] arm=e3603c6942491f2f.t8n4s elements=1024000 differing=0 max_ulp=0 max_abs=0e0 max_abs_over_largest=0e0
ab bits sha=e3603c6942491f2f threads=64000 extents=[1000, 8, 2, 64] arm=e3603c6942491f2f.t8n4u elements=1024000 differing=0 max_ulp=0 max_abs=0e0 max_abs_over_largest=0e0
ab bits sha=e3603c6942491f2f threads=64000 extents=[1000, 8, 2, 64] arm=e3603c6942491f2f.t8n8s elements=1024000 differing=0 max_ulp=0 max_abs=0e0 max_abs_over_largest=0e0
ab bits sha=e3603c6942491f2f threads=64000 extents=[1000, 8, 2, 64] arm=e3603c6942491f2f.t8u elements=1024000 differing=0 max_ulp=0 max_abs=0e0 max_abs_over_largest=0e0
ab group sha=e3603c6942491f2f threads=64000 extents=[1000, 8, 2, 64] tg=Some(64) count=24 pass=0 arm=base marginal_us=1109.747 single_us=1123.042 rounds=21 round_min_us=1089.375 round_max_us=1183.250 round_cov_pct=1.949
ab group sha=e3603c6942491f2f threads=64000 extents=[1000, 8, 2, 64] tg=Some(64) count=24 pass=0 arm=e3603c6942491f2f.ctrl marginal_us=1112.231 single_us=1127.792 rounds=21 round_min_us=1063.500 round_max_us=1167.125 round_cov_pct=2.381
ab group sha=e3603c6942491f2f threads=64000 extents=[1000, 8, 2, 64] tg=Some(64) count=24 pass=0 arm=e3603c6942491f2f.t16hot marginal_us=1266.156 single_us=1286.250 rounds=21 round_min_us=1260.250 round_max_us=1315.500 round_cov_pct=1.669
ab group sha=e3603c6942491f2f threads=64000 extents=[1000, 8, 2, 64] tg=Some(64) count=24 pass=0 arm=e3603c6942491f2f.t16n4s marginal_us=1206.142 single_us=1220.000 rounds=21 round_min_us=1209.667 round_max_us=1231.458 round_cov_pct=0.472
ab group sha=e3603c6942491f2f threads=64000 extents=[1000, 8, 2, 64] tg=Some(64) count=24 pass=0 arm=e3603c6942491f2f.t16n4u marginal_us=1224.303 single_us=1224.417 rounds=21 round_min_us=1192.500 round_max_us=1283.542 round_cov_pct=2.556
ab group sha=e3603c6942491f2f threads=64000 extents=[1000, 8, 2, 64] tg=Some(64) count=24 pass=0 arm=e3603c6942491f2f.t16s marginal_us=1917.225 single_us=1894.625 rounds=21 round_min_us=1838.625 round_max_us=1948.458 round_cov_pct=1.652
ab group sha=e3603c6942491f2f threads=64000 extents=[1000, 8, 2, 64] tg=Some(64) count=24 pass=0 arm=e3603c6942491f2f.t16u marginal_us=1281.158 single_us=1321.000 rounds=21 round_min_us=1278.125 round_max_us=1367.708 round_cov_pct=2.473
ab group sha=e3603c6942491f2f threads=64000 extents=[1000, 8, 2, 64] tg=Some(64) count=24 pass=0 arm=e3603c6942491f2f.t32n4u marginal_us=1726.622 single_us=1742.542 rounds=21 round_min_us=1721.333 round_max_us=2141.375 round_cov_pct=4.988
ab group sha=e3603c6942491f2f threads=64000 extents=[1000, 8, 2, 64] tg=Some(64) count=24 pass=0 arm=e3603c6942491f2f.t32u marginal_us=3339.717 single_us=3337.000 rounds=21 round_min_us=3324.667 round_max_us=3370.250 round_cov_pct=0.331
ab group sha=e3603c6942491f2f threads=64000 extents=[1000, 8, 2, 64] tg=Some(64) count=24 pass=0 arm=e3603c6942491f2f.t8hot marginal_us=1075.569 single_us=1072.292 rounds=21 round_min_us=1044.833 round_max_us=1120.375 round_cov_pct=2.042
ab group sha=e3603c6942491f2f threads=64000 extents=[1000, 8, 2, 64] tg=Some(64) count=24 pass=0 arm=e3603c6942491f2f.t8n4s marginal_us=1039.358 single_us=1040.542 rounds=21 round_min_us=1005.208 round_max_us=1117.125 round_cov_pct=2.545
ab group sha=e3603c6942491f2f threads=64000 extents=[1000, 8, 2, 64] tg=Some(64) count=24 pass=0 arm=e3603c6942491f2f.t8n4u marginal_us=1231.244 single_us=1228.125 rounds=21 round_min_us=1186.000 round_max_us=1308.375 round_cov_pct=2.749
ab group sha=e3603c6942491f2f threads=64000 extents=[1000, 8, 2, 64] tg=Some(64) count=24 pass=0 arm=e3603c6942491f2f.t8n8s marginal_us=1363.058 single_us=1376.625 rounds=21 round_min_us=1344.375 round_max_us=1421.292 round_cov_pct=1.151
ab group sha=e3603c6942491f2f threads=64000 extents=[1000, 8, 2, 64] tg=Some(64) count=24 pass=0 arm=e3603c6942491f2f.t8u marginal_us=1132.842 single_us=1145.000 rounds=21 round_min_us=1094.167 round_max_us=1233.917 round_cov_pct=2.337
ab cell label=process wall_ms=9270.023 cpu_ms=921.558 cpu_pct=9.9 rss_peak_mb=1616.8 footprint_mb=181.0 gpu_alloc_mb=1516.3 load_before=4.43 load_after=4.35
