ab capture excludes 0 unreplayable dispatches of 369
ab capture: step=0 dispatches=369 groups=21
ab res sha=e3603c6942491f2f arm=base tg_static_bytes=9600 max_threads=384 exec_width=32 bound_buffer_bytes=138235140 iters=50 cell label=e3603c6942491f2f:base wall_ms=66.928 cpu_ms=3.302 cpu_pct=4.9 rss_peak_mb=1616.8 footprint_mb=189.9 gpu_alloc_mb=1516.3 load_before=4.97 load_after=4.97
ab res sha=e3603c6942491f2f arm=e3603c6942491f2f.ctrl tg_static_bytes=9600 max_threads=384 exec_width=32 bound_buffer_bytes=138235140 iters=50 cell label=e3603c6942491f2f:e3603c6942491f2f.ctrl wall_ms=66.407 cpu_ms=3.134 cpu_pct=4.7 rss_peak_mb=1616.8 footprint_mb=189.9 gpu_alloc_mb=1516.3 load_before=4.97 load_after=4.97
ab res sha=e3603c6942491f2f arm=e3603c6942491f2f.t16hot tg_static_bytes=8960 max_threads=384 exec_width=32 bound_buffer_bytes=138235140 iters=50 cell label=e3603c6942491f2f:e3603c6942491f2f.t16hot wall_ms=74.916 cpu_ms=3.079 cpu_pct=4.1 rss_peak_mb=1616.8 footprint_mb=189.9 gpu_alloc_mb=1516.3 load_before=4.97 load_after=4.97
ab res sha=e3603c6942491f2f arm=e3603c6942491f2f.t16n4s tg_static_bytes=19200 max_threads=384 exec_width=32 bound_buffer_bytes=138235140 iters=50 cell label=e3603c6942491f2f:e3603c6942491f2f.t16n4s wall_ms=72.658 cpu_ms=3.361 cpu_pct=4.6 rss_peak_mb=1616.8 footprint_mb=189.9 gpu_alloc_mb=1516.3 load_before=4.97 load_after=4.97
ab res sha=e3603c6942491f2f arm=e3603c6942491f2f.t16n4u tg_static_bytes=8960 max_threads=384 exec_width=32 bound_buffer_bytes=138235140 iters=50 cell label=e3603c6942491f2f:e3603c6942491f2f.t16n4u wall_ms=71.130 cpu_ms=3.185 cpu_pct=4.5 rss_peak_mb=1616.8 footprint_mb=189.9 gpu_alloc_mb=1516.3 load_before=4.97 load_after=4.97
ab res sha=e3603c6942491f2f arm=e3603c6942491f2f.t16s tg_static_bytes=19200 max_threads=384 exec_width=32 bound_buffer_bytes=138235140 iters=50 cell label=e3603c6942491f2f:e3603c6942491f2f.t16s wall_ms=108.609 cpu_ms=3.317 cpu_pct=3.1 rss_peak_mb=1616.8 footprint_mb=189.9 gpu_alloc_mb=1516.3 load_before=4.97 load_after=4.97
ab res sha=e3603c6942491f2f arm=e3603c6942491f2f.t16u tg_static_bytes=8960 max_threads=384 exec_width=32 bound_buffer_bytes=138235140 iters=50 cell label=e3603c6942491f2f:e3603c6942491f2f.t16u wall_ms=76.620 cpu_ms=3.133 cpu_pct=4.1 rss_peak_mb=1616.8 footprint_mb=189.9 gpu_alloc_mb=1516.3 load_before=4.97 load_after=4.97
ab res sha=e3603c6942491f2f arm=e3603c6942491f2f.t32n4u tg_static_bytes=17920 max_threads=384 exec_width=32 bound_buffer_bytes=138235140 iters=50 cell label=e3603c6942491f2f:e3603c6942491f2f.t32n4u wall_ms=98.041 cpu_ms=3.232 cpu_pct=3.3 rss_peak_mb=1616.8 footprint_mb=189.9 gpu_alloc_mb=1516.3 load_before=4.97 load_after=4.97
ab res sha=e3603c6942491f2f arm=e3603c6942491f2f.t32u tg_static_bytes=17920 max_threads=384 exec_width=32 bound_buffer_bytes=138235140 iters=50 cell label=e3603c6942491f2f:e3603c6942491f2f.t32u wall_ms=179.904 cpu_ms=4.616 cpu_pct=2.6 rss_peak_mb=1616.8 footprint_mb=190.8 gpu_alloc_mb=1516.3 load_before=4.97 load_after=4.97
ab res sha=e3603c6942491f2f arm=e3603c6942491f2f.t8hot tg_static_bytes=9600 max_threads=384 exec_width=32 bound_buffer_bytes=138235140 iters=50 cell label=e3603c6942491f2f:e3603c6942491f2f.t8hot wall_ms=64.906 cpu_ms=3.326 cpu_pct=5.1 rss_peak_mb=1616.8 footprint_mb=190.8 gpu_alloc_mb=1516.3 load_before=4.97 load_after=4.97
ab res sha=e3603c6942491f2f arm=e3603c6942491f2f.t8n4s tg_static_bytes=9600 max_threads=512 exec_width=32 bound_buffer_bytes=138235140 iters=50 cell label=e3603c6942491f2f:e3603c6942491f2f.t8n4s wall_ms=63.897 cpu_ms=3.086 cpu_pct=4.8 rss_peak_mb=1616.8 footprint_mb=190.8 gpu_alloc_mb=1516.3 load_before=4.97 load_after=4.97
ab res sha=e3603c6942491f2f arm=e3603c6942491f2f.t8n4u tg_static_bytes=4480 max_threads=448 exec_width=32 bound_buffer_bytes=138235140 iters=50 cell label=e3603c6942491f2f:e3603c6942491f2f.t8n4u wall_ms=73.776 cpu_ms=3.135 cpu_pct=4.2 rss_peak_mb=1616.8 footprint_mb=190.8 gpu_alloc_mb=1516.3 load_before=4.97 load_after=4.97
ab res sha=e3603c6942491f2f arm=e3603c6942491f2f.t8n8s tg_static_bytes=9600 max_threads=576 exec_width=32 bound_buffer_bytes=138235140 iters=50 cell label=e3603c6942491f2f:e3603c6942491f2f.t8n8s wall_ms=80.066 cpu_ms=3.093 cpu_pct=3.9 rss_peak_mb=1616.8 footprint_mb=190.8 gpu_alloc_mb=1516.3 load_before=4.97 load_after=4.97
ab res sha=e3603c6942491f2f arm=e3603c6942491f2f.t8u tg_static_bytes=4480 max_threads=384 exec_width=32 bound_buffer_bytes=138235140 iters=50 cell label=e3603c6942491f2f:e3603c6942491f2f.t8u wall_ms=68.250 cpu_ms=3.220 cpu_pct=4.7 rss_peak_mb=1616.8 footprint_mb=190.8 gpu_alloc_mb=1516.3 load_before=4.97 load_after=4.97
ab bits sha=e3603c6942491f2f threads=64000 extents=[1000, 8, 2, 64] arm=base elements=1024000 differing=0 max_ulp=0 max_abs=0e0 max_abs_over_largest=0e0
ab bits sha=e3603c6942491f2f threads=64000 extents=[1000, 8, 2, 64] arm=e3603c6942491f2f.ctrl elements=1024000 differing=0 max_ulp=0 max_abs=0e0 max_abs_over_largest=0e0
ab bits sha=e3603c6942491f2f threads=64000 extents=[1000, 8, 2, 64] arm=e3603c6942491f2f.t16hot elements=1024000 differing=955805 max_ulp=2171758565 max_abs=1.1575182e1 max_abs_over_largest=1.0370377e0
ab bits sha=e3603c6942491f2f threads=64000 extents=[1000, 8, 2, 64] arm=e3603c6942491f2f.t16n4s elements=1024000 differing=0 max_ulp=0 max_abs=0e0 max_abs_over_largest=0e0
ab bits sha=e3603c6942491f2f threads=64000 extents=[1000, 8, 2, 64] arm=e3603c6942491f2f.t16n4u elements=1024000 differing=0 max_ulp=0 max_abs=0e0 max_abs_over_largest=0e0
ab bits sha=e3603c6942491f2f threads=64000 extents=[1000, 8, 2, 64] arm=e3603c6942491f2f.t16s elements=1024000 differing=0 max_ulp=0 max_abs=0e0 max_abs_over_largest=0e0
ab bits sha=e3603c6942491f2f threads=64000 extents=[1000, 8, 2, 64] arm=e3603c6942491f2f.t16u elements=1024000 differing=0 max_ulp=0 max_abs=0e0 max_abs_over_largest=0e0
ab bits sha=e3603c6942491f2f threads=64000 extents=[1000, 8, 2, 64] arm=e3603c6942491f2f.t32n4u elements=1024000 differing=0 max_ulp=0 max_abs=0e0 max_abs_over_largest=0e0
ab bits sha=e3603c6942491f2f threads=64000 extents=[1000, 8, 2, 64] arm=e3603c6942491f2f.t32u elements=1024000 differing=0 max_ulp=0 max_abs=0e0 max_abs_over_largest=0e0
ab bits sha=e3603c6942491f2f threads=64000 extents=[1000, 8, 2, 64] arm=e3603c6942491f2f.t8hot elements=1024000 differing=955805 max_ulp=2171758565 max_abs=1.1575182e1 max_abs_over_largest=1.0370377e0
ab bits sha=e3603c6942491f2f threads=64000 extents=[1000, 8, 2, 64] arm=e3603c6942491f2f.t8n4s elements=1024000 differing=0 max_ulp=0 max_abs=0e0 max_abs_over_largest=0e0
ab bits sha=e3603c6942491f2f threads=64000 extents=[1000, 8, 2, 64] arm=e3603c6942491f2f.t8n4u elements=1024000 differing=0 max_ulp=0 max_abs=0e0 max_abs_over_largest=0e0
ab bits sha=e3603c6942491f2f threads=64000 extents=[1000, 8, 2, 64] arm=e3603c6942491f2f.t8n8s elements=1024000 differing=0 max_ulp=0 max_abs=0e0 max_abs_over_largest=0e0
ab bits sha=e3603c6942491f2f threads=64000 extents=[1000, 8, 2, 64] arm=e3603c6942491f2f.t8u elements=1024000 differing=0 max_ulp=0 max_abs=0e0 max_abs_over_largest=0e0
ab group sha=e3603c6942491f2f threads=64000 extents=[1000, 8, 2, 64] tg=Some(64) count=24 pass=0 arm=base marginal_us=1112.056 single_us=1122.125 rounds=21 round_min_us=1086.875 round_max_us=1159.250 round_cov_pct=2.000
ab group sha=e3603c6942491f2f threads=64000 extents=[1000, 8, 2, 64] tg=Some(64) count=24 pass=0 arm=e3603c6942491f2f.ctrl marginal_us=1110.531 single_us=1115.375 rounds=21 round_min_us=1082.125 round_max_us=1155.250 round_cov_pct=1.814
ab group sha=e3603c6942491f2f threads=64000 extents=[1000, 8, 2, 64] tg=Some(64) count=24 pass=0 arm=e3603c6942491f2f.t16hot marginal_us=1266.867 single_us=1292.625 rounds=21 round_min_us=1247.250 round_max_us=1318.375 round_cov_pct=1.729
ab group sha=e3603c6942491f2f threads=64000 extents=[1000, 8, 2, 64] tg=Some(64) count=24 pass=0 arm=e3603c6942491f2f.t16n4s marginal_us=1208.514 single_us=1216.542 rounds=21 round_min_us=1158.500 round_max_us=1249.292 round_cov_pct=1.464
ab group sha=e3603c6942491f2f threads=64000 extents=[1000, 8, 2, 64] tg=Some(64) count=24 pass=0 arm=e3603c6942491f2f.t16n4u marginal_us=1227.092 single_us=1226.000 rounds=21 round_min_us=1194.667 round_max_us=1291.083 round_cov_pct=2.216
ab group sha=e3603c6942491f2f threads=64000 extents=[1000, 8, 2, 64] tg=Some(64) count=24 pass=0 arm=e3603c6942491f2f.t16s marginal_us=1910.436 single_us=1891.292 rounds=21 round_min_us=1840.167 round_max_us=1955.875 round_cov_pct=1.531
ab group sha=e3603c6942491f2f threads=64000 extents=[1000, 8, 2, 64] tg=Some(64) count=24 pass=0 arm=e3603c6942491f2f.t16u marginal_us=1278.328 single_us=1340.917 rounds=21 round_min_us=1276.750 round_max_us=1363.625 round_cov_pct=2.418
ab group sha=e3603c6942491f2f threads=64000 extents=[1000, 8, 2, 64] tg=Some(64) count=24 pass=0 arm=e3603c6942491f2f.t32n4u marginal_us=1727.825 single_us=1739.750 rounds=21 round_min_us=1731.458 round_max_us=1762.958 round_cov_pct=0.423
ab group sha=e3603c6942491f2f threads=64000 extents=[1000, 8, 2, 64] tg=Some(64) count=24 pass=0 arm=e3603c6942491f2f.t32u marginal_us=3344.033 single_us=3337.250 rounds=21 round_min_us=3315.000 round_max_us=3891.750 round_cov_pct=3.618
ab group sha=e3603c6942491f2f threads=64000 extents=[1000, 8, 2, 64] tg=Some(64) count=24 pass=0 arm=e3603c6942491f2f.t8hot marginal_us=1076.531 single_us=1077.292 rounds=21 round_min_us=1044.125 round_max_us=1113.500 round_cov_pct=1.868
ab group sha=e3603c6942491f2f threads=64000 extents=[1000, 8, 2, 64] tg=Some(64) count=24 pass=0 arm=e3603c6942491f2f.t8n4s marginal_us=1041.703 single_us=1035.000 rounds=21 round_min_us=1005.250 round_max_us=1099.500 round_cov_pct=2.425
ab group sha=e3603c6942491f2f threads=64000 extents=[1000, 8, 2, 64] tg=Some(64) count=24 pass=0 arm=e3603c6942491f2f.t8n4u marginal_us=1231.511 single_us=1225.208 rounds=21 round_min_us=1188.250 round_max_us=1285.250 round_cov_pct=2.664
ab group sha=e3603c6942491f2f threads=64000 extents=[1000, 8, 2, 64] tg=Some(64) count=24 pass=0 arm=e3603c6942491f2f.t8n8s marginal_us=1366.342 single_us=1372.833 rounds=21 round_min_us=1334.833 round_max_us=1394.542 round_cov_pct=0.947
ab group sha=e3603c6942491f2f threads=64000 extents=[1000, 8, 2, 64] tg=Some(64) count=24 pass=0 arm=e3603c6942491f2f.t8u marginal_us=1127.867 single_us=1149.250 rounds=21 round_min_us=1131.250 round_max_us=1180.375 round_cov_pct=1.102
ab cell label=process wall_ms=9252.182 cpu_ms=915.557 cpu_pct=9.9 rss_peak_mb=1616.8 footprint_mb=185.5 gpu_alloc_mb=1516.3 load_before=4.97 load_after=4.59
