ab capture excludes 0 unreplayable dispatches of 369
ab capture: step=0 dispatches=369 groups=21
ab res sha=e3603c6942491f2f arm=base tg_static_bytes=9600 max_threads=384 exec_width=32 bound_buffer_bytes=138235140 iters=50 cell label=e3603c6942491f2f:base wall_ms=72.120 cpu_ms=3.121 cpu_pct=4.3 rss_peak_mb=1619.6 footprint_mb=183.5 gpu_alloc_mb=1515.3 load_before=3.03 load_after=3.03
ab res sha=e3603c6942491f2f arm=e3603c6942491f2f.ctrl tg_static_bytes=9856 max_threads=384 exec_width=32 bound_buffer_bytes=138235140 iters=50 cell label=e3603c6942491f2f:e3603c6942491f2f.ctrl wall_ms=67.554 cpu_ms=2.919 cpu_pct=4.3 rss_peak_mb=1619.6 footprint_mb=183.5 gpu_alloc_mb=1515.3 load_before=3.03 load_after=3.03
ab res sha=e3603c6942491f2f arm=e3603c6942491f2f.t16u_pad2560 tg_static_bytes=19200 max_threads=384 exec_width=32 bound_buffer_bytes=138235140 iters=50 cell label=e3603c6942491f2f:e3603c6942491f2f.t16u_pad2560 wall_ms=111.444 cpu_ms=3.457 cpu_pct=3.1 rss_peak_mb=1619.6 footprint_mb=183.5 gpu_alloc_mb=1515.3 load_before=3.03 load_after=3.03
ab res sha=e3603c6942491f2f arm=e3603c6942491f2f.t8s_pad2400 tg_static_bytes=19200 max_threads=384 exec_width=32 bound_buffer_bytes=138235140 iters=50 cell label=e3603c6942491f2f:e3603c6942491f2f.t8s_pad2400 wall_ms=102.017 cpu_ms=4.016 cpu_pct=3.9 rss_peak_mb=1619.6 footprint_mb=183.5 gpu_alloc_mb=1515.3 load_before=3.03 load_after=3.03
ab res sha=e3603c6942491f2f arm=e3603c6942491f2f.t8s_pad4800 tg_static_bytes=28800 max_threads=384 exec_width=32 bound_buffer_bytes=138235140 iters=50 cell label=e3603c6942491f2f:e3603c6942491f2f.t8s_pad4800 wall_ms=137.270 cpu_ms=3.755 cpu_pct=2.7 rss_peak_mb=1619.6 footprint_mb=183.5 gpu_alloc_mb=1515.3 load_before=3.03 load_after=3.03
ab res sha=e3603c6942491f2f arm=e3603c6942491f2f.t8u_pad1280 tg_static_bytes=9600 max_threads=384 exec_width=32 bound_buffer_bytes=138235140 iters=50 cell label=e3603c6942491f2f:e3603c6942491f2f.t8u_pad1280 wall_ms=67.478 cpu_ms=2.858 cpu_pct=4.2 rss_peak_mb=1619.6 footprint_mb=183.5 gpu_alloc_mb=1515.3 load_before=3.03 load_after=3.03
ab bits sha=e3603c6942491f2f threads=64000 extents=[1000, 8, 2, 64] arm=base elements=1024000 differing=0 max_ulp=0 max_abs=0e0 max_abs_over_largest=0e0
ab bits sha=e3603c6942491f2f threads=64000 extents=[1000, 8, 2, 64] arm=e3603c6942491f2f.ctrl elements=1024000 differing=0 max_ulp=0 max_abs=0e0 max_abs_over_largest=0e0
ab bits sha=e3603c6942491f2f threads=64000 extents=[1000, 8, 2, 64] arm=e3603c6942491f2f.t16u_pad2560 elements=1024000 differing=0 max_ulp=0 max_abs=0e0 max_abs_over_largest=0e0
ab bits sha=e3603c6942491f2f threads=64000 extents=[1000, 8, 2, 64] arm=e3603c6942491f2f.t8s_pad2400 elements=1024000 differing=0 max_ulp=0 max_abs=0e0 max_abs_over_largest=0e0
ab bits sha=e3603c6942491f2f threads=64000 extents=[1000, 8, 2, 64] arm=e3603c6942491f2f.t8s_pad4800 elements=1024000 differing=0 max_ulp=0 max_abs=0e0 max_abs_over_largest=0e0
ab bits sha=e3603c6942491f2f threads=64000 extents=[1000, 8, 2, 64] arm=e3603c6942491f2f.t8u_pad1280 elements=1024000 differing=0 max_ulp=0 max_abs=0e0 max_abs_over_largest=0e0
ab group sha=e3603c6942491f2f threads=64000 extents=[1000, 8, 2, 64] tg=Some(64) count=24 pass=0 arm=base marginal_us=1114.686 single_us=1117.500 rounds=21 round_min_us=1083.417 round_max_us=1175.500 round_cov_pct=2.016
ab group sha=e3603c6942491f2f threads=64000 extents=[1000, 8, 2, 64] tg=Some(64) count=24 pass=0 arm=e3603c6942491f2f.ctrl marginal_us=1127.822 single_us=1142.042 rounds=21 round_min_us=1099.667 round_max_us=1173.458 round_cov_pct=1.868
ab group sha=e3603c6942491f2f threads=64000 extents=[1000, 8, 2, 64] tg=Some(64) count=24 pass=0 arm=e3603c6942491f2f.t16u_pad2560 marginal_us=1993.519 single_us=2002.333 rounds=21 round_min_us=1957.792 round_max_us=2033.167 round_cov_pct=0.801
ab group sha=e3603c6942491f2f threads=64000 extents=[1000, 8, 2, 64] tg=Some(64) count=24 pass=0 arm=e3603c6942491f2f.t8s_pad2400 marginal_us=1750.408 single_us=1768.000 rounds=21 round_min_us=1707.750 round_max_us=1823.625 round_cov_pct=1.866
ab group sha=e3603c6942491f2f threads=64000 extents=[1000, 8, 2, 64] tg=Some(64) count=24 pass=0 arm=e3603c6942491f2f.t8s_pad4800 marginal_us=2480.883 single_us=2484.875 rounds=21 round_min_us=2445.917 round_max_us=2562.333 round_cov_pct=1.234
ab group sha=e3603c6942491f2f threads=64000 extents=[1000, 8, 2, 64] tg=Some(64) count=24 pass=0 arm=e3603c6942491f2f.t8u_pad1280 marginal_us=1130.169 single_us=1150.708 rounds=21 round_min_us=1128.125 round_max_us=1194.500 round_cov_pct=1.478
ab cell label=process wall_ms=4808.454 cpu_ms=867.119 cpu_pct=18.0 rss_peak_mb=1619.6 footprint_mb=179.5 gpu_alloc_mb=1515.3 load_before=3.03 load_after=2.87
