ab capture excludes 0 unreplayable dispatches of 369
ab capture: step=0 dispatches=369 groups=21
ab res sha=e3603c6942491f2f arm=base tg_static_bytes=9600 max_threads=384 exec_width=32 bound_buffer_bytes=138235140 iters=50 cell label=e3603c6942491f2f:base wall_ms=72.161 cpu_ms=3.260 cpu_pct=4.5 rss_peak_mb=1615.9 footprint_mb=183.8 gpu_alloc_mb=1516.3 load_before=4.12 load_after=4.12
ab res sha=e3603c6942491f2f arm=e3603c6942491f2f.ctrl tg_static_bytes=9600 max_threads=384 exec_width=32 bound_buffer_bytes=138235140 iters=50 cell label=e3603c6942491f2f:e3603c6942491f2f.ctrl wall_ms=66.453 cpu_ms=2.984 cpu_pct=4.5 rss_peak_mb=1615.9 footprint_mb=183.8 gpu_alloc_mb=1516.3 load_before=4.12 load_after=4.12
ab res sha=e3603c6942491f2f arm=e3603c6942491f2f.t16hot tg_static_bytes=8960 max_threads=384 exec_width=32 bound_buffer_bytes=138235140 iters=50 cell label=e3603c6942491f2f:e3603c6942491f2f.t16hot wall_ms=75.012 cpu_ms=3.157 cpu_pct=4.2 rss_peak_mb=1615.9 footprint_mb=183.8 gpu_alloc_mb=1516.3 load_before=4.12 load_after=4.12
ab res sha=e3603c6942491f2f arm=e3603c6942491f2f.t16n4s tg_static_bytes=19200 max_threads=384 exec_width=32 bound_buffer_bytes=138235140 iters=50 cell label=e3603c6942491f2f:e3603c6942491f2f.t16n4s wall_ms=73.069 cpu_ms=3.354 cpu_pct=4.6 rss_peak_mb=1615.9 footprint_mb=183.8 gpu_alloc_mb=1516.3 load_before=4.12 load_after=4.12
ab res sha=e3603c6942491f2f arm=e3603c6942491f2f.t16n4u tg_static_bytes=8960 max_threads=384 exec_width=32 bound_buffer_bytes=138235140 iters=50 cell label=e3603c6942491f2f:e3603c6942491f2f.t16n4u wall_ms=71.285 cpu_ms=3.051 cpu_pct=4.3 rss_peak_mb=1615.9 footprint_mb=183.8 gpu_alloc_mb=1516.3 load_before=4.12 load_after=4.12
ab res sha=e3603c6942491f2f arm=e3603c6942491f2f.t16s tg_static_bytes=19200 max_threads=384 exec_width=32 bound_buffer_bytes=138235140 iters=50 cell label=e3603c6942491f2f:e3603c6942491f2f.t16s wall_ms=108.743 cpu_ms=3.337 cpu_pct=3.1 rss_peak_mb=1615.9 footprint_mb=183.8 gpu_alloc_mb=1516.3 load_before=4.12 load_after=4.12
ab res sha=e3603c6942491f2f arm=e3603c6942491f2f.t16u tg_static_bytes=8960 max_threads=384 exec_width=32 bound_buffer_bytes=138235140 iters=50 cell label=e3603c6942491f2f:e3603c6942491f2f.t16u wall_ms=76.937 cpu_ms=3.092 cpu_pct=4.0 rss_peak_mb=1615.9 footprint_mb=183.8 gpu_alloc_mb=1516.3 load_before=4.12 load_after=4.12
ab res sha=e3603c6942491f2f arm=e3603c6942491f2f.t32n4u tg_static_bytes=17920 max_threads=384 exec_width=32 bound_buffer_bytes=138235140 iters=50 cell label=e3603c6942491f2f:e3603c6942491f2f.t32n4u wall_ms=98.962 cpu_ms=3.473 cpu_pct=3.5 rss_peak_mb=1615.9 footprint_mb=183.8 gpu_alloc_mb=1516.3 load_before=4.12 load_after=4.12
ab res sha=e3603c6942491f2f arm=e3603c6942491f2f.t32u tg_static_bytes=17920 max_threads=384 exec_width=32 bound_buffer_bytes=138235140 iters=50 cell label=e3603c6942491f2f:e3603c6942491f2f.t32u wall_ms=180.514 cpu_ms=3.819 cpu_pct=2.1 rss_peak_mb=1615.9 footprint_mb=184.6 gpu_alloc_mb=1516.3 load_before=4.12 load_after=4.12
ab res sha=e3603c6942491f2f arm=e3603c6942491f2f.t8hot tg_static_bytes=9600 max_threads=384 exec_width=32 bound_buffer_bytes=138235140 iters=50 cell label=e3603c6942491f2f:e3603c6942491f2f.t8hot wall_ms=65.284 cpu_ms=3.138 cpu_pct=4.8 rss_peak_mb=1615.9 footprint_mb=184.6 gpu_alloc_mb=1516.3 load_before=4.12 load_after=4.12
ab res sha=e3603c6942491f2f arm=e3603c6942491f2f.t8n4s tg_static_bytes=9600 max_threads=512 exec_width=32 bound_buffer_bytes=138235140 iters=50 cell label=e3603c6942491f2f:e3603c6942491f2f.t8n4s wall_ms=64.269 cpu_ms=2.954 cpu_pct=4.6 rss_peak_mb=1615.9 footprint_mb=184.6 gpu_alloc_mb=1516.3 load_before=4.12 load_after=4.12
ab res sha=e3603c6942491f2f arm=e3603c6942491f2f.t8n4u tg_static_bytes=4480 max_threads=448 exec_width=32 bound_buffer_bytes=138235140 iters=50 cell label=e3603c6942491f2f:e3603c6942491f2f.t8n4u wall_ms=73.455 cpu_ms=2.930 cpu_pct=4.0 rss_peak_mb=1615.9 footprint_mb=184.6 gpu_alloc_mb=1516.3 load_before=4.12 load_after=4.12
ab res sha=e3603c6942491f2f arm=e3603c6942491f2f.t8n8s tg_static_bytes=9600 max_threads=576 exec_width=32 bound_buffer_bytes=138235140 iters=50 cell label=e3603c6942491f2f:e3603c6942491f2f.t8n8s wall_ms=80.560 cpu_ms=3.217 cpu_pct=4.0 rss_peak_mb=1615.9 footprint_mb=184.6 gpu_alloc_mb=1516.3 load_before=4.12 load_after=4.12
ab res sha=e3603c6942491f2f arm=e3603c6942491f2f.t8u tg_static_bytes=4480 max_threads=384 exec_width=32 bound_buffer_bytes=138235140 iters=50 cell label=e3603c6942491f2f:e3603c6942491f2f.t8u wall_ms=68.187 cpu_ms=3.044 cpu_pct=4.5 rss_peak_mb=1615.9 footprint_mb=184.6 gpu_alloc_mb=1516.3 load_before=4.12 load_after=4.12
ab bits sha=e3603c6942491f2f threads=64000 extents=[1000, 8, 2, 64] arm=base elements=1024000 differing=0 max_ulp=0 max_abs=0e0 max_abs_over_largest=0e0
ab bits sha=e3603c6942491f2f threads=64000 extents=[1000, 8, 2, 64] arm=e3603c6942491f2f.ctrl elements=1024000 differing=0 max_ulp=0 max_abs=0e0 max_abs_over_largest=0e0
ab bits sha=e3603c6942491f2f threads=64000 extents=[1000, 8, 2, 64] arm=e3603c6942491f2f.t16hot elements=1024000 differing=955805 max_ulp=2171758565 max_abs=1.1575182e1 max_abs_over_largest=1.0370377e0
ab bits sha=e3603c6942491f2f threads=64000 extents=[1000, 8, 2, 64] arm=e3603c6942491f2f.t16n4s elements=1024000 differing=0 max_ulp=0 max_abs=0e0 max_abs_over_largest=0e0
ab bits sha=e3603c6942491f2f threads=64000 extents=[1000, 8, 2, 64] arm=e3603c6942491f2f.t16n4u elements=1024000 differing=0 max_ulp=0 max_abs=0e0 max_abs_over_largest=0e0
ab bits sha=e3603c6942491f2f threads=64000 extents=[1000, 8, 2, 64] arm=e3603c6942491f2f.t16s elements=1024000 differing=0 max_ulp=0 max_abs=0e0 max_abs_over_largest=0e0
ab bits sha=e3603c6942491f2f threads=64000 extents=[1000, 8, 2, 64] arm=e3603c6942491f2f.t16u elements=1024000 differing=0 max_ulp=0 max_abs=0e0 max_abs_over_largest=0e0
ab bits sha=e3603c6942491f2f threads=64000 extents=[1000, 8, 2, 64] arm=e3603c6942491f2f.t32n4u elements=1024000 differing=0 max_ulp=0 max_abs=0e0 max_abs_over_largest=0e0
ab bits sha=e3603c6942491f2f threads=64000 extents=[1000, 8, 2, 64] arm=e3603c6942491f2f.t32u elements=1024000 differing=0 max_ulp=0 max_abs=0e0 max_abs_over_largest=0e0
ab bits sha=e3603c6942491f2f threads=64000 extents=[1000, 8, 2, 64] arm=e3603c6942491f2f.t8hot elements=1024000 differing=955805 max_ulp=2171758565 max_abs=1.1575182e1 max_abs_over_largest=1.0370377e0
ab bits sha=e3603c6942491f2f threads=64000 extents=[1000, 8, 2, 64] arm=e3603c6942491f2f.t8n4s elements=1024000 differing=0 max_ulp=0 max_abs=0e0 max_abs_over_largest=0e0
ab bits sha=e3603c6942491f2f threads=64000 extents=[1000, 8, 2, 64] arm=e3603c6942491f2f.t8n4u elements=1024000 differing=0 max_ulp=0 max_abs=0e0 max_abs_over_largest=0e0
ab bits sha=e3603c6942491f2f threads=64000 extents=[1000, 8, 2, 64] arm=e3603c6942491f2f.t8n8s elements=1024000 differing=0 max_ulp=0 max_abs=0e0 max_abs_over_largest=0e0
ab bits sha=e3603c6942491f2f threads=64000 extents=[1000, 8, 2, 64] arm=e3603c6942491f2f.t8u elements=1024000 differing=0 max_ulp=0 max_abs=0e0 max_abs_over_largest=0e0
ab group sha=e3603c6942491f2f threads=64000 extents=[1000, 8, 2, 64] tg=Some(64) count=24 pass=0 arm=base marginal_us=1109.856 single_us=1119.792 rounds=21 round_min_us=1083.500 round_max_us=1167.250 round_cov_pct=1.955
ab group sha=e3603c6942491f2f threads=64000 extents=[1000, 8, 2, 64] tg=Some(64) count=24 pass=0 arm=e3603c6942491f2f.ctrl marginal_us=1111.219 single_us=1128.583 rounds=21 round_min_us=1079.625 round_max_us=1148.333 round_cov_pct=1.739
ab group sha=e3603c6942491f2f threads=64000 extents=[1000, 8, 2, 64] tg=Some(64) count=24 pass=0 arm=e3603c6942491f2f.t16hot marginal_us=1266.575 single_us=1279.708 rounds=21 round_min_us=1251.667 round_max_us=1319.500 round_cov_pct=1.695
ab group sha=e3603c6942491f2f threads=64000 extents=[1000, 8, 2, 64] tg=Some(64) count=24 pass=0 arm=e3603c6942491f2f.t16n4s marginal_us=1205.533 single_us=1217.250 rounds=21 round_min_us=1181.708 round_max_us=1330.542 round_cov_pct=2.203
ab group sha=e3603c6942491f2f threads=64000 extents=[1000, 8, 2, 64] tg=Some(64) count=24 pass=0 arm=e3603c6942491f2f.t16n4u marginal_us=1231.692 single_us=1229.833 rounds=21 round_min_us=1187.458 round_max_us=1290.333 round_cov_pct=2.275
ab group sha=e3603c6942491f2f threads=64000 extents=[1000, 8, 2, 64] tg=Some(64) count=24 pass=0 arm=e3603c6942491f2f.t16s marginal_us=1922.103 single_us=1898.625 rounds=21 round_min_us=1856.750 round_max_us=1977.250 round_cov_pct=1.372
ab group sha=e3603c6942491f2f threads=64000 extents=[1000, 8, 2, 64] tg=Some(64) count=24 pass=0 arm=e3603c6942491f2f.t16u marginal_us=1280.633 single_us=1293.750 rounds=21 round_min_us=1256.375 round_max_us=1361.875 round_cov_pct=2.725
ab group sha=e3603c6942491f2f threads=64000 extents=[1000, 8, 2, 64] tg=Some(64) count=24 pass=0 arm=e3603c6942491f2f.t32n4u marginal_us=1721.228 single_us=1746.708 rounds=21 round_min_us=1717.375 round_max_us=1757.875 round_cov_pct=0.788
ab group sha=e3603c6942491f2f threads=64000 extents=[1000, 8, 2, 64] tg=Some(64) count=24 pass=0 arm=e3603c6942491f2f.t32u marginal_us=3342.261 single_us=3334.875 rounds=21 round_min_us=3304.292 round_max_us=3355.417 round_cov_pct=0.365
ab group sha=e3603c6942491f2f threads=64000 extents=[1000, 8, 2, 64] tg=Some(64) count=24 pass=0 arm=e3603c6942491f2f.t8hot marginal_us=1075.597 single_us=1081.417 rounds=21 round_min_us=1035.958 round_max_us=1116.250 round_cov_pct=1.965
ab group sha=e3603c6942491f2f threads=64000 extents=[1000, 8, 2, 64] tg=Some(64) count=24 pass=0 arm=e3603c6942491f2f.t8n4s marginal_us=1040.953 single_us=1045.542 rounds=21 round_min_us=1023.625 round_max_us=1089.000 round_cov_pct=1.828
ab group sha=e3603c6942491f2f threads=64000 extents=[1000, 8, 2, 64] tg=Some(64) count=24 pass=0 arm=e3603c6942491f2f.t8n4u marginal_us=1232.000 single_us=1231.750 rounds=21 round_min_us=1197.625 round_max_us=1318.375 round_cov_pct=3.143
ab group sha=e3603c6942491f2f threads=64000 extents=[1000, 8, 2, 64] tg=Some(64) count=24 pass=0 arm=e3603c6942491f2f.t8n8s marginal_us=1363.514 single_us=1370.917 rounds=21 round_min_us=1317.875 round_max_us=1509.458 round_cov_pct=2.521
ab group sha=e3603c6942491f2f threads=64000 extents=[1000, 8, 2, 64] tg=Some(64) count=24 pass=0 arm=e3603c6942491f2f.t8u marginal_us=1127.731 single_us=1151.667 rounds=21 round_min_us=1120.250 round_max_us=1186.875 round_cov_pct=1.354
ab cell label=process wall_ms=10038.641 cpu_ms=971.234 cpu_pct=9.7 rss_peak_mb=1615.9 footprint_mb=184.0 gpu_alloc_mb=1516.3 load_before=4.12 load_after=3.87
