ab capture excludes 0 unreplayable dispatches of 369
ab capture: step=0 dispatches=369 groups=21
ab res sha=e3603c6942491f2f arm=base tg_static_bytes=9600 max_threads=384 exec_width=32 bound_buffer_bytes=138235140 iters=50 cell label=e3603c6942491f2f:base wall_ms=70.790 cpu_ms=3.097 cpu_pct=4.4 rss_peak_mb=1618.3 footprint_mb=180.9 gpu_alloc_mb=1515.3 load_before=2.72 load_after=2.72
ab res sha=e3603c6942491f2f arm=e3603c6942491f2f.ctrl tg_static_bytes=9856 max_threads=384 exec_width=32 bound_buffer_bytes=138235140 iters=50 cell label=e3603c6942491f2f:e3603c6942491f2f.ctrl wall_ms=67.662 cpu_ms=3.152 cpu_pct=4.7 rss_peak_mb=1618.3 footprint_mb=180.9 gpu_alloc_mb=1515.3 load_before=2.72 load_after=2.72
ab res sha=e3603c6942491f2f arm=e3603c6942491f2f.t16u_pad2560 tg_static_bytes=19200 max_threads=384 exec_width=32 bound_buffer_bytes=138235140 iters=50 cell label=e3603c6942491f2f:e3603c6942491f2f.t16u_pad2560 wall_ms=112.124 cpu_ms=3.816 cpu_pct=3.4 rss_peak_mb=1618.3 footprint_mb=180.9 gpu_alloc_mb=1515.3 load_before=2.72 load_after=2.72
ab res sha=e3603c6942491f2f arm=e3603c6942491f2f.t8s_pad2400 tg_static_bytes=19200 max_threads=384 exec_width=32 bound_buffer_bytes=138235140 iters=50 cell label=e3603c6942491f2f:e3603c6942491f2f.t8s_pad2400 wall_ms=100.900 cpu_ms=3.641 cpu_pct=3.6 rss_peak_mb=1618.3 footprint_mb=180.9 gpu_alloc_mb=1515.3 load_before=2.72 load_after=2.72
ab res sha=e3603c6942491f2f arm=e3603c6942491f2f.t8s_pad4800 tg_static_bytes=28800 max_threads=384 exec_width=32 bound_buffer_bytes=138235140 iters=50 cell label=e3603c6942491f2f:e3603c6942491f2f.t8s_pad4800 wall_ms=138.631 cpu_ms=4.728 cpu_pct=3.4 rss_peak_mb=1618.3 footprint_mb=180.9 gpu_alloc_mb=1515.3 load_before=2.72 load_after=2.72
ab res sha=e3603c6942491f2f arm=e3603c6942491f2f.t8u_pad1280 tg_static_bytes=9600 max_threads=384 exec_width=32 bound_buffer_bytes=138235140 iters=50 cell label=e3603c6942491f2f:e3603c6942491f2f.t8u_pad1280 wall_ms=67.570 cpu_ms=3.215 cpu_pct=4.8 rss_peak_mb=1618.3 footprint_mb=180.9 gpu_alloc_mb=1515.3 load_before=2.72 load_after=2.72
ab bits sha=e3603c6942491f2f threads=64000 extents=[1000, 8, 2, 64] arm=base elements=1024000 differing=0 max_ulp=0 max_abs=0e0 max_abs_over_largest=0e0
ab bits sha=e3603c6942491f2f threads=64000 extents=[1000, 8, 2, 64] arm=e3603c6942491f2f.ctrl elements=1024000 differing=0 max_ulp=0 max_abs=0e0 max_abs_over_largest=0e0
ab bits sha=e3603c6942491f2f threads=64000 extents=[1000, 8, 2, 64] arm=e3603c6942491f2f.t16u_pad2560 elements=1024000 differing=0 max_ulp=0 max_abs=0e0 max_abs_over_largest=0e0
ab bits sha=e3603c6942491f2f threads=64000 extents=[1000, 8, 2, 64] arm=e3603c6942491f2f.t8s_pad2400 elements=1024000 differing=0 max_ulp=0 max_abs=0e0 max_abs_over_largest=0e0
ab bits sha=e3603c6942491f2f threads=64000 extents=[1000, 8, 2, 64] arm=e3603c6942491f2f.t8s_pad4800 elements=1024000 differing=0 max_ulp=0 max_abs=0e0 max_abs_over_largest=0e0
ab bits sha=e3603c6942491f2f threads=64000 extents=[1000, 8, 2, 64] arm=e3603c6942491f2f.t8u_pad1280 elements=1024000 differing=0 max_ulp=0 max_abs=0e0 max_abs_over_largest=0e0
ab group sha=e3603c6942491f2f threads=64000 extents=[1000, 8, 2, 64] tg=Some(64) count=24 pass=0 arm=base marginal_us=1109.278 single_us=1130.208 rounds=21 round_min_us=1083.875 round_max_us=1152.208 round_cov_pct=1.611
ab group sha=e3603c6942491f2f threads=64000 extents=[1000, 8, 2, 64] tg=Some(64) count=24 pass=0 arm=e3603c6942491f2f.ctrl marginal_us=1124.094 single_us=1148.500 rounds=21 round_min_us=1091.250 round_max_us=1171.375 round_cov_pct=2.075
ab group sha=e3603c6942491f2f threads=64000 extents=[1000, 8, 2, 64] tg=Some(64) count=24 pass=0 arm=e3603c6942491f2f.t16u_pad2560 marginal_us=1992.058 single_us=1999.125 rounds=21 round_min_us=1958.708 round_max_us=2034.750 round_cov_pct=0.692
ab group sha=e3603c6942491f2f threads=64000 extents=[1000, 8, 2, 64] tg=Some(64) count=24 pass=0 arm=e3603c6942491f2f.t8s_pad2400 marginal_us=1757.639 single_us=1754.125 rounds=21 round_min_us=1732.583 round_max_us=1810.083 round_cov_pct=1.315
ab group sha=e3603c6942491f2f threads=64000 extents=[1000, 8, 2, 64] tg=Some(64) count=24 pass=0 arm=e3603c6942491f2f.t8s_pad4800 marginal_us=2471.114 single_us=2503.750 rounds=21 round_min_us=2429.750 round_max_us=2550.042 round_cov_pct=1.276
ab group sha=e3603c6942491f2f threads=64000 extents=[1000, 8, 2, 64] tg=Some(64) count=24 pass=0 arm=e3603c6942491f2f.t8u_pad1280 marginal_us=1134.058 single_us=1154.208 rounds=21 round_min_us=1102.833 round_max_us=1177.875 round_cov_pct=1.586
ab cell label=process wall_ms=4803.522 cpu_ms=850.149 cpu_pct=17.7 rss_peak_mb=1618.3 footprint_mb=180.6 gpu_alloc_mb=1515.3 load_before=2.72 load_after=2.66
