raw arm=gemma4_e2b.base process=0 run=0 ms_per_token=15.1360
raw arm=gemma4_e2b.base process=0 run=1 ms_per_token=10.9670
raw arm=gemma4_e2b.base process=0 run=2 ms_per_token=14.2660
raw arm=gemma4_e2b.base process=0 run=3 ms_per_token=11.0350
raw arm=gemma4_e2b.base process=0 run=4 ms_per_token=10.9510
raw arm=gemma4_e2b.base process=0 run=5 ms_per_token=11.0320
raw arm=gemma4_e2b.base process=0 run=6 ms_per_token=11.0310
raw arm=gemma4_e2b.base process=0 run=7 ms_per_token=11.0270
raw arm=gemma4_e2b.tip process=0 run=0 ms_per_token=12.7190
raw arm=gemma4_e2b.tip process=0 run=1 ms_per_token=11.0680
raw arm=gemma4_e2b.tip process=0 run=2 ms_per_token=11.2140
raw arm=gemma4_e2b.tip process=0 run=3 ms_per_token=11.7260
raw arm=gemma4_e2b.tip process=0 run=4 ms_per_token=11.0860
raw arm=gemma4_e2b.tip process=0 run=5 ms_per_token=11.0610
raw arm=gemma4_e2b.tip process=0 run=6 ms_per_token=11.0680
raw arm=gemma4_e2b.tip process=0 run=7 ms_per_token=11.0970
raw arm=gemma4_e2b.control process=0 run=0 ms_per_token=11.5890
raw arm=gemma4_e2b.control process=0 run=1 ms_per_token=11.0250
raw arm=gemma4_e2b.control process=0 run=2 ms_per_token=11.0590
raw arm=gemma4_e2b.control process=0 run=3 ms_per_token=11.0820
raw arm=gemma4_e2b.control process=0 run=4 ms_per_token=13.4180
raw arm=gemma4_e2b.control process=0 run=5 ms_per_token=11.0960
raw arm=gemma4_e2b.control process=0 run=6 ms_per_token=11.0680
raw arm=gemma4_e2b.control process=0 run=7 ms_per_token=11.4910
raw arm=granite_moe.base process=0 run=0 ms_per_token=8.4160
raw arm=granite_moe.base process=0 run=1 ms_per_token=6.6660
raw arm=granite_moe.base process=0 run=2 ms_per_token=6.6490
raw arm=granite_moe.base process=0 run=3 ms_per_token=6.6460
raw arm=granite_moe.base process=0 run=4 ms_per_token=6.7960
raw arm=granite_moe.base process=0 run=5 ms_per_token=6.8280
raw arm=granite_moe.base process=0 run=6 ms_per_token=6.8980
raw arm=granite_moe.base process=0 run=7 ms_per_token=6.7070
raw arm=granite_moe.tip process=0 run=0 ms_per_token=6.8770
raw arm=granite_moe.tip process=0 run=1 ms_per_token=6.5000
raw arm=granite_moe.tip process=0 run=2 ms_per_token=6.5850
raw arm=granite_moe.tip process=0 run=3 ms_per_token=6.6280
raw arm=granite_moe.tip process=0 run=4 ms_per_token=6.6070
raw arm=granite_moe.tip process=0 run=5 ms_per_token=6.4630
raw arm=granite_moe.tip process=0 run=6 ms_per_token=6.4910
raw arm=granite_moe.tip process=0 run=7 ms_per_token=6.5250
raw arm=granite_moe.control process=0 run=0 ms_per_token=6.8420
raw arm=granite_moe.control process=0 run=1 ms_per_token=6.4770
raw arm=granite_moe.control process=0 run=2 ms_per_token=6.6570
raw arm=granite_moe.control process=0 run=3 ms_per_token=6.4860
raw arm=granite_moe.control process=0 run=4 ms_per_token=6.5740
raw arm=granite_moe.control process=0 run=5 ms_per_token=6.5770
raw arm=granite_moe.control process=0 run=6 ms_per_token=6.5150
raw arm=granite_moe.control process=0 run=7 ms_per_token=6.5560
raw arm=gemma4_e2b.tip process=1 run=0 ms_per_token=11.7000
raw arm=gemma4_e2b.tip process=1 run=1 ms_per_token=11.1770
raw arm=gemma4_e2b.tip process=1 run=2 ms_per_token=11.1420
raw arm=gemma4_e2b.tip process=1 run=3 ms_per_token=11.1460
raw arm=gemma4_e2b.tip process=1 run=4 ms_per_token=13.3590
raw arm=gemma4_e2b.tip process=1 run=5 ms_per_token=11.1440
raw arm=gemma4_e2b.tip process=1 run=6 ms_per_token=11.1970
raw arm=gemma4_e2b.tip process=1 run=7 ms_per_token=11.1760
raw arm=gemma4_e2b.control process=1 run=0 ms_per_token=11.5890
raw arm=gemma4_e2b.control process=1 run=1 ms_per_token=11.0840
raw arm=gemma4_e2b.control process=1 run=2 ms_per_token=11.0940
raw arm=gemma4_e2b.control process=1 run=3 ms_per_token=11.0770
raw arm=gemma4_e2b.control process=1 run=4 ms_per_token=11.1230
raw arm=gemma4_e2b.control process=1 run=5 ms_per_token=11.1670
raw arm=gemma4_e2b.control process=1 run=6 ms_per_token=11.1180
raw arm=gemma4_e2b.control process=1 run=7 ms_per_token=14.2400
raw arm=gemma4_e2b.base process=1 run=0 ms_per_token=11.5150
raw arm=gemma4_e2b.base process=1 run=1 ms_per_token=11.0200
raw arm=gemma4_e2b.base process=1 run=2 ms_per_token=11.0220
raw arm=gemma4_e2b.base process=1 run=3 ms_per_token=11.0070
raw arm=gemma4_e2b.base process=1 run=4 ms_per_token=10.9480
raw arm=gemma4_e2b.base process=1 run=5 ms_per_token=11.0340
raw arm=gemma4_e2b.base process=1 run=6 ms_per_token=12.6800
raw arm=gemma4_e2b.base process=1 run=7 ms_per_token=11.4900
raw arm=granite_moe.tip process=1 run=0 ms_per_token=6.8370
raw arm=granite_moe.tip process=1 run=1 ms_per_token=6.5220
raw arm=granite_moe.tip process=1 run=2 ms_per_token=6.5080
raw arm=granite_moe.tip process=1 run=3 ms_per_token=6.5980
raw arm=granite_moe.tip process=1 run=4 ms_per_token=6.7460
raw arm=granite_moe.tip process=1 run=5 ms_per_token=6.6720
raw arm=granite_moe.tip process=1 run=6 ms_per_token=6.4970
raw arm=granite_moe.tip process=1 run=7 ms_per_token=6.4870
raw arm=granite_moe.control process=1 run=0 ms_per_token=6.9080
raw arm=granite_moe.control process=1 run=1 ms_per_token=7.1030
raw arm=granite_moe.control process=1 run=2 ms_per_token=6.5260
raw arm=granite_moe.control process=1 run=3 ms_per_token=6.4500
raw arm=granite_moe.control process=1 run=4 ms_per_token=7.8620
raw arm=granite_moe.control process=1 run=5 ms_per_token=6.6130
raw arm=granite_moe.control process=1 run=6 ms_per_token=6.6510
raw arm=granite_moe.control process=1 run=7 ms_per_token=6.7380
raw arm=granite_moe.base process=1 run=0 ms_per_token=7.0790
raw arm=granite_moe.base process=1 run=1 ms_per_token=6.7090
raw arm=granite_moe.base process=1 run=2 ms_per_token=6.7090
raw arm=granite_moe.base process=1 run=3 ms_per_token=6.7280
raw arm=granite_moe.base process=1 run=4 ms_per_token=6.8590
raw arm=granite_moe.base process=1 run=5 ms_per_token=6.7970
raw arm=granite_moe.base process=1 run=6 ms_per_token=6.7950
raw arm=granite_moe.base process=1 run=7 ms_per_token=6.7560
raw arm=gemma4_e2b.control process=2 run=0 ms_per_token=11.6740
raw arm=gemma4_e2b.control process=2 run=1 ms_per_token=11.0800
raw arm=gemma4_e2b.control process=2 run=2 ms_per_token=11.1250
raw arm=gemma4_e2b.control process=2 run=3 ms_per_token=11.0600
raw arm=gemma4_e2b.control process=2 run=4 ms_per_token=11.6500
raw arm=gemma4_e2b.control process=2 run=5 ms_per_token=11.1150
raw arm=gemma4_e2b.control process=2 run=6 ms_per_token=11.1080
raw arm=gemma4_e2b.control process=2 run=7 ms_per_token=11.1490
raw arm=gemma4_e2b.base process=2 run=0 ms_per_token=11.6070
raw arm=gemma4_e2b.base process=2 run=1 ms_per_token=11.0810
raw arm=gemma4_e2b.base process=2 run=2 ms_per_token=11.0560
raw arm=gemma4_e2b.base process=2 run=3 ms_per_token=11.0710
raw arm=gemma4_e2b.base process=2 run=4 ms_per_token=11.1910
raw arm=gemma4_e2b.base process=2 run=5 ms_per_token=11.0290
raw arm=gemma4_e2b.base process=2 run=6 ms_per_token=11.1020
raw arm=gemma4_e2b.base process=2 run=7 ms_per_token=11.0260
raw arm=gemma4_e2b.tip process=2 run=0 ms_per_token=11.6150
raw arm=gemma4_e2b.tip process=2 run=1 ms_per_token=11.0900
raw arm=gemma4_e2b.tip process=2 run=2 ms_per_token=11.1040
raw arm=gemma4_e2b.tip process=2 run=3 ms_per_token=11.0920
raw arm=gemma4_e2b.tip process=2 run=4 ms_per_token=11.1390
raw arm=gemma4_e2b.tip process=2 run=5 ms_per_token=11.1010
raw arm=gemma4_e2b.tip process=2 run=6 ms_per_token=11.0790
raw arm=gemma4_e2b.tip process=2 run=7 ms_per_token=11.3590
raw arm=granite_moe.control process=2 run=0 ms_per_token=6.8020
raw arm=granite_moe.control process=2 run=1 ms_per_token=6.5020
raw arm=granite_moe.control process=2 run=2 ms_per_token=6.5650
raw arm=granite_moe.control process=2 run=3 ms_per_token=6.6450
raw arm=granite_moe.control process=2 run=4 ms_per_token=6.6090
raw arm=granite_moe.control process=2 run=5 ms_per_token=6.6170
raw arm=granite_moe.control process=2 run=6 ms_per_token=6.6880
raw arm=granite_moe.control process=2 run=7 ms_per_token=6.5760
raw arm=granite_moe.base process=2 run=0 ms_per_token=7.1160
raw arm=granite_moe.base process=2 run=1 ms_per_token=6.7490
raw arm=granite_moe.base process=2 run=2 ms_per_token=6.6160
raw arm=granite_moe.base process=2 run=3 ms_per_token=6.7180
raw arm=granite_moe.base process=2 run=4 ms_per_token=6.7930
raw arm=granite_moe.base process=2 run=5 ms_per_token=6.6800
raw arm=granite_moe.base process=2 run=6 ms_per_token=6.6880
raw arm=granite_moe.base process=2 run=7 ms_per_token=6.8450
raw arm=granite_moe.tip process=2 run=0 ms_per_token=6.8340
raw arm=granite_moe.tip process=2 run=1 ms_per_token=6.7000
raw arm=granite_moe.tip process=2 run=2 ms_per_token=6.5040
raw arm=granite_moe.tip process=2 run=3 ms_per_token=6.5240
raw arm=granite_moe.tip process=2 run=4 ms_per_token=6.5370
raw arm=granite_moe.tip process=2 run=5 ms_per_token=6.5500
raw arm=granite_moe.tip process=2 run=6 ms_per_token=6.5090
raw arm=granite_moe.tip process=2 run=7 ms_per_token=6.5200
arm=gemma4_e2b.base metric=ms_per_token process=0 run=1 value=10.9670 outlier=false
arm=gemma4_e2b.base metric=ms_per_token process=0 run=2 value=14.2660 outlier=true
arm=gemma4_e2b.base metric=ms_per_token process=0 run=3 value=11.0350 outlier=false
arm=gemma4_e2b.base metric=ms_per_token process=0 run=4 value=10.9510 outlier=false
arm=gemma4_e2b.base metric=ms_per_token process=0 run=5 value=11.0320 outlier=false
arm=gemma4_e2b.base metric=ms_per_token process=0 run=6 value=11.0310 outlier=false
arm=gemma4_e2b.base metric=ms_per_token process=0 run=7 value=11.0270 outlier=false
arm=gemma4_e2b.base metric=ms_per_token process=1 run=1 value=11.0200 outlier=false
arm=gemma4_e2b.base metric=ms_per_token process=1 run=2 value=11.0220 outlier=false
arm=gemma4_e2b.base metric=ms_per_token process=1 run=3 value=11.0070 outlier=false
arm=gemma4_e2b.base metric=ms_per_token process=1 run=4 value=10.9480 outlier=false
arm=gemma4_e2b.base metric=ms_per_token process=1 run=5 value=11.0340 outlier=false
arm=gemma4_e2b.base metric=ms_per_token process=1 run=6 value=12.6800 outlier=true
arm=gemma4_e2b.base metric=ms_per_token process=1 run=7 value=11.4900 outlier=true
arm=gemma4_e2b.base metric=ms_per_token process=2 run=1 value=11.0810 outlier=false
arm=gemma4_e2b.base metric=ms_per_token process=2 run=2 value=11.0560 outlier=false
arm=gemma4_e2b.base metric=ms_per_token process=2 run=3 value=11.0710 outlier=false
arm=gemma4_e2b.base metric=ms_per_token process=2 run=4 value=11.1910 outlier=true
arm=gemma4_e2b.base metric=ms_per_token process=2 run=5 value=11.0290 outlier=false
arm=gemma4_e2b.base metric=ms_per_token process=2 run=6 value=11.1020 outlier=false
arm=gemma4_e2b.base metric=ms_per_token process=2 run=7 value=11.0260 outlier=false
summary arm=gemma4_e2b.base metric=ms_per_token n_all=21 median_all=11.0320 cov_all_pct=6.71 min_all=10.9480 max_all=14.2660 | n_kept=17 median_kept=11.0290 mad_kept=0.0090 cov_kept_pct=0.37 min_kept=10.9480 max_kept=11.1020
arm=gemma4_e2b.base metric=prefill_ms process=0 run=1 value=587.9520 outlier=false
arm=gemma4_e2b.base metric=prefill_ms process=0 run=2 value=596.0410 outlier=false
arm=gemma4_e2b.base metric=prefill_ms process=0 run=3 value=625.9530 outlier=true
arm=gemma4_e2b.base metric=prefill_ms process=0 run=4 value=587.9780 outlier=false
arm=gemma4_e2b.base metric=prefill_ms process=0 run=5 value=592.0030 outlier=false
arm=gemma4_e2b.base metric=prefill_ms process=0 run=6 value=588.0570 outlier=false
arm=gemma4_e2b.base metric=prefill_ms process=0 run=7 value=593.0280 outlier=false
arm=gemma4_e2b.base metric=prefill_ms process=1 run=1 value=590.0410 outlier=false
arm=gemma4_e2b.base metric=prefill_ms process=1 run=2 value=588.9410 outlier=false
arm=gemma4_e2b.base metric=prefill_ms process=1 run=3 value=588.9450 outlier=false
arm=gemma4_e2b.base metric=prefill_ms process=1 run=4 value=587.9880 outlier=false
arm=gemma4_e2b.base metric=prefill_ms process=1 run=5 value=595.0490 outlier=false
arm=gemma4_e2b.base metric=prefill_ms process=1 run=6 value=588.9570 outlier=false
arm=gemma4_e2b.base metric=prefill_ms process=1 run=7 value=615.0310 outlier=true
arm=gemma4_e2b.base metric=prefill_ms process=2 run=1 value=590.0460 outlier=false
arm=gemma4_e2b.base metric=prefill_ms process=2 run=2 value=588.0220 outlier=false
arm=gemma4_e2b.base metric=prefill_ms process=2 run=3 value=592.9460 outlier=false
arm=gemma4_e2b.base metric=prefill_ms process=2 run=4 value=590.9980 outlier=false
arm=gemma4_e2b.base metric=prefill_ms process=2 run=5 value=595.0150 outlier=false
arm=gemma4_e2b.base metric=prefill_ms process=2 run=6 value=591.9460 outlier=false
arm=gemma4_e2b.base metric=prefill_ms process=2 run=7 value=589.0180 outlier=false
summary arm=gemma4_e2b.base metric=prefill_ms n_all=21 median_all=590.0460 cov_all_pct=1.56 min_all=587.9520 max_all=625.9530 | n_kept=19 median_kept=590.0410 mad_kept=1.9840 cov_kept_pct=0.44 min_kept=587.9520 max_kept=596.0410
arm=gemma4_e2b.base metric=ttft_ms process=0 run=1 value=588.0000 outlier=false
arm=gemma4_e2b.base metric=ttft_ms process=0 run=2 value=596.0000 outlier=false
arm=gemma4_e2b.base metric=ttft_ms process=0 run=3 value=626.0000 outlier=true
arm=gemma4_e2b.base metric=ttft_ms process=0 run=4 value=588.0000 outlier=false
arm=gemma4_e2b.base metric=ttft_ms process=0 run=5 value=592.0000 outlier=false
arm=gemma4_e2b.base metric=ttft_ms process=0 run=6 value=588.0000 outlier=false
arm=gemma4_e2b.base metric=ttft_ms process=0 run=7 value=593.0000 outlier=false
arm=gemma4_e2b.base metric=ttft_ms process=1 run=1 value=590.0000 outlier=false
arm=gemma4_e2b.base metric=ttft_ms process=1 run=2 value=589.0000 outlier=false
arm=gemma4_e2b.base metric=ttft_ms process=1 run=3 value=589.0000 outlier=false
arm=gemma4_e2b.base metric=ttft_ms process=1 run=4 value=588.0000 outlier=false
arm=gemma4_e2b.base metric=ttft_ms process=1 run=5 value=595.0000 outlier=false
arm=gemma4_e2b.base metric=ttft_ms process=1 run=6 value=589.0000 outlier=false
arm=gemma4_e2b.base metric=ttft_ms process=1 run=7 value=615.0000 outlier=true
arm=gemma4_e2b.base metric=ttft_ms process=2 run=1 value=590.0000 outlier=false
arm=gemma4_e2b.base metric=ttft_ms process=2 run=2 value=588.0000 outlier=false
arm=gemma4_e2b.base metric=ttft_ms process=2 run=3 value=593.0000 outlier=false
arm=gemma4_e2b.base metric=ttft_ms process=2 run=4 value=591.0000 outlier=false
arm=gemma4_e2b.base metric=ttft_ms process=2 run=5 value=595.0000 outlier=false
arm=gemma4_e2b.base metric=ttft_ms process=2 run=6 value=592.0000 outlier=false
arm=gemma4_e2b.base metric=ttft_ms process=2 run=7 value=589.0000 outlier=false
summary arm=gemma4_e2b.base metric=ttft_ms n_all=21 median_all=590.0000 cov_all_pct=1.56 min_all=588.0000 max_all=626.0000 | n_kept=19 median_kept=590.0000 mad_kept=2.0000 cov_kept_pct=0.44 min_kept=588.0000 max_kept=596.0000
memory arm=gemma4_e2b.base metric=peak_rss_bytes process=0 value=3957964800
memory arm=gemma4_e2b.base metric=peak_rss_bytes process=1 value=3916939264
memory arm=gemma4_e2b.base metric=peak_rss_bytes process=2 value=3989192704
summary arm=gemma4_e2b.base metric=peak_rss_bytes n=3 median=3957964800 max=3989192704
memory arm=gemma4_e2b.base metric=peak_footprint_bytes process=0 value=494643904
memory arm=gemma4_e2b.base metric=peak_footprint_bytes process=1 value=505080576
memory arm=gemma4_e2b.base metric=peak_footprint_bytes process=2 value=505539264
summary arm=gemma4_e2b.base metric=peak_footprint_bytes n=3 median=505080576 max=505539264
memory arm=gemma4_e2b.base metric=peak_gpu_bytes process=0 value=3657105408
memory arm=gemma4_e2b.base metric=peak_gpu_bytes process=1 value=3657105408
memory arm=gemma4_e2b.base metric=peak_gpu_bytes process=2 value=3657105408
summary arm=gemma4_e2b.base metric=peak_gpu_bytes n=3 median=3657105408 max=3657105408
extra arm=gemma4_e2b.base process=0 peers_present_at_exit=[]
extra arm=gemma4_e2b.base process=1 peers_present_at_exit=[]
extra arm=gemma4_e2b.base process=2 peers_present_at_exit=[]
arm=gemma4_e2b.tip metric=ms_per_token process=0 run=1 value=11.0680 outlier=false
arm=gemma4_e2b.tip metric=ms_per_token process=0 run=2 value=11.2140 outlier=false
arm=gemma4_e2b.tip metric=ms_per_token process=0 run=3 value=11.7260 outlier=true
arm=gemma4_e2b.tip metric=ms_per_token process=0 run=4 value=11.0860 outlier=false
arm=gemma4_e2b.tip metric=ms_per_token process=0 run=5 value=11.0610 outlier=false
arm=gemma4_e2b.tip metric=ms_per_token process=0 run=6 value=11.0680 outlier=false
arm=gemma4_e2b.tip metric=ms_per_token process=0 run=7 value=11.0970 outlier=false
arm=gemma4_e2b.tip metric=ms_per_token process=1 run=1 value=11.1770 outlier=false
arm=gemma4_e2b.tip metric=ms_per_token process=1 run=2 value=11.1420 outlier=false
arm=gemma4_e2b.tip metric=ms_per_token process=1 run=3 value=11.1460 outlier=false
arm=gemma4_e2b.tip metric=ms_per_token process=1 run=4 value=13.3590 outlier=true
arm=gemma4_e2b.tip metric=ms_per_token process=1 run=5 value=11.1440 outlier=false
arm=gemma4_e2b.tip metric=ms_per_token process=1 run=6 value=11.1970 outlier=false
arm=gemma4_e2b.tip metric=ms_per_token process=1 run=7 value=11.1760 outlier=false
arm=gemma4_e2b.tip metric=ms_per_token process=2 run=1 value=11.0900 outlier=false
arm=gemma4_e2b.tip metric=ms_per_token process=2 run=2 value=11.1040 outlier=false
arm=gemma4_e2b.tip metric=ms_per_token process=2 run=3 value=11.0920 outlier=false
arm=gemma4_e2b.tip metric=ms_per_token process=2 run=4 value=11.1390 outlier=false
arm=gemma4_e2b.tip metric=ms_per_token process=2 run=5 value=11.1010 outlier=false
arm=gemma4_e2b.tip metric=ms_per_token process=2 run=6 value=11.0790 outlier=false
arm=gemma4_e2b.tip metric=ms_per_token process=2 run=7 value=11.3590 outlier=true
summary arm=gemma4_e2b.tip metric=ms_per_token n_all=21 median_all=11.1390 cov_all_pct=4.34 min_all=11.0610 max_all=13.3590 | n_kept=18 median_kept=11.1025 mad_kept=0.0355 cov_kept_pct=0.41 min_kept=11.0610 max_kept=11.2140
arm=gemma4_e2b.tip metric=prefill_ms process=0 run=1 value=592.0340 outlier=false
arm=gemma4_e2b.tip metric=prefill_ms process=0 run=2 value=592.0120 outlier=false
arm=gemma4_e2b.tip metric=prefill_ms process=0 run=3 value=604.0490 outlier=true
arm=gemma4_e2b.tip metric=prefill_ms process=0 run=4 value=635.9550 outlier=true
arm=gemma4_e2b.tip metric=prefill_ms process=0 run=5 value=592.0600 outlier=false
arm=gemma4_e2b.tip metric=prefill_ms process=0 run=6 value=592.9620 outlier=true
arm=gemma4_e2b.tip metric=prefill_ms process=0 run=7 value=592.0450 outlier=false
arm=gemma4_e2b.tip metric=prefill_ms process=1 run=1 value=591.9590 outlier=false
arm=gemma4_e2b.tip metric=prefill_ms process=1 run=2 value=593.0620 outlier=true
arm=gemma4_e2b.tip metric=prefill_ms process=1 run=3 value=592.0130 outlier=false
arm=gemma4_e2b.tip metric=prefill_ms process=1 run=4 value=591.9560 outlier=false
arm=gemma4_e2b.tip metric=prefill_ms process=1 run=5 value=622.0480 outlier=true
arm=gemma4_e2b.tip metric=prefill_ms process=1 run=6 value=592.0280 outlier=false
arm=gemma4_e2b.tip metric=prefill_ms process=1 run=7 value=591.9640 outlier=false
arm=gemma4_e2b.tip metric=prefill_ms process=2 run=1 value=592.0280 outlier=false
arm=gemma4_e2b.tip metric=prefill_ms process=2 run=2 value=592.0290 outlier=false
arm=gemma4_e2b.tip metric=prefill_ms process=2 run=3 value=592.0030 outlier=false
arm=gemma4_e2b.tip metric=prefill_ms process=2 run=4 value=593.9800 outlier=true
arm=gemma4_e2b.tip metric=prefill_ms process=2 run=5 value=591.0210 outlier=true
arm=gemma4_e2b.tip metric=prefill_ms process=2 run=6 value=591.9780 outlier=false
arm=gemma4_e2b.tip metric=prefill_ms process=2 run=7 value=592.0170 outlier=false
summary arm=gemma4_e2b.tip metric=prefill_ms n_all=21 median_all=592.0280 cov_all_pct=1.87 min_all=591.0210 max_all=635.9550 | n_kept=14 median_kept=592.0150 mad_kept=0.0165 cov_kept_pct=0.01 min_kept=591.9560 max_kept=592.0600
arm=gemma4_e2b.tip metric=ttft_ms process=0 run=1 value=592.0000 outlier=false
arm=gemma4_e2b.tip metric=ttft_ms process=0 run=2 value=592.0000 outlier=false
arm=gemma4_e2b.tip metric=ttft_ms process=0 run=3 value=604.0000 outlier=false
arm=gemma4_e2b.tip metric=ttft_ms process=0 run=4 value=636.0000 outlier=false
arm=gemma4_e2b.tip metric=ttft_ms process=0 run=5 value=592.0000 outlier=false
arm=gemma4_e2b.tip metric=ttft_ms process=0 run=6 value=593.0000 outlier=false
arm=gemma4_e2b.tip metric=ttft_ms process=0 run=7 value=592.0000 outlier=false
arm=gemma4_e2b.tip metric=ttft_ms process=1 run=1 value=592.0000 outlier=false
arm=gemma4_e2b.tip metric=ttft_ms process=1 run=2 value=593.0000 outlier=false
arm=gemma4_e2b.tip metric=ttft_ms process=1 run=3 value=592.0000 outlier=false
arm=gemma4_e2b.tip metric=ttft_ms process=1 run=4 value=592.0000 outlier=false
arm=gemma4_e2b.tip metric=ttft_ms process=1 run=5 value=622.0000 outlier=false
arm=gemma4_e2b.tip metric=ttft_ms process=1 run=6 value=592.0000 outlier=false
arm=gemma4_e2b.tip metric=ttft_ms process=1 run=7 value=592.0000 outlier=false
arm=gemma4_e2b.tip metric=ttft_ms process=2 run=1 value=592.0000 outlier=false
arm=gemma4_e2b.tip metric=ttft_ms process=2 run=2 value=592.0000 outlier=false
arm=gemma4_e2b.tip metric=ttft_ms process=2 run=3 value=592.0000 outlier=false
arm=gemma4_e2b.tip metric=ttft_ms process=2 run=4 value=594.0000 outlier=false
arm=gemma4_e2b.tip metric=ttft_ms process=2 run=5 value=591.0000 outlier=false
arm=gemma4_e2b.tip metric=ttft_ms process=2 run=6 value=592.0000 outlier=false
arm=gemma4_e2b.tip metric=ttft_ms process=2 run=7 value=592.0000 outlier=false
summary arm=gemma4_e2b.tip metric=ttft_ms n_all=21 median_all=592.0000 cov_all_pct=1.87 min_all=591.0000 max_all=636.0000 | n_kept=21 median_kept=592.0000 mad_kept=0.0000 cov_kept_pct=1.87 min_kept=591.0000 max_kept=636.0000
memory arm=gemma4_e2b.tip metric=peak_rss_bytes process=0 value=3808280576
memory arm=gemma4_e2b.tip metric=peak_rss_bytes process=1 value=3822829568
memory arm=gemma4_e2b.tip metric=peak_rss_bytes process=2 value=3815227392
summary arm=gemma4_e2b.tip metric=peak_rss_bytes n=3 median=3815227392 max=3822829568
memory arm=gemma4_e2b.tip metric=peak_footprint_bytes process=0 value=422586816
memory arm=gemma4_e2b.tip metric=peak_footprint_bytes process=1 value=425749312
memory arm=gemma4_e2b.tip metric=peak_footprint_bytes process=2 value=422324864
summary arm=gemma4_e2b.tip metric=peak_footprint_bytes n=3 median=422586816 max=425749312
memory arm=gemma4_e2b.tip metric=peak_gpu_bytes process=0 value=3622256640
memory arm=gemma4_e2b.tip metric=peak_gpu_bytes process=1 value=3622256640
memory arm=gemma4_e2b.tip metric=peak_gpu_bytes process=2 value=3622256640
summary arm=gemma4_e2b.tip metric=peak_gpu_bytes n=3 median=3622256640 max=3622256640
extra arm=gemma4_e2b.tip process=0 peers_present_at_exit=[]
extra arm=gemma4_e2b.tip process=1 peers_present_at_exit=[]
extra arm=gemma4_e2b.tip process=2 peers_present_at_exit=[]
arm=gemma4_e2b.control metric=ms_per_token process=0 run=1 value=11.0250 outlier=false
arm=gemma4_e2b.control metric=ms_per_token process=0 run=2 value=11.0590 outlier=false
arm=gemma4_e2b.control metric=ms_per_token process=0 run=3 value=11.0820 outlier=false
arm=gemma4_e2b.control metric=ms_per_token process=0 run=4 value=13.4180 outlier=true
arm=gemma4_e2b.control metric=ms_per_token process=0 run=5 value=11.0960 outlier=false
arm=gemma4_e2b.control metric=ms_per_token process=0 run=6 value=11.0680 outlier=false
arm=gemma4_e2b.control metric=ms_per_token process=0 run=7 value=11.4910 outlier=true
arm=gemma4_e2b.control metric=ms_per_token process=1 run=1 value=11.0840 outlier=false
arm=gemma4_e2b.control metric=ms_per_token process=1 run=2 value=11.0940 outlier=false
arm=gemma4_e2b.control metric=ms_per_token process=1 run=3 value=11.0770 outlier=false
arm=gemma4_e2b.control metric=ms_per_token process=1 run=4 value=11.1230 outlier=false
arm=gemma4_e2b.control metric=ms_per_token process=1 run=5 value=11.1670 outlier=false
arm=gemma4_e2b.control metric=ms_per_token process=1 run=6 value=11.1180 outlier=false
arm=gemma4_e2b.control metric=ms_per_token process=1 run=7 value=14.2400 outlier=true
arm=gemma4_e2b.control metric=ms_per_token process=2 run=1 value=11.0800 outlier=false
arm=gemma4_e2b.control metric=ms_per_token process=2 run=2 value=11.1250 outlier=false
arm=gemma4_e2b.control metric=ms_per_token process=2 run=3 value=11.0600 outlier=false
arm=gemma4_e2b.control metric=ms_per_token process=2 run=4 value=11.6500 outlier=true
arm=gemma4_e2b.control metric=ms_per_token process=2 run=5 value=11.1150 outlier=false
arm=gemma4_e2b.control metric=ms_per_token process=2 run=6 value=11.1080 outlier=false
arm=gemma4_e2b.control metric=ms_per_token process=2 run=7 value=11.1490 outlier=false
summary arm=gemma4_e2b.control metric=ms_per_token n_all=21 median_all=11.1080 cov_all_pct=7.11 min_all=11.0250 max_all=14.2400 | n_kept=17 median_kept=11.0940 mad_kept=0.0240 cov_kept_pct=0.31 min_kept=11.0250 max_kept=11.1670
arm=gemma4_e2b.control metric=prefill_ms process=0 run=1 value=593.0300 outlier=true
arm=gemma4_e2b.control metric=prefill_ms process=0 run=2 value=592.0530 outlier=false
arm=gemma4_e2b.control metric=prefill_ms process=0 run=3 value=591.9460 outlier=false
arm=gemma4_e2b.control metric=prefill_ms process=0 run=4 value=592.0190 outlier=false
arm=gemma4_e2b.control metric=prefill_ms process=0 run=5 value=612.9630 outlier=true
arm=gemma4_e2b.control metric=prefill_ms process=0 run=6 value=592.0050 outlier=false
arm=gemma4_e2b.control metric=prefill_ms process=0 run=7 value=591.9620 outlier=false
arm=gemma4_e2b.control metric=prefill_ms process=1 run=1 value=591.9870 outlier=false
arm=gemma4_e2b.control metric=prefill_ms process=1 run=2 value=592.0430 outlier=false
arm=gemma4_e2b.control metric=prefill_ms process=1 run=3 value=592.0150 outlier=false
arm=gemma4_e2b.control metric=prefill_ms process=1 run=4 value=593.0500 outlier=true
arm=gemma4_e2b.control metric=prefill_ms process=1 run=5 value=592.0520 outlier=false
arm=gemma4_e2b.control metric=prefill_ms process=1 run=6 value=591.9900 outlier=false
arm=gemma4_e2b.control metric=prefill_ms process=1 run=7 value=591.9540 outlier=false
arm=gemma4_e2b.control metric=prefill_ms process=2 run=1 value=592.0570 outlier=false
arm=gemma4_e2b.control metric=prefill_ms process=2 run=2 value=591.9550 outlier=false
arm=gemma4_e2b.control metric=prefill_ms process=2 run=3 value=591.9590 outlier=false
arm=gemma4_e2b.control metric=prefill_ms process=2 run=4 value=591.9480 outlier=false
arm=gemma4_e2b.control metric=prefill_ms process=2 run=5 value=609.0030 outlier=true
arm=gemma4_e2b.control metric=prefill_ms process=2 run=6 value=591.9960 outlier=false
arm=gemma4_e2b.control metric=prefill_ms process=2 run=7 value=591.9630 outlier=false
summary arm=gemma4_e2b.control metric=prefill_ms n_all=21 median_all=592.0050 cov_all_pct=0.94 min_all=591.9460 max_all=612.9630 | n_kept=17 median_kept=591.9900 mad_kept=0.0310 cov_kept_pct=0.01 min_kept=591.9460 max_kept=592.0570
arm=gemma4_e2b.control metric=ttft_ms process=0 run=1 value=593.0000 outlier=false
arm=gemma4_e2b.control metric=ttft_ms process=0 run=2 value=592.0000 outlier=false
arm=gemma4_e2b.control metric=ttft_ms process=0 run=3 value=592.0000 outlier=false
arm=gemma4_e2b.control metric=ttft_ms process=0 run=4 value=592.0000 outlier=false
arm=gemma4_e2b.control metric=ttft_ms process=0 run=5 value=613.0000 outlier=false
arm=gemma4_e2b.control metric=ttft_ms process=0 run=6 value=592.0000 outlier=false
arm=gemma4_e2b.control metric=ttft_ms process=0 run=7 value=592.0000 outlier=false
arm=gemma4_e2b.control metric=ttft_ms process=1 run=1 value=592.0000 outlier=false
arm=gemma4_e2b.control metric=ttft_ms process=1 run=2 value=592.0000 outlier=false
arm=gemma4_e2b.control metric=ttft_ms process=1 run=3 value=592.0000 outlier=false
arm=gemma4_e2b.control metric=ttft_ms process=1 run=4 value=593.0000 outlier=false
arm=gemma4_e2b.control metric=ttft_ms process=1 run=5 value=592.0000 outlier=false
arm=gemma4_e2b.control metric=ttft_ms process=1 run=6 value=592.0000 outlier=false
arm=gemma4_e2b.control metric=ttft_ms process=1 run=7 value=592.0000 outlier=false
arm=gemma4_e2b.control metric=ttft_ms process=2 run=1 value=592.0000 outlier=false
arm=gemma4_e2b.control metric=ttft_ms process=2 run=2 value=592.0000 outlier=false
arm=gemma4_e2b.control metric=ttft_ms process=2 run=3 value=592.0000 outlier=false
arm=gemma4_e2b.control metric=ttft_ms process=2 run=4 value=592.0000 outlier=false
arm=gemma4_e2b.control metric=ttft_ms process=2 run=5 value=609.0000 outlier=false
arm=gemma4_e2b.control metric=ttft_ms process=2 run=6 value=592.0000 outlier=false
arm=gemma4_e2b.control metric=ttft_ms process=2 run=7 value=592.0000 outlier=false
summary arm=gemma4_e2b.control metric=ttft_ms n_all=21 median_all=592.0000 cov_all_pct=0.94 min_all=592.0000 max_all=613.0000 | n_kept=21 median_kept=592.0000 mad_kept=0.0000 cov_kept_pct=0.94 min_kept=592.0000 max_kept=613.0000
memory arm=gemma4_e2b.control metric=peak_rss_bytes process=0 value=3749609472
memory arm=gemma4_e2b.control metric=peak_rss_bytes process=1 value=3757834240
memory arm=gemma4_e2b.control metric=peak_rss_bytes process=2 value=3785687040
summary arm=gemma4_e2b.control metric=peak_rss_bytes n=3 median=3757834240 max=3785687040
memory arm=gemma4_e2b.control metric=peak_footprint_bytes process=0 value=425241216
memory arm=gemma4_e2b.control metric=peak_footprint_bytes process=1 value=424372736
memory arm=gemma4_e2b.control metric=peak_footprint_bytes process=2 value=417131136
summary arm=gemma4_e2b.control metric=peak_footprint_bytes n=3 median=424372736 max=425241216
memory arm=gemma4_e2b.control metric=peak_gpu_bytes process=0 value=3622256640
memory arm=gemma4_e2b.control metric=peak_gpu_bytes process=1 value=3621748736
memory arm=gemma4_e2b.control metric=peak_gpu_bytes process=2 value=3622256640
summary arm=gemma4_e2b.control metric=peak_gpu_bytes n=3 median=3622256640 max=3622256640
extra arm=gemma4_e2b.control process=0 peers_present_at_exit=[]
extra arm=gemma4_e2b.control process=1 peers_present_at_exit=[]
extra arm=gemma4_e2b.control process=2 peers_present_at_exit=[]
arm=granite_moe.base metric=ms_per_token process=0 run=1 value=6.6660 outlier=false
arm=granite_moe.base metric=ms_per_token process=0 run=2 value=6.6490 outlier=false
arm=granite_moe.base metric=ms_per_token process=0 run=3 value=6.6460 outlier=false
arm=granite_moe.base metric=ms_per_token process=0 run=4 value=6.7960 outlier=false
arm=granite_moe.base metric=ms_per_token process=0 run=5 value=6.8280 outlier=false
arm=granite_moe.base metric=ms_per_token process=0 run=6 value=6.8980 outlier=false
arm=granite_moe.base metric=ms_per_token process=0 run=7 value=6.7070 outlier=false
arm=granite_moe.base metric=ms_per_token process=1 run=1 value=6.7090 outlier=false
arm=granite_moe.base metric=ms_per_token process=1 run=2 value=6.7090 outlier=false
arm=granite_moe.base metric=ms_per_token process=1 run=3 value=6.7280 outlier=false
arm=granite_moe.base metric=ms_per_token process=1 run=4 value=6.8590 outlier=false
arm=granite_moe.base metric=ms_per_token process=1 run=5 value=6.7970 outlier=false
arm=granite_moe.base metric=ms_per_token process=1 run=6 value=6.7950 outlier=false
arm=granite_moe.base metric=ms_per_token process=1 run=7 value=6.7560 outlier=false
arm=granite_moe.base metric=ms_per_token process=2 run=1 value=6.7490 outlier=false
arm=granite_moe.base metric=ms_per_token process=2 run=2 value=6.6160 outlier=false
arm=granite_moe.base metric=ms_per_token process=2 run=3 value=6.7180 outlier=false
arm=granite_moe.base metric=ms_per_token process=2 run=4 value=6.7930 outlier=false
arm=granite_moe.base metric=ms_per_token process=2 run=5 value=6.6800 outlier=false
arm=granite_moe.base metric=ms_per_token process=2 run=6 value=6.6880 outlier=false
arm=granite_moe.base metric=ms_per_token process=2 run=7 value=6.8450 outlier=false
summary arm=granite_moe.base metric=ms_per_token n_all=21 median_all=6.7280 cov_all_pct=1.11 min_all=6.6160 max_all=6.8980 | n_kept=21 median_kept=6.7280 mad_kept=0.0650 cov_kept_pct=1.11 min_kept=6.6160 max_kept=6.8980
arm=granite_moe.base metric=prefill_ms process=0 run=1 value=371.9610 outlier=false
arm=granite_moe.base metric=prefill_ms process=0 run=2 value=371.0250 outlier=false
arm=granite_moe.base metric=prefill_ms process=0 run=3 value=374.0440 outlier=false
arm=granite_moe.base metric=prefill_ms process=0 run=4 value=391.9710 outlier=true
arm=granite_moe.base metric=prefill_ms process=0 run=5 value=370.9600 outlier=false
arm=granite_moe.base metric=prefill_ms process=0 run=6 value=363.0160 outlier=false
arm=granite_moe.base metric=prefill_ms process=0 run=7 value=387.9370 outlier=false
arm=granite_moe.base metric=prefill_ms process=1 run=1 value=370.0220 outlier=false
arm=granite_moe.base metric=prefill_ms process=1 run=2 value=391.0010 outlier=false
arm=granite_moe.base metric=prefill_ms process=1 run=3 value=377.9660 outlier=false
arm=granite_moe.base metric=prefill_ms process=1 run=4 value=383.0100 outlier=false
arm=granite_moe.base metric=prefill_ms process=1 run=5 value=371.0470 outlier=false
arm=granite_moe.base metric=prefill_ms process=1 run=6 value=392.9400 outlier=true
arm=granite_moe.base metric=prefill_ms process=1 run=7 value=374.0380 outlier=false
arm=granite_moe.base metric=prefill_ms process=2 run=1 value=377.9700 outlier=false
arm=granite_moe.base metric=prefill_ms process=2 run=2 value=379.0070 outlier=false
arm=granite_moe.base metric=prefill_ms process=2 run=3 value=372.0510 outlier=false
arm=granite_moe.base metric=prefill_ms process=2 run=4 value=369.0400 outlier=false
arm=granite_moe.base metric=prefill_ms process=2 run=5 value=369.0110 outlier=false
arm=granite_moe.base metric=prefill_ms process=2 run=6 value=410.9640 outlier=true
arm=granite_moe.base metric=prefill_ms process=2 run=7 value=373.0230 outlier=false
summary arm=granite_moe.base metric=prefill_ms n_all=21 median_all=374.0380 cov_all_pct=2.90 min_all=363.0160 max_all=410.9640 | n_kept=18 median_kept=372.5370 mad_kept=3.0060 cov_kept_pct=1.81 min_kept=363.0160 max_kept=391.0010
arm=granite_moe.base metric=ttft_ms process=0 run=1 value=372.0000 outlier=false
arm=granite_moe.base metric=ttft_ms process=0 run=2 value=371.0000 outlier=false
arm=granite_moe.base metric=ttft_ms process=0 run=3 value=374.0000 outlier=false
arm=granite_moe.base metric=ttft_ms process=0 run=4 value=392.0000 outlier=true
arm=granite_moe.base metric=ttft_ms process=0 run=5 value=371.0000 outlier=false
arm=granite_moe.base metric=ttft_ms process=0 run=6 value=363.0000 outlier=false
arm=granite_moe.base metric=ttft_ms process=0 run=7 value=388.0000 outlier=false
arm=granite_moe.base metric=ttft_ms process=1 run=1 value=370.0000 outlier=false
arm=granite_moe.base metric=ttft_ms process=1 run=2 value=391.0000 outlier=false
arm=granite_moe.base metric=ttft_ms process=1 run=3 value=378.0000 outlier=false
arm=granite_moe.base metric=ttft_ms process=1 run=4 value=383.0000 outlier=false
arm=granite_moe.base metric=ttft_ms process=1 run=5 value=371.0000 outlier=false
arm=granite_moe.base metric=ttft_ms process=1 run=6 value=393.0000 outlier=true
arm=granite_moe.base metric=ttft_ms process=1 run=7 value=374.0000 outlier=false
arm=granite_moe.base metric=ttft_ms process=2 run=1 value=378.0000 outlier=false
arm=granite_moe.base metric=ttft_ms process=2 run=2 value=379.0000 outlier=false
arm=granite_moe.base metric=ttft_ms process=2 run=3 value=372.0000 outlier=false
arm=granite_moe.base metric=ttft_ms process=2 run=4 value=369.0000 outlier=false
arm=granite_moe.base metric=ttft_ms process=2 run=5 value=369.0000 outlier=false
arm=granite_moe.base metric=ttft_ms process=2 run=6 value=411.0000 outlier=true
arm=granite_moe.base metric=ttft_ms process=2 run=7 value=373.0000 outlier=false
summary arm=granite_moe.base metric=ttft_ms n_all=21 median_all=374.0000 cov_all_pct=2.90 min_all=363.0000 max_all=411.0000 | n_kept=18 median_kept=372.5000 mad_kept=3.0000 cov_kept_pct=1.82 min_kept=363.0000 max_kept=391.0000
memory arm=granite_moe.base metric=peak_rss_bytes process=0 value=2529689600
memory arm=granite_moe.base metric=peak_rss_bytes process=1 value=2473410560
memory arm=granite_moe.base metric=peak_rss_bytes process=2 value=2624225280
summary arm=granite_moe.base metric=peak_rss_bytes n=3 median=2529689600 max=2624225280
memory arm=granite_moe.base metric=peak_footprint_bytes process=0 value=603248832
memory arm=granite_moe.base metric=peak_footprint_bytes process=1 value=619944064
memory arm=granite_moe.base metric=peak_footprint_bytes process=2 value=636065600
summary arm=granite_moe.base metric=peak_footprint_bytes n=3 median=619944064 max=636065600
memory arm=granite_moe.base metric=peak_gpu_bytes process=0 value=1707655168
memory arm=granite_moe.base metric=peak_gpu_bytes process=1 value=1707655168
memory arm=granite_moe.base metric=peak_gpu_bytes process=2 value=1707655168
summary arm=granite_moe.base metric=peak_gpu_bytes n=3 median=1707655168 max=1707655168
extra arm=granite_moe.base process=0 peers_present_at_exit=[]
extra arm=granite_moe.base process=1 peers_present_at_exit=[]
extra arm=granite_moe.base process=2 peers_present_at_exit=[]
arm=granite_moe.tip metric=ms_per_token process=0 run=1 value=6.5000 outlier=false
arm=granite_moe.tip metric=ms_per_token process=0 run=2 value=6.5850 outlier=false
arm=granite_moe.tip metric=ms_per_token process=0 run=3 value=6.6280 outlier=false
arm=granite_moe.tip metric=ms_per_token process=0 run=4 value=6.6070 outlier=false
arm=granite_moe.tip metric=ms_per_token process=0 run=5 value=6.4630 outlier=false
arm=granite_moe.tip metric=ms_per_token process=0 run=6 value=6.4910 outlier=false
arm=granite_moe.tip metric=ms_per_token process=0 run=7 value=6.5250 outlier=false
arm=granite_moe.tip metric=ms_per_token process=1 run=1 value=6.5220 outlier=false
arm=granite_moe.tip metric=ms_per_token process=1 run=2 value=6.5080 outlier=false
arm=granite_moe.tip metric=ms_per_token process=1 run=3 value=6.5980 outlier=false
arm=granite_moe.tip metric=ms_per_token process=1 run=4 value=6.7460 outlier=true
arm=granite_moe.tip metric=ms_per_token process=1 run=5 value=6.6720 outlier=true
arm=granite_moe.tip metric=ms_per_token process=1 run=6 value=6.4970 outlier=false
arm=granite_moe.tip metric=ms_per_token process=1 run=7 value=6.4870 outlier=false
arm=granite_moe.tip metric=ms_per_token process=2 run=1 value=6.7000 outlier=true
arm=granite_moe.tip metric=ms_per_token process=2 run=2 value=6.5040 outlier=false
arm=granite_moe.tip metric=ms_per_token process=2 run=3 value=6.5240 outlier=false
arm=granite_moe.tip metric=ms_per_token process=2 run=4 value=6.5370 outlier=false
arm=granite_moe.tip metric=ms_per_token process=2 run=5 value=6.5500 outlier=false
arm=granite_moe.tip metric=ms_per_token process=2 run=6 value=6.5090 outlier=false
arm=granite_moe.tip metric=ms_per_token process=2 run=7 value=6.5200 outlier=false
summary arm=granite_moe.tip metric=ms_per_token n_all=21 median_all=6.5240 cov_all_pct=1.14 min_all=6.4630 max_all=6.7460 | n_kept=18 median_kept=6.5210 mad_kept=0.0225 cov_kept_pct=0.68 min_kept=6.4630 max_kept=6.6280
arm=granite_moe.tip metric=prefill_ms process=0 run=1 value=265.0070 outlier=false
arm=granite_moe.tip metric=prefill_ms process=0 run=2 value=265.9690 outlier=true
arm=granite_moe.tip metric=prefill_ms process=0 run=3 value=266.0480 outlier=true
arm=granite_moe.tip metric=prefill_ms process=0 run=4 value=264.9810 outlier=false
arm=granite_moe.tip metric=prefill_ms process=0 run=5 value=264.9780 outlier=false
arm=granite_moe.tip metric=prefill_ms process=0 run=6 value=265.0080 outlier=false
arm=granite_moe.tip metric=prefill_ms process=0 run=7 value=265.0370 outlier=false
arm=granite_moe.tip metric=prefill_ms process=1 run=1 value=264.9880 outlier=false
arm=granite_moe.tip metric=prefill_ms process=1 run=2 value=265.0460 outlier=false
arm=granite_moe.tip metric=prefill_ms process=1 run=3 value=266.9430 outlier=true
arm=granite_moe.tip metric=prefill_ms process=1 run=4 value=266.9960 outlier=true
arm=granite_moe.tip metric=prefill_ms process=1 run=5 value=266.0060 outlier=true
arm=granite_moe.tip metric=prefill_ms process=1 run=6 value=267.9810 outlier=true
arm=granite_moe.tip metric=prefill_ms process=1 run=7 value=266.0090 outlier=true
arm=granite_moe.tip metric=prefill_ms process=2 run=1 value=263.9550 outlier=true
arm=granite_moe.tip metric=prefill_ms process=2 run=2 value=267.0130 outlier=true
arm=granite_moe.tip metric=prefill_ms process=2 run=3 value=265.0550 outlier=false
arm=granite_moe.tip metric=prefill_ms process=2 run=4 value=264.9650 outlier=false
arm=granite_moe.tip metric=prefill_ms process=2 run=5 value=266.9430 outlier=true
arm=granite_moe.tip metric=prefill_ms process=2 run=6 value=264.9550 outlier=false
arm=granite_moe.tip metric=prefill_ms process=2 run=7 value=264.9580 outlier=false
summary arm=granite_moe.tip metric=prefill_ms n_all=21 median_all=265.0460 cov_all_pct=0.37 min_all=263.9550 max_all=267.9810 | n_kept=11 median_kept=264.9880 mad_kept=0.0230 cov_kept_pct=0.01 min_kept=264.9550 max_kept=265.0550
arm=granite_moe.tip metric=ttft_ms process=0 run=1 value=265.0000 outlier=false
arm=granite_moe.tip metric=ttft_ms process=0 run=2 value=266.0000 outlier=false
arm=granite_moe.tip metric=ttft_ms process=0 run=3 value=266.0000 outlier=false
arm=granite_moe.tip metric=ttft_ms process=0 run=4 value=265.0000 outlier=false
arm=granite_moe.tip metric=ttft_ms process=0 run=5 value=265.0000 outlier=false
arm=granite_moe.tip metric=ttft_ms process=0 run=6 value=265.0000 outlier=false
arm=granite_moe.tip metric=ttft_ms process=0 run=7 value=265.0000 outlier=false
arm=granite_moe.tip metric=ttft_ms process=1 run=1 value=265.0000 outlier=false
arm=granite_moe.tip metric=ttft_ms process=1 run=2 value=265.0000 outlier=false
arm=granite_moe.tip metric=ttft_ms process=1 run=3 value=267.0000 outlier=false
arm=granite_moe.tip metric=ttft_ms process=1 run=4 value=267.0000 outlier=false
arm=granite_moe.tip metric=ttft_ms process=1 run=5 value=266.0000 outlier=false
arm=granite_moe.tip metric=ttft_ms process=1 run=6 value=268.0000 outlier=false
arm=granite_moe.tip metric=ttft_ms process=1 run=7 value=266.0000 outlier=false
arm=granite_moe.tip metric=ttft_ms process=2 run=1 value=264.0000 outlier=false
arm=granite_moe.tip metric=ttft_ms process=2 run=2 value=267.0000 outlier=false
arm=granite_moe.tip metric=ttft_ms process=2 run=3 value=265.0000 outlier=false
arm=granite_moe.tip metric=ttft_ms process=2 run=4 value=265.0000 outlier=false
arm=granite_moe.tip metric=ttft_ms process=2 run=5 value=267.0000 outlier=false
arm=granite_moe.tip metric=ttft_ms process=2 run=6 value=265.0000 outlier=false
arm=granite_moe.tip metric=ttft_ms process=2 run=7 value=265.0000 outlier=false
summary arm=granite_moe.tip metric=ttft_ms n_all=21 median_all=265.0000 cov_all_pct=0.37 min_all=264.0000 max_all=268.0000 | n_kept=21 median_kept=265.0000 mad_kept=0.0000 cov_kept_pct=0.37 min_kept=264.0000 max_kept=268.0000
memory arm=granite_moe.tip metric=peak_rss_bytes process=0 value=1881210880
memory arm=granite_moe.tip metric=peak_rss_bytes process=1 value=2100215808
memory arm=granite_moe.tip metric=peak_rss_bytes process=2 value=2221867008
summary arm=granite_moe.tip metric=peak_rss_bytes n=3 median=2100215808 max=2221867008
memory arm=granite_moe.tip metric=peak_footprint_bytes process=0 value=371643648
memory arm=granite_moe.tip metric=peak_footprint_bytes process=1 value=365532736
memory arm=granite_moe.tip metric=peak_footprint_bytes process=2 value=367498880
summary arm=granite_moe.tip metric=peak_footprint_bytes n=3 median=367498880 max=371643648
memory arm=granite_moe.tip metric=peak_gpu_bytes process=0 value=1728069632
memory arm=granite_moe.tip metric=peak_gpu_bytes process=1 value=1728069632
memory arm=granite_moe.tip metric=peak_gpu_bytes process=2 value=1728069632
summary arm=granite_moe.tip metric=peak_gpu_bytes n=3 median=1728069632 max=1728069632
extra arm=granite_moe.tip process=0 peers_present_at_exit=[]
extra arm=granite_moe.tip process=1 peers_present_at_exit=[]
extra arm=granite_moe.tip process=2 peers_present_at_exit=[]
arm=granite_moe.control metric=ms_per_token process=0 run=1 value=6.4770 outlier=false
arm=granite_moe.control metric=ms_per_token process=0 run=2 value=6.6570 outlier=false
arm=granite_moe.control metric=ms_per_token process=0 run=3 value=6.4860 outlier=false
arm=granite_moe.control metric=ms_per_token process=0 run=4 value=6.5740 outlier=false
arm=granite_moe.control metric=ms_per_token process=0 run=5 value=6.5770 outlier=false
arm=granite_moe.control metric=ms_per_token process=0 run=6 value=6.5150 outlier=false
arm=granite_moe.control metric=ms_per_token process=0 run=7 value=6.5560 outlier=false
arm=granite_moe.control metric=ms_per_token process=1 run=1 value=7.1030 outlier=true
arm=granite_moe.control metric=ms_per_token process=1 run=2 value=6.5260 outlier=false
arm=granite_moe.control metric=ms_per_token process=1 run=3 value=6.4500 outlier=false
arm=granite_moe.control metric=ms_per_token process=1 run=4 value=7.8620 outlier=true
arm=granite_moe.control metric=ms_per_token process=1 run=5 value=6.6130 outlier=false
arm=granite_moe.control metric=ms_per_token process=1 run=6 value=6.6510 outlier=false
arm=granite_moe.control metric=ms_per_token process=1 run=7 value=6.7380 outlier=false
arm=granite_moe.control metric=ms_per_token process=2 run=1 value=6.5020 outlier=false
arm=granite_moe.control metric=ms_per_token process=2 run=2 value=6.5650 outlier=false
arm=granite_moe.control metric=ms_per_token process=2 run=3 value=6.6450 outlier=false
arm=granite_moe.control metric=ms_per_token process=2 run=4 value=6.6090 outlier=false
arm=granite_moe.control metric=ms_per_token process=2 run=5 value=6.6170 outlier=false
arm=granite_moe.control metric=ms_per_token process=2 run=6 value=6.6880 outlier=false
arm=granite_moe.control metric=ms_per_token process=2 run=7 value=6.5760 outlier=false
summary arm=granite_moe.control metric=ms_per_token n_all=21 median_all=6.5770 cov_all_pct=4.47 min_all=6.4500 max_all=7.8620 | n_kept=19 median_kept=6.5760 mad_kept=0.0610 cov_kept_pct=1.13 min_kept=6.4500 max_kept=6.7380
arm=granite_moe.control metric=prefill_ms process=0 run=1 value=264.9420 outlier=false
arm=granite_moe.control metric=prefill_ms process=0 run=2 value=264.9930 outlier=false
arm=granite_moe.control metric=prefill_ms process=0 run=3 value=265.9640 outlier=false
arm=granite_moe.control metric=prefill_ms process=0 run=4 value=265.9580 outlier=false
arm=granite_moe.control metric=prefill_ms process=0 run=5 value=264.9980 outlier=false
arm=granite_moe.control metric=prefill_ms process=0 run=6 value=266.0310 outlier=false
arm=granite_moe.control metric=prefill_ms process=0 run=7 value=266.9590 outlier=false
arm=granite_moe.control metric=prefill_ms process=1 run=1 value=266.0550 outlier=false
arm=granite_moe.control metric=prefill_ms process=1 run=2 value=275.0260 outlier=true
arm=granite_moe.control metric=prefill_ms process=1 run=3 value=263.9700 outlier=false
arm=granite_moe.control metric=prefill_ms process=1 run=4 value=267.0120 outlier=false
arm=granite_moe.control metric=prefill_ms process=1 run=5 value=267.9880 outlier=false
arm=granite_moe.control metric=prefill_ms process=1 run=6 value=265.9670 outlier=false
arm=granite_moe.control metric=prefill_ms process=1 run=7 value=265.0050 outlier=false
arm=granite_moe.control metric=prefill_ms process=2 run=1 value=264.9520 outlier=false
arm=granite_moe.control metric=prefill_ms process=2 run=2 value=264.0390 outlier=false
arm=granite_moe.control metric=prefill_ms process=2 run=3 value=264.9690 outlier=false
arm=granite_moe.control metric=prefill_ms process=2 run=4 value=263.9640 outlier=false
arm=granite_moe.control metric=prefill_ms process=2 run=5 value=265.0110 outlier=false
arm=granite_moe.control metric=prefill_ms process=2 run=6 value=265.9640 outlier=false
arm=granite_moe.control metric=prefill_ms process=2 run=7 value=262.9520 outlier=false
summary arm=granite_moe.control metric=prefill_ms n_all=21 median_all=265.0110 cov_all_pct=0.88 min_all=262.9520 max_all=275.0260 | n_kept=20 median_kept=265.0080 mad_kept=0.9575 cov_kept_pct=0.44 min_kept=262.9520 max_kept=267.9880
arm=granite_moe.control metric=ttft_ms process=0 run=1 value=265.0000 outlier=false
arm=granite_moe.control metric=ttft_ms process=0 run=2 value=265.0000 outlier=false
arm=granite_moe.control metric=ttft_ms process=0 run=3 value=266.0000 outlier=false
arm=granite_moe.control metric=ttft_ms process=0 run=4 value=266.0000 outlier=false
arm=granite_moe.control metric=ttft_ms process=0 run=5 value=265.0000 outlier=false
arm=granite_moe.control metric=ttft_ms process=0 run=6 value=266.0000 outlier=false
arm=granite_moe.control metric=ttft_ms process=0 run=7 value=267.0000 outlier=false
arm=granite_moe.control metric=ttft_ms process=1 run=1 value=266.0000 outlier=false
arm=granite_moe.control metric=ttft_ms process=1 run=2 value=275.0000 outlier=true
arm=granite_moe.control metric=ttft_ms process=1 run=3 value=264.0000 outlier=false
arm=granite_moe.control metric=ttft_ms process=1 run=4 value=267.0000 outlier=false
arm=granite_moe.control metric=ttft_ms process=1 run=5 value=268.0000 outlier=false
arm=granite_moe.control metric=ttft_ms process=1 run=6 value=266.0000 outlier=false
arm=granite_moe.control metric=ttft_ms process=1 run=7 value=265.0000 outlier=false
arm=granite_moe.control metric=ttft_ms process=2 run=1 value=265.0000 outlier=false
arm=granite_moe.control metric=ttft_ms process=2 run=2 value=264.0000 outlier=false
arm=granite_moe.control metric=ttft_ms process=2 run=3 value=265.0000 outlier=false
arm=granite_moe.control metric=ttft_ms process=2 run=4 value=264.0000 outlier=false
arm=granite_moe.control metric=ttft_ms process=2 run=5 value=265.0000 outlier=false
arm=granite_moe.control metric=ttft_ms process=2 run=6 value=266.0000 outlier=false
arm=granite_moe.control metric=ttft_ms process=2 run=7 value=263.0000 outlier=false
summary arm=granite_moe.control metric=ttft_ms n_all=21 median_all=265.0000 cov_all_pct=0.88 min_all=263.0000 max_all=275.0000 | n_kept=20 median_kept=265.0000 mad_kept=1.0000 cov_kept_pct=0.44 min_kept=263.0000 max_kept=268.0000
memory arm=granite_moe.control metric=peak_rss_bytes process=0 value=1993359360
memory arm=granite_moe.control metric=peak_rss_bytes process=1 value=2231353344
memory arm=granite_moe.control metric=peak_rss_bytes process=2 value=2109587456
summary arm=granite_moe.control metric=peak_rss_bytes n=3 median=2109587456 max=2231353344
memory arm=granite_moe.control metric=peak_footprint_bytes process=0 value=369530432
memory arm=granite_moe.control metric=peak_footprint_bytes process=1 value=367810624
memory arm=granite_moe.control metric=peak_footprint_bytes process=2 value=367318784
summary arm=granite_moe.control metric=peak_footprint_bytes n=3 median=367810624 max=369530432
memory arm=granite_moe.control metric=peak_gpu_bytes process=0 value=1728069632
memory arm=granite_moe.control metric=peak_gpu_bytes process=1 value=1728069632
memory arm=granite_moe.control metric=peak_gpu_bytes process=2 value=1728069632
summary arm=granite_moe.control metric=peak_gpu_bytes n=3 median=1728069632 max=1728069632
extra arm=granite_moe.control process=0 peers_present_at_exit=[]
extra arm=granite_moe.control process=1 peers_present_at_exit=[]
extra arm=granite_moe.control process=2 peers_present_at_exit=[]
bound metric=ms_per_token arm=gemma4_e2b.tip vs=gemma4_e2b.base arm_median=11.1025 reference_median=11.0290 delta=0.0735 limit=0.2206 within=true
bound metric=prefill_ms arm=gemma4_e2b.tip vs=gemma4_e2b.base arm_median=592.0150 reference_median=590.0410 delta=1.9740 limit=11.8008 within=true
bound metric=ttft_ms arm=gemma4_e2b.tip vs=gemma4_e2b.base arm_median=592.0000 reference_median=590.0000 delta=2.0000 limit=11.8000 within=true
bound metric=peak_rss_bytes arm=gemma4_e2b.tip vs=gemma4_e2b.base arm_median=3815227392 reference_median=3957964800 delta=-142737408 limit=79159296 within=true
bound metric=peak_footprint_bytes arm=gemma4_e2b.tip vs=gemma4_e2b.base arm_median=422586816 reference_median=505080576 delta=-82493760 limit=10101612 within=true
bound metric=peak_gpu_bytes arm=gemma4_e2b.tip vs=gemma4_e2b.base arm_median=3622256640 reference_median=3657105408 delta=-34848768 limit=73142108 within=true
bound metric=ms_per_token arm=gemma4_e2b.control vs=gemma4_e2b.base arm_median=11.0940 reference_median=11.0290 delta=0.0650 limit=0.2206 within=true
bound metric=prefill_ms arm=gemma4_e2b.control vs=gemma4_e2b.base arm_median=591.9900 reference_median=590.0410 delta=1.9490 limit=11.8008 within=true
bound metric=ttft_ms arm=gemma4_e2b.control vs=gemma4_e2b.base arm_median=592.0000 reference_median=590.0000 delta=2.0000 limit=11.8000 within=true
bound metric=peak_rss_bytes arm=gemma4_e2b.control vs=gemma4_e2b.base arm_median=3757834240 reference_median=3957964800 delta=-200130560 limit=79159296 within=true
bound metric=peak_footprint_bytes arm=gemma4_e2b.control vs=gemma4_e2b.base arm_median=424372736 reference_median=505080576 delta=-80707840 limit=10101612 within=true
bound metric=peak_gpu_bytes arm=gemma4_e2b.control vs=gemma4_e2b.base arm_median=3622256640 reference_median=3657105408 delta=-34848768 limit=73142108 within=true
bound metric=ms_per_token arm=gemma4_e2b.control vs=gemma4_e2b.tip arm_median=11.0940 reference_median=11.1025 delta=-0.0085 limit=0.2220 within=true
bound metric=prefill_ms arm=gemma4_e2b.control vs=gemma4_e2b.tip arm_median=591.9900 reference_median=592.0150 delta=-0.0250 limit=11.8403 within=true
bound metric=ttft_ms arm=gemma4_e2b.control vs=gemma4_e2b.tip arm_median=592.0000 reference_median=592.0000 delta=0.0000 limit=11.8400 within=true
bound metric=peak_rss_bytes arm=gemma4_e2b.control vs=gemma4_e2b.tip arm_median=3757834240 reference_median=3815227392 delta=-57393152 limit=76304548 within=true
bound metric=peak_footprint_bytes arm=gemma4_e2b.control vs=gemma4_e2b.tip arm_median=424372736 reference_median=422586816 delta=1785920 limit=8451736 within=true
bound metric=peak_gpu_bytes arm=gemma4_e2b.control vs=gemma4_e2b.tip arm_median=3622256640 reference_median=3622256640 delta=0 limit=72445133 within=true
bound metric=ms_per_token arm=granite_moe.tip vs=granite_moe.base arm_median=6.5210 reference_median=6.7280 delta=-0.2070 limit=0.1346 within=true
bound metric=prefill_ms arm=granite_moe.tip vs=granite_moe.base arm_median=264.9880 reference_median=372.5370 delta=-107.5490 limit=7.4507 within=true
bound metric=ttft_ms arm=granite_moe.tip vs=granite_moe.base arm_median=265.0000 reference_median=372.5000 delta=-107.5000 limit=7.4500 within=true
bound metric=peak_rss_bytes arm=granite_moe.tip vs=granite_moe.base arm_median=2100215808 reference_median=2529689600 delta=-429473792 limit=50593792 within=true
bound metric=peak_footprint_bytes arm=granite_moe.tip vs=granite_moe.base arm_median=367498880 reference_median=619944064 delta=-252445184 limit=12398881 within=true
bound metric=peak_gpu_bytes arm=granite_moe.tip vs=granite_moe.base arm_median=1728069632 reference_median=1707655168 delta=20414464 limit=34153103 within=true
bound metric=ms_per_token arm=granite_moe.control vs=granite_moe.base arm_median=6.5760 reference_median=6.7280 delta=-0.1520 limit=0.1346 within=true
bound metric=prefill_ms arm=granite_moe.control vs=granite_moe.base arm_median=265.0080 reference_median=372.5370 delta=-107.5290 limit=7.4507 within=true
bound metric=ttft_ms arm=granite_moe.control vs=granite_moe.base arm_median=265.0000 reference_median=372.5000 delta=-107.5000 limit=7.4500 within=true
bound metric=peak_rss_bytes arm=granite_moe.control vs=granite_moe.base arm_median=2109587456 reference_median=2529689600 delta=-420102144 limit=50593792 within=true
bound metric=peak_footprint_bytes arm=granite_moe.control vs=granite_moe.base arm_median=367810624 reference_median=619944064 delta=-252133440 limit=12398881 within=true
bound metric=peak_gpu_bytes arm=granite_moe.control vs=granite_moe.base arm_median=1728069632 reference_median=1707655168 delta=20414464 limit=34153103 within=true
bound metric=ms_per_token arm=granite_moe.control vs=granite_moe.tip arm_median=6.5760 reference_median=6.5210 delta=0.0550 limit=0.1304 within=true
bound metric=prefill_ms arm=granite_moe.control vs=granite_moe.tip arm_median=265.0080 reference_median=264.9880 delta=0.0200 limit=5.2998 within=true
bound metric=ttft_ms arm=granite_moe.control vs=granite_moe.tip arm_median=265.0000 reference_median=265.0000 delta=0.0000 limit=5.3000 within=true
bound metric=peak_rss_bytes arm=granite_moe.control vs=granite_moe.tip arm_median=2109587456 reference_median=2100215808 delta=9371648 limit=42004316 within=true
bound metric=peak_footprint_bytes arm=granite_moe.control vs=granite_moe.tip arm_median=367810624 reference_median=367498880 delta=311744 limit=7349978 within=true
bound metric=peak_gpu_bytes arm=granite_moe.control vs=granite_moe.tip arm_median=1728069632 reference_median=1728069632 delta=0 limit=34561393 within=true
