2026-10-07T16:01:25Z LAUNCH decode_arms proxima arm=base process=0 bin=/Users/brianbruggeman/repos/slot-0/.long_ctx_backups/parity_perf/r8/bin/decode_gbps_baseline_base_cc700bea
2026-10-07T16:01:51Z EXIT decode_arms proxima arm=base process=0 status=exit status: 0
2026-10-07T16:01:51Z LAUNCH decode_arms proxima arm=c1_dedupe process=0 bin=/Users/brianbruggeman/repos/slot-0/.long_ctx_backups/parity_perf/r8/bin/decode_gbps_baseline_c1_dedupe
2026-10-07T16:02:17Z EXIT decode_arms proxima arm=c1_dedupe process=0 status=exit status: 0
2026-10-07T16:02:17Z LAUNCH decode_arms proxima arm=c2_lanes process=0 bin=/Users/brianbruggeman/repos/slot-0/.long_ctx_backups/parity_perf/r8/bin/decode_gbps_baseline_c2_lanes
2026-10-07T16:02:42Z EXIT decode_arms proxima arm=c2_lanes process=0 status=exit status: 0
2026-10-07T16:02:42Z LAUNCH decode_arms proxima arm=base_copy process=0 bin=/Users/brianbruggeman/repos/slot-0/.long_ctx_backups/parity_perf/r8/bin/decode_gbps_baseline_base_copy
2026-10-07T16:03:08Z EXIT decode_arms proxima arm=base_copy process=0 status=exit status: 0
2026-10-07T16:03:08Z LAUNCH decode_arms proxima arm=c1_dedupe process=1 bin=/Users/brianbruggeman/repos/slot-0/.long_ctx_backups/parity_perf/r8/bin/decode_gbps_baseline_c1_dedupe
2026-10-07T16:03:34Z EXIT decode_arms proxima arm=c1_dedupe process=1 status=exit status: 0
2026-10-07T16:03:34Z LAUNCH decode_arms proxima arm=c2_lanes process=1 bin=/Users/brianbruggeman/repos/slot-0/.long_ctx_backups/parity_perf/r8/bin/decode_gbps_baseline_c2_lanes
2026-10-07T16:03:59Z EXIT decode_arms proxima arm=c2_lanes process=1 status=exit status: 0
2026-10-07T16:03:59Z LAUNCH decode_arms proxima arm=base_copy process=1 bin=/Users/brianbruggeman/repos/slot-0/.long_ctx_backups/parity_perf/r8/bin/decode_gbps_baseline_base_copy
2026-10-07T16:04:25Z EXIT decode_arms proxima arm=base_copy process=1 status=exit status: 0
2026-10-07T16:04:25Z LAUNCH decode_arms proxima arm=base process=1 bin=/Users/brianbruggeman/repos/slot-0/.long_ctx_backups/parity_perf/r8/bin/decode_gbps_baseline_base_cc700bea
2026-10-07T16:04:51Z EXIT decode_arms proxima arm=base process=1 status=exit status: 0
2026-10-07T16:04:51Z LAUNCH decode_arms proxima arm=c2_lanes process=2 bin=/Users/brianbruggeman/repos/slot-0/.long_ctx_backups/parity_perf/r8/bin/decode_gbps_baseline_c2_lanes
2026-10-07T16:05:17Z EXIT decode_arms proxima arm=c2_lanes process=2 status=exit status: 0
2026-10-07T16:05:17Z LAUNCH decode_arms proxima arm=base_copy process=2 bin=/Users/brianbruggeman/repos/slot-0/.long_ctx_backups/parity_perf/r8/bin/decode_gbps_baseline_base_copy
2026-10-07T16:05:44Z EXIT decode_arms proxima arm=base_copy process=2 status=exit status: 0
2026-10-07T16:05:44Z LAUNCH decode_arms proxima arm=base process=2 bin=/Users/brianbruggeman/repos/slot-0/.long_ctx_backups/parity_perf/r8/bin/decode_gbps_baseline_base_cc700bea
2026-10-07T16:06:10Z EXIT decode_arms proxima arm=base process=2 status=exit status: 0
2026-10-07T16:06:10Z LAUNCH decode_arms proxima arm=c1_dedupe process=2 bin=/Users/brianbruggeman/repos/slot-0/.long_ctx_backups/parity_perf/r8/bin/decode_gbps_baseline_c1_dedupe
2026-10-07T16:06:36Z EXIT decode_arms proxima arm=c1_dedupe process=2 status=exit status: 0
2026-10-07T16:06:36Z LAUNCH decode_arms proxima arm=base_copy process=3 bin=/Users/brianbruggeman/repos/slot-0/.long_ctx_backups/parity_perf/r8/bin/decode_gbps_baseline_base_copy
2026-10-07T16:07:02Z EXIT decode_arms proxima arm=base_copy process=3 status=exit status: 0
2026-10-07T16:07:03Z LAUNCH decode_arms proxima arm=base process=3 bin=/Users/brianbruggeman/repos/slot-0/.long_ctx_backups/parity_perf/r8/bin/decode_gbps_baseline_base_cc700bea
2026-10-07T16:07:28Z EXIT decode_arms proxima arm=base process=3 status=exit status: 0
2026-10-07T16:07:28Z LAUNCH decode_arms proxima arm=c1_dedupe process=3 bin=/Users/brianbruggeman/repos/slot-0/.long_ctx_backups/parity_perf/r8/bin/decode_gbps_baseline_c1_dedupe
2026-10-07T16:07:54Z EXIT decode_arms proxima arm=c1_dedupe process=3 status=exit status: 0
2026-10-07T16:07:54Z LAUNCH decode_arms proxima arm=c2_lanes process=3 bin=/Users/brianbruggeman/repos/slot-0/.long_ctx_backups/parity_perf/r8/bin/decode_gbps_baseline_c2_lanes
2026-10-07T16:08:19Z EXIT decode_arms proxima arm=c2_lanes process=3 status=exit status: 0
2026-10-07T16:08:19Z LAUNCH decode_arms proxima arm=base process=4 bin=/Users/brianbruggeman/repos/slot-0/.long_ctx_backups/parity_perf/r8/bin/decode_gbps_baseline_base_cc700bea
2026-10-07T16:08:45Z EXIT decode_arms proxima arm=base process=4 status=exit status: 0
2026-10-07T16:08:45Z LAUNCH decode_arms proxima arm=c1_dedupe process=4 bin=/Users/brianbruggeman/repos/slot-0/.long_ctx_backups/parity_perf/r8/bin/decode_gbps_baseline_c1_dedupe
2026-10-07T16:09:11Z EXIT decode_arms proxima arm=c1_dedupe process=4 status=exit status: 0
2026-10-07T16:09:11Z LAUNCH decode_arms proxima arm=c2_lanes process=4 bin=/Users/brianbruggeman/repos/slot-0/.long_ctx_backups/parity_perf/r8/bin/decode_gbps_baseline_c2_lanes
2026-10-07T16:09:37Z EXIT decode_arms proxima arm=c2_lanes process=4 status=exit status: 0
2026-10-07T16:09:37Z LAUNCH decode_arms proxima arm=base_copy process=4 bin=/Users/brianbruggeman/repos/slot-0/.long_ctx_backups/parity_perf/r8/bin/decode_gbps_baseline_base_copy
2026-10-07T16:10:03Z EXIT decode_arms proxima arm=base_copy process=4 status=exit status: 0
