raw arm=base0c process=0 run=0 ms_per_token=15.5630
raw arm=base0c process=0 run=1 ms_per_token=15.0010
raw arm=base0c process=0 run=2 ms_per_token=15.3130
raw arm=base0c process=0 run=3 ms_per_token=14.9840
raw arm=base0c_ctl process=0 run=0 ms_per_token=15.4380
raw arm=base0c_ctl process=0 run=1 ms_per_token=14.9840
raw arm=base0c_ctl process=0 run=2 ms_per_token=14.9410
raw arm=base0c_ctl process=0 run=3 ms_per_token=15.0520
raw arm=tip process=0 run=0 ms_per_token=15.4090
raw arm=tip process=0 run=1 ms_per_token=14.9930
raw arm=tip process=0 run=2 ms_per_token=14.9900
raw arm=tip process=0 run=3 ms_per_token=14.9730
raw arm=tip_ctl process=0 run=0 ms_per_token=15.4240
raw arm=tip_ctl process=0 run=1 ms_per_token=14.9800
raw arm=tip_ctl process=0 run=2 ms_per_token=14.9960
raw arm=tip_ctl process=0 run=3 ms_per_token=15.3180
raw arm=base0c_ctl process=1 run=0 ms_per_token=15.4220
raw arm=base0c_ctl process=1 run=1 ms_per_token=14.9840
raw arm=base0c_ctl process=1 run=2 ms_per_token=15.0220
raw arm=base0c_ctl process=1 run=3 ms_per_token=14.9600
raw arm=tip process=1 run=0 ms_per_token=15.4870
raw arm=tip process=1 run=1 ms_per_token=15.1140
raw arm=tip process=1 run=2 ms_per_token=15.1000
raw arm=tip process=1 run=3 ms_per_token=15.1790
raw arm=tip_ctl process=1 run=0 ms_per_token=15.5840
raw arm=tip_ctl process=1 run=1 ms_per_token=15.0700
raw arm=tip_ctl process=1 run=2 ms_per_token=15.1290
raw arm=tip_ctl process=1 run=3 ms_per_token=15.1590
raw arm=base0c process=1 run=0 ms_per_token=15.4560
raw arm=base0c process=1 run=1 ms_per_token=15.1460
raw arm=base0c process=1 run=2 ms_per_token=15.1360
raw arm=base0c process=1 run=3 ms_per_token=15.4550
raw arm=tip process=2 run=0 ms_per_token=15.3600
raw arm=tip process=2 run=1 ms_per_token=15.2210
raw arm=tip process=2 run=2 ms_per_token=15.2320
raw arm=tip process=2 run=3 ms_per_token=15.1430
raw arm=tip_ctl process=2 run=0 ms_per_token=15.4920
raw arm=tip_ctl process=2 run=1 ms_per_token=15.0410
raw arm=tip_ctl process=2 run=2 ms_per_token=14.9730
raw arm=tip_ctl process=2 run=3 ms_per_token=15.0230
raw arm=base0c process=2 run=0 ms_per_token=15.5250
raw arm=base0c process=2 run=1 ms_per_token=14.8690
raw arm=base0c process=2 run=2 ms_per_token=14.9680
raw arm=base0c process=2 run=3 ms_per_token=15.2260
raw arm=base0c_ctl process=2 run=0 ms_per_token=15.5170
raw arm=base0c_ctl process=2 run=1 ms_per_token=15.1750
raw arm=base0c_ctl process=2 run=2 ms_per_token=15.2060
raw arm=base0c_ctl process=2 run=3 ms_per_token=15.0610
raw arm=tip_ctl process=3 run=0 ms_per_token=15.4400
raw arm=tip_ctl process=3 run=1 ms_per_token=15.1190
raw arm=tip_ctl process=3 run=2 ms_per_token=15.0870
raw arm=tip_ctl process=3 run=3 ms_per_token=15.1960
raw arm=base0c process=3 run=0 ms_per_token=15.4300
raw arm=base0c process=3 run=1 ms_per_token=15.0340
raw arm=base0c process=3 run=2 ms_per_token=14.9310
raw arm=base0c process=3 run=3 ms_per_token=14.9490
raw arm=base0c_ctl process=3 run=0 ms_per_token=15.5580
raw arm=base0c_ctl process=3 run=1 ms_per_token=15.0740
raw arm=base0c_ctl process=3 run=2 ms_per_token=14.9550
raw arm=base0c_ctl process=3 run=3 ms_per_token=14.9650
raw arm=tip process=3 run=0 ms_per_token=15.4540
raw arm=tip process=3 run=1 ms_per_token=15.0330
raw arm=tip process=3 run=2 ms_per_token=14.9120
raw arm=tip process=3 run=3 ms_per_token=15.0910
raw arm=base0c process=4 run=0 ms_per_token=15.4630
raw arm=base0c process=4 run=1 ms_per_token=15.0610
raw arm=base0c process=4 run=2 ms_per_token=15.0200
raw arm=base0c process=4 run=3 ms_per_token=14.9120
raw arm=base0c_ctl process=4 run=0 ms_per_token=15.5370
raw arm=base0c_ctl process=4 run=1 ms_per_token=14.9540
raw arm=base0c_ctl process=4 run=2 ms_per_token=15.0170
raw arm=base0c_ctl process=4 run=3 ms_per_token=15.0730
raw arm=tip process=4 run=0 ms_per_token=15.5060
raw arm=tip process=4 run=1 ms_per_token=15.0570
raw arm=tip process=4 run=2 ms_per_token=14.9140
raw arm=tip process=4 run=3 ms_per_token=14.8530
raw arm=tip_ctl process=4 run=0 ms_per_token=15.4960
raw arm=tip_ctl process=4 run=1 ms_per_token=14.8880
raw arm=tip_ctl process=4 run=2 ms_per_token=14.8860
raw arm=tip_ctl process=4 run=3 ms_per_token=14.8970
raw arm=base0c_ctl process=5 run=0 ms_per_token=15.2950
raw arm=base0c_ctl process=5 run=1 ms_per_token=14.9410
raw arm=base0c_ctl process=5 run=2 ms_per_token=14.8580
raw arm=base0c_ctl process=5 run=3 ms_per_token=14.8940
raw arm=tip process=5 run=0 ms_per_token=15.4790
raw arm=tip process=5 run=1 ms_per_token=14.9480
raw arm=tip process=5 run=2 ms_per_token=14.8100
raw arm=tip process=5 run=3 ms_per_token=15.0540
raw arm=tip_ctl process=5 run=0 ms_per_token=15.3440
raw arm=tip_ctl process=5 run=1 ms_per_token=14.8450
raw arm=tip_ctl process=5 run=2 ms_per_token=15.1900
raw arm=tip_ctl process=5 run=3 ms_per_token=14.9710
raw arm=base0c process=5 run=0 ms_per_token=15.5360
raw arm=base0c process=5 run=1 ms_per_token=14.6960
raw arm=base0c process=5 run=2 ms_per_token=15.3270
raw arm=base0c process=5 run=3 ms_per_token=15.0340
arm=base0c metric=ms_per_token process=0 run=1 value=15.0010 outlier=false
arm=base0c metric=ms_per_token process=0 run=2 value=15.3130 outlier=false
arm=base0c metric=ms_per_token process=0 run=3 value=14.9840 outlier=false
arm=base0c metric=ms_per_token process=1 run=1 value=15.1460 outlier=false
arm=base0c metric=ms_per_token process=1 run=2 value=15.1360 outlier=false
arm=base0c metric=ms_per_token process=1 run=3 value=15.4550 outlier=false
arm=base0c metric=ms_per_token process=2 run=1 value=14.8690 outlier=false
arm=base0c metric=ms_per_token process=2 run=2 value=14.9680 outlier=false
arm=base0c metric=ms_per_token process=2 run=3 value=15.2260 outlier=false
arm=base0c metric=ms_per_token process=3 run=1 value=15.0340 outlier=false
arm=base0c metric=ms_per_token process=3 run=2 value=14.9310 outlier=false
arm=base0c metric=ms_per_token process=3 run=3 value=14.9490 outlier=false
arm=base0c metric=ms_per_token process=4 run=1 value=15.0610 outlier=false
arm=base0c metric=ms_per_token process=4 run=2 value=15.0200 outlier=false
arm=base0c metric=ms_per_token process=4 run=3 value=14.9120 outlier=false
arm=base0c metric=ms_per_token process=5 run=1 value=14.6960 outlier=false
arm=base0c metric=ms_per_token process=5 run=2 value=15.3270 outlier=false
arm=base0c metric=ms_per_token process=5 run=3 value=15.0340 outlier=false
summary arm=base0c metric=ms_per_token n_all=18 median_all=15.0270 cov_all_pct=1.18 min_all=14.6960 max_all=15.4550 | n_kept=18 median_kept=15.0270 mad_kept=0.1025 cov_kept_pct=1.18 min_kept=14.6960 max_kept=15.4550
arm=base0c metric=prefill_ms process=0 run=1 value=6514.9990 outlier=false
arm=base0c metric=prefill_ms process=0 run=2 value=6526.0020 outlier=false
arm=base0c metric=prefill_ms process=0 run=3 value=6524.9990 outlier=false
arm=base0c metric=prefill_ms process=1 run=1 value=6525.0020 outlier=false
arm=base0c metric=prefill_ms process=1 run=2 value=6531.9510 outlier=false
arm=base0c metric=prefill_ms process=1 run=3 value=7257.0560 outlier=true
arm=base0c metric=prefill_ms process=2 run=1 value=6509.9890 outlier=false
arm=base0c metric=prefill_ms process=2 run=2 value=6507.9960 outlier=false
arm=base0c metric=prefill_ms process=2 run=3 value=6510.9560 outlier=false
arm=base0c metric=prefill_ms process=3 run=1 value=6515.0430 outlier=false
arm=base0c metric=prefill_ms process=3 run=2 value=6527.0210 outlier=false
arm=base0c metric=prefill_ms process=3 run=3 value=6513.9550 outlier=false
arm=base0c metric=prefill_ms process=4 run=1 value=6511.9990 outlier=false
arm=base0c metric=prefill_ms process=4 run=2 value=6523.0470 outlier=false
arm=base0c metric=prefill_ms process=4 run=3 value=6513.9860 outlier=false
arm=base0c metric=prefill_ms process=5 run=1 value=6514.0570 outlier=false
arm=base0c metric=prefill_ms process=5 run=2 value=6514.0290 outlier=false
arm=base0c metric=prefill_ms process=5 run=3 value=6532.0400 outlier=false
summary arm=base0c metric=prefill_ms n_all=18 median_all=6515.0210 cov_all_pct=2.58 min_all=6507.9960 max_all=7257.0560 | n_kept=17 median_kept=6514.9990 mad_kept=5.0100 cov_kept_pct=0.12 min_kept=6507.9960 max_kept=6532.0400
arm=base0c metric=ttft_ms process=0 run=1 value=6515.0000 outlier=false
arm=base0c metric=ttft_ms process=0 run=2 value=6526.0000 outlier=false
arm=base0c metric=ttft_ms process=0 run=3 value=6525.0000 outlier=false
arm=base0c metric=ttft_ms process=1 run=1 value=6525.0000 outlier=false
arm=base0c metric=ttft_ms process=1 run=2 value=6532.0000 outlier=false
arm=base0c metric=ttft_ms process=1 run=3 value=7257.0000 outlier=true
arm=base0c metric=ttft_ms process=2 run=1 value=6510.0000 outlier=false
arm=base0c metric=ttft_ms process=2 run=2 value=6508.0000 outlier=false
arm=base0c metric=ttft_ms process=2 run=3 value=6511.0000 outlier=false
arm=base0c metric=ttft_ms process=3 run=1 value=6515.0000 outlier=false
arm=base0c metric=ttft_ms process=3 run=2 value=6527.0000 outlier=false
arm=base0c metric=ttft_ms process=3 run=3 value=6514.0000 outlier=false
arm=base0c metric=ttft_ms process=4 run=1 value=6512.0000 outlier=false
arm=base0c metric=ttft_ms process=4 run=2 value=6523.0000 outlier=false
arm=base0c metric=ttft_ms process=4 run=3 value=6514.0000 outlier=false
arm=base0c metric=ttft_ms process=5 run=1 value=6514.0000 outlier=false
arm=base0c metric=ttft_ms process=5 run=2 value=6514.0000 outlier=false
arm=base0c metric=ttft_ms process=5 run=3 value=6532.0000 outlier=false
summary arm=base0c metric=ttft_ms n_all=18 median_all=6515.0000 cov_all_pct=2.58 min_all=6508.0000 max_all=7257.0000 | n_kept=17 median_kept=6515.0000 mad_kept=5.0000 cov_kept_pct=0.12 min_kept=6508.0000 max_kept=6532.0000
memory arm=base0c metric=peak_rss_bytes process=0 value=2443591680
memory arm=base0c metric=peak_rss_bytes process=1 value=2639577088
memory arm=base0c metric=peak_rss_bytes process=2 value=2388803584
memory arm=base0c metric=peak_rss_bytes process=3 value=2605072384
memory arm=base0c metric=peak_rss_bytes process=4 value=2427600896
memory arm=base0c metric=peak_rss_bytes process=5 value=2556657664
summary arm=base0c metric=peak_rss_bytes n=6 median=2500124672 max=2639577088
memory arm=base0c metric=peak_footprint_bytes process=0 value=582048064
memory arm=base0c metric=peak_footprint_bytes process=1 value=638376192
memory arm=base0c metric=peak_footprint_bytes process=2 value=657561792
memory arm=base0c metric=peak_footprint_bytes process=3 value=621812352
memory arm=base0c metric=peak_footprint_bytes process=4 value=611178816
memory arm=base0c metric=peak_footprint_bytes process=5 value=668506624
summary arm=base0c metric=peak_footprint_bytes n=6 median=630094272 max=668506624
memory arm=base0c metric=peak_gpu_bytes process=0 value=3315433472
memory arm=base0c metric=peak_gpu_bytes process=1 value=3315433472
memory arm=base0c metric=peak_gpu_bytes process=2 value=3315433472
memory arm=base0c metric=peak_gpu_bytes process=3 value=3315433472
memory arm=base0c metric=peak_gpu_bytes process=4 value=3315433472
memory arm=base0c metric=peak_gpu_bytes process=5 value=3315433472
summary arm=base0c metric=peak_gpu_bytes n=6 median=3315433472 max=3315433472
extra arm=base0c process=0 peers_present_at_exit=[]
extra arm=base0c process=1 peers_present_at_exit=[]
extra arm=base0c process=2 peers_present_at_exit=[]
extra arm=base0c process=3 peers_present_at_exit=[]
extra arm=base0c process=4 peers_present_at_exit=[]
extra arm=base0c process=5 peers_present_at_exit=[]
arm=base0c_ctl metric=ms_per_token process=0 run=1 value=14.9840 outlier=false
arm=base0c_ctl metric=ms_per_token process=0 run=2 value=14.9410 outlier=false
arm=base0c_ctl metric=ms_per_token process=0 run=3 value=15.0520 outlier=false
arm=base0c_ctl metric=ms_per_token process=1 run=1 value=14.9840 outlier=false
arm=base0c_ctl metric=ms_per_token process=1 run=2 value=15.0220 outlier=false
arm=base0c_ctl metric=ms_per_token process=1 run=3 value=14.9600 outlier=false
arm=base0c_ctl metric=ms_per_token process=2 run=1 value=15.1750 outlier=false
arm=base0c_ctl metric=ms_per_token process=2 run=2 value=15.2060 outlier=true
arm=base0c_ctl metric=ms_per_token process=2 run=3 value=15.0610 outlier=false
arm=base0c_ctl metric=ms_per_token process=3 run=1 value=15.0740 outlier=false
arm=base0c_ctl metric=ms_per_token process=3 run=2 value=14.9550 outlier=false
arm=base0c_ctl metric=ms_per_token process=3 run=3 value=14.9650 outlier=false
arm=base0c_ctl metric=ms_per_token process=4 run=1 value=14.9540 outlier=false
arm=base0c_ctl metric=ms_per_token process=4 run=2 value=15.0170 outlier=false
arm=base0c_ctl metric=ms_per_token process=4 run=3 value=15.0730 outlier=false
arm=base0c_ctl metric=ms_per_token process=5 run=1 value=14.9410 outlier=false
arm=base0c_ctl metric=ms_per_token process=5 run=2 value=14.8580 outlier=false
arm=base0c_ctl metric=ms_per_token process=5 run=3 value=14.8940 outlier=false
summary arm=base0c_ctl metric=ms_per_token n_all=18 median_all=14.9840 cov_all_pct=0.58 min_all=14.8580 max_all=15.2060 | n_kept=17 median_kept=14.9840 mad_kept=0.0430 cov_kept_pct=0.50 min_kept=14.8580 max_kept=15.1750
arm=base0c_ctl metric=prefill_ms process=0 run=1 value=6516.0100 outlier=false
arm=base0c_ctl metric=prefill_ms process=0 run=2 value=6522.0320 outlier=false
arm=base0c_ctl metric=prefill_ms process=0 run=3 value=6522.9420 outlier=false
arm=base0c_ctl metric=prefill_ms process=1 run=1 value=6521.0570 outlier=false
arm=base0c_ctl metric=prefill_ms process=1 run=2 value=6521.0590 outlier=false
arm=base0c_ctl metric=prefill_ms process=1 run=3 value=6512.0160 outlier=false
arm=base0c_ctl metric=prefill_ms process=2 run=1 value=6518.9390 outlier=false
arm=base0c_ctl metric=prefill_ms process=2 run=2 value=6515.9760 outlier=false
arm=base0c_ctl metric=prefill_ms process=2 run=3 value=6524.0050 outlier=false
arm=base0c_ctl metric=prefill_ms process=3 run=1 value=6522.0010 outlier=false
arm=base0c_ctl metric=prefill_ms process=3 run=2 value=6523.0550 outlier=false
arm=base0c_ctl metric=prefill_ms process=3 run=3 value=6515.0010 outlier=false
arm=base0c_ctl metric=prefill_ms process=4 run=1 value=6517.9950 outlier=false
arm=base0c_ctl metric=prefill_ms process=4 run=2 value=6518.0230 outlier=false
arm=base0c_ctl metric=prefill_ms process=4 run=3 value=6515.0550 outlier=false
arm=base0c_ctl metric=prefill_ms process=5 run=1 value=6511.0590 outlier=false
arm=base0c_ctl metric=prefill_ms process=5 run=2 value=6511.9380 outlier=false
arm=base0c_ctl metric=prefill_ms process=5 run=3 value=6511.9390 outlier=false
summary arm=base0c_ctl metric=prefill_ms n_all=18 median_all=6518.0090 cov_all_pct=0.06 min_all=6511.0590 max_all=6524.0050 | n_kept=18 median_kept=6518.0090 mad_kept=3.5210 cov_kept_pct=0.06 min_kept=6511.0590 max_kept=6524.0050
arm=base0c_ctl metric=ttft_ms process=0 run=1 value=6516.0000 outlier=false
arm=base0c_ctl metric=ttft_ms process=0 run=2 value=6522.0000 outlier=false
arm=base0c_ctl metric=ttft_ms process=0 run=3 value=6523.0000 outlier=false
arm=base0c_ctl metric=ttft_ms process=1 run=1 value=6521.0000 outlier=false
arm=base0c_ctl metric=ttft_ms process=1 run=2 value=6521.0000 outlier=false
arm=base0c_ctl metric=ttft_ms process=1 run=3 value=6512.0000 outlier=false
arm=base0c_ctl metric=ttft_ms process=2 run=1 value=6519.0000 outlier=false
arm=base0c_ctl metric=ttft_ms process=2 run=2 value=6516.0000 outlier=false
arm=base0c_ctl metric=ttft_ms process=2 run=3 value=6524.0000 outlier=false
arm=base0c_ctl metric=ttft_ms process=3 run=1 value=6522.0000 outlier=false
arm=base0c_ctl metric=ttft_ms process=3 run=2 value=6523.0000 outlier=false
arm=base0c_ctl metric=ttft_ms process=3 run=3 value=6515.0000 outlier=false
arm=base0c_ctl metric=ttft_ms process=4 run=1 value=6518.0000 outlier=false
arm=base0c_ctl metric=ttft_ms process=4 run=2 value=6518.0000 outlier=false
arm=base0c_ctl metric=ttft_ms process=4 run=3 value=6515.0000 outlier=false
arm=base0c_ctl metric=ttft_ms process=5 run=1 value=6511.0000 outlier=false
arm=base0c_ctl metric=ttft_ms process=5 run=2 value=6512.0000 outlier=false
arm=base0c_ctl metric=ttft_ms process=5 run=3 value=6512.0000 outlier=false
summary arm=base0c_ctl metric=ttft_ms n_all=18 median_all=6518.0000 cov_all_pct=0.06 min_all=6511.0000 max_all=6524.0000 | n_kept=18 median_kept=6518.0000 mad_kept=3.5000 cov_kept_pct=0.06 min_kept=6511.0000 max_kept=6524.0000
memory arm=base0c_ctl metric=peak_rss_bytes process=0 value=2492530688
memory arm=base0c_ctl metric=peak_rss_bytes process=1 value=2537455616
memory arm=base0c_ctl metric=peak_rss_bytes process=2 value=2524430336
memory arm=base0c_ctl metric=peak_rss_bytes process=3 value=2483044352
memory arm=base0c_ctl metric=peak_rss_bytes process=4 value=2577907712
memory arm=base0c_ctl metric=peak_rss_bytes process=5 value=2411429888
summary arm=base0c_ctl metric=peak_rss_bytes n=6 median=2508480512 max=2577907712
memory arm=base0c_ctl metric=peak_footprint_bytes process=0 value=606476544
memory arm=base0c_ctl metric=peak_footprint_bytes process=1 value=660150528
memory arm=base0c_ctl metric=peak_footprint_bytes process=2 value=643061888
memory arm=base0c_ctl metric=peak_footprint_bytes process=3 value=655432128
memory arm=base0c_ctl metric=peak_footprint_bytes process=4 value=666540352
memory arm=base0c_ctl metric=peak_footprint_bytes process=5 value=610867264
summary arm=base0c_ctl metric=peak_footprint_bytes n=6 median=649247008 max=666540352
memory arm=base0c_ctl metric=peak_gpu_bytes process=0 value=3315433472
memory arm=base0c_ctl metric=peak_gpu_bytes process=1 value=3315433472
memory arm=base0c_ctl metric=peak_gpu_bytes process=2 value=3315433472
memory arm=base0c_ctl metric=peak_gpu_bytes process=3 value=3315433472
memory arm=base0c_ctl metric=peak_gpu_bytes process=4 value=3315433472
memory arm=base0c_ctl metric=peak_gpu_bytes process=5 value=3315433472
summary arm=base0c_ctl metric=peak_gpu_bytes n=6 median=3315433472 max=3315433472
extra arm=base0c_ctl process=0 peers_present_at_exit=[]
extra arm=base0c_ctl process=1 peers_present_at_exit=[]
extra arm=base0c_ctl process=2 peers_present_at_exit=[]
extra arm=base0c_ctl process=3 peers_present_at_exit=[]
extra arm=base0c_ctl process=4 peers_present_at_exit=[]
extra arm=base0c_ctl process=5 peers_present_at_exit=[]
arm=tip metric=ms_per_token process=0 run=1 value=14.9930 outlier=false
arm=tip metric=ms_per_token process=0 run=2 value=14.9900 outlier=false
arm=tip metric=ms_per_token process=0 run=3 value=14.9730 outlier=false
arm=tip metric=ms_per_token process=1 run=1 value=15.1140 outlier=false
arm=tip metric=ms_per_token process=1 run=2 value=15.1000 outlier=false
arm=tip metric=ms_per_token process=1 run=3 value=15.1790 outlier=false
arm=tip metric=ms_per_token process=2 run=1 value=15.2210 outlier=false
arm=tip metric=ms_per_token process=2 run=2 value=15.2320 outlier=false
arm=tip metric=ms_per_token process=2 run=3 value=15.1430 outlier=false
arm=tip metric=ms_per_token process=3 run=1 value=15.0330 outlier=false
arm=tip metric=ms_per_token process=3 run=2 value=14.9120 outlier=false
arm=tip metric=ms_per_token process=3 run=3 value=15.0910 outlier=false
arm=tip metric=ms_per_token process=4 run=1 value=15.0570 outlier=false
arm=tip metric=ms_per_token process=4 run=2 value=14.9140 outlier=false
arm=tip metric=ms_per_token process=4 run=3 value=14.8530 outlier=false
arm=tip metric=ms_per_token process=5 run=1 value=14.9480 outlier=false
arm=tip metric=ms_per_token process=5 run=2 value=14.8100 outlier=false
arm=tip metric=ms_per_token process=5 run=3 value=15.0540 outlier=false
summary arm=tip metric=ms_per_token n_all=18 median_all=15.0435 cov_all_pct=0.78 min_all=14.8100 max_all=15.2320 | n_kept=18 median_kept=15.0435 mad_kept=0.0830 cov_kept_pct=0.78 min_kept=14.8100 max_kept=15.2320
arm=tip metric=prefill_ms process=0 run=1 value=6521.9370 outlier=false
arm=tip metric=prefill_ms process=0 run=2 value=6524.0400 outlier=false
arm=tip metric=prefill_ms process=0 run=3 value=6523.0530 outlier=false
arm=tip metric=prefill_ms process=1 run=1 value=6521.0630 outlier=false
arm=tip metric=prefill_ms process=1 run=2 value=6516.0460 outlier=false
arm=tip metric=prefill_ms process=1 run=3 value=6517.9770 outlier=false
arm=tip metric=prefill_ms process=2 run=1 value=7180.9750 outlier=true
arm=tip metric=prefill_ms process=2 run=2 value=6787.9450 outlier=true
arm=tip metric=prefill_ms process=2 run=3 value=6883.0150 outlier=true
arm=tip metric=prefill_ms process=3 run=1 value=6519.0620 outlier=false
arm=tip metric=prefill_ms process=3 run=2 value=6518.9940 outlier=false
arm=tip metric=prefill_ms process=3 run=3 value=6515.9400 outlier=false
arm=tip metric=prefill_ms process=4 run=1 value=6529.0430 outlier=false
arm=tip metric=prefill_ms process=4 run=2 value=6523.9370 outlier=false
arm=tip metric=prefill_ms process=4 run=3 value=6513.9820 outlier=false
arm=tip metric=prefill_ms process=5 run=1 value=6508.0260 outlier=false
arm=tip metric=prefill_ms process=5 run=2 value=6510.0530 outlier=false
arm=tip metric=prefill_ms process=5 run=3 value=6508.0530 outlier=false
summary arm=tip metric=prefill_ms n_all=18 median_all=6520.0625 cov_all_pct=2.66 min_all=6508.0260 max_all=7180.9750 | n_kept=15 median_kept=6518.9940 mad_kept=4.0590 cov_kept_pct=0.09 min_kept=6508.0260 max_kept=6529.0430
arm=tip metric=ttft_ms process=0 run=1 value=6522.0000 outlier=false
arm=tip metric=ttft_ms process=0 run=2 value=6524.0000 outlier=false
arm=tip metric=ttft_ms process=0 run=3 value=6523.0000 outlier=false
arm=tip metric=ttft_ms process=1 run=1 value=6521.0000 outlier=false
arm=tip metric=ttft_ms process=1 run=2 value=6516.0000 outlier=false
arm=tip metric=ttft_ms process=1 run=3 value=6518.0000 outlier=false
arm=tip metric=ttft_ms process=2 run=1 value=7181.0000 outlier=true
arm=tip metric=ttft_ms process=2 run=2 value=6788.0000 outlier=true
arm=tip metric=ttft_ms process=2 run=3 value=6883.0000 outlier=true
arm=tip metric=ttft_ms process=3 run=1 value=6519.0000 outlier=false
arm=tip metric=ttft_ms process=3 run=2 value=6519.0000 outlier=false
arm=tip metric=ttft_ms process=3 run=3 value=6516.0000 outlier=false
arm=tip metric=ttft_ms process=4 run=1 value=6529.0000 outlier=false
arm=tip metric=ttft_ms process=4 run=2 value=6524.0000 outlier=false
arm=tip metric=ttft_ms process=4 run=3 value=6514.0000 outlier=false
arm=tip metric=ttft_ms process=5 run=1 value=6508.0000 outlier=false
arm=tip metric=ttft_ms process=5 run=2 value=6510.0000 outlier=false
arm=tip metric=ttft_ms process=5 run=3 value=6508.0000 outlier=false
summary arm=tip metric=ttft_ms n_all=18 median_all=6520.0000 cov_all_pct=2.66 min_all=6508.0000 max_all=7181.0000 | n_kept=15 median_kept=6519.0000 mad_kept=4.0000 cov_kept_pct=0.09 min_kept=6508.0000 max_kept=6529.0000
memory arm=tip metric=peak_rss_bytes process=0 value=2469265408
memory arm=tip metric=peak_rss_bytes process=1 value=2497888256
memory arm=tip metric=peak_rss_bytes process=2 value=2531966976
memory arm=tip metric=peak_rss_bytes process=3 value=2407366656
memory arm=tip metric=peak_rss_bytes process=4 value=2504785920
memory arm=tip metric=peak_rss_bytes process=5 value=2416705536
summary arm=tip metric=peak_rss_bytes n=6 median=2483576832 max=2531966976
memory arm=tip metric=peak_footprint_bytes process=0 value=581065152
memory arm=tip metric=peak_footprint_bytes process=1 value=610802240
memory arm=tip metric=peak_footprint_bytes process=2 value=668817920
memory arm=tip metric=peak_footprint_bytes process=3 value=581261504
memory arm=tip metric=peak_footprint_bytes process=4 value=591354496
memory arm=tip metric=peak_footprint_bytes process=5 value=614438912
summary arm=tip metric=peak_footprint_bytes n=6 median=601078368 max=668817920
memory arm=tip metric=peak_gpu_bytes process=0 value=3315433472
memory arm=tip metric=peak_gpu_bytes process=1 value=3315433472
memory arm=tip metric=peak_gpu_bytes process=2 value=3315433472
memory arm=tip metric=peak_gpu_bytes process=3 value=3315433472
memory arm=tip metric=peak_gpu_bytes process=4 value=3315433472
memory arm=tip metric=peak_gpu_bytes process=5 value=3315433472
summary arm=tip metric=peak_gpu_bytes n=6 median=3315433472 max=3315433472
extra arm=tip process=0 peers_present_at_exit=[]
extra arm=tip process=1 peers_present_at_exit=[]
extra arm=tip process=2 peers_present_at_exit=[]
extra arm=tip process=3 peers_present_at_exit=[]
extra arm=tip process=4 peers_present_at_exit=[]
extra arm=tip process=5 peers_present_at_exit=[]
arm=tip_ctl metric=ms_per_token process=0 run=1 value=14.9800 outlier=false
arm=tip_ctl metric=ms_per_token process=0 run=2 value=14.9960 outlier=false
arm=tip_ctl metric=ms_per_token process=0 run=3 value=15.3180 outlier=false
arm=tip_ctl metric=ms_per_token process=1 run=1 value=15.0700 outlier=false
arm=tip_ctl metric=ms_per_token process=1 run=2 value=15.1290 outlier=false
arm=tip_ctl metric=ms_per_token process=1 run=3 value=15.1590 outlier=false
arm=tip_ctl metric=ms_per_token process=2 run=1 value=15.0410 outlier=false
arm=tip_ctl metric=ms_per_token process=2 run=2 value=14.9730 outlier=false
arm=tip_ctl metric=ms_per_token process=2 run=3 value=15.0230 outlier=false
arm=tip_ctl metric=ms_per_token process=3 run=1 value=15.1190 outlier=false
arm=tip_ctl metric=ms_per_token process=3 run=2 value=15.0870 outlier=false
arm=tip_ctl metric=ms_per_token process=3 run=3 value=15.1960 outlier=false
arm=tip_ctl metric=ms_per_token process=4 run=1 value=14.8880 outlier=false
arm=tip_ctl metric=ms_per_token process=4 run=2 value=14.8860 outlier=false
arm=tip_ctl metric=ms_per_token process=4 run=3 value=14.8970 outlier=false
arm=tip_ctl metric=ms_per_token process=5 run=1 value=14.8450 outlier=false
arm=tip_ctl metric=ms_per_token process=5 run=2 value=15.1900 outlier=false
arm=tip_ctl metric=ms_per_token process=5 run=3 value=14.9710 outlier=false
summary arm=tip_ctl metric=ms_per_token n_all=18 median_all=15.0320 cov_all_pct=0.82 min_all=14.8450 max_all=15.3180 | n_kept=18 median_kept=15.0320 mad_kept=0.0920 cov_kept_pct=0.82 min_kept=14.8450 max_kept=15.3180
arm=tip_ctl metric=prefill_ms process=0 run=1 value=6518.9370 outlier=false
arm=tip_ctl metric=prefill_ms process=0 run=2 value=6510.9530 outlier=false
arm=tip_ctl metric=prefill_ms process=0 run=3 value=6519.0210 outlier=false
arm=tip_ctl metric=prefill_ms process=1 run=1 value=6516.9710 outlier=false
arm=tip_ctl metric=prefill_ms process=1 run=2 value=6514.9420 outlier=false
arm=tip_ctl metric=prefill_ms process=1 run=3 value=6519.0470 outlier=false
arm=tip_ctl metric=prefill_ms process=2 run=1 value=6538.0620 outlier=false
arm=tip_ctl metric=prefill_ms process=2 run=2 value=6572.0420 outlier=true
arm=tip_ctl metric=prefill_ms process=2 run=3 value=6520.0120 outlier=false
arm=tip_ctl metric=prefill_ms process=3 run=1 value=6525.9850 outlier=false
arm=tip_ctl metric=prefill_ms process=3 run=2 value=6532.0600 outlier=false
arm=tip_ctl metric=prefill_ms process=3 run=3 value=6526.0580 outlier=false
arm=tip_ctl metric=prefill_ms process=4 run=1 value=6510.0120 outlier=false
arm=tip_ctl metric=prefill_ms process=4 run=2 value=6510.0340 outlier=false
arm=tip_ctl metric=prefill_ms process=4 run=3 value=6516.0070 outlier=false
arm=tip_ctl metric=prefill_ms process=5 run=1 value=6511.0240 outlier=false
arm=tip_ctl metric=prefill_ms process=5 run=2 value=6518.9740 outlier=false
arm=tip_ctl metric=prefill_ms process=5 run=3 value=6536.9410 outlier=false
summary arm=tip_ctl metric=prefill_ms n_all=18 median_all=6518.9975 cov_all_pct=0.22 min_all=6510.0120 max_all=6572.0420 | n_kept=17 median_kept=6518.9740 mad_kept=7.0110 cov_kept_pct=0.13 min_kept=6510.0120 max_kept=6538.0620
arm=tip_ctl metric=ttft_ms process=0 run=1 value=6519.0000 outlier=false
arm=tip_ctl metric=ttft_ms process=0 run=2 value=6511.0000 outlier=false
arm=tip_ctl metric=ttft_ms process=0 run=3 value=6519.0000 outlier=false
arm=tip_ctl metric=ttft_ms process=1 run=1 value=6517.0000 outlier=false
arm=tip_ctl metric=ttft_ms process=1 run=2 value=6515.0000 outlier=false
arm=tip_ctl metric=ttft_ms process=1 run=3 value=6519.0000 outlier=false
arm=tip_ctl metric=ttft_ms process=2 run=1 value=6538.0000 outlier=false
arm=tip_ctl metric=ttft_ms process=2 run=2 value=6572.0000 outlier=true
arm=tip_ctl metric=ttft_ms process=2 run=3 value=6520.0000 outlier=false
arm=tip_ctl metric=ttft_ms process=3 run=1 value=6526.0000 outlier=false
arm=tip_ctl metric=ttft_ms process=3 run=2 value=6532.0000 outlier=false
arm=tip_ctl metric=ttft_ms process=3 run=3 value=6526.0000 outlier=false
arm=tip_ctl metric=ttft_ms process=4 run=1 value=6510.0000 outlier=false
arm=tip_ctl metric=ttft_ms process=4 run=2 value=6510.0000 outlier=false
arm=tip_ctl metric=ttft_ms process=4 run=3 value=6516.0000 outlier=false
arm=tip_ctl metric=ttft_ms process=5 run=1 value=6511.0000 outlier=false
arm=tip_ctl metric=ttft_ms process=5 run=2 value=6519.0000 outlier=false
arm=tip_ctl metric=ttft_ms process=5 run=3 value=6537.0000 outlier=false
summary arm=tip_ctl metric=ttft_ms n_all=18 median_all=6519.0000 cov_all_pct=0.22 min_all=6510.0000 max_all=6572.0000 | n_kept=17 median_kept=6519.0000 mad_kept=7.0000 cov_kept_pct=0.13 min_kept=6510.0000 max_kept=6538.0000
memory arm=tip_ctl metric=peak_rss_bytes process=0 value=2568650752
memory arm=tip_ctl metric=peak_rss_bytes process=1 value=2598223872
memory arm=tip_ctl metric=peak_rss_bytes process=2 value=2343370752
memory arm=tip_ctl metric=peak_rss_bytes process=3 value=2532114432
memory arm=tip_ctl metric=peak_rss_bytes process=4 value=2349678592
memory arm=tip_ctl metric=peak_rss_bytes process=5 value=2575826944
summary arm=tip_ctl metric=peak_rss_bytes n=6 median=2550382592 max=2598223872
memory arm=tip_ctl metric=peak_footprint_bytes process=0 value=612850048
memory arm=tip_ctl metric=peak_footprint_bytes process=1 value=653056512
memory arm=tip_ctl metric=peak_footprint_bytes process=2 value=600529088
memory arm=tip_ctl metric=peak_footprint_bytes process=3 value=653744640
memory arm=tip_ctl metric=peak_footprint_bytes process=4 value=593385472
memory arm=tip_ctl metric=peak_footprint_bytes process=5 value=664148608
summary arm=tip_ctl metric=peak_footprint_bytes n=6 median=632953280 max=664148608
memory arm=tip_ctl metric=peak_gpu_bytes process=0 value=3315433472
memory arm=tip_ctl metric=peak_gpu_bytes process=1 value=3315433472
memory arm=tip_ctl metric=peak_gpu_bytes process=2 value=3315433472
memory arm=tip_ctl metric=peak_gpu_bytes process=3 value=3315433472
memory arm=tip_ctl metric=peak_gpu_bytes process=4 value=3315433472
memory arm=tip_ctl metric=peak_gpu_bytes process=5 value=3315433472
summary arm=tip_ctl metric=peak_gpu_bytes n=6 median=3315433472 max=3315433472
extra arm=tip_ctl process=0 peers_present_at_exit=[]
extra arm=tip_ctl process=1 peers_present_at_exit=[]
extra arm=tip_ctl process=2 peers_present_at_exit=[]
extra arm=tip_ctl process=3 peers_present_at_exit=[]
extra arm=tip_ctl process=4 peers_present_at_exit=[]
extra arm=tip_ctl process=5 peers_present_at_exit=[]
bound metric=ms_per_token arm=base0c_ctl vs=base0c arm_median=14.9840 reference_median=15.0270 delta=-0.0430 limit=0.3005 within=true
bound metric=prefill_ms arm=base0c_ctl vs=base0c arm_median=6518.0090 reference_median=6514.9990 delta=3.0100 limit=130.3000 within=true
bound metric=ttft_ms arm=base0c_ctl vs=base0c arm_median=6518.0000 reference_median=6515.0000 delta=3.0000 limit=130.3000 within=true
bound metric=peak_rss_bytes arm=base0c_ctl vs=base0c arm_median=2508480512 reference_median=2500124672 delta=8355840 limit=50002493 within=true
bound metric=peak_footprint_bytes arm=base0c_ctl vs=base0c arm_median=649247008 reference_median=630094272 delta=19152736 limit=12601885 within=false
bound metric=peak_gpu_bytes arm=base0c_ctl vs=base0c arm_median=3315433472 reference_median=3315433472 delta=0 limit=66308669 within=true
bound metric=ms_per_token arm=tip vs=base0c arm_median=15.0435 reference_median=15.0270 delta=0.0165 limit=0.3005 within=true
bound metric=prefill_ms arm=tip vs=base0c arm_median=6518.9940 reference_median=6514.9990 delta=3.9950 limit=130.3000 within=true
bound metric=ttft_ms arm=tip vs=base0c arm_median=6519.0000 reference_median=6515.0000 delta=4.0000 limit=130.3000 within=true
bound metric=peak_rss_bytes arm=tip vs=base0c arm_median=2483576832 reference_median=2500124672 delta=-16547840 limit=50002493 within=true
bound metric=peak_footprint_bytes arm=tip vs=base0c arm_median=601078368 reference_median=630094272 delta=-29015904 limit=12601885 within=true
bound metric=peak_gpu_bytes arm=tip vs=base0c arm_median=3315433472 reference_median=3315433472 delta=0 limit=66308669 within=true
bound metric=ms_per_token arm=tip vs=base0c_ctl arm_median=15.0435 reference_median=14.9840 delta=0.0595 limit=0.2997 within=true
bound metric=prefill_ms arm=tip vs=base0c_ctl arm_median=6518.9940 reference_median=6518.0090 delta=0.9850 limit=130.3602 within=true
bound metric=ttft_ms arm=tip vs=base0c_ctl arm_median=6519.0000 reference_median=6518.0000 delta=1.0000 limit=130.3600 within=true
bound metric=peak_rss_bytes arm=tip vs=base0c_ctl arm_median=2483576832 reference_median=2508480512 delta=-24903680 limit=50169610 within=true
bound metric=peak_footprint_bytes arm=tip vs=base0c_ctl arm_median=601078368 reference_median=649247008 delta=-48168640 limit=12984940 within=true
bound metric=peak_gpu_bytes arm=tip vs=base0c_ctl arm_median=3315433472 reference_median=3315433472 delta=0 limit=66308669 within=true
bound metric=ms_per_token arm=tip_ctl vs=base0c arm_median=15.0320 reference_median=15.0270 delta=0.0050 limit=0.3005 within=true
bound metric=prefill_ms arm=tip_ctl vs=base0c arm_median=6518.9740 reference_median=6514.9990 delta=3.9750 limit=130.3000 within=true
bound metric=ttft_ms arm=tip_ctl vs=base0c arm_median=6519.0000 reference_median=6515.0000 delta=4.0000 limit=130.3000 within=true
bound metric=peak_rss_bytes arm=tip_ctl vs=base0c arm_median=2550382592 reference_median=2500124672 delta=50257920 limit=50002493 within=false
bound metric=peak_footprint_bytes arm=tip_ctl vs=base0c arm_median=632953280 reference_median=630094272 delta=2859008 limit=12601885 within=true
bound metric=peak_gpu_bytes arm=tip_ctl vs=base0c arm_median=3315433472 reference_median=3315433472 delta=0 limit=66308669 within=true
bound metric=ms_per_token arm=tip_ctl vs=base0c_ctl arm_median=15.0320 reference_median=14.9840 delta=0.0480 limit=0.2997 within=true
bound metric=prefill_ms arm=tip_ctl vs=base0c_ctl arm_median=6518.9740 reference_median=6518.0090 delta=0.9650 limit=130.3602 within=true
bound metric=ttft_ms arm=tip_ctl vs=base0c_ctl arm_median=6519.0000 reference_median=6518.0000 delta=1.0000 limit=130.3600 within=true
bound metric=peak_rss_bytes arm=tip_ctl vs=base0c_ctl arm_median=2550382592 reference_median=2508480512 delta=41902080 limit=50169610 within=true
bound metric=peak_footprint_bytes arm=tip_ctl vs=base0c_ctl arm_median=632953280 reference_median=649247008 delta=-16293728 limit=12984940 within=true
bound metric=peak_gpu_bytes arm=tip_ctl vs=base0c_ctl arm_median=3315433472 reference_median=3315433472 delta=0 limit=66308669 within=true
bound metric=ms_per_token arm=tip_ctl vs=tip arm_median=15.0320 reference_median=15.0435 delta=-0.0115 limit=0.3009 within=true
bound metric=prefill_ms arm=tip_ctl vs=tip arm_median=6518.9740 reference_median=6518.9940 delta=-0.0200 limit=130.3799 within=true
bound metric=ttft_ms arm=tip_ctl vs=tip arm_median=6519.0000 reference_median=6519.0000 delta=0.0000 limit=130.3800 within=true
bound metric=peak_rss_bytes arm=tip_ctl vs=tip arm_median=2550382592 reference_median=2483576832 delta=66805760 limit=49671537 within=false
bound metric=peak_footprint_bytes arm=tip_ctl vs=tip arm_median=632953280 reference_median=601078368 delta=31874912 limit=12021567 within=false
bound metric=peak_gpu_bytes arm=tip_ctl vs=tip arm_median=3315433472 reference_median=3315433472 delta=0 limit=66308669 within=true
