m0 decode: generated_tokens=2 text="\nA"
m0 capture: step=1 dispatches_with_threads=935
m0 groups: 38 kernels-by-identity-and-geometry over 935 dispatches
m0 replay: group 0/38
m0 sequence replay: one command buffer, dispatches=911 of 935 captured, gpu_ms=[15.360833378508687, 8.970958297140896, 7.481500040739775]
m0 chunk sequence replay: chunks=1, gpu_ms=[[8.152374997735023], [7.419291650876403], [7.959375041536987]]
m0 family sequence replay excludes 24 unreplayable dispatches of 935
m0 family sequence replay: family=attention dispatches=48 runs=7 gpu_ms_mean=0.4484 gpu_ms_min=0.3241 cov_pct=17.45
m0 family sequence replay: family=norms dispatches=49 runs=7 gpu_ms_mean=0.3458 gpu_ms_min=0.3026 cov_pct=13.49
m0 family sequence replay: family=other_matvec dispatches=698 runs=7 gpu_ms_mean=7.6220 gpu_ms_min=6.6507 cov_pct=6.18
m0 family sequence replay: family=rope_copy_elementwise dispatches=116 runs=7 gpu_ms_mean=0.4569 gpu_ms_min=0.3928 cov_pct=10.07

class                                     disp/step us/disp cold  total us cold   % step | us/disp -flr   total -flr | us/disp marg   total marg
matvec Q8_0                                     673        30.48        20514.3   239.7% |        22.57      15186.3 |        18.68      12569.7
RMSNorm sumsq + fused epilogue                   49        26.12         1280.1    15.0% |        18.21        892.2 |        13.63        667.6
RoPE                                             96        12.14         1165.0    13.6% |         4.22        405.0 |         6.04        580.0
cached attention partial                         24        39.58          950.0    11.1% |        31.67        760.0 |        26.00        624.0
matvec f32                                       25        20.04          501.1     5.9% |        12.13        303.2 |        13.83        345.7
cached attention merge                           24        14.38          345.0     4.0% |         6.46        155.0 |         8.75        210.0
constant                                          9         8.29           74.6     0.9% |         0.37          3.4 |         3.33         30.0
elementwise fused_identity_o0__multiply_s0_o1_g10          1        44.29           44.3     0.5% |        36.37         36.4 |        39.12         39.1
softmax max                                       2        13.06           26.1     0.3% |         5.15         10.3 |         6.50         13.0
UNCLASSIFIED omega_reduce_r3_o2_n5_fused_equal_o0_o1__add_o2_o3__select_s0_s1_o4_minimum_positive_infinity          1        22.67           22.7     0.3% |        14.75         14.7 |        11.92         11.9
iota                                              2         8.31           16.6     0.2% |         0.40          0.8 |         3.42          6.8
elementwise identity_g1                           1        13.96           14.0     0.2% |         6.04          6.0 |         8.62          8.6
softmax sum                                       1        12.63           12.6     0.1% |         4.71          4.7 |         5.54          5.5
identity copy                                     1        12.33           12.3     0.1% |         4.42          4.4 |         6.25          6.2
UNCLASSIFIED omega_reduce_r2_o1_n1_identity_minimum_positive_infinity          1        11.79           11.8     0.1% |         3.87          3.9 |         5.04          5.0
elementwise multiply                              1        10.46           10.5     0.1% |         2.54          2.5 |         4.83          4.8
UNCLASSIFIED omega_moe_topk_e32_k8               24         0.00            0.0     0.0% |         0.00          0.0 |         0.00          0.0

m0 floor: empty command buffer GPU span median=7.92 us min=7.75 us max=12.71 us n=200
m0 step (captured step 1, last evaluation that ran): rows_evaluated=Some(1) tokens_committed=Some(1) gpu_busy_ms=Some(8.557666675187647) gpu_exec_ms=Some(9.805833) physical_dispatch_calls=Some(935)
m0 step (median over logged evaluations at step >= 2, mixed widths): gpu_busy_ms=0.000 gpu_exec_ms=0.000
m0 reconcile: sum(median x count) [cold]=25001.0 us; ratio to gpu_busy_ms=2.921; ratio to gpu_exec_ms=2.550
m0 reconcile: sum(median x count) [cold-minus-floor]=17788.9 us; ratio to gpu_busy_ms=2.079; ratio to gpu_exec_ms=1.814
m0 reconcile: sum(median x count) [warm]=23256.6 us; ratio to gpu_busy_ms=2.718; ratio to gpu_exec_ms=2.372
m0 reconcile: sum(median x count) [marginal]=15128.3 us; ratio to gpu_busy_ms=1.768; ratio to gpu_exec_ms=1.543
m0 invariant 1: sum(group members)=935 captured_dispatches=935 physical_dispatch_calls_logged=Some(935) capture_step_is_last_logged_step=true
m0 replay failures: 1
m0 replay failure: class=UNCLASSIFIED omega_moe_topk_e32_k8 entry=omega_moe_topk_e32_k8 reason=metal driver error: moe_topk binds extra outputs outside `bindings`
m0 unreplayable by capture: groups=1 dispatches=24
