2026-10-07T12:42:43Z LAUNCH decode_arms proxima arm=a00_0b_9f0647da process=0 bin=/Users/brianbruggeman/repos/slot-0/.long_ctx_backups/regression_hunt/bin/a00_0b_9f0647da
2026-10-07T12:42:52Z EXIT decode_arms proxima arm=a00_0b_9f0647da process=0 status=exit status: 0
2026-10-07T12:42:52Z LAUNCH decode_arms proxima arm=a12_eor process=0 bin=/Users/brianbruggeman/repos/slot-0/.long_ctx_backups/regression_hunt/bin/a12_eor
2026-10-07T12:43:02Z EXIT decode_arms proxima arm=a12_eor process=0 status=exit status: 0
2026-10-07T12:43:02Z LAUNCH decode_arms proxima arm=a17_head_8ef12e94 process=0 bin=/Users/brianbruggeman/repos/slot-0/.long_ctx_backups/regression_hunt/bin/a17_head_8ef12e94
2026-10-07T12:43:11Z EXIT decode_arms proxima arm=a17_head_8ef12e94 process=0 status=exit status: 0
2026-10-07T12:43:11Z LAUNCH decode_arms proxima arm=a18_head_copy process=0 bin=/Users/brianbruggeman/repos/slot-0/.long_ctx_backups/regression_hunt/bin/a18_head_copy
2026-10-07T12:43:20Z EXIT decode_arms proxima arm=a18_head_copy process=0 status=exit status: 0
2026-10-07T12:43:20Z LAUNCH decode_arms proxima arm=a12_eor process=1 bin=/Users/brianbruggeman/repos/slot-0/.long_ctx_backups/regression_hunt/bin/a12_eor
2026-10-07T12:43:30Z EXIT decode_arms proxima arm=a12_eor process=1 status=exit status: 0
2026-10-07T12:43:30Z LAUNCH decode_arms proxima arm=a17_head_8ef12e94 process=1 bin=/Users/brianbruggeman/repos/slot-0/.long_ctx_backups/regression_hunt/bin/a17_head_8ef12e94
2026-10-07T12:43:39Z EXIT decode_arms proxima arm=a17_head_8ef12e94 process=1 status=exit status: 0
2026-10-07T12:43:39Z LAUNCH decode_arms proxima arm=a18_head_copy process=1 bin=/Users/brianbruggeman/repos/slot-0/.long_ctx_backups/regression_hunt/bin/a18_head_copy
2026-10-07T12:43:49Z EXIT decode_arms proxima arm=a18_head_copy process=1 status=exit status: 0
2026-10-07T12:43:49Z LAUNCH decode_arms proxima arm=a00_0b_9f0647da process=1 bin=/Users/brianbruggeman/repos/slot-0/.long_ctx_backups/regression_hunt/bin/a00_0b_9f0647da
2026-10-07T12:43:58Z EXIT decode_arms proxima arm=a00_0b_9f0647da process=1 status=exit status: 0
2026-10-07T12:43:58Z LAUNCH decode_arms proxima arm=a17_head_8ef12e94 process=2 bin=/Users/brianbruggeman/repos/slot-0/.long_ctx_backups/regression_hunt/bin/a17_head_8ef12e94
2026-10-07T12:44:08Z EXIT decode_arms proxima arm=a17_head_8ef12e94 process=2 status=exit status: 0
2026-10-07T12:44:08Z LAUNCH decode_arms proxima arm=a18_head_copy process=2 bin=/Users/brianbruggeman/repos/slot-0/.long_ctx_backups/regression_hunt/bin/a18_head_copy
2026-10-07T12:44:17Z EXIT decode_arms proxima arm=a18_head_copy process=2 status=exit status: 0
2026-10-07T12:44:17Z LAUNCH decode_arms proxima arm=a00_0b_9f0647da process=2 bin=/Users/brianbruggeman/repos/slot-0/.long_ctx_backups/regression_hunt/bin/a00_0b_9f0647da
2026-10-07T12:44:27Z EXIT decode_arms proxima arm=a00_0b_9f0647da process=2 status=exit status: 0
2026-10-07T12:44:27Z LAUNCH decode_arms proxima arm=a12_eor process=2 bin=/Users/brianbruggeman/repos/slot-0/.long_ctx_backups/regression_hunt/bin/a12_eor
2026-10-07T12:44:36Z EXIT decode_arms proxima arm=a12_eor process=2 status=exit status: 0
2026-10-07T12:44:36Z LAUNCH decode_arms proxima arm=a18_head_copy process=3 bin=/Users/brianbruggeman/repos/slot-0/.long_ctx_backups/regression_hunt/bin/a18_head_copy
2026-10-07T12:44:46Z EXIT decode_arms proxima arm=a18_head_copy process=3 status=exit status: 0
2026-10-07T12:44:46Z LAUNCH decode_arms proxima arm=a00_0b_9f0647da process=3 bin=/Users/brianbruggeman/repos/slot-0/.long_ctx_backups/regression_hunt/bin/a00_0b_9f0647da
2026-10-07T12:44:55Z EXIT decode_arms proxima arm=a00_0b_9f0647da process=3 status=exit status: 0
2026-10-07T12:44:55Z LAUNCH decode_arms proxima arm=a12_eor process=3 bin=/Users/brianbruggeman/repos/slot-0/.long_ctx_backups/regression_hunt/bin/a12_eor
2026-10-07T12:45:04Z EXIT decode_arms proxima arm=a12_eor process=3 status=exit status: 0
2026-10-07T12:45:04Z LAUNCH decode_arms proxima arm=a17_head_8ef12e94 process=3 bin=/Users/brianbruggeman/repos/slot-0/.long_ctx_backups/regression_hunt/bin/a17_head_8ef12e94
2026-10-07T12:45:14Z EXIT decode_arms proxima arm=a17_head_8ef12e94 process=3 status=exit status: 0
