ab capture excludes 0 unreplayable dispatches of 369
ab capture: step=0 dispatches=369 groups=21
ab res sha=57675ce2456e37cd arm=base tg_static_bytes=9600 max_threads=384 exec_width=32 bound_buffer_bytes=138235140 iters=50 cell label=57675ce2456e37cd:base wall_ms=76.125 cpu_ms=3.250 cpu_pct=4.3 rss_peak_mb=1617.6 footprint_mb=180.9 gpu_alloc_mb=1515.3 load_before=5.15 load_after=5.15
ab res sha=57675ce2456e37cd arm=57675ce2456e37cd.nounroll tg_static_bytes=9600 max_threads=384 exec_width=32 bound_buffer_bytes=138235140 iters=50 cell label=57675ce2456e37cd:57675ce2456e37cd.nounroll wall_ms=69.216 cpu_ms=3.131 cpu_pct=4.5 rss_peak_mb=1617.6 footprint_mb=180.9 gpu_alloc_mb=1515.3 load_before=5.15 load_after=5.15
ab res sha=57675ce2456e37cd arm=57675ce2456e37cd.nounroll_noskip tg_static_bytes=9600 max_threads=384 exec_width=32 bound_buffer_bytes=138235140 iters=50 cell label=57675ce2456e37cd:57675ce2456e37cd.nounroll_noskip wall_ms=69.471 cpu_ms=3.165 cpu_pct=4.6 rss_peak_mb=1617.6 footprint_mb=180.9 gpu_alloc_mb=1515.3 load_before=5.15 load_after=5.15
ab res sha=57675ce2456e37cd arm=57675ce2456e37cd.nounroll_noskip_nostage tg_static_bytes=4480 max_threads=384 exec_width=32 bound_buffer_bytes=138235140 iters=50 cell label=57675ce2456e37cd:57675ce2456e37cd.nounroll_noskip_nostage wall_ms=71.674 cpu_ms=3.150 cpu_pct=4.4 rss_peak_mb=1617.6 footprint_mb=180.9 gpu_alloc_mb=1515.3 load_before=5.15 load_after=5.15
ab res sha=57675ce2456e37cd arm=57675ce2456e37cd.nounroll_nostage tg_static_bytes=4480 max_threads=384 exec_width=32 bound_buffer_bytes=138235140 iters=50 cell label=57675ce2456e37cd:57675ce2456e37cd.nounroll_nostage wall_ms=71.115 cpu_ms=3.108 cpu_pct=4.4 rss_peak_mb=1617.6 footprint_mb=180.9 gpu_alloc_mb=1515.3 load_before=5.15 load_after=5.15
ab res sha=57675ce2456e37cd arm=57675ce2456e37cd.oldtext tg_static_bytes=4480 max_threads=384 exec_width=32 bound_buffer_bytes=138235140 iters=50 cell label=57675ce2456e37cd:57675ce2456e37cd.oldtext wall_ms=68.244 cpu_ms=3.090 cpu_pct=4.5 rss_peak_mb=1617.6 footprint_mb=180.9 gpu_alloc_mb=1515.3 load_before=5.15 load_after=5.15
ab res sha=57675ce2456e37cd arm=57675ce2456e37cd.tiptext tg_static_bytes=9600 max_threads=384 exec_width=32 bound_buffer_bytes=138235140 iters=50 cell label=57675ce2456e37cd:57675ce2456e37cd.tiptext wall_ms=76.173 cpu_ms=3.227 cpu_pct=4.2 rss_peak_mb=1617.6 footprint_mb=180.9 gpu_alloc_mb=1515.3 load_before=5.15 load_after=5.15
ab bits sha=57675ce2456e37cd threads=64000 extents=[1000, 8, 2, 64] arm=base elements=1024000 differing=0 max_ulp=0 max_abs=0e0 max_abs_over_largest=0e0
ab bits sha=57675ce2456e37cd threads=64000 extents=[1000, 8, 2, 64] arm=57675ce2456e37cd.nounroll elements=1024000 differing=0 max_ulp=0 max_abs=0e0 max_abs_over_largest=0e0
ab bits sha=57675ce2456e37cd threads=64000 extents=[1000, 8, 2, 64] arm=57675ce2456e37cd.nounroll_noskip elements=1024000 differing=0 max_ulp=0 max_abs=0e0 max_abs_over_largest=0e0
ab bits sha=57675ce2456e37cd threads=64000 extents=[1000, 8, 2, 64] arm=57675ce2456e37cd.nounroll_noskip_nostage elements=1024000 differing=0 max_ulp=0 max_abs=0e0 max_abs_over_largest=0e0
ab bits sha=57675ce2456e37cd threads=64000 extents=[1000, 8, 2, 64] arm=57675ce2456e37cd.nounroll_nostage elements=1024000 differing=0 max_ulp=0 max_abs=0e0 max_abs_over_largest=0e0
ab bits sha=57675ce2456e37cd threads=64000 extents=[1000, 8, 2, 64] arm=57675ce2456e37cd.oldtext elements=1024000 differing=0 max_ulp=0 max_abs=0e0 max_abs_over_largest=0e0
ab bits sha=57675ce2456e37cd threads=64000 extents=[1000, 8, 2, 64] arm=57675ce2456e37cd.tiptext elements=1024000 differing=0 max_ulp=0 max_abs=0e0 max_abs_over_largest=0e0
ab group sha=57675ce2456e37cd threads=64000 extents=[1000, 8, 2, 64] tg=Some(64) count=24 pass=0 arm=base marginal_us=1281.997 single_us=1301.417
ab group sha=57675ce2456e37cd threads=64000 extents=[1000, 8, 2, 64] tg=Some(64) count=24 pass=0 arm=57675ce2456e37cd.nounroll marginal_us=1160.203 single_us=1185.083
ab group sha=57675ce2456e37cd threads=64000 extents=[1000, 8, 2, 64] tg=Some(64) count=24 pass=0 arm=57675ce2456e37cd.nounroll_noskip marginal_us=1159.817 single_us=1177.500
ab group sha=57675ce2456e37cd threads=64000 extents=[1000, 8, 2, 64] tg=Some(64) count=24 pass=0 arm=57675ce2456e37cd.nounroll_noskip_nostage marginal_us=1195.014 single_us=1209.750
ab group sha=57675ce2456e37cd threads=64000 extents=[1000, 8, 2, 64] tg=Some(64) count=24 pass=0 arm=57675ce2456e37cd.nounroll_nostage marginal_us=1196.686 single_us=1203.500
ab group sha=57675ce2456e37cd threads=64000 extents=[1000, 8, 2, 64] tg=Some(64) count=24 pass=0 arm=57675ce2456e37cd.oldtext marginal_us=1132.719 single_us=1142.125
ab group sha=57675ce2456e37cd threads=64000 extents=[1000, 8, 2, 64] tg=Some(64) count=24 pass=0 arm=57675ce2456e37cd.tiptext marginal_us=1274.744 single_us=1288.625
ab cell label=process wall_ms=5638.600 cpu_ms=837.660 cpu_pct=14.9 rss_peak_mb=1617.6 footprint_mb=180.8 gpu_alloc_mb=1515.3 load_before=5.15 load_after=4.98
