ab capture excludes 0 unreplayable dispatches of 369
ab capture: step=0 dispatches=369 groups=21
ab res sha=57675ce2456e37cd arm=base tg_static_bytes=9600 max_threads=384 exec_width=32 bound_buffer_bytes=138235140 iters=50 cell label=57675ce2456e37cd:base wall_ms=76.134 cpu_ms=3.322 cpu_pct=4.4 rss_peak_mb=1620.4 footprint_mb=182.2 gpu_alloc_mb=1515.3 load_before=4.90 load_after=4.90
ab res sha=57675ce2456e37cd arm=57675ce2456e37cd.nounroll tg_static_bytes=9600 max_threads=384 exec_width=32 bound_buffer_bytes=138235140 iters=50 cell label=57675ce2456e37cd:57675ce2456e37cd.nounroll wall_ms=69.172 cpu_ms=3.125 cpu_pct=4.5 rss_peak_mb=1620.4 footprint_mb=182.2 gpu_alloc_mb=1515.3 load_before=4.90 load_after=4.90
ab res sha=57675ce2456e37cd arm=57675ce2456e37cd.nounroll_noskip tg_static_bytes=9600 max_threads=384 exec_width=32 bound_buffer_bytes=138235140 iters=50 cell label=57675ce2456e37cd:57675ce2456e37cd.nounroll_noskip wall_ms=69.502 cpu_ms=3.225 cpu_pct=4.6 rss_peak_mb=1620.4 footprint_mb=182.2 gpu_alloc_mb=1515.3 load_before=4.90 load_after=4.90
ab res sha=57675ce2456e37cd arm=57675ce2456e37cd.nounroll_noskip_nostage tg_static_bytes=4480 max_threads=384 exec_width=32 bound_buffer_bytes=138235140 iters=50 cell label=57675ce2456e37cd:57675ce2456e37cd.nounroll_noskip_nostage wall_ms=71.177 cpu_ms=3.157 cpu_pct=4.4 rss_peak_mb=1620.4 footprint_mb=182.2 gpu_alloc_mb=1515.3 load_before=4.90 load_after=4.90
ab res sha=57675ce2456e37cd arm=57675ce2456e37cd.nounroll_nostage tg_static_bytes=4480 max_threads=384 exec_width=32 bound_buffer_bytes=138235140 iters=50 cell label=57675ce2456e37cd:57675ce2456e37cd.nounroll_nostage wall_ms=71.611 cpu_ms=3.139 cpu_pct=4.4 rss_peak_mb=1620.4 footprint_mb=182.2 gpu_alloc_mb=1515.3 load_before=4.90 load_after=4.90
ab res sha=57675ce2456e37cd arm=57675ce2456e37cd.oldtext tg_static_bytes=4480 max_threads=384 exec_width=32 bound_buffer_bytes=138235140 iters=50 cell label=57675ce2456e37cd:57675ce2456e37cd.oldtext wall_ms=68.508 cpu_ms=3.211 cpu_pct=4.7 rss_peak_mb=1620.4 footprint_mb=182.2 gpu_alloc_mb=1515.3 load_before=4.90 load_after=4.90
ab res sha=57675ce2456e37cd arm=57675ce2456e37cd.tiptext tg_static_bytes=9600 max_threads=384 exec_width=32 bound_buffer_bytes=138235140 iters=50 cell label=57675ce2456e37cd:57675ce2456e37cd.tiptext wall_ms=75.566 cpu_ms=3.130 cpu_pct=4.1 rss_peak_mb=1620.4 footprint_mb=182.2 gpu_alloc_mb=1515.3 load_before=4.90 load_after=4.90
ab bits sha=57675ce2456e37cd threads=64000 extents=[1000, 8, 2, 64] arm=base elements=1024000 differing=0 max_ulp=0 max_abs=0e0 max_abs_over_largest=0e0
ab bits sha=57675ce2456e37cd threads=64000 extents=[1000, 8, 2, 64] arm=57675ce2456e37cd.nounroll elements=1024000 differing=0 max_ulp=0 max_abs=0e0 max_abs_over_largest=0e0
ab bits sha=57675ce2456e37cd threads=64000 extents=[1000, 8, 2, 64] arm=57675ce2456e37cd.nounroll_noskip elements=1024000 differing=0 max_ulp=0 max_abs=0e0 max_abs_over_largest=0e0
ab bits sha=57675ce2456e37cd threads=64000 extents=[1000, 8, 2, 64] arm=57675ce2456e37cd.nounroll_noskip_nostage elements=1024000 differing=0 max_ulp=0 max_abs=0e0 max_abs_over_largest=0e0
ab bits sha=57675ce2456e37cd threads=64000 extents=[1000, 8, 2, 64] arm=57675ce2456e37cd.nounroll_nostage elements=1024000 differing=0 max_ulp=0 max_abs=0e0 max_abs_over_largest=0e0
ab bits sha=57675ce2456e37cd threads=64000 extents=[1000, 8, 2, 64] arm=57675ce2456e37cd.oldtext elements=1024000 differing=0 max_ulp=0 max_abs=0e0 max_abs_over_largest=0e0
ab bits sha=57675ce2456e37cd threads=64000 extents=[1000, 8, 2, 64] arm=57675ce2456e37cd.tiptext elements=1024000 differing=0 max_ulp=0 max_abs=0e0 max_abs_over_largest=0e0
ab group sha=57675ce2456e37cd threads=64000 extents=[1000, 8, 2, 64] tg=Some(64) count=24 pass=0 arm=base marginal_us=1283.778 single_us=1310.542
ab group sha=57675ce2456e37cd threads=64000 extents=[1000, 8, 2, 64] tg=Some(64) count=24 pass=0 arm=57675ce2456e37cd.nounroll marginal_us=1158.942 single_us=1183.333
ab group sha=57675ce2456e37cd threads=64000 extents=[1000, 8, 2, 64] tg=Some(64) count=24 pass=0 arm=57675ce2456e37cd.nounroll_noskip marginal_us=1161.719 single_us=1175.333
ab group sha=57675ce2456e37cd threads=64000 extents=[1000, 8, 2, 64] tg=Some(64) count=24 pass=0 arm=57675ce2456e37cd.nounroll_noskip_nostage marginal_us=1195.744 single_us=1218.208
ab group sha=57675ce2456e37cd threads=64000 extents=[1000, 8, 2, 64] tg=Some(64) count=24 pass=0 arm=57675ce2456e37cd.nounroll_nostage marginal_us=1190.908 single_us=1202.000
ab group sha=57675ce2456e37cd threads=64000 extents=[1000, 8, 2, 64] tg=Some(64) count=24 pass=0 arm=57675ce2456e37cd.oldtext marginal_us=1134.336 single_us=1146.458
ab group sha=57675ce2456e37cd threads=64000 extents=[1000, 8, 2, 64] tg=Some(64) count=24 pass=0 arm=57675ce2456e37cd.tiptext marginal_us=1276.783 single_us=1283.625
ab cell label=process wall_ms=5658.958 cpu_ms=877.957 cpu_pct=15.5 rss_peak_mb=1620.4 footprint_mb=182.1 gpu_alloc_mb=1515.3 load_before=4.98 load_after=4.91
