ab capture excludes 0 unreplayable dispatches of 369
ab capture: step=0 dispatches=369 groups=21
ab res sha=1388fb736f661844 arm=base tg_static_bytes=4480 max_threads=384 exec_width=32 bound_buffer_bytes=138235140 iters=50 cell label=1388fb736f661844:base wall_ms=67.345 cpu_ms=3.057 cpu_pct=4.5 rss_peak_mb=1617.7 footprint_mb=189.5 gpu_alloc_mb=1521.7 load_before=3.66 load_after=3.66
ab res sha=1388fb736f661844 arm=1388fb736f661844.ctrl tg_static_bytes=4480 max_threads=384 exec_width=32 bound_buffer_bytes=138235140 iters=50 cell label=1388fb736f661844:1388fb736f661844.ctrl wall_ms=67.936 cpu_ms=2.981 cpu_pct=4.4 rss_peak_mb=1617.7 footprint_mb=189.5 gpu_alloc_mb=1521.7 load_before=3.66 load_after=3.66
ab res sha=1388fb736f661844 arm=1388fb736f661844.f16kv tg_static_bytes=4480 max_threads=384 exec_width=32 bound_buffer_bytes=133778692 iters=50 cell label=1388fb736f661844:1388fb736f661844.f16kv wall_ms=66.571 cpu_ms=3.236 cpu_pct=4.9 rss_peak_mb=1617.7 footprint_mb=189.5 gpu_alloc_mb=1521.7 load_before=3.66 load_after=3.66
ab res sha=1388fb736f661844 arm=1388fb736f661844.nocausal tg_static_bytes=4480 max_threads=384 exec_width=32 bound_buffer_bytes=138235140 iters=50 cell label=1388fb736f661844:1388fb736f661844.nocausal wall_ms=109.723 cpu_ms=3.355 cpu_pct=3.1 rss_peak_mb=1617.7 footprint_mb=189.5 gpu_alloc_mb=1521.7 load_before=3.66 load_after=3.66
ab res sha=1388fb736f661844 arm=1388fb736f661844.nopv tg_static_bytes=4480 max_threads=384 exec_width=32 bound_buffer_bytes=138235140 iters=50 cell label=1388fb736f661844:1388fb736f661844.nopv wall_ms=54.876 cpu_ms=3.385 cpu_pct=6.2 rss_peak_mb=1617.7 footprint_mb=189.5 gpu_alloc_mb=1521.7 load_before=3.66 load_after=3.66
ab res sha=1388fb736f661844 arm=1388fb736f661844.nopvloads tg_static_bytes=4480 max_threads=384 exec_width=32 bound_buffer_bytes=138235140 iters=50 cell label=1388fb736f661844:1388fb736f661844.nopvloads wall_ms=65.645 cpu_ms=3.242 cpu_pct=4.9 rss_peak_mb=1617.7 footprint_mb=189.5 gpu_alloc_mb=1521.7 load_before=3.66 load_after=3.66
ab res sha=1388fb736f661844 arm=1388fb736f661844.noqk tg_static_bytes=4480 max_threads=576 exec_width=32 bound_buffer_bytes=138235140 iters=50 cell label=1388fb736f661844:1388fb736f661844.noqk wall_ms=43.607 cpu_ms=3.003 cpu_pct=6.9 rss_peak_mb=1617.7 footprint_mb=189.5 gpu_alloc_mb=1521.7 load_before=3.66 load_after=3.66
ab res sha=1388fb736f661844 arm=1388fb736f661844.noqkloads tg_static_bytes=4480 max_threads=576 exec_width=32 bound_buffer_bytes=138235140 iters=50 cell label=1388fb736f661844:1388fb736f661844.noqkloads wall_ms=48.467 cpu_ms=3.053 cpu_pct=6.3 rss_peak_mb=1617.7 footprint_mb=189.5 gpu_alloc_mb=1521.7 load_before=3.66 load_after=3.66
ab res sha=1388fb736f661844 arm=1388fb736f661844.nosoftmax tg_static_bytes=4480 max_threads=384 exec_width=32 bound_buffer_bytes=138235140 iters=50 cell label=1388fb736f661844:1388fb736f661844.nosoftmax wall_ms=45.786 cpu_ms=3.065 cpu_pct=6.7 rss_peak_mb=1617.7 footprint_mb=189.5 gpu_alloc_mb=1521.7 load_before=3.66 load_after=3.66
ab res sha=1388fb736f661844 arm=1388fb736f661844.pvonly tg_static_bytes=4480 max_threads=576 exec_width=32 bound_buffer_bytes=138235140 iters=50 cell label=1388fb736f661844:1388fb736f661844.pvonly wall_ms=27.106 cpu_ms=2.822 cpu_pct=10.4 rss_peak_mb=1617.7 footprint_mb=189.5 gpu_alloc_mb=1521.7 load_before=3.66 load_after=3.66
ab res sha=1388fb736f661844 arm=1388fb736f661844.qkonly tg_static_bytes=4480 max_threads=384 exec_width=32 bound_buffer_bytes=138235140 iters=50 cell label=1388fb736f661844:1388fb736f661844.qkonly wall_ms=33.129 cpu_ms=3.113 cpu_pct=9.4 rss_peak_mb=1617.7 footprint_mb=190.5 gpu_alloc_mb=1521.7 load_before=3.66 load_after=3.66
ab res sha=1388fb736f661844 arm=1388fb736f661844.skeleton tg_static_bytes=4480 max_threads=576 exec_width=32 bound_buffer_bytes=138235140 iters=50 cell label=1388fb736f661844:1388fb736f661844.skeleton wall_ms=17.254 cpu_ms=2.886 cpu_pct=16.7 rss_peak_mb=1617.7 footprint_mb=190.5 gpu_alloc_mb=1521.7 load_before=3.66 load_after=3.66
ab res sha=1388fb736f661844 arm=1388fb736f661844.smonly tg_static_bytes=4480 max_threads=576 exec_width=32 bound_buffer_bytes=138235140 iters=50 cell label=1388fb736f661844:1388fb736f661844.smonly wall_ms=32.743 cpu_ms=2.968 cpu_pct=9.1 rss_peak_mb=1617.7 footprint_mb=190.5 gpu_alloc_mb=1521.7 load_before=3.66 load_after=3.66
ab bits sha=1388fb736f661844 threads=64000 extents=[1000, 8, 2, 64] arm=base elements=1024000 differing=0 max_ulp=0 max_abs=0e0 max_abs_over_largest=0e0
ab bits sha=1388fb736f661844 threads=64000 extents=[1000, 8, 2, 64] arm=1388fb736f661844.ctrl elements=1024000 differing=0 max_ulp=0 max_abs=0e0 max_abs_over_largest=0e0
ab bits sha=1388fb736f661844 threads=64000 extents=[1000, 8, 2, 64] arm=1388fb736f661844.f16kv elements=1024000 differing=1023906 max_ulp=1998121882 max_abs=3.7965298e-2 max_abs_over_largest=3.4013675e-3
ab bits sha=1388fb736f661844 threads=64000 extents=[1000, 8, 2, 64] arm=1388fb736f661844.nocausal elements=1024000 differing=0 max_ulp=0 max_abs=0e0 max_abs_over_largest=0e0
ab bits sha=1388fb736f661844 threads=64000 extents=[1000, 8, 2, 64] arm=1388fb736f661844.nopv elements=1024000 differing=1024000 max_ulp=1093834401 max_abs=1.1161775e1 max_abs_over_largest=1e0
ab bits sha=1388fb736f661844 threads=64000 extents=[1000, 8, 2, 64] arm=1388fb736f661844.nopvloads elements=1024000 differing=1024000 max_ulp=2148997014 max_abs=1.0661775e1 max_abs_over_largest=9.5520425e-1
ab bits sha=1388fb736f661844 threads=64000 extents=[1000, 8, 2, 64] arm=1388fb736f661844.noqk elements=1024000 differing=1022976 max_ulp=2162838343 max_abs=1.1378794e1 max_abs_over_largest=1.019443e0
ab bits sha=1388fb736f661844 threads=64000 extents=[1000, 8, 2, 64] arm=1388fb736f661844.noqkloads elements=1024000 differing=1022976 max_ulp=2162838343 max_abs=1.1378794e1 max_abs_over_largest=1.019443e0
ab bits sha=1388fb736f661844 threads=64000 extents=[1000, 8, 2, 64] arm=1388fb736f661844.nosoftmax elements=1024000 differing=1024000 max_ulp=1093834401 max_abs=1.1161775e1 max_abs_over_largest=1e0
ab bits sha=1388fb736f661844 threads=64000 extents=[1000, 8, 2, 64] arm=1388fb736f661844.pvonly elements=1024000 differing=1024000 max_ulp=1093834401 max_abs=1.1161775e1 max_abs_over_largest=1e0
ab bits sha=1388fb736f661844 threads=64000 extents=[1000, 8, 2, 64] arm=1388fb736f661844.qkonly elements=1024000 differing=1024000 max_ulp=1093834401 max_abs=1.1161775e1 max_abs_over_largest=1e0
ab bits sha=1388fb736f661844 threads=64000 extents=[1000, 8, 2, 64] arm=1388fb736f661844.skeleton elements=1024000 differing=1024000 max_ulp=1093834401 max_abs=1.1161775e1 max_abs_over_largest=1e0
ab bits sha=1388fb736f661844 threads=64000 extents=[1000, 8, 2, 64] arm=1388fb736f661844.smonly elements=1024000 differing=1024000 max_ulp=1093834401 max_abs=1.1161775e1 max_abs_over_largest=1e0
ab group sha=1388fb736f661844 threads=64000 extents=[1000, 8, 2, 64] tg=Some(64) count=24 pass=0 arm=base marginal_us=1130.892 single_us=1155.792
ab group sha=1388fb736f661844 threads=64000 extents=[1000, 8, 2, 64] tg=Some(64) count=24 pass=0 arm=1388fb736f661844.ctrl marginal_us=1130.336 single_us=1143.542
ab group sha=1388fb736f661844 threads=64000 extents=[1000, 8, 2, 64] tg=Some(64) count=24 pass=0 arm=1388fb736f661844.f16kv marginal_us=1084.047 single_us=1098.792
ab group sha=1388fb736f661844 threads=64000 extents=[1000, 8, 2, 64] tg=Some(64) count=24 pass=0 arm=1388fb736f661844.nocausal marginal_us=1919.442 single_us=1938.000
ab group sha=1388fb736f661844 threads=64000 extents=[1000, 8, 2, 64] tg=Some(64) count=24 pass=0 arm=1388fb736f661844.nopv marginal_us=868.942 single_us=894.125
ab group sha=1388fb736f661844 threads=64000 extents=[1000, 8, 2, 64] tg=Some(64) count=24 pass=0 arm=1388fb736f661844.nopvloads marginal_us=1070.214 single_us=1080.667
ab group sha=1388fb736f661844 threads=64000 extents=[1000, 8, 2, 64] tg=Some(64) count=24 pass=0 arm=1388fb736f661844.noqk marginal_us=636.328 single_us=643.583
ab group sha=1388fb736f661844 threads=64000 extents=[1000, 8, 2, 64] tg=Some(64) count=24 pass=0 arm=1388fb736f661844.noqkloads marginal_us=730.694 single_us=736.458
ab group sha=1388fb736f661844 threads=64000 extents=[1000, 8, 2, 64] tg=Some(64) count=24 pass=0 arm=1388fb736f661844.nosoftmax marginal_us=682.078 single_us=710.250
ab group sha=1388fb736f661844 threads=64000 extents=[1000, 8, 2, 64] tg=Some(64) count=24 pass=0 arm=1388fb736f661844.pvonly marginal_us=314.164 single_us=318.750
ab group sha=1388fb736f661844 threads=64000 extents=[1000, 8, 2, 64] tg=Some(64) count=24 pass=0 arm=1388fb736f661844.qkonly marginal_us=435.936 single_us=453.875
ab group sha=1388fb736f661844 threads=64000 extents=[1000, 8, 2, 64] tg=Some(64) count=24 pass=0 arm=1388fb736f661844.skeleton marginal_us=104.583 single_us=109.750
ab group sha=1388fb736f661844 threads=64000 extents=[1000, 8, 2, 64] tg=Some(64) count=24 pass=0 arm=1388fb736f661844.smonly marginal_us=417.806 single_us=422.875
ab cell label=process wall_ms=7068.361 cpu_ms=916.284 cpu_pct=13.0 rss_peak_mb=1617.7 footprint_mb=185.5 gpu_alloc_mb=1517.5 load_before=3.66 load_after=3.45
