m0 decode: generated_tokens=24 text="# Walkthrough of the `proxima` Project\n\nThe provided documentation describes **proxima**, a high-level,"
m0 capture: step=23 dispatches_with_threads=653
m0 groups: 81 kernels-by-identity-and-geometry over 653 dispatches
m0 replay: group 0/81
m0 replay: group 50/81
m0 sequence replay: one command buffer, dispatches=653 of 653 captured, gpu_ms=[10.586499935016036, 10.678375023417175, 10.694249998778105]
m0 chunk sequence replay: chunks=8, gpu_ms=[[0.28158340137451887, 0.3745834110304713, 0.5185416666790843, 0.809249933809042, 0.9555000578984618, 1.2915832921862602, 2.2300833370536566, 4.083000007085502], [0.26712496764957905, 0.3695000195875764, 0.4957916680723429, 0.7366250501945615, 0.9159583132714033, 1.3165000127628446, 2.2761250147596, 3.99312493391335], [0.27900002896785736, 0.3600416239351034, 0.5191250238567591, 0.763750053010881, 0.9541250765323639, 1.3402083422988653, 2.193375024944544, 3.9132917299866676]]
m0 family sequence replay excludes 0 unreplayable dispatches of 653
m0 family sequence replay: family=attention dispatches=70 runs=7 gpu_ms_mean=1.0766 gpu_ms_min=1.0129 cov_pct=3.35
m0 family sequence replay: family=head dispatches=1 runs=7 gpu_ms_mean=1.0929 gpu_ms_min=1.0882 cov_pct=0.37
m0 family sequence replay: family=norms dispatches=242 runs=7 gpu_ms_mean=2.3847 gpu_ms_min=2.2765 cov_pct=2.72
m0 family sequence replay: family=other_matvec dispatches=2 runs=7 gpu_ms_mean=0.1321 gpu_ms_min=0.1295 cov_pct=1.21
m0 family sequence replay: family=q4_0_matvec dispatches=275 runs=7 gpu_ms_mean=5.1492 gpu_ms_min=5.0126 cov_pct=1.20
m0 family sequence replay: family=rope_copy_elementwise dispatches=63 runs=7 gpu_ms_mean=0.2784 gpu_ms_min=0.2411 cov_pct=5.96

class                                     disp/step us/disp cold  total us cold   % step | us/disp -flr   total -flr | us/disp marg   total marg
matvec Q4_0                                     275        19.28         5301.1    22.5% |        11.28       3101.1 |        14.92       4102.7
RMSNorm sumsq + fused epilogue                  242        12.04         2912.9    12.4% |         4.04        976.9 |         5.91       1430.9
head                                              1      1146.67         1146.7     4.9% |      1138.67       1138.7 |      1085.20       1085.2
cached attention partial                         35        27.17          951.1     4.0% |        19.18        671.1 |        24.57        860.1
matvec Float16                                    1       382.25          382.3     1.6% |       374.25        374.3 |       141.66        141.7
cached attention merge                           35         8.44          295.5     1.3% |         0.44         15.5 |         5.98        209.4
UNCLASSIFIED omega_elementwise_twin_r3_n4_fused_multiply_o0_o1__multiply_o2_o3__subtract_s0_s1_fused_multiply_o0_o3__multiply_o2_o1__add_s0_s1         35         6.29          220.1     0.9% |         0.00          0.0 |         4.47        156.6
UNCLASSIFIED omega_elementwise_twin_r3_n4_fused_multiply_o0_o1__multiply_o2_o3__add_s0_s1_fused_multiply_o0_o3__multiply_o2_o1__subtract_s0_s1         15         5.15           77.3     0.3% |         0.00          0.0 |         2.85         42.8
elementwise fused_identity_o0__multiply_s0_o1_g10          2        35.32           70.6     0.3% |        27.32         54.6 |        32.60         65.2
UNCLASSIFIED omega_reduce_r3_o2_n5_fused_equal_o0_o1__add_o2_o3__select_s0_s1_o4_minimum_positive_infinity          1        15.19           15.2     0.1% |         7.19          7.2 |        10.74         10.7
identity copy                                     2         7.56           15.1     0.1% |         0.63          1.3 |         4.90          9.8
softmax max                                       2         7.46           14.9     0.1% |         0.46          0.9 |         4.54          9.1
matvec f32                                        1        12.50           12.5     0.1% |         4.50          4.5 |         9.76          9.8
iota                                              2         4.42            8.8     0.0% |         0.00          0.0 |         2.18          4.4
softmax sum                                       1         6.54            6.5     0.0% |         0.00          0.0 |         3.02          3.0
elementwise identity_g1                           1         6.25            6.3     0.0% |         0.00          0.0 |         4.07          4.1
UNCLASSIFIED omega_reduce_r2_o1_n1_identity_minimum_positive_infinity          1         6.12            6.1     0.0% |         0.00          0.0 |         3.00          3.0
elementwise multiply                              1         5.75            5.7     0.0% |         0.00          0.0 |         2.81          2.8

m0 floor: empty command buffer GPU span median=8.00 us min=7.79 us max=10.62 us n=200
m0 step (captured step 23, last evaluation that ran): rows_evaluated=Some(1) tokens_committed=Some(1) gpu_busy_ms=Some(23.569458280690014) gpu_exec_ms=Some(4.506583) physical_dispatch_calls=Some(653)
m0 step (median over logged evaluations at step >= 2, mixed widths): gpu_busy_ms=10.379 gpu_exec_ms=9.330
m0 reconcile: sum(median x count) [cold]=11448.6 us; ratio to gpu_busy_ms=0.486; ratio to gpu_exec_ms=2.540
m0 reconcile: sum(median x count) [cold-minus-floor]=6346.0 us; ratio to gpu_busy_ms=0.269; ratio to gpu_exec_ms=1.408
m0 reconcile: sum(median x count) [warm]=11235.6 us; ratio to gpu_busy_ms=0.477; ratio to gpu_exec_ms=2.493
m0 reconcile: sum(median x count) [marginal]=8151.1 us; ratio to gpu_busy_ms=0.346; ratio to gpu_exec_ms=1.809
m0 invariant 1: sum(group members)=653 captured_dispatches=653 physical_dispatch_calls_logged=Some(653) capture_step_is_last_logged_step=true
m0 replay failures: 0
m0 unreplayable by capture: groups=0 dispatches=0
