ab capture excludes 0 unreplayable dispatches of 653
ab capture: step=5 dispatches=653 groups=47
ab omit entry=omega_reduce_r2_o1_n1_identity_add_zero sha=055f1105af08851c threads=128 tg=Some(128) extents=[1, 512] count=1 base_ms=10.6131 cost_ms=-0.0048 per_dispatch_us=-4.83
ab omit entry=omega_reduce_r2_o1_n1_identity_minimum_positive_infinity sha=2b18e2e46efc835c threads=128 tg=Some(128) extents=[1, 512] count=1 base_ms=10.6421 cost_ms=0.0230 per_dispatch_us=23.00
ab omit entry=omega_iota_r1 sha=2ed772243b1bc49f threads=512 tg=None extents=[512] count=2 base_ms=10.6599 cost_ms=-0.0086 per_dispatch_us=-4.29
ab omit entry=omega_reduce_r3_o2_n2_multiply_add_zero_epi2_fused_identity_o2__divide_s0_o1__tanh_s1__multiply_s2_o0 sha=370ee53e434199a4 threads=8388608 tg=Some(64) extents=[1, 1536, 262144] count=1 base_ms=10.6547 cost_ms=1.0607 per_dispatch_us=1060.67
ab omit entry=omega_reduce_r2_o1_n2_multiply_add_zero_epi6_fused_identity_o6__multiply_s0_o4__add_s1_o3__square_root_s2__reciprocal_s3__multiply_s4_o2__multiply_s5_o1__add_s6_o0__multiply_s7_o5 sha=429526dfd26a5a29 threads=256 tg=Some(256) extents=[1, 1536] count=35 base_ms=10.7065 cost_ms=0.3655 per_dispatch_us=10.44
ab omit entry=omega_reduce_r3_o2_n2_multiply_add_zero sha=429f2a6ee86c425f threads=12288 tg=Some(64) extents=[1, 6144, 1536] count=15 base_ms=10.7027 cost_ms=0.3247 per_dispatch_us=21.65
ab omit entry=omega_reduce_r3_o2_n2_multiply_add_zero sha=429f2a6ee86c425f threads=12288 tg=Some(64) extents=[1, 12288, 1536] count=20 base_ms=10.6855 cost_ms=0.9430 per_dispatch_us=47.15
ab omit entry=omega_reduce_r3_o2_n2_multiply_add_zero_epi4_fused_identity_o4__multiply_s0_o3__add_s1_o2__square_root_s2__reciprocal_s3__multiply_s4_o1__multiply_s5_o0 sha=49f4a86451846a3b threads=64 tg=Some(64) extents=[1, 1, 256] count=12 base_ms=10.6790 cost_ms=0.1089 per_dispatch_us=9.07
ab skip group=49f4a86451846a3b:[1, 8, 256] count=28
ab omit entry=omega_reduce_r3_o2_n2_multiply_add_zero_epi9_fused_identity_o9__multiply_o5_o6__multiply_s1_o4__multiply_s2_o3__add_s3_o2__multiply_s4_o1__tanh_s5__add_s6_o0__multiply_o7_o8__multiply_s7_s8__multiply_s0_s9 sha=4b076066fad5faec threads=49152 tg=Some(64) extents=[1, 1536, 6144] count=15 base_ms=10.6659 cost_ms=0.3595 per_dispatch_us=23.97
ab omit entry=omega_reduce_r3_o2_n2_multiply_add_zero_epi9_fused_identity_o9__multiply_o5_o6__multiply_s1_o4__multiply_s2_o3__add_s3_o2__multiply_s4_o1__tanh_s5__add_s6_o0__multiply_o7_o8__multiply_s7_s8__multiply_s0_s9 sha=4b076066fad5faec threads=98304 tg=Some(64) extents=[1, 1536, 12288] count=20 base_ms=10.6654 cost_ms=0.8843 per_dispatch_us=44.21
ab omit entry=omega_reduce_r3_o2_n2_multiply_add_zero_epi3_fused_identity_o3__multiply_s0_o2__add_s1_o1__square_root_s2__reciprocal_s3__multiply_s4_o0 sha=50cdae04b73dbbeb threads=64 tg=Some(64) extents=[1, 1, 256] count=12 base_ms=10.6661 cost_ms=0.0993 per_dispatch_us=8.27
ab omit entry=omega_reduce_r3_o2_n1_identity_maximum_negative_infinity sha=565c16a08dcdd100 threads=65536 tg=Some(128) extents=[1, 512, 512] count=1 base_ms=10.6738 cost_ms=0.0053 per_dispatch_us=5.33
ab omit entry=omega_reduce_r3_o2_n2_multiply_add_zero_epi1_fused_identity_o1__multiply_s0_o0 sha=588991dfd09491af threads=2293760 tg=Some(256) extents=[1, 1536, 8960] count=1 base_ms=10.6743 cost_ms=0.1139 per_dispatch_us=113.92
ab omit entry=omega_cached_attention_q1_h1_g8_d512_s3f800000_ln9223372036854775808_up0_x4_e1_k1_ds_merge sha=5c2e7fcd2579eb81 threads=8192 tg=Some(1024) extents=[1, 1, 8, 512] count=7 base_ms=10.6477 cost_ms=0.0699 per_dispatch_us=9.98
ab omit entry=omega_elementwise_twin_r3_n4_fused_multiply_o0_o1__multiply_o2_o3__subtract_s0_s1_fused_multiply_o0_o3__multiply_o2_o1__add_s0_s1 sha=5c56afee9095bd2b threads=1024 tg=None extents=[1, 8, 128] count=28 base_ms=10.6781 cost_ms=0.1342 per_dispatch_us=4.79
ab omit entry=omega_elementwise_twin_r3_n4_fused_multiply_o0_o1__multiply_o2_o3__subtract_s0_s1_fused_multiply_o0_o3__multiply_o2_o1__add_s0_s1 sha=5c56afee9095bd2b threads=2048 tg=None extents=[1, 8, 256] count=7 base_ms=10.6953 cost_ms=0.0477 per_dispatch_us=6.81
ab omit entry=omega_elementwise_r2_n1_identity_g1 sha=6ea595c3ebd844f9 threads=1536 tg=None extents=[1, 1536] count=1 base_ms=10.6793 cost_ms=0.0124 per_dispatch_us=12.42
ab omit entry=omega_reduce_r3_o2_n2_multiply_add_zero sha=727787c559cc82fe threads=12288 tg=Some(64) extents=[1, 256, 1536] count=35 base_ms=10.6832 cost_ms=0.1888 per_dispatch_us=5.39
ab omit entry=omega_reduce_r3_o2_n2_multiply_add_zero sha=727787c559cc82fe threads=49152 tg=Some(64) extents=[1, 1536, 6144] count=15 base_ms=10.6787 cost_ms=0.3421 per_dispatch_us=22.81
ab omit entry=omega_reduce_r3_o2_n2_multiply_add_zero sha=727787c559cc82fe threads=98304 tg=Some(64) extents=[1, 1536, 12288] count=20 base_ms=10.6811 cost_ms=0.8417 per_dispatch_us=42.09
ab omit entry=omega_reduce_r3_o2_n5_fused_equal_o0_o1__add_o2_o3__select_s0_s1_o4_minimum_positive_infinity sha=8f117d35fa82c59a threads=65536 tg=Some(128) extents=[1, 512, 512] count=1 base_ms=10.6683 cost_ms=0.0113 per_dispatch_us=11.25
ab omit entry=omega_elementwise_twin_r3_n4_fused_multiply_o0_o1__multiply_o2_o3__add_s0_s1_fused_multiply_o0_o3__multiply_o2_o1__subtract_s0_s1 sha=96b2c794feafb890 threads=128 tg=None extents=[1, 1, 128] count=12 base_ms=10.6797 cost_ms=0.0192 per_dispatch_us=1.60
ab omit entry=omega_elementwise_twin_r3_n4_fused_multiply_o0_o1__multiply_o2_o3__add_s0_s1_fused_multiply_o0_o3__multiply_o2_o1__subtract_s0_s1 sha=96b2c794feafb890 threads=256 tg=None extents=[1, 1, 256] count=3 base_ms=10.6907 cost_ms=0.0130 per_dispatch_us=4.32
ab omit entry=omega_reduce_r2_o1_n1_identity_maximum_negative_infinity sha=a358f4cb9502df9f threads=128 tg=Some(128) extents=[1, 512] count=1 base_ms=10.6815 cost_ms=0.0013 per_dispatch_us=1.29
ab omit entry=omega_cached_attention_q1_h1_g8_d512_s3f800000_ln9223372036854775808_up0_x4_e1_k1_ds sha=a99a3e2ee736c218 threads=32768 tg=Some(128) extents=[1, 1, 8, 512] count=7 base_ms=10.6953 cost_ms=0.3886 per_dispatch_us=55.52
ab omit entry=omega_cached_attention_q1_h1_g8_d256_s3f800000_ln511_up0_x4_e1_k1_ds sha=b2651dd95588be69 threads=17408 tg=Some(128) extents=[1, 1, 8, 256] count=28 base_ms=10.6589 cost_ms=0.7269 per_dispatch_us=25.96
ab omit entry=omega_reduce_r2_o1_n2_multiply_add_zero_epi4_fused_identity_o4__multiply_s0_o3__add_s1_o2__square_root_s2__reciprocal_s3__multiply_s4_o1__multiply_s5_o0 sha=b58c6089c188c541 threads=256 tg=Some(256) extents=[1, 1536] count=71 base_ms=10.6640 cost_ms=0.7282 per_dispatch_us=10.26
ab omit entry=omega_reduce_r3_o2_n2_multiply_add_zero_epi6_fused_identity_o6__identity_o0__multiply_s0_o4__add_s2_o3__square_root_s3__reciprocal_s4__multiply_s5_o2__multiply_s6_o1__add_s1_s7__multiply_s8_o5 sha=b59f2d65d870d3e5 threads=2240 tg=Some(64) extents=[1, 35, 256] count=1 base_ms=10.6860 cost_ms=0.0108 per_dispatch_us=10.83
ab omit entry=omega_reduce_r5_o2_n2_multiply_add_zero sha=b689575fdef6f645 threads=12288 tg=Some(64) extents=[1, 1, 8, 256, 1536] count=28 base_ms=10.6680 cost_ms=0.3885 per_dispatch_us=13.88
ab omit entry=omega_reduce_r5_o2_n2_multiply_add_zero sha=b689575fdef6f645 threads=12288 tg=Some(64) extents=[1, 1, 8, 512, 1536] count=7 base_ms=10.6927 cost_ms=0.1488 per_dispatch_us=21.26
ab omit entry=omega_reduce_r3_o2_n4_fused_greater_o0_o1__greater_o2_o3__multiply_s0_s1_add_zero sha=b732955972908e7f threads=65536 tg=Some(128) extents=[1, 512, 512] count=1 base_ms=10.6794 cost_ms=0.0175 per_dispatch_us=17.46
ab omit entry=omega_elementwise_r1_n2_multiply sha=c5fcdbd8191c4761 threads=512 tg=None extents=[512] count=1 base_ms=10.6765 cost_ms=-0.0036 per_dispatch_us=-3.63
ab omit entry=omega_reduce_r4_o3_n2_multiply_add_zero sha=c7957a45622c520b threads=16384 tg=Some(64) extents=[1, 8, 256, 1536] count=28 base_ms=10.6929 cost_ms=0.4038 per_dispatch_us=14.42
ab omit entry=omega_reduce_r4_o3_n2_multiply_add_zero sha=c7957a45622c520b threads=32768 tg=Some(64) extents=[1, 8, 512, 1536] count=7 base_ms=10.6830 cost_ms=0.1731 per_dispatch_us=24.73
ab omit entry=omega_reduce_r3_o2_n2_multiply_add_zero_epi4_fused_identity_o4__multiply_s0_o3__add_s1_o2__square_root_s2__reciprocal_s3__multiply_s4_o1__multiply_s5_o0 sha=cdf3715b4db55454 threads=128 tg=Some(128) extents=[1, 1, 512] count=3 base_ms=10.7077 cost_ms=0.0196 per_dispatch_us=6.54
ab skip group=cdf3715b4db55454:[1, 8, 512] count=7
ab omit entry=omega_reduce_r2_o1_n2_multiply_add_zero_epi5_fused_identity_o5__multiply_s0_o4__add_s1_o3__square_root_s2__reciprocal_s3__multiply_s4_o2__multiply_s5_o1__add_s6_o0 sha=ce6ea068c4506285 threads=256 tg=Some(256) extents=[1, 1536] count=70 base_ms=10.7068 cost_ms=0.8640 per_dispatch_us=12.34
ab omit entry=omega_elementwise_r2_n2_fused_identity_o0__multiply_s0_o1_g10 sha=d28d35ec25ba7982 threads=1536 tg=None extents=[1, 1536] count=1 base_ms=10.6900 cost_ms=0.0277 per_dispatch_us=27.75
ab omit entry=omega_elementwise_r2_n2_fused_identity_o0__multiply_s0_o1_g10 sha=d28d35ec25ba7982 threads=8960 tg=None extents=[1, 8960] count=1 base_ms=10.6798 cost_ms=0.0190 per_dispatch_us=18.96
ab omit entry=omega_reduce_r3_o2_n2_multiply_add_zero_epi3_fused_identity_o3__multiply_s0_o2__add_s1_o1__square_root_s2__reciprocal_s3__multiply_s4_o0 sha=ed344afcaccb73ad threads=128 tg=Some(128) extents=[1, 1, 512] count=3 base_ms=10.6856 cost_ms=0.0152 per_dispatch_us=5.08
ab omit entry=omega_elementwise_r3_n1_identity sha=efb05eff38c1debf threads=8960 tg=None extents=[1, 35, 256] count=1 base_ms=10.6911 cost_ms=0.0188 per_dispatch_us=18.79
ab omit entry=omega_elementwise_r3_n1_identity sha=efb05eff38c1debf threads=262144 tg=None extents=[1, 512, 512] count=1 base_ms=10.6779 cost_ms=-0.0184 per_dispatch_us=-18.37
ab omit entry=omega_cached_attention_q1_h1_g8_d256_s3f800000_ln511_up0_x4_e1_k1_ds_merge sha=fb384d9b8ac38ba6 threads=8192 tg=Some(1024) extents=[1, 1, 8, 256] count=28 base_ms=10.6813 cost_ms=0.2349 per_dispatch_us=8.39
ab omit entry=omega_reduce_r4_o3_n2_multiply_add_zero sha=ff928a26f46afcd4 threads=2048 tg=Some(64) extents=[1, 1, 256, 1536] count=24 base_ms=10.6818 cost_ms=0.1959 per_dispatch_us=8.16
ab omit entry=omega_reduce_r4_o3_n2_multiply_add_zero sha=ff928a26f46afcd4 threads=4096 tg=Some(64) extents=[1, 1, 512, 1536] count=6 base_ms=10.6801 cost_ms=0.0356 per_dispatch_us=5.93
ab omit entry=omega_reduce_r3_o2_n2_multiply_add_zero_epi5_fused_identity_o5__identity_o0__multiply_s0_s0__multiply_s0_s2__multiply_s3_o3__add_s0_s4__multiply_s5_o2__tanh_s6__add_s7_o1__multiply_s0_o4__multiply_s8_s9__multiply_s1_s10 sha=fff017484a18bae9 threads=2048 tg=Some(64) extents=[1, 1536, 256] count=35 base_ms=10.6901 cost_ms=0.3398 per_dispatch_us=9.71
