ab capture excludes 0 unreplayable dispatches of 653
ab capture: step=5 dispatches=653 groups=47
ab describe sha=055f1105af08851c extents=[1, 512] count=1 entry=omega_reduce_r2_o1_n1_identity_add_zero
ab describe   binding=0 buffer=0x114050000 offset=1048832 length=1056256 head=[512.0, 512.0, 512.0, 512.0]
ab describe   binding=1 buffer=0x114167300 offset=0 length=4 head=[262144.0]
ab describe sha=2b18e2e46efc835c extents=[1, 512] count=1 entry=omega_reduce_r2_o1_n1_identity_minimum_positive_infinity
ab describe   binding=0 buffer=0x114050000 offset=1048832 length=1056256 head=[512.0, 512.0, 512.0, 512.0]
ab describe   binding=1 buffer=0x114167000 offset=0 length=4 head=[2165.0]
ab describe sha=2ed772243b1bc49f extents=[512] count=2 entry=omega_iota_r1
ab describe   binding=0 buffer=0x114050000 offset=1048832 length=1056256 head=[512.0, 512.0, 512.0, 512.0]
ab describe sha=429526dfd26a5a29 extents=[1, 1536] count=35 entry=omega_reduce_r2_o1_n2_multiply_add_zero_epi6_fused_identity_o6__multiply_s0_o4__add_s1_o3__square_root_s2__reciprocal_s3__multiply_s4_o2__multiply_s5_o1__add_s6_o0__multiply_s7_o5
ab describe   binding=0 buffer=0x114050000 offset=0 length=1056256 head=[-0.14294133, 4.5973697, 2.3354917, -1.297188]
ab describe   binding=1 buffer=0x114050000 offset=0 length=1056256 head=[-0.14294133, 4.5973697, 2.3354917, -1.297188]
ab describe   binding=2 buffer=0x114050000 offset=6400 length=1056256 head=[-1.8094383, 7.3493123, 8.321551, 3.5801377]
ab describe   binding=3 buffer=0x300000000 offset=2320560960 length=3349528576 head=[]
ab describe   binding=4 buffer=0x114050000 offset=0 length=1056256 head=[-0.14294133, 4.5973697, 2.3354917, -1.297188]
ab describe   binding=5 buffer=0x102e0ca00 offset=0 length=4 head=[1e-6]
ab describe   binding=6 buffer=0x102e0db00 offset=0 length=4 head=[0.0006510417]
ab describe   binding=7 buffer=0x300000000 offset=2320548640 length=3349528576 head=[]
ab describe   binding=8 buffer=0x114050000 offset=16896 length=1056256 head=[9.579864, -6.0552855, 12.029134, 10.44712]
ab describe sha=49f4a86451846a3b extents=[1, 1, 256] count=12 entry=omega_reduce_r3_o2_n2_multiply_add_zero_epi4_fused_identity_o4__multiply_s0_o3__add_s1_o2__square_root_s2__reciprocal_s3__multiply_s4_o1__multiply_s5_o0
ab describe   binding=0 buffer=0x114050000 offset=14848 length=1056256 head=[-4.2686825, -6.952273, 9.374036, 6.3198905]
ab describe   binding=1 buffer=0x114050000 offset=14848 length=1056256 head=[-4.2686825, -6.952273, 9.374036, 6.3198905]
ab describe   binding=2 buffer=0x300000000 offset=2300627744 length=3349528576 head=[]
ab describe   binding=3 buffer=0x114050000 offset=14848 length=1056256 head=[-4.2686825, -6.952273, 9.374036, 6.3198905]
ab describe   binding=4 buffer=0x102e0ca00 offset=0 length=4 head=[1e-6]
ab describe   binding=5 buffer=0x102e0e100 offset=0 length=4 head=[0.00390625]
ab describe   binding=6 buffer=0x114050000 offset=16128 length=1056256 head=[6.10462, -2.121229, -8.160128, 5.4470534]
ab describe sha=49f4a86451846a3b extents=[1, 8, 256] count=28 entry=omega_reduce_r3_o2_n2_multiply_add_zero_epi4_fused_identity_o4__multiply_s0_o3__add_s1_o2__square_root_s2__reciprocal_s3__multiply_s4_o1__multiply_s5_o0
ab describe   binding=0 buffer=0x114050000 offset=0 length=1056256 head=[-0.14294133, 4.5973697, 2.3354917, -1.297188]
ab describe   binding=1 buffer=0x114050000 offset=0 length=1056256 head=[-0.14294133, 4.5973697, 2.3354917, -1.297188]
ab describe   binding=2 buffer=0x300000000 offset=2304173856 length=3349528576 head=[]
ab describe   binding=3 buffer=0x114050000 offset=0 length=1056256 head=[-0.14294133, 4.5973697, 2.3354917, -1.297188]
ab describe   binding=4 buffer=0x102e0ca00 offset=0 length=4 head=[1e-6]
ab describe   binding=5 buffer=0x102e0e100 offset=0 length=4 head=[0.00390625]
ab describe   binding=6 buffer=0x114050000 offset=8448 length=1056256 head=[11.295686, -2.557645, 6.6439557, 0.30690375]
ab describe sha=50cdae04b73dbbeb extents=[1, 1, 256] count=12 entry=omega_reduce_r3_o2_n2_multiply_add_zero_epi3_fused_identity_o3__multiply_s0_o2__add_s1_o1__square_root_s2__reciprocal_s3__multiply_s4_o0
ab describe   binding=0 buffer=0x114050000 offset=14848 length=1056256 head=[-4.2686825, -6.952273, 9.374036, 6.3198905]
ab describe   binding=1 buffer=0x114050000 offset=14848 length=1056256 head=[-4.2686825, -6.952273, 9.374036, 6.3198905]
ab describe   binding=2 buffer=0x114050000 offset=14848 length=1056256 head=[-4.2686825, -6.952273, 9.374036, 6.3198905]
ab describe   binding=3 buffer=0x102e0ca00 offset=0 length=4 head=[1e-6]
ab describe   binding=4 buffer=0x102e0e100 offset=0 length=4 head=[0.00390625]
ab describe   binding=5 buffer=0x103390000 offset=790528 length=1114112 head=[0.34308603, -0.049742326, 0.01820857, -0.24540667]
ab describe sha=565c16a08dcdd100 extents=[1, 512, 512] count=1 entry=omega_reduce_r3_o2_n1_identity_maximum_negative_infinity
ab describe   binding=0 buffer=0x114050000 offset=0 length=1056256 head=[-0.14294133, 4.5973697, 2.3354917, -1.297188]
ab describe   binding=1 buffer=0x114050000 offset=1048832 length=1056256 head=[512.0, 512.0, 512.0, 512.0]
ab describe sha=5c2e7fcd2579eb81 extents=[1, 1, 8, 512] count=7 entry=omega_cached_attention_q1_h1_g8_d512_s3f800000_ln9223372036854775808_up0_x4_e1_k1_ds_merge
ab describe   binding=0 buffer=0x114400000 offset=0 length=526336 head=[-0.0039073527, 0.49248582, 0.3776222, 0.44771558]
ab describe   binding=1 buffer=0x114050000 offset=0 length=1056256 head=[-0.14294133, 4.5973697, 2.3354917, -1.297188]
ab describe sha=5c56afee9095bd2b extents=[1, 8, 128] count=28 entry=omega_elementwise_twin_r3_n4_fused_multiply_o0_o1__multiply_o2_o3__subtract_s0_s1_fused_multiply_o0_o3__multiply_o2_o1__add_s0_s1
ab describe   binding=0 buffer=0x102e0cc00 offset=0 length=512 head=[0.44799277, -0.81819165, -0.71569526, 0.9559425]
ab describe   binding=1 buffer=0x114050000 offset=8448 length=1056256 head=[11.295686, -2.557645, 6.6439557, 0.30690375]
ab describe   binding=2 buffer=0x102e0ce00 offset=0 length=512 head=[0.8940372, 0.57494557, 0.6984127, 0.29355404]
ab describe   binding=3 buffer=0x114050000 offset=8448 length=1056256 head=[11.295686, -2.557645, 6.6439557, 0.30690375]
ab describe   binding=4 buffer=0x114050000 offset=16896 length=1056256 head=[9.579864, -6.0552855, 12.029134, 10.44712]
ab describe sha=5c56afee9095bd2b extents=[1, 8, 256] count=7 entry=omega_elementwise_twin_r3_n4_fused_multiply_o0_o1__multiply_o2_o3__subtract_s0_s1_fused_multiply_o0_o3__multiply_o2_o1__add_s0_s1
ab describe   binding=0 buffer=0x102e0d000 offset=0 length=1024 head=[0.44799277, 0.988968, -0.3063726, 0.9930665]
ab describe   binding=1 buffer=0x114050000 offset=16640 length=1056256 head=[-5.477979, -8.060011, 0.34101123, -4.818554]
ab describe   binding=2 buffer=0x102e0d400 offset=0 length=1024 head=[0.8940372, 0.14812921, 0.9519117, -0.11755383]
ab describe   binding=3 buffer=0x114050000 offset=16640 length=1056256 head=[-5.477979, -8.060011, 0.34101123, -4.818554]
ab describe   binding=4 buffer=0x114050000 offset=33280 length=1056256 head=[-8.610219, 4.336581, -5.01419, 4.2845936]
ab describe sha=6ea595c3ebd844f9 extents=[1, 1536] count=1 entry=omega_elementwise_r2_n1_identity_g1
ab describe   binding=0 buffer=0x114050000 offset=0 length=1056256 head=[-0.14294133, 4.5973697, 2.3354917, -1.297188]
ab describe   binding=1 buffer=0x102e0d900 offset=0 length=4 head=[0.0]
ab describe   binding=2 buffer=0x114050000 offset=6400 length=1056256 head=[-1.8094383, 7.3493123, 8.321551, 3.5801377]
ab describe sha=8f117d35fa82c59a extents=[1, 512, 512] count=1 entry=omega_reduce_r3_o2_n5_fused_equal_o0_o1__add_o2_o3__select_s0_s1_o4_minimum_positive_infinity
ab describe   binding=0 buffer=0x114050000 offset=0 length=1056256 head=[-0.14294133, 4.5973697, 2.3354917, -1.297188]
ab describe   binding=1 buffer=0x114050000 offset=1055744 length=1056256 head=[26.367271, 0.0, 0.0, 0.0]
ab describe   binding=2 buffer=0x114050000 offset=1051136 length=1056256 head=[0.0, 1.0, 2.0, 3.0]
ab describe   binding=3 buffer=0x114050000 offset=1053440 length=1056256 head=[0.0, 512.0, 1024.0, 1536.0]
ab describe   binding=4 buffer=0x114166f00 offset=0 length=4 head=[262144.0]
ab describe   binding=5 buffer=0x114050000 offset=1048832 length=1056256 head=[512.0, 512.0, 512.0, 512.0]
ab describe sha=96b2c794feafb890 extents=[1, 1, 128] count=12 entry=omega_elementwise_twin_r3_n4_fused_multiply_o0_o1__multiply_o2_o3__add_s0_s1_fused_multiply_o0_o3__multiply_o2_o1__subtract_s0_s1
ab describe   binding=0 buffer=0x102e0cc00 offset=0 length=512 head=[0.44799277, -0.81819165, -0.71569526, 0.9559425]
ab describe   binding=1 buffer=0x114050000 offset=16128 length=1056256 head=[6.10462, -2.121229, -8.160128, 5.4470534]
ab describe   binding=2 buffer=0x102e0ce00 offset=0 length=512 head=[0.8940372, 0.57494557, 0.6984127, 0.29355404]
ab describe   binding=3 buffer=0x114050000 offset=16128 length=1056256 head=[6.10462, -2.121229, -8.160128, 5.4470534]
ab describe   binding=4 buffer=0x103308000 offset=395264 length=557056 head=[0.40435383, -0.0359653, -0.08366429, 0.0007391619]
ab describe sha=96b2c794feafb890 extents=[1, 1, 256] count=3 entry=omega_elementwise_twin_r3_n4_fused_multiply_o0_o1__multiply_o2_o3__add_s0_s1_fused_multiply_o0_o3__multiply_o2_o1__subtract_s0_s1
ab describe   binding=0 buffer=0x102e0d000 offset=0 length=1024 head=[0.44799277, 0.988968, -0.3063726, 0.9930665]
ab describe   binding=1 buffer=0x114050000 offset=25344 length=1056256 head=[1.7516371, 5.304208, 8.900209, 5.0499477]
ab describe   binding=2 buffer=0x102e0d400 offset=0 length=1024 head=[0.8940372, 0.14812921, 0.9519117, -0.11755383]
ab describe   binding=3 buffer=0x114050000 offset=25344 length=1056256 head=[1.7516371, 5.304208, 8.900209, 5.0499477]
ab describe   binding=4 buffer=0x112350000 offset=998400 length=1114112 head=[-0.084631145, -0.066447854, 0.07267935, 0.083827674]
ab describe sha=a358f4cb9502df9f extents=[1, 512] count=1 entry=omega_reduce_r2_o1_n1_identity_maximum_negative_infinity
ab describe   binding=0 buffer=0x114050000 offset=1048832 length=1056256 head=[512.0, 512.0, 512.0, 512.0]
ab describe   binding=1 buffer=0x114050000 offset=1055744 length=1056256 head=[26.367271, 0.0, 0.0, 0.0]
ab describe sha=a99a3e2ee736c218 extents=[1, 1, 8, 512] count=7 entry=omega_cached_attention_q1_h1_g8_d512_s3f800000_ln9223372036854775808_up0_x4_e1_k1_ds
ab describe   binding=0 buffer=0x114050000 offset=33280 length=1056256 head=[-8.610219, 4.336581, -5.01419, 4.2845936]
ab describe   binding=1 buffer=0x114050000 offset=41728 length=1056256 head=[3.6926048, -5.2356925, 10.155305, 0.25163525]
ab describe   binding=2 buffer=0x112240000 offset=0 length=1114112 head=[-0.0042592273, -6.4317624e-5, 0.0007715341, 0.0049961666]
ab describe   binding=3 buffer=0x112350000 offset=0 length=1114112 head=[0.013711606, -0.004113079, -0.0031569079, 0.0026952124]
ab describe   binding=4 buffer=0x112240000 offset=998400 length=1114112 head=[-0.02644066, 0.00537507, -0.05415908, -0.05018618]
ab describe   binding=5 buffer=0x112350000 offset=998400 length=1114112 head=[-0.084631145, -0.066447854, 0.07267935, 0.083827674]
ab describe   binding=6 buffer=0x112460000 offset=0 length=2228224 head=[-0.15292765, 0.23411487, 0.6531542, -0.32652777]
ab describe   binding=7 buffer=0x112460000 offset=1996800 length=2228224 head=[-0.3812476, -0.7640762, 0.21530007, 0.14804062]
ab describe   binding=8 buffer=0x102e0cb00 offset=0 length=4 head=[975.0]
ab describe   binding=9 buffer=0x114400000 offset=0 length=526336 head=[-0.0039073527, 0.49248582, 0.3776222, 0.44771558]
ab describe sha=b2651dd95588be69 extents=[1, 1, 8, 256] count=28 entry=omega_cached_attention_q1_h1_g8_d256_s3f800000_ln511_up0_x4_e1_k1_ds
ab describe   binding=0 buffer=0x114050000 offset=16896 length=1056256 head=[9.579864, -6.0552855, 12.029134, 10.44712]
ab describe   binding=1 buffer=0x114050000 offset=21248 length=1056256 head=[7.7062945, 3.5840826, 2.5379732, 13.403725]
ab describe   binding=2 buffer=0x103280000 offset=133120 length=557056 head=[-0.36968142, -0.0066286405, 0.08327672, -0.08324135]
ab describe   binding=3 buffer=0x103308000 offset=133120 length=557056 head=[-0.24323766, -0.013865781, -0.057831608, 0.0150401555]
ab describe   binding=4 buffer=0x103280000 offset=395264 length=557056 head=[0.5165828, 0.05841218, -0.13976926, 0.07995122]
ab describe   binding=5 buffer=0x103308000 offset=395264 length=557056 head=[0.40435383, -0.0359653, -0.08366429, 0.0007391619]
ab describe   binding=6 buffer=0x103390000 offset=266240 length=1114112 head=[-0.1326411, 0.2231004, 0.05772988, -0.094290346]
ab describe   binding=7 buffer=0x103390000 offset=790528 length=1114112 head=[0.34308603, -0.049742326, 0.01820857, -0.24540667]
ab describe   binding=8 buffer=0x102e0d800 offset=0 length=4 head=[512.0]
ab describe   binding=9 buffer=0x1142f0000 offset=0 length=264192 head=[1.739623, 2.5720308, -0.55355966, 0.5828459]
ab describe sha=b58c6089c188c541 extents=[1, 1536] count=71 entry=omega_reduce_r2_o1_n2_multiply_add_zero_epi4_fused_identity_o4__multiply_s0_o3__add_s1_o2__square_root_s2__reciprocal_s3__multiply_s4_o1__multiply_s5_o0
ab describe   binding=0 buffer=0x114050000 offset=144384 length=1056256 head=[2.2307076, 0.887164, -1.5798929, 7.68671]
ab describe   binding=1 buffer=0x114050000 offset=144384 length=1056256 head=[2.2307076, 0.887164, -1.5798929, 7.68671]
ab describe   binding=2 buffer=0x300000000 offset=2300628768 length=3349528576 head=[]
ab describe   binding=3 buffer=0x114050000 offset=144384 length=1056256 head=[2.2307076, 0.887164, -1.5798929, 7.68671]
ab describe   binding=4 buffer=0x102e0ca00 offset=0 length=4 head=[1e-6]
ab describe   binding=5 buffer=0x102e0db00 offset=0 length=4 head=[0.0006510417]
ab describe   binding=6 buffer=0x114050000 offset=8448 length=1056256 head=[11.295686, -2.557645, 6.6439557, 0.30690375]
ab describe sha=b59f2d65d870d3e5 extents=[1, 35, 256] count=1 entry=omega_reduce_r3_o2_n2_multiply_add_zero_epi6_fused_identity_o6__identity_o0__multiply_s0_o4__add_s2_o3__square_root_s3__reciprocal_s4__multiply_s5_o2__multiply_s6_o1__add_s1_s7__multiply_s8_o5
ab describe   binding=0 buffer=0x114050000 offset=72192 length=1056256 head=[10.131642, 6.777711, -1.8514304, 3.1655893]
ab describe   binding=1 buffer=0x114050000 offset=72192 length=1056256 head=[10.131642, 6.777711, -1.8514304, 3.1655893]
ab describe   binding=2 buffer=0x114050000 offset=36096 length=1056256 head=[-0.85766923, 4.5134516, -3.0170422, 2.619348]
ab describe   binding=3 buffer=0x300000000 offset=43344672 length=3349528576 head=[]
ab describe   binding=4 buffer=0x114050000 offset=72192 length=1056256 head=[10.131642, 6.777711, -1.8514304, 3.1655893]
ab describe   binding=5 buffer=0x102e0ca00 offset=0 length=4 head=[1e-6]
ab describe   binding=6 buffer=0x102e0df00 offset=0 length=4 head=[0.00390625]
ab describe   binding=7 buffer=0x102e0e000 offset=0 length=4 head=[0.70710677]
ab describe   binding=8 buffer=0x114050000 offset=108288 length=1056256 head=[1.4727664, -0.7769366, 2.7470055, 5.3807435]
ab describe sha=b732955972908e7f extents=[1, 512, 512] count=1 entry=omega_reduce_r3_o2_n4_fused_greater_o0_o1__greater_o2_o3__multiply_s0_s1_add_zero
ab describe   binding=0 buffer=0x114050000 offset=0 length=1056256 head=[-0.14294133, 4.5973697, 2.3354917, -1.297188]
ab describe   binding=1 buffer=0x114167100 offset=0 length=4 head=[-3.4028235e38]
ab describe   binding=2 buffer=0x114167200 offset=0 length=4 head=[3.4028235e38]
ab describe   binding=3 buffer=0x114050000 offset=0 length=1056256 head=[-0.14294133, 4.5973697, 2.3354917, -1.297188]
ab describe   binding=4 buffer=0x114050000 offset=1048832 length=1056256 head=[512.0, 512.0, 512.0, 512.0]
ab describe sha=c5fcdbd8191c4761 extents=[512] count=1 entry=omega_elementwise_r1_n2_multiply
ab describe   binding=0 buffer=0x114050000 offset=1048832 length=1056256 head=[512.0, 512.0, 512.0, 512.0]
ab describe   binding=1 buffer=0x114166e00 offset=0 length=4 head=[512.0]
ab describe   binding=2 buffer=0x114050000 offset=1053440 length=1056256 head=[0.0, 512.0, 1024.0, 1536.0]
ab describe sha=cdf3715b4db55454 extents=[1, 1, 512] count=3 entry=omega_reduce_r3_o2_n2_multiply_add_zero_epi4_fused_identity_o4__multiply_s0_o3__add_s1_o2__square_root_s2__reciprocal_s3__multiply_s4_o1__multiply_s5_o0
ab describe   binding=0 buffer=0x114050000 offset=23040 length=1056256 head=[9.520546, 0.9790471, 9.029348, 0.10549805]
ab describe   binding=1 buffer=0x114050000 offset=23040 length=1056256 head=[9.520546, 0.9790471, 9.029348, 0.10549805]
ab describe   binding=2 buffer=0x300000000 offset=2382375840 length=3349528576 head=[]
ab describe   binding=3 buffer=0x114050000 offset=23040 length=1056256 head=[9.520546, 0.9790471, 9.029348, 0.10549805]
ab describe   binding=4 buffer=0x102e0ca00 offset=0 length=4 head=[1e-6]
ab describe   binding=5 buffer=0x102e0e200 offset=0 length=4 head=[0.001953125]
ab describe   binding=6 buffer=0x114050000 offset=25344 length=1056256 head=[1.7516371, 5.304208, 8.900209, 5.0499477]
ab describe sha=cdf3715b4db55454 extents=[1, 8, 512] count=7 entry=omega_reduce_r3_o2_n2_multiply_add_zero_epi4_fused_identity_o4__multiply_s0_o3__add_s1_o2__square_root_s2__reciprocal_s3__multiply_s4_o1__multiply_s5_o0
ab describe   binding=0 buffer=0x114050000 offset=0 length=1056256 head=[-0.14294133, 4.5973697, 2.3354917, -1.297188]
ab describe   binding=1 buffer=0x114050000 offset=0 length=1056256 head=[-0.14294133, 4.5973697, 2.3354917, -1.297188]
ab describe   binding=2 buffer=0x300000000 offset=2389461920 length=3349528576 head=[]
ab describe   binding=3 buffer=0x114050000 offset=0 length=1056256 head=[-0.14294133, 4.5973697, 2.3354917, -1.297188]
ab describe   binding=4 buffer=0x102e0ca00 offset=0 length=4 head=[1e-6]
ab describe   binding=5 buffer=0x102e0e200 offset=0 length=4 head=[0.001953125]
ab describe   binding=6 buffer=0x114050000 offset=16640 length=1056256 head=[-5.477979, -8.060011, 0.34101123, -4.818554]
ab describe sha=ce6ea068c4506285 extents=[1, 1536] count=70 entry=omega_reduce_r2_o1_n2_multiply_add_zero_epi5_fused_identity_o5__multiply_s0_o4__add_s1_o3__square_root_s2__reciprocal_s3__multiply_s4_o2__multiply_s5_o1__add_s6_o0
ab describe   binding=0 buffer=0x114050000 offset=8448 length=1056256 head=[11.295686, -2.557645, 6.6439557, 0.30690375]
ab describe   binding=1 buffer=0x114050000 offset=8448 length=1056256 head=[11.295686, -2.557645, 6.6439557, 0.30690375]
ab describe   binding=2 buffer=0x114050000 offset=144384 length=1056256 head=[2.2307076, 0.887164, -1.5798929, 7.68671]
ab describe   binding=3 buffer=0x300000000 offset=2320548672 length=3349528576 head=[]
ab describe   binding=4 buffer=0x114050000 offset=8448 length=1056256 head=[11.295686, -2.557645, 6.6439557, 0.30690375]
ab describe   binding=5 buffer=0x102e0ca00 offset=0 length=4 head=[1e-6]
ab describe   binding=6 buffer=0x102e0db00 offset=0 length=4 head=[0.0006510417]
ab describe   binding=7 buffer=0x114050000 offset=49664 length=1056256 head=[3.6684766, 3.840747, 3.2814415, 6.9465394]
ab describe sha=ed344afcaccb73ad extents=[1, 1, 512] count=3 entry=omega_reduce_r3_o2_n2_multiply_add_zero_epi3_fused_identity_o3__multiply_s0_o2__add_s1_o1__square_root_s2__reciprocal_s3__multiply_s4_o0
ab describe   binding=0 buffer=0x114050000 offset=23040 length=1056256 head=[9.520546, 0.9790471, 9.029348, 0.10549805]
ab describe   binding=1 buffer=0x114050000 offset=23040 length=1056256 head=[9.520546, 0.9790471, 9.029348, 0.10549805]
ab describe   binding=2 buffer=0x114050000 offset=23040 length=1056256 head=[9.520546, 0.9790471, 9.029348, 0.10549805]
ab describe   binding=3 buffer=0x102e0ca00 offset=0 length=4 head=[1e-6]
ab describe   binding=4 buffer=0x102e0e200 offset=0 length=4 head=[0.001953125]
ab describe   binding=5 buffer=0x112460000 offset=1996800 length=2228224 head=[-0.3812476, -0.7640762, 0.21530007, 0.14804062]
ab describe sha=efb05eff38c1debf extents=[1, 35, 256] count=1 entry=omega_elementwise_r3_n1_identity
ab describe   binding=0 buffer=0x114050000 offset=0 length=1056256 head=[-0.14294133, 4.5973697, 2.3354917, -1.297188]
ab describe   binding=1 buffer=0x114050000 offset=72192 length=1056256 head=[10.131642, 6.777711, -1.8514304, 3.1655893]
ab describe sha=efb05eff38c1debf extents=[1, 512, 512] count=1 entry=omega_elementwise_r3_n1_identity
ab describe   binding=0 buffer=0x102fc0000 offset=0 length=1048576 head=[-0.14294133, 4.5973697, 2.3354917, -1.297188]
ab describe   binding=1 buffer=0x114050000 offset=0 length=1056256 head=[-0.14294133, 4.5973697, 2.3354917, -1.297188]
ab describe sha=fb384d9b8ac38ba6 extents=[1, 1, 8, 256] count=28 entry=omega_cached_attention_q1_h1_g8_d256_s3f800000_ln511_up0_x4_e1_k1_ds_merge
ab describe   binding=0 buffer=0x1142f0000 offset=0 length=264192 head=[1.739623, 2.5720308, -0.55355966, 0.5828459]
ab describe   binding=1 buffer=0x114050000 offset=0 length=1056256 head=[-0.14294133, 4.5973697, 2.3354917, -1.297188]
