raw arm=base0c process=0 run=0 ms_per_token=16.3920
raw arm=base0c process=0 run=1 ms_per_token=14.8660
raw arm=base0c process=0 run=2 ms_per_token=14.9930
raw arm=base0c process=0 run=3 ms_per_token=15.1400
raw arm=tip process=0 run=0 ms_per_token=15.4970
raw arm=tip process=0 run=1 ms_per_token=15.0510
raw arm=tip process=0 run=2 ms_per_token=15.1990
raw arm=tip process=0 run=3 ms_per_token=15.2800
raw arm=tip process=1 run=0 ms_per_token=15.4310
raw arm=tip process=1 run=1 ms_per_token=15.0590
raw arm=tip process=1 run=2 ms_per_token=14.8880
raw arm=tip process=1 run=3 ms_per_token=15.2720
raw arm=base0c process=1 run=0 ms_per_token=15.6260
raw arm=base0c process=1 run=1 ms_per_token=15.2530
raw arm=base0c process=1 run=2 ms_per_token=15.1090
raw arm=base0c process=1 run=3 ms_per_token=15.2360
arm=base0c metric=ms_per_token process=0 run=1 value=14.8660 outlier=false
arm=base0c metric=ms_per_token process=0 run=2 value=14.9930 outlier=false
arm=base0c metric=ms_per_token process=0 run=3 value=15.1400 outlier=false
arm=base0c metric=ms_per_token process=1 run=1 value=15.2530 outlier=false
arm=base0c metric=ms_per_token process=1 run=2 value=15.1090 outlier=false
arm=base0c metric=ms_per_token process=1 run=3 value=15.2360 outlier=false
summary arm=base0c metric=ms_per_token n_all=6 median_all=15.1245 cov_all_pct=0.90 min_all=14.8660 max_all=15.2530 | n_kept=6 median_kept=15.1245 mad_kept=0.1200 cov_kept_pct=0.90 min_kept=14.8660 max_kept=15.2530
arm=base0c metric=prefill_ms process=0 run=1 value=6516.9480 outlier=false
arm=base0c metric=prefill_ms process=0 run=2 value=6511.9620 outlier=false
arm=base0c metric=prefill_ms process=0 run=3 value=6516.9680 outlier=false
arm=base0c metric=prefill_ms process=1 run=1 value=6521.9910 outlier=false
arm=base0c metric=prefill_ms process=1 run=2 value=6526.0010 outlier=false
arm=base0c metric=prefill_ms process=1 run=3 value=6515.9940 outlier=false
summary arm=base0c metric=prefill_ms n_all=6 median_all=6516.9580 cov_all_pct=0.07 min_all=6511.9620 max_all=6526.0010 | n_kept=6 median_kept=6516.9580 mad_kept=2.9800 cov_kept_pct=0.07 min_kept=6511.9620 max_kept=6526.0010
arm=base0c metric=ttft_ms process=0 run=1 value=6517.0000 outlier=false
arm=base0c metric=ttft_ms process=0 run=2 value=6512.0000 outlier=false
arm=base0c metric=ttft_ms process=0 run=3 value=6517.0000 outlier=false
arm=base0c metric=ttft_ms process=1 run=1 value=6522.0000 outlier=false
arm=base0c metric=ttft_ms process=1 run=2 value=6526.0000 outlier=false
arm=base0c metric=ttft_ms process=1 run=3 value=6516.0000 outlier=false
summary arm=base0c metric=ttft_ms n_all=6 median_all=6517.0000 cov_all_pct=0.07 min_all=6512.0000 max_all=6526.0000 | n_kept=6 median_kept=6517.0000 mad_kept=3.0000 cov_kept_pct=0.07 min_kept=6512.0000 max_kept=6526.0000
memory arm=base0c metric=peak_rss_bytes process=0 value=2294988800
memory arm=base0c metric=peak_rss_bytes process=1 value=2677145600
summary arm=base0c metric=peak_rss_bytes n=2 median=2486067200 max=2677145600
memory arm=base0c metric=peak_footprint_bytes process=0 value=627447872
memory arm=base0c metric=peak_footprint_bytes process=1 value=631790272
summary arm=base0c metric=peak_footprint_bytes n=2 median=629619072 max=631790272
memory arm=base0c metric=peak_gpu_bytes process=0 value=3315433472
memory arm=base0c metric=peak_gpu_bytes process=1 value=3315433472
summary arm=base0c metric=peak_gpu_bytes n=2 median=3315433472 max=3315433472
extra arm=base0c process=0 peers_present_at_exit=[]
extra arm=base0c process=1 peers_present_at_exit=[]
arm=tip metric=ms_per_token process=0 run=1 value=15.0510 outlier=false
arm=tip metric=ms_per_token process=0 run=2 value=15.1990 outlier=false
arm=tip metric=ms_per_token process=0 run=3 value=15.2800 outlier=false
arm=tip metric=ms_per_token process=1 run=1 value=15.0590 outlier=false
arm=tip metric=ms_per_token process=1 run=2 value=14.8880 outlier=false
arm=tip metric=ms_per_token process=1 run=3 value=15.2720 outlier=false
summary arm=tip metric=ms_per_token n_all=6 median_all=15.1290 cov_all_pct=0.92 min_all=14.8880 max_all=15.2800 | n_kept=6 median_kept=15.1290 mad_kept=0.1105 cov_kept_pct=0.92 min_kept=14.8880 max_kept=15.2800
arm=tip metric=prefill_ms process=0 run=1 value=6519.0420 outlier=false
arm=tip metric=prefill_ms process=0 run=2 value=6515.9930 outlier=false
arm=tip metric=prefill_ms process=0 run=3 value=6523.9750 outlier=false
arm=tip metric=prefill_ms process=1 run=1 value=6515.9630 outlier=false
arm=tip metric=prefill_ms process=1 run=2 value=6518.0470 outlier=false
arm=tip metric=prefill_ms process=1 run=3 value=6521.9450 outlier=false
summary arm=tip metric=prefill_ms n_all=6 median_all=6518.5445 cov_all_pct=0.05 min_all=6515.9630 max_all=6523.9750 | n_kept=6 median_kept=6518.5445 mad_kept=2.5665 cov_kept_pct=0.05 min_kept=6515.9630 max_kept=6523.9750
arm=tip metric=ttft_ms process=0 run=1 value=6519.0000 outlier=false
arm=tip metric=ttft_ms process=0 run=2 value=6516.0000 outlier=false
arm=tip metric=ttft_ms process=0 run=3 value=6524.0000 outlier=false
arm=tip metric=ttft_ms process=1 run=1 value=6516.0000 outlier=false
arm=tip metric=ttft_ms process=1 run=2 value=6518.0000 outlier=false
arm=tip metric=ttft_ms process=1 run=3 value=6522.0000 outlier=false
summary arm=tip metric=ttft_ms n_all=6 median_all=6518.5000 cov_all_pct=0.05 min_all=6516.0000 max_all=6524.0000 | n_kept=6 median_kept=6518.5000 mad_kept=2.5000 cov_kept_pct=0.05 min_kept=6516.0000 max_kept=6524.0000
memory arm=tip metric=peak_rss_bytes process=0 value=2582216704
memory arm=tip metric=peak_rss_bytes process=1 value=2453471232
summary arm=tip metric=peak_rss_bytes n=2 median=2517843968 max=2582216704
memory arm=tip metric=peak_footprint_bytes process=0 value=596974080
memory arm=tip metric=peak_footprint_bytes process=1 value=616061312
summary arm=tip metric=peak_footprint_bytes n=2 median=606517696 max=616061312
memory arm=tip metric=peak_gpu_bytes process=0 value=3315433472
memory arm=tip metric=peak_gpu_bytes process=1 value=3315433472
summary arm=tip metric=peak_gpu_bytes n=2 median=3315433472 max=3315433472
extra arm=tip process=0 peers_present_at_exit=[]
extra arm=tip process=1 peers_present_at_exit=[]
bound metric=ms_per_token arm=tip vs=base0c arm_median=15.1290 reference_median=15.1245 delta=0.0045 limit=0.3025 within=true
bound metric=prefill_ms arm=tip vs=base0c arm_median=6518.5445 reference_median=6516.9580 delta=1.5865 limit=130.3392 within=true
bound metric=ttft_ms arm=tip vs=base0c arm_median=6518.5000 reference_median=6517.0000 delta=1.5000 limit=130.3400 within=true
bound metric=peak_rss_bytes arm=tip vs=base0c arm_median=2517843968 reference_median=2486067200 delta=31776768 limit=49721344 within=true
bound metric=peak_footprint_bytes arm=tip vs=base0c arm_median=606517696 reference_median=629619072 delta=-23101376 limit=12592381 within=true
bound metric=peak_gpu_bytes arm=tip vs=base0c arm_median=3315433472 reference_median=3315433472 delta=0 limit=66308669 within=true
