ab capture excludes 0 unreplayable dispatches of 369
ab capture: step=0 dispatches=369 groups=21
ab res sha=49f88ec486a7766a arm=base tg_static_bytes=256 max_threads=1024 exec_width=32 bound_buffer_bytes=74059524 iters=50 cell label=49f88ec486a7766a:base wall_ms=31.527 cpu_ms=2.608 cpu_pct=8.3 rss_peak_mb=1622.2 footprint_mb=214.3 gpu_alloc_mb=1516.5 load_before=3.80 load_after=3.80
ab res sha=49f88ec486a7766a arm=49f88ec486a7766a.pp16 tg_static_bytes=256 max_threads=640 exec_width=32 bound_buffer_bytes=74059524 iters=50 cell label=49f88ec486a7766a:49f88ec486a7766a.pp16 wall_ms=41.856 cpu_ms=2.726 cpu_pct=6.5 rss_peak_mb=1622.2 footprint_mb=214.3 gpu_alloc_mb=1516.5 load_before=3.80 load_after=3.80
ab res sha=49f88ec486a7766a arm=49f88ec486a7766a.pp4 tg_static_bytes=256 max_threads=1024 exec_width=32 bound_buffer_bytes=74059524 iters=50 cell label=49f88ec486a7766a:49f88ec486a7766a.pp4 wall_ms=30.349 cpu_ms=2.561 cpu_pct=8.4 rss_peak_mb=1622.2 footprint_mb=214.3 gpu_alloc_mb=1516.5 load_before=3.80 load_after=3.80
ab res sha=49f88ec486a7766a arm=49f88ec486a7766a.pp8 tg_static_bytes=256 max_threads=1024 exec_width=32 bound_buffer_bytes=74059524 iters=50 cell label=49f88ec486a7766a:49f88ec486a7766a.pp8 wall_ms=30.178 cpu_ms=2.507 cpu_pct=8.3 rss_peak_mb=1622.2 footprint_mb=214.3 gpu_alloc_mb=1516.5 load_before=3.80 load_after=3.80
ab res sha=49f88ec486a7766a arm=49f88ec486a7766a.ppctrl tg_static_bytes=256 max_threads=1024 exec_width=32 bound_buffer_bytes=74059524 iters=50 cell label=49f88ec486a7766a:49f88ec486a7766a.ppctrl wall_ms=31.157 cpu_ms=2.535 cpu_pct=8.1 rss_peak_mb=1622.2 footprint_mb=214.3 gpu_alloc_mb=1516.5 load_before=3.80 load_after=3.80
ab bits sha=49f88ec486a7766a threads=1024 extents=[1000, 8, 512, 1024] arm=base elements=8192000 differing=0 max_ulp=0 max_abs=0e0 max_abs_over_largest=0e0
ab bits sha=49f88ec486a7766a threads=1024 extents=[1000, 8, 512, 1024] arm=49f88ec486a7766a.pp16 elements=8192000 differing=0 max_ulp=0 max_abs=0e0 max_abs_over_largest=0e0
ab bits sha=49f88ec486a7766a threads=1024 extents=[1000, 8, 512, 1024] arm=49f88ec486a7766a.pp4 elements=8192000 differing=0 max_ulp=0 max_abs=0e0 max_abs_over_largest=0e0
ab bits sha=49f88ec486a7766a threads=1024 extents=[1000, 8, 512, 1024] arm=49f88ec486a7766a.pp8 elements=8192000 differing=0 max_ulp=0 max_abs=0e0 max_abs_over_largest=0e0
ab bits sha=49f88ec486a7766a threads=1024 extents=[1000, 8, 512, 1024] arm=49f88ec486a7766a.ppctrl elements=8192000 differing=0 max_ulp=0 max_abs=0e0 max_abs_over_largest=0e0
ab compaction sha=49f88ec486a7766a extents=[1000, 8, 512, 1024] arm=base bytes=32260 differing=0
ab compaction sha=49f88ec486a7766a extents=[1000, 8, 512, 1024] arm=49f88ec486a7766a.pp16 bytes=32260 differing=0
ab compaction sha=49f88ec486a7766a extents=[1000, 8, 512, 1024] arm=49f88ec486a7766a.pp4 bytes=32260 differing=0
ab compaction sha=49f88ec486a7766a extents=[1000, 8, 512, 1024] arm=49f88ec486a7766a.pp8 bytes=32260 differing=0
ab compaction sha=49f88ec486a7766a extents=[1000, 8, 512, 1024] arm=49f88ec486a7766a.ppctrl bytes=32260 differing=0
ab group sha=49f88ec486a7766a threads=1024 extents=[1000, 8, 512, 1024] tg=Some(1024) count=24 pass=0 arm=base marginal_us=423.344 single_us=426.625
ab group sha=49f88ec486a7766a threads=1024 extents=[1000, 8, 512, 1024] tg=Some(1024) count=24 pass=0 arm=49f88ec486a7766a.pp16 marginal_us=638.725 single_us=640.000
ab group sha=49f88ec486a7766a threads=1024 extents=[1000, 8, 512, 1024] tg=Some(1024) count=24 pass=0 arm=49f88ec486a7766a.pp4 marginal_us=404.092 single_us=406.875
ab group sha=49f88ec486a7766a threads=1024 extents=[1000, 8, 512, 1024] tg=Some(1024) count=24 pass=0 arm=49f88ec486a7766a.pp8 marginal_us=402.800 single_us=405.000
ab group sha=49f88ec486a7766a threads=1024 extents=[1000, 8, 512, 1024] tg=Some(1024) count=24 pass=0 arm=49f88ec486a7766a.ppctrl marginal_us=423.456 single_us=426.042
ab res sha=49f88ec486a7766a arm=base tg_static_bytes=256 max_threads=1024 exec_width=32 bound_buffer_bytes=90443524 iters=50 cell label=49f88ec486a7766a:base wall_ms=31.892 cpu_ms=2.579 cpu_pct=8.1 rss_peak_mb=1622.2 footprint_mb=261.2 gpu_alloc_mb=1516.5 load_before=3.80 load_after=3.80
ab res sha=49f88ec486a7766a arm=49f88ec486a7766a.pp16 tg_static_bytes=256 max_threads=640 exec_width=32 bound_buffer_bytes=90443524 iters=50 cell label=49f88ec486a7766a:49f88ec486a7766a.pp16 wall_ms=42.616 cpu_ms=2.800 cpu_pct=6.6 rss_peak_mb=1622.2 footprint_mb=261.2 gpu_alloc_mb=1516.5 load_before=3.80 load_after=3.80
ab res sha=49f88ec486a7766a arm=49f88ec486a7766a.pp4 tg_static_bytes=256 max_threads=1024 exec_width=32 bound_buffer_bytes=90443524 iters=50 cell label=49f88ec486a7766a:49f88ec486a7766a.pp4 wall_ms=30.908 cpu_ms=2.583 cpu_pct=8.4 rss_peak_mb=1622.2 footprint_mb=261.2 gpu_alloc_mb=1516.5 load_before=3.80 load_after=3.80
ab res sha=49f88ec486a7766a arm=49f88ec486a7766a.pp8 tg_static_bytes=256 max_threads=1024 exec_width=32 bound_buffer_bytes=90443524 iters=50 cell label=49f88ec486a7766a:49f88ec486a7766a.pp8 wall_ms=30.796 cpu_ms=2.558 cpu_pct=8.3 rss_peak_mb=1622.2 footprint_mb=261.2 gpu_alloc_mb=1516.5 load_before=3.80 load_after=3.80
ab res sha=49f88ec486a7766a arm=49f88ec486a7766a.ppctrl tg_static_bytes=256 max_threads=1024 exec_width=32 bound_buffer_bytes=90443524 iters=50 cell label=49f88ec486a7766a:49f88ec486a7766a.ppctrl wall_ms=32.055 cpu_ms=2.596 cpu_pct=8.1 rss_peak_mb=1622.2 footprint_mb=261.2 gpu_alloc_mb=1516.5 load_before=3.80 load_after=3.80
ab bits sha=49f88ec486a7766a threads=1024 extents=[1000, 8, 1024, 512] arm=base elements=4096000 differing=0 max_ulp=0 max_abs=0e0 max_abs_over_largest=0e0
ab bits sha=49f88ec486a7766a threads=1024 extents=[1000, 8, 1024, 512] arm=49f88ec486a7766a.pp16 elements=4096000 differing=0 max_ulp=0 max_abs=0e0 max_abs_over_largest=0e0
ab bits sha=49f88ec486a7766a threads=1024 extents=[1000, 8, 1024, 512] arm=49f88ec486a7766a.pp4 elements=4096000 differing=0 max_ulp=0 max_abs=0e0 max_abs_over_largest=0e0
ab bits sha=49f88ec486a7766a threads=1024 extents=[1000, 8, 1024, 512] arm=49f88ec486a7766a.pp8 elements=4096000 differing=0 max_ulp=0 max_abs=0e0 max_abs_over_largest=0e0
ab bits sha=49f88ec486a7766a threads=1024 extents=[1000, 8, 1024, 512] arm=49f88ec486a7766a.ppctrl elements=4096000 differing=0 max_ulp=0 max_abs=0e0 max_abs_over_largest=0e0
ab compaction sha=49f88ec486a7766a extents=[1000, 8, 1024, 512] arm=base bytes=32260 differing=0
ab compaction sha=49f88ec486a7766a extents=[1000, 8, 1024, 512] arm=49f88ec486a7766a.pp16 bytes=32260 differing=0
ab compaction sha=49f88ec486a7766a extents=[1000, 8, 1024, 512] arm=49f88ec486a7766a.pp4 bytes=32260 differing=0
ab compaction sha=49f88ec486a7766a extents=[1000, 8, 1024, 512] arm=49f88ec486a7766a.pp8 bytes=32260 differing=0
ab compaction sha=49f88ec486a7766a extents=[1000, 8, 1024, 512] arm=49f88ec486a7766a.ppctrl bytes=32260 differing=0
ab group sha=49f88ec486a7766a threads=1024 extents=[1000, 8, 1024, 512] tg=Some(1024) count=24 pass=0 arm=base marginal_us=423.625 single_us=426.500
ab group sha=49f88ec486a7766a threads=1024 extents=[1000, 8, 1024, 512] tg=Some(1024) count=24 pass=0 arm=49f88ec486a7766a.pp16 marginal_us=638.703 single_us=639.333
ab group sha=49f88ec486a7766a threads=1024 extents=[1000, 8, 1024, 512] tg=Some(1024) count=24 pass=0 arm=49f88ec486a7766a.pp4 marginal_us=404.247 single_us=407.167
ab group sha=49f88ec486a7766a threads=1024 extents=[1000, 8, 1024, 512] tg=Some(1024) count=24 pass=0 arm=49f88ec486a7766a.pp8 marginal_us=403.453 single_us=405.583
ab group sha=49f88ec486a7766a threads=1024 extents=[1000, 8, 1024, 512] tg=Some(1024) count=24 pass=0 arm=49f88ec486a7766a.ppctrl marginal_us=423.378 single_us=426.750
ab cell label=process wall_ms=3709.737 cpu_ms=967.655 cpu_pct=26.1 rss_peak_mb=1622.2 footprint_mb=245.6 gpu_alloc_mb=1516.5 load_before=3.80 load_after=3.74
