ab capture excludes 0 unreplayable dispatches of 369
ab capture: step=0 dispatches=369 groups=21
ab res sha=1388fb736f661844 arm=base tg_static_bytes=4480 max_threads=384 exec_width=32 bound_buffer_bytes=138235140 iters=50 cell label=1388fb736f661844:base wall_ms=71.666 cpu_ms=3.057 cpu_pct=4.3 rss_peak_mb=1621.0 footprint_mb=187.3 gpu_alloc_mb=1521.7 load_before=5.82 load_after=5.82
ab res sha=1388fb736f661844 arm=1388fb736f661844.ctrl tg_static_bytes=4480 max_threads=384 exec_width=32 bound_buffer_bytes=138235140 iters=50 cell label=1388fb736f661844:1388fb736f661844.ctrl wall_ms=67.653 cpu_ms=2.854 cpu_pct=4.2 rss_peak_mb=1621.0 footprint_mb=187.3 gpu_alloc_mb=1521.7 load_before=5.82 load_after=5.82
ab res sha=1388fb736f661844 arm=1388fb736f661844.f16kv tg_static_bytes=4480 max_threads=384 exec_width=32 bound_buffer_bytes=133778692 iters=50 cell label=1388fb736f661844:1388fb736f661844.f16kv wall_ms=65.729 cpu_ms=2.899 cpu_pct=4.4 rss_peak_mb=1621.0 footprint_mb=187.3 gpu_alloc_mb=1521.7 load_before=5.82 load_after=5.82
ab res sha=1388fb736f661844 arm=1388fb736f661844.nocausal tg_static_bytes=4480 max_threads=384 exec_width=32 bound_buffer_bytes=138235140 iters=50 cell label=1388fb736f661844:1388fb736f661844.nocausal wall_ms=108.211 cpu_ms=3.004 cpu_pct=2.8 rss_peak_mb=1621.0 footprint_mb=187.3 gpu_alloc_mb=1521.7 load_before=5.82 load_after=5.82
ab res sha=1388fb736f661844 arm=1388fb736f661844.nopv tg_static_bytes=4480 max_threads=384 exec_width=32 bound_buffer_bytes=138235140 iters=50 cell label=1388fb736f661844:1388fb736f661844.nopv wall_ms=54.551 cpu_ms=2.861 cpu_pct=5.2 rss_peak_mb=1621.0 footprint_mb=187.3 gpu_alloc_mb=1521.7 load_before=5.82 load_after=5.82
ab res sha=1388fb736f661844 arm=1388fb736f661844.nopvloads tg_static_bytes=4480 max_threads=384 exec_width=32 bound_buffer_bytes=138235140 iters=50 cell label=1388fb736f661844:1388fb736f661844.nopvloads wall_ms=65.250 cpu_ms=2.891 cpu_pct=4.4 rss_peak_mb=1621.0 footprint_mb=187.3 gpu_alloc_mb=1521.7 load_before=5.82 load_after=5.82
ab res sha=1388fb736f661844 arm=1388fb736f661844.noqk tg_static_bytes=4480 max_threads=576 exec_width=32 bound_buffer_bytes=138235140 iters=50 cell label=1388fb736f661844:1388fb736f661844.noqk wall_ms=42.536 cpu_ms=2.696 cpu_pct=6.3 rss_peak_mb=1621.0 footprint_mb=187.3 gpu_alloc_mb=1521.7 load_before=5.82 load_after=5.82
ab res sha=1388fb736f661844 arm=1388fb736f661844.noqkloads tg_static_bytes=4480 max_threads=576 exec_width=32 bound_buffer_bytes=138235140 iters=50 cell label=1388fb736f661844:1388fb736f661844.noqkloads wall_ms=47.355 cpu_ms=2.679 cpu_pct=5.7 rss_peak_mb=1621.0 footprint_mb=187.3 gpu_alloc_mb=1521.7 load_before=5.82 load_after=5.82
ab res sha=1388fb736f661844 arm=1388fb736f661844.nosoftmax tg_static_bytes=4480 max_threads=384 exec_width=32 bound_buffer_bytes=138235140 iters=50 cell label=1388fb736f661844:1388fb736f661844.nosoftmax wall_ms=44.655 cpu_ms=2.698 cpu_pct=6.0 rss_peak_mb=1621.0 footprint_mb=187.3 gpu_alloc_mb=1521.7 load_before=5.82 load_after=5.82
ab res sha=1388fb736f661844 arm=1388fb736f661844.pvonly tg_static_bytes=4480 max_threads=576 exec_width=32 bound_buffer_bytes=138235140 iters=50 cell label=1388fb736f661844:1388fb736f661844.pvonly wall_ms=26.536 cpu_ms=2.657 cpu_pct=10.0 rss_peak_mb=1621.0 footprint_mb=187.3 gpu_alloc_mb=1521.7 load_before=5.82 load_after=5.82
ab res sha=1388fb736f661844 arm=1388fb736f661844.qkonly tg_static_bytes=4480 max_threads=384 exec_width=32 bound_buffer_bytes=138235140 iters=50 cell label=1388fb736f661844:1388fb736f661844.qkonly wall_ms=32.061 cpu_ms=2.736 cpu_pct=8.5 rss_peak_mb=1621.0 footprint_mb=188.2 gpu_alloc_mb=1521.7 load_before=5.82 load_after=5.82
ab res sha=1388fb736f661844 arm=1388fb736f661844.skeleton tg_static_bytes=4480 max_threads=576 exec_width=32 bound_buffer_bytes=138235140 iters=50 cell label=1388fb736f661844:1388fb736f661844.skeleton wall_ms=16.219 cpu_ms=2.636 cpu_pct=16.3 rss_peak_mb=1621.0 footprint_mb=188.2 gpu_alloc_mb=1521.7 load_before=5.82 load_after=5.82
ab res sha=1388fb736f661844 arm=1388fb736f661844.smonly tg_static_bytes=4480 max_threads=576 exec_width=32 bound_buffer_bytes=138235140 iters=50 cell label=1388fb736f661844:1388fb736f661844.smonly wall_ms=31.721 cpu_ms=2.633 cpu_pct=8.3 rss_peak_mb=1621.0 footprint_mb=188.2 gpu_alloc_mb=1521.7 load_before=5.82 load_after=5.82
ab bits sha=1388fb736f661844 threads=64000 extents=[1000, 8, 2, 64] arm=base elements=1024000 differing=0 max_ulp=0 max_abs=0e0 max_abs_over_largest=0e0
ab bits sha=1388fb736f661844 threads=64000 extents=[1000, 8, 2, 64] arm=1388fb736f661844.ctrl elements=1024000 differing=0 max_ulp=0 max_abs=0e0 max_abs_over_largest=0e0
ab bits sha=1388fb736f661844 threads=64000 extents=[1000, 8, 2, 64] arm=1388fb736f661844.f16kv elements=1024000 differing=1023906 max_ulp=1998121882 max_abs=3.7965298e-2 max_abs_over_largest=3.4013675e-3
ab bits sha=1388fb736f661844 threads=64000 extents=[1000, 8, 2, 64] arm=1388fb736f661844.nocausal elements=1024000 differing=0 max_ulp=0 max_abs=0e0 max_abs_over_largest=0e0
ab bits sha=1388fb736f661844 threads=64000 extents=[1000, 8, 2, 64] arm=1388fb736f661844.nopv elements=1024000 differing=1024000 max_ulp=1093834401 max_abs=1.1161775e1 max_abs_over_largest=1e0
ab bits sha=1388fb736f661844 threads=64000 extents=[1000, 8, 2, 64] arm=1388fb736f661844.nopvloads elements=1024000 differing=1024000 max_ulp=2148997014 max_abs=1.0661775e1 max_abs_over_largest=9.5520425e-1
ab bits sha=1388fb736f661844 threads=64000 extents=[1000, 8, 2, 64] arm=1388fb736f661844.noqk elements=1024000 differing=1022976 max_ulp=2162838343 max_abs=1.1378794e1 max_abs_over_largest=1.019443e0
ab bits sha=1388fb736f661844 threads=64000 extents=[1000, 8, 2, 64] arm=1388fb736f661844.noqkloads elements=1024000 differing=1022976 max_ulp=2162838343 max_abs=1.1378794e1 max_abs_over_largest=1.019443e0
ab bits sha=1388fb736f661844 threads=64000 extents=[1000, 8, 2, 64] arm=1388fb736f661844.nosoftmax elements=1024000 differing=1024000 max_ulp=1093834401 max_abs=1.1161775e1 max_abs_over_largest=1e0
ab bits sha=1388fb736f661844 threads=64000 extents=[1000, 8, 2, 64] arm=1388fb736f661844.pvonly elements=1024000 differing=1024000 max_ulp=1093834401 max_abs=1.1161775e1 max_abs_over_largest=1e0
ab bits sha=1388fb736f661844 threads=64000 extents=[1000, 8, 2, 64] arm=1388fb736f661844.qkonly elements=1024000 differing=1024000 max_ulp=1093834401 max_abs=1.1161775e1 max_abs_over_largest=1e0
ab bits sha=1388fb736f661844 threads=64000 extents=[1000, 8, 2, 64] arm=1388fb736f661844.skeleton elements=1024000 differing=1024000 max_ulp=1093834401 max_abs=1.1161775e1 max_abs_over_largest=1e0
ab bits sha=1388fb736f661844 threads=64000 extents=[1000, 8, 2, 64] arm=1388fb736f661844.smonly elements=1024000 differing=1024000 max_ulp=1093834401 max_abs=1.1161775e1 max_abs_over_largest=1e0
ab group sha=1388fb736f661844 threads=64000 extents=[1000, 8, 2, 64] tg=Some(64) count=24 pass=0 arm=base marginal_us=1132.117 single_us=1145.625
ab group sha=1388fb736f661844 threads=64000 extents=[1000, 8, 2, 64] tg=Some(64) count=24 pass=0 arm=1388fb736f661844.ctrl marginal_us=1131.311 single_us=1145.375
ab group sha=1388fb736f661844 threads=64000 extents=[1000, 8, 2, 64] tg=Some(64) count=24 pass=0 arm=1388fb736f661844.f16kv marginal_us=1088.847 single_us=1097.958
ab group sha=1388fb736f661844 threads=64000 extents=[1000, 8, 2, 64] tg=Some(64) count=24 pass=0 arm=1388fb736f661844.nocausal marginal_us=1924.019 single_us=1937.875
ab group sha=1388fb736f661844 threads=64000 extents=[1000, 8, 2, 64] tg=Some(64) count=24 pass=0 arm=1388fb736f661844.nopv marginal_us=873.314 single_us=889.625
ab group sha=1388fb736f661844 threads=64000 extents=[1000, 8, 2, 64] tg=Some(64) count=24 pass=0 arm=1388fb736f661844.nopvloads marginal_us=1073.703 single_us=1084.208
ab group sha=1388fb736f661844 threads=64000 extents=[1000, 8, 2, 64] tg=Some(64) count=24 pass=0 arm=1388fb736f661844.noqk marginal_us=632.747 single_us=649.167
ab group sha=1388fb736f661844 threads=64000 extents=[1000, 8, 2, 64] tg=Some(64) count=24 pass=0 arm=1388fb736f661844.noqkloads marginal_us=729.167 single_us=734.417
ab group sha=1388fb736f661844 threads=64000 extents=[1000, 8, 2, 64] tg=Some(64) count=24 pass=0 arm=1388fb736f661844.nosoftmax marginal_us=683.747 single_us=706.250
ab group sha=1388fb736f661844 threads=64000 extents=[1000, 8, 2, 64] tg=Some(64) count=24 pass=0 arm=1388fb736f661844.pvonly marginal_us=311.608 single_us=319.708
ab group sha=1388fb736f661844 threads=64000 extents=[1000, 8, 2, 64] tg=Some(64) count=24 pass=0 arm=1388fb736f661844.qkonly marginal_us=436.806 single_us=454.292
ab group sha=1388fb736f661844 threads=64000 extents=[1000, 8, 2, 64] tg=Some(64) count=24 pass=0 arm=1388fb736f661844.skeleton marginal_us=104.808 single_us=109.500
ab group sha=1388fb736f661844 threads=64000 extents=[1000, 8, 2, 64] tg=Some(64) count=24 pass=0 arm=1388fb736f661844.smonly marginal_us=418.522 single_us=424.583
ab cell label=process wall_ms=7806.262 cpu_ms=893.141 cpu_pct=11.4 rss_peak_mb=1621.0 footprint_mb=187.0 gpu_alloc_mb=1517.5 load_before=5.82 load_after=5.68
