2026-10-07T13:07:00Z LAUNCH decode_arms proxima arm=a00_0b_9f0647da process=0 bin=/Users/brianbruggeman/repos/slot-0/.long_ctx_backups/regression_hunt/bin/a00_0b_9f0647da
2026-10-07T13:07:35Z EXIT decode_arms proxima arm=a00_0b_9f0647da process=0 status=exit status: 0
2026-10-07T13:07:35Z LAUNCH decode_arms proxima arm=a13_f76b4a97 process=0 bin=/Users/brianbruggeman/repos/slot-0/.long_ctx_backups/regression_hunt/bin/a13_f76b4a97
2026-10-07T13:08:10Z EXIT decode_arms proxima arm=a13_f76b4a97 process=0 status=exit status: 0
2026-10-07T13:08:10Z LAUNCH decode_arms proxima arm=a17_head_8ef12e94 process=0 bin=/Users/brianbruggeman/repos/slot-0/.long_ctx_backups/regression_hunt/bin/a17_head_8ef12e94
2026-10-07T13:08:36Z EXIT decode_arms proxima arm=a17_head_8ef12e94 process=0 status=exit status: 0
2026-10-07T13:08:36Z LAUNCH decode_arms proxima arm=a18_head_copy process=0 bin=/Users/brianbruggeman/repos/slot-0/.long_ctx_backups/regression_hunt/bin/a18_head_copy
2026-10-07T13:09:02Z EXIT decode_arms proxima arm=a18_head_copy process=0 status=exit status: 0
2026-10-07T13:09:02Z LAUNCH decode_arms proxima arm=a13_f76b4a97 process=1 bin=/Users/brianbruggeman/repos/slot-0/.long_ctx_backups/regression_hunt/bin/a13_f76b4a97
2026-10-07T13:09:37Z EXIT decode_arms proxima arm=a13_f76b4a97 process=1 status=exit status: 0
2026-10-07T13:09:37Z LAUNCH decode_arms proxima arm=a17_head_8ef12e94 process=1 bin=/Users/brianbruggeman/repos/slot-0/.long_ctx_backups/regression_hunt/bin/a17_head_8ef12e94
2026-10-07T13:10:03Z EXIT decode_arms proxima arm=a17_head_8ef12e94 process=1 status=exit status: 0
2026-10-07T13:10:03Z LAUNCH decode_arms proxima arm=a18_head_copy process=1 bin=/Users/brianbruggeman/repos/slot-0/.long_ctx_backups/regression_hunt/bin/a18_head_copy
2026-10-07T13:10:29Z EXIT decode_arms proxima arm=a18_head_copy process=1 status=exit status: 0
2026-10-07T13:10:29Z LAUNCH decode_arms proxima arm=a00_0b_9f0647da process=1 bin=/Users/brianbruggeman/repos/slot-0/.long_ctx_backups/regression_hunt/bin/a00_0b_9f0647da
2026-10-07T13:11:04Z EXIT decode_arms proxima arm=a00_0b_9f0647da process=1 status=exit status: 0
2026-10-07T13:11:04Z LAUNCH decode_arms proxima arm=a17_head_8ef12e94 process=2 bin=/Users/brianbruggeman/repos/slot-0/.long_ctx_backups/regression_hunt/bin/a17_head_8ef12e94
2026-10-07T13:11:30Z EXIT decode_arms proxima arm=a17_head_8ef12e94 process=2 status=exit status: 0
2026-10-07T13:11:30Z LAUNCH decode_arms proxima arm=a18_head_copy process=2 bin=/Users/brianbruggeman/repos/slot-0/.long_ctx_backups/regression_hunt/bin/a18_head_copy
2026-10-07T13:11:56Z EXIT decode_arms proxima arm=a18_head_copy process=2 status=exit status: 0
2026-10-07T13:11:56Z LAUNCH decode_arms proxima arm=a00_0b_9f0647da process=2 bin=/Users/brianbruggeman/repos/slot-0/.long_ctx_backups/regression_hunt/bin/a00_0b_9f0647da
2026-10-07T13:12:31Z EXIT decode_arms proxima arm=a00_0b_9f0647da process=2 status=exit status: 0
2026-10-07T13:12:31Z LAUNCH decode_arms proxima arm=a13_f76b4a97 process=2 bin=/Users/brianbruggeman/repos/slot-0/.long_ctx_backups/regression_hunt/bin/a13_f76b4a97
2026-10-07T13:13:06Z EXIT decode_arms proxima arm=a13_f76b4a97 process=2 status=exit status: 0
