m0 decode: generated_tokens=24 text="\n## WORK IN PROGRESS — EXPERIMENTAL\n\n### proxima is under heavy active development: not stable,"
m0 capture: step=23 dispatches_with_threads=398
m0 groups: 27 kernels-by-identity-and-geometry over 398 dispatches
m0 replay: group 0/27
m0 sequence replay: one command buffer, dispatches=374 of 398 captured, gpu_ms=[5.594583344645798, 5.836499971337616, 5.755624966695905]
m0 chunk sequence replay: chunks=8, gpu_ms=[[0.29645836912095547, 0.7939999923110008, 0.8155417162925005, 0.8075416553765535, 0.839041662402451, 0.755749992094934, 0.7902083452790976, 0.8089166367426515], [0.278624938800931, 0.7512500742450356, 0.7984166732057929, 0.8022499969229102, 0.8159583667293191, 0.7655000081285834, 0.7868333486840129, 0.8152499794960022], [0.2859999658539891, 0.7677084067836404, 0.8099166443571448, 0.7888750405982137, 0.8174999384209514, 0.7512499578297138, 0.7910416461527348, 0.8132917573675513]]
m0 family sequence replay excludes 24 unreplayable dispatches of 398
m0 family sequence replay: family=attention dispatches=48 runs=7 gpu_ms_mean=1.2972 gpu_ms_min=1.2902 cov_pct=0.36
m0 family sequence replay: family=norms dispatches=49 runs=7 gpu_ms_mean=0.2889 gpu_ms_min=0.2446 cov_pct=6.29
m0 family sequence replay: family=other_matvec dispatches=218 runs=7 gpu_ms_mean=3.5565 gpu_ms_min=3.2650 cov_pct=3.42
m0 family sequence replay: family=rope_copy_elementwise dispatches=59 runs=7 gpu_ms_mean=0.3479 gpu_ms_min=0.3164 cov_pct=3.78

class                                     disp/step us/disp cold  total us cold   % step | us/disp -flr   total -flr | us/disp marg   total marg
matvec Q8_0                                     169        20.13         3402.5    59.0% |        12.01       2029.3 |        13.72       2317.9
cached attention partial                         24        48.62         1167.0    20.2% |        40.50        972.0 |        45.44       1090.6
RMSNorm sumsq + fused epilogue                   49        10.88          532.9     9.2% |         2.75        134.7 |         5.85        286.9
matvec f32                                       49         9.77          478.9     8.3% |         1.65         81.0 |         7.05        345.3
UNCLASSIFIED omega_elementwise_twin_r3_n4_fused_multiply_o0_o1__multiply_o2_o3__subtract_s0_s1_fused_multiply_o0_o3__multiply_o2_o1__add_s0_s1         24         8.88          213.0     3.7% |         0.75         18.0 |         6.88        165.2
UNCLASSIFIED omega_elementwise_twin_r3_n4_fused_multiply_o0_o1__multiply_o2_o3__add_s0_s1_fused_multiply_o0_o3__multiply_o2_o1__subtract_s0_s1         24         7.15          171.5     3.0% |         0.00          0.0 |         4.88        117.2
cached attention merge                           24         6.63          159.0     2.8% |         0.00          0.0 |         3.63         87.2
elementwise fused_identity_o0__multiply_s0_o1_g10          1        28.75           28.7     0.5% |        20.62         20.6 |        18.11         18.1
softmax max                                       2         5.94           11.9     0.2% |         0.00          0.0 |         2.87          5.7
UNCLASSIFIED omega_reduce_r3_o2_n5_fused_equal_o0_o1__add_o2_o3__select_s0_s1_o4_minimum_positive_infinity          1         9.88            9.9     0.2% |         1.75          1.7 |         5.87          5.9
iota                                              2         4.32            8.6     0.1% |         0.00          0.0 |         2.18          4.4
elementwise identity_g1                           1         6.42            6.4     0.1% |         0.00          0.0 |         4.05          4.1
UNCLASSIFIED omega_reduce_r2_o1_n1_identity_minimum_positive_infinity          1         6.00            6.0     0.1% |         0.00          0.0 |         2.80          2.8
identity copy                                     1         5.96            6.0     0.1% |         0.00          0.0 |         3.17          3.2
softmax sum                                       1         5.67            5.7     0.1% |         0.00          0.0 |         2.63          2.6
elementwise multiply                              1         5.63            5.6     0.1% |         0.00          0.0 |         2.89          2.9
UNCLASSIFIED omega_moe_topk_e32_k8_stacked         24         0.00            0.0     0.0% |         0.00          0.0 |         0.00          0.0

m0 floor: empty command buffer GPU span median=8.13 us min=7.75 us max=12.58 us n=200
m0 step (captured step 23, last evaluation that ran): rows_evaluated=Some(1) tokens_committed=Some(1) gpu_busy_ms=Some(5.764666711911559) gpu_exec_ms=Some(2.634583) physical_dispatch_calls=Some(398)
m0 step (median over logged evaluations at step >= 2, mixed widths): gpu_busy_ms=5.745 gpu_exec_ms=2.791
m0 reconcile: sum(median x count) [cold]=6213.5 us; ratio to gpu_busy_ms=1.078; ratio to gpu_exec_ms=2.358
m0 reconcile: sum(median x count) [cold-minus-floor]=3257.4 us; ratio to gpu_busy_ms=0.565; ratio to gpu_exec_ms=1.236
m0 reconcile: sum(median x count) [warm]=6276.4 us; ratio to gpu_busy_ms=1.089; ratio to gpu_exec_ms=2.382
m0 reconcile: sum(median x count) [marginal]=4459.8 us; ratio to gpu_busy_ms=0.774; ratio to gpu_exec_ms=1.693
m0 invariant 1: sum(group members)=398 captured_dispatches=398 physical_dispatch_calls_logged=Some(398) capture_step_is_last_logged_step=true
m0 replay failures: 1
m0 replay failure: class=UNCLASSIFIED omega_moe_topk_e32_k8_stacked entry=omega_moe_topk_e32_k8_stacked reason=metal driver error: moe_topk binds extra outputs outside `bindings`
m0 unreplayable by capture: groups=1 dispatches=24
