ab capture excludes 0 unreplayable dispatches of 369
ab capture: step=0 dispatches=369 groups=21
ab res sha=e3603c6942491f2f arm=base tg_static_bytes=9600 max_threads=384 exec_width=32 bound_buffer_bytes=138235140 iters=50 cell label=e3603c6942491f2f:base wall_ms=67.118 cpu_ms=3.272 cpu_pct=4.9 rss_peak_mb=1621.4 footprint_mb=181.5 gpu_alloc_mb=1515.3 load_before=7.97 load_after=7.97
ab res sha=e3603c6942491f2f arm=e3603c6942491f2f.ctrl tg_static_bytes=9856 max_threads=384 exec_width=32 bound_buffer_bytes=138235140 iters=50 cell label=e3603c6942491f2f:e3603c6942491f2f.ctrl wall_ms=67.501 cpu_ms=3.122 cpu_pct=4.6 rss_peak_mb=1621.4 footprint_mb=181.5 gpu_alloc_mb=1515.3 load_before=7.97 load_after=7.97
ab res sha=e3603c6942491f2f arm=e3603c6942491f2f.t16u_pad2560 tg_static_bytes=19200 max_threads=384 exec_width=32 bound_buffer_bytes=138235140 iters=50 cell label=e3603c6942491f2f:e3603c6942491f2f.t16u_pad2560 wall_ms=110.946 cpu_ms=3.396 cpu_pct=3.1 rss_peak_mb=1621.4 footprint_mb=181.5 gpu_alloc_mb=1515.3 load_before=7.97 load_after=7.97
ab res sha=e3603c6942491f2f arm=e3603c6942491f2f.t8s_pad2400 tg_static_bytes=19200 max_threads=384 exec_width=32 bound_buffer_bytes=138235140 iters=50 cell label=e3603c6942491f2f:e3603c6942491f2f.t8s_pad2400 wall_ms=101.300 cpu_ms=3.764 cpu_pct=3.7 rss_peak_mb=1621.4 footprint_mb=181.5 gpu_alloc_mb=1515.3 load_before=7.97 load_after=7.97
ab res sha=e3603c6942491f2f arm=e3603c6942491f2f.t8s_pad4800 tg_static_bytes=28800 max_threads=384 exec_width=32 bound_buffer_bytes=138235140 iters=50 cell label=e3603c6942491f2f:e3603c6942491f2f.t8s_pad4800 wall_ms=136.359 cpu_ms=3.370 cpu_pct=2.5 rss_peak_mb=1621.4 footprint_mb=181.5 gpu_alloc_mb=1515.3 load_before=7.97 load_after=7.97
ab res sha=e3603c6942491f2f arm=e3603c6942491f2f.t8u_pad1280 tg_static_bytes=9600 max_threads=384 exec_width=32 bound_buffer_bytes=138235140 iters=50 cell label=e3603c6942491f2f:e3603c6942491f2f.t8u_pad1280 wall_ms=67.800 cpu_ms=3.129 cpu_pct=4.6 rss_peak_mb=1621.4 footprint_mb=181.5 gpu_alloc_mb=1515.3 load_before=7.97 load_after=7.97
ab bits sha=e3603c6942491f2f threads=64000 extents=[1000, 8, 2, 64] arm=base elements=1024000 differing=0 max_ulp=0 max_abs=0e0 max_abs_over_largest=0e0
ab bits sha=e3603c6942491f2f threads=64000 extents=[1000, 8, 2, 64] arm=e3603c6942491f2f.ctrl elements=1024000 differing=0 max_ulp=0 max_abs=0e0 max_abs_over_largest=0e0
ab bits sha=e3603c6942491f2f threads=64000 extents=[1000, 8, 2, 64] arm=e3603c6942491f2f.t16u_pad2560 elements=1024000 differing=0 max_ulp=0 max_abs=0e0 max_abs_over_largest=0e0
ab bits sha=e3603c6942491f2f threads=64000 extents=[1000, 8, 2, 64] arm=e3603c6942491f2f.t8s_pad2400 elements=1024000 differing=0 max_ulp=0 max_abs=0e0 max_abs_over_largest=0e0
ab bits sha=e3603c6942491f2f threads=64000 extents=[1000, 8, 2, 64] arm=e3603c6942491f2f.t8s_pad4800 elements=1024000 differing=0 max_ulp=0 max_abs=0e0 max_abs_over_largest=0e0
ab bits sha=e3603c6942491f2f threads=64000 extents=[1000, 8, 2, 64] arm=e3603c6942491f2f.t8u_pad1280 elements=1024000 differing=0 max_ulp=0 max_abs=0e0 max_abs_over_largest=0e0
ab group sha=e3603c6942491f2f threads=64000 extents=[1000, 8, 2, 64] tg=Some(64) count=24 pass=0 arm=base marginal_us=1113.017 single_us=1124.917 rounds=21 round_min_us=1072.750 round_max_us=1155.125 round_cov_pct=1.956
ab group sha=e3603c6942491f2f threads=64000 extents=[1000, 8, 2, 64] tg=Some(64) count=24 pass=0 arm=e3603c6942491f2f.ctrl marginal_us=1128.764 single_us=1134.042 rounds=21 round_min_us=1088.250 round_max_us=1164.250 round_cov_pct=1.803
ab group sha=e3603c6942491f2f threads=64000 extents=[1000, 8, 2, 64] tg=Some(64) count=24 pass=0 arm=e3603c6942491f2f.t16u_pad2560 marginal_us=1988.244 single_us=1998.167 rounds=21 round_min_us=1954.125 round_max_us=2029.625 round_cov_pct=0.906
ab group sha=e3603c6942491f2f threads=64000 extents=[1000, 8, 2, 64] tg=Some(64) count=24 pass=0 arm=e3603c6942491f2f.t8s_pad2400 marginal_us=1754.633 single_us=1758.667 rounds=21 round_min_us=1689.250 round_max_us=1823.042 round_cov_pct=2.064
ab group sha=e3603c6942491f2f threads=64000 extents=[1000, 8, 2, 64] tg=Some(64) count=24 pass=0 arm=e3603c6942491f2f.t8s_pad4800 marginal_us=2482.664 single_us=2487.000 rounds=21 round_min_us=2385.000 round_max_us=2711.750 round_cov_pct=2.560
ab group sha=e3603c6942491f2f threads=64000 extents=[1000, 8, 2, 64] tg=Some(64) count=24 pass=0 arm=e3603c6942491f2f.t8u_pad1280 marginal_us=1126.969 single_us=1154.458 rounds=21 round_min_us=1106.458 round_max_us=1180.125 round_cov_pct=1.763
ab cell label=process wall_ms=4774.307 cpu_ms=835.860 cpu_pct=17.5 rss_peak_mb=1621.4 footprint_mb=181.2 gpu_alloc_mb=1515.3 load_before=7.97 load_after=7.66
