ab capture excludes 0 unreplayable dispatches of 369
ab capture: step=0 dispatches=369 groups=21
ab res sha=e3603c6942491f2f arm=base tg_static_bytes=9600 max_threads=384 exec_width=32 bound_buffer_bytes=138235140 iters=50 cell label=e3603c6942491f2f:base wall_ms=73.978 cpu_ms=2.957 cpu_pct=4.0 rss_peak_mb=1622.0 footprint_mb=182.4 gpu_alloc_mb=1515.3 load_before=10.26 load_after=10.26
ab res sha=e3603c6942491f2f arm=e3603c6942491f2f.ctrl tg_static_bytes=9856 max_threads=384 exec_width=32 bound_buffer_bytes=138235140 iters=50 cell label=e3603c6942491f2f:e3603c6942491f2f.ctrl wall_ms=67.635 cpu_ms=2.926 cpu_pct=4.3 rss_peak_mb=1622.0 footprint_mb=182.4 gpu_alloc_mb=1515.3 load_before=10.26 load_after=10.26
ab res sha=e3603c6942491f2f arm=e3603c6942491f2f.t16u_pad2560 tg_static_bytes=19200 max_threads=384 exec_width=32 bound_buffer_bytes=138235140 iters=50 cell label=e3603c6942491f2f:e3603c6942491f2f.t16u_pad2560 wall_ms=111.138 cpu_ms=3.929 cpu_pct=3.5 rss_peak_mb=1622.0 footprint_mb=182.4 gpu_alloc_mb=1515.3 load_before=10.26 load_after=10.26
ab res sha=e3603c6942491f2f arm=e3603c6942491f2f.t8s_pad2400 tg_static_bytes=19200 max_threads=384 exec_width=32 bound_buffer_bytes=138235140 iters=50 cell label=e3603c6942491f2f:e3603c6942491f2f.t8s_pad2400 wall_ms=100.298 cpu_ms=3.224 cpu_pct=3.2 rss_peak_mb=1622.0 footprint_mb=182.4 gpu_alloc_mb=1515.3 load_before=10.26 load_after=10.26
ab res sha=e3603c6942491f2f arm=e3603c6942491f2f.t8s_pad4800 tg_static_bytes=28800 max_threads=384 exec_width=32 bound_buffer_bytes=138235140 iters=50 cell label=e3603c6942491f2f:e3603c6942491f2f.t8s_pad4800 wall_ms=137.658 cpu_ms=3.446 cpu_pct=2.5 rss_peak_mb=1622.0 footprint_mb=182.4 gpu_alloc_mb=1515.3 load_before=10.26 load_after=10.26
ab res sha=e3603c6942491f2f arm=e3603c6942491f2f.t8u_pad1280 tg_static_bytes=9600 max_threads=384 exec_width=32 bound_buffer_bytes=138235140 iters=50 cell label=e3603c6942491f2f:e3603c6942491f2f.t8u_pad1280 wall_ms=66.683 cpu_ms=2.732 cpu_pct=4.1 rss_peak_mb=1622.0 footprint_mb=182.4 gpu_alloc_mb=1515.3 load_before=10.26 load_after=10.26
ab bits sha=e3603c6942491f2f threads=64000 extents=[1000, 8, 2, 64] arm=base elements=1024000 differing=0 max_ulp=0 max_abs=0e0 max_abs_over_largest=0e0
ab bits sha=e3603c6942491f2f threads=64000 extents=[1000, 8, 2, 64] arm=e3603c6942491f2f.ctrl elements=1024000 differing=0 max_ulp=0 max_abs=0e0 max_abs_over_largest=0e0
ab bits sha=e3603c6942491f2f threads=64000 extents=[1000, 8, 2, 64] arm=e3603c6942491f2f.t16u_pad2560 elements=1024000 differing=0 max_ulp=0 max_abs=0e0 max_abs_over_largest=0e0
ab bits sha=e3603c6942491f2f threads=64000 extents=[1000, 8, 2, 64] arm=e3603c6942491f2f.t8s_pad2400 elements=1024000 differing=0 max_ulp=0 max_abs=0e0 max_abs_over_largest=0e0
ab bits sha=e3603c6942491f2f threads=64000 extents=[1000, 8, 2, 64] arm=e3603c6942491f2f.t8s_pad4800 elements=1024000 differing=0 max_ulp=0 max_abs=0e0 max_abs_over_largest=0e0
ab bits sha=e3603c6942491f2f threads=64000 extents=[1000, 8, 2, 64] arm=e3603c6942491f2f.t8u_pad1280 elements=1024000 differing=0 max_ulp=0 max_abs=0e0 max_abs_over_largest=0e0
ab group sha=e3603c6942491f2f threads=64000 extents=[1000, 8, 2, 64] tg=Some(64) count=24 pass=0 arm=base marginal_us=1111.039 single_us=1123.375 rounds=21 round_min_us=1074.125 round_max_us=1145.667 round_cov_pct=1.600
ab group sha=e3603c6942491f2f threads=64000 extents=[1000, 8, 2, 64] tg=Some(64) count=24 pass=0 arm=e3603c6942491f2f.ctrl marginal_us=1127.239 single_us=1131.042 rounds=21 round_min_us=1085.375 round_max_us=1186.417 round_cov_pct=2.295
ab group sha=e3603c6942491f2f threads=64000 extents=[1000, 8, 2, 64] tg=Some(64) count=24 pass=0 arm=e3603c6942491f2f.t16u_pad2560 marginal_us=1968.736 single_us=1973.458 rounds=21 round_min_us=1955.375 round_max_us=2029.375 round_cov_pct=0.959
ab group sha=e3603c6942491f2f threads=64000 extents=[1000, 8, 2, 64] tg=Some(64) count=24 pass=0 arm=e3603c6942491f2f.t8s_pad2400 marginal_us=1756.739 single_us=1745.917 rounds=21 round_min_us=1711.583 round_max_us=1826.000 round_cov_pct=1.594
ab group sha=e3603c6942491f2f threads=64000 extents=[1000, 8, 2, 64] tg=Some(64) count=24 pass=0 arm=e3603c6942491f2f.t8s_pad4800 marginal_us=2480.378 single_us=2505.708 rounds=21 round_min_us=2444.500 round_max_us=2560.375 round_cov_pct=1.266
ab group sha=e3603c6942491f2f threads=64000 extents=[1000, 8, 2, 64] tg=Some(64) count=24 pass=0 arm=e3603c6942491f2f.t8u_pad1280 marginal_us=1130.806 single_us=1140.625 rounds=21 round_min_us=1119.958 round_max_us=1184.375 round_cov_pct=1.413
ab cell label=process wall_ms=5633.508 cpu_ms=865.637 cpu_pct=15.4 rss_peak_mb=1622.0 footprint_mb=181.7 gpu_alloc_mb=1515.3 load_before=10.63 load_after=10.26
