ab capture excludes 0 unreplayable dispatches of 369
ab capture: step=0 dispatches=369 groups=21
ab res sha=e3603c6942491f2f arm=base tg_static_bytes=9600 max_threads=384 exec_width=32 bound_buffer_bytes=138235140 iters=50 cell label=e3603c6942491f2f:base wall_ms=67.623 cpu_ms=3.173 cpu_pct=4.7 rss_peak_mb=1620.6 footprint_mb=183.7 gpu_alloc_mb=1515.3 load_before=9.30 load_after=9.30
ab res sha=e3603c6942491f2f arm=e3603c6942491f2f.ctrl tg_static_bytes=9856 max_threads=384 exec_width=32 bound_buffer_bytes=138235140 iters=50 cell label=e3603c6942491f2f:e3603c6942491f2f.ctrl wall_ms=67.561 cpu_ms=3.044 cpu_pct=4.5 rss_peak_mb=1620.6 footprint_mb=183.7 gpu_alloc_mb=1515.3 load_before=9.30 load_after=9.30
ab res sha=e3603c6942491f2f arm=e3603c6942491f2f.t16u_pad2560 tg_static_bytes=19200 max_threads=384 exec_width=32 bound_buffer_bytes=138235140 iters=50 cell label=e3603c6942491f2f:e3603c6942491f2f.t16u_pad2560 wall_ms=112.583 cpu_ms=3.952 cpu_pct=3.5 rss_peak_mb=1620.6 footprint_mb=183.7 gpu_alloc_mb=1515.3 load_before=9.30 load_after=9.30
ab res sha=e3603c6942491f2f arm=e3603c6942491f2f.t8s_pad2400 tg_static_bytes=19200 max_threads=384 exec_width=32 bound_buffer_bytes=138235140 iters=50 cell label=e3603c6942491f2f:e3603c6942491f2f.t8s_pad2400 wall_ms=100.649 cpu_ms=3.552 cpu_pct=3.5 rss_peak_mb=1620.6 footprint_mb=183.7 gpu_alloc_mb=1515.3 load_before=9.30 load_after=8.88
ab res sha=e3603c6942491f2f arm=e3603c6942491f2f.t8s_pad4800 tg_static_bytes=28800 max_threads=384 exec_width=32 bound_buffer_bytes=138235140 iters=50 cell label=e3603c6942491f2f:e3603c6942491f2f.t8s_pad4800 wall_ms=136.802 cpu_ms=3.557 cpu_pct=2.6 rss_peak_mb=1620.6 footprint_mb=183.7 gpu_alloc_mb=1515.3 load_before=8.88 load_after=8.88
ab res sha=e3603c6942491f2f arm=e3603c6942491f2f.t8u_pad1280 tg_static_bytes=9600 max_threads=384 exec_width=32 bound_buffer_bytes=138235140 iters=50 cell label=e3603c6942491f2f:e3603c6942491f2f.t8u_pad1280 wall_ms=67.289 cpu_ms=3.089 cpu_pct=4.6 rss_peak_mb=1620.6 footprint_mb=183.7 gpu_alloc_mb=1515.3 load_before=8.88 load_after=8.88
ab bits sha=e3603c6942491f2f threads=64000 extents=[1000, 8, 2, 64] arm=base elements=1024000 differing=0 max_ulp=0 max_abs=0e0 max_abs_over_largest=0e0
ab bits sha=e3603c6942491f2f threads=64000 extents=[1000, 8, 2, 64] arm=e3603c6942491f2f.ctrl elements=1024000 differing=0 max_ulp=0 max_abs=0e0 max_abs_over_largest=0e0
ab bits sha=e3603c6942491f2f threads=64000 extents=[1000, 8, 2, 64] arm=e3603c6942491f2f.t16u_pad2560 elements=1024000 differing=0 max_ulp=0 max_abs=0e0 max_abs_over_largest=0e0
ab bits sha=e3603c6942491f2f threads=64000 extents=[1000, 8, 2, 64] arm=e3603c6942491f2f.t8s_pad2400 elements=1024000 differing=0 max_ulp=0 max_abs=0e0 max_abs_over_largest=0e0
ab bits sha=e3603c6942491f2f threads=64000 extents=[1000, 8, 2, 64] arm=e3603c6942491f2f.t8s_pad4800 elements=1024000 differing=0 max_ulp=0 max_abs=0e0 max_abs_over_largest=0e0
ab bits sha=e3603c6942491f2f threads=64000 extents=[1000, 8, 2, 64] arm=e3603c6942491f2f.t8u_pad1280 elements=1024000 differing=0 max_ulp=0 max_abs=0e0 max_abs_over_largest=0e0
ab group sha=e3603c6942491f2f threads=64000 extents=[1000, 8, 2, 64] tg=Some(64) count=24 pass=0 arm=base marginal_us=1116.417 single_us=1115.250 rounds=21 round_min_us=1065.458 round_max_us=1158.125 round_cov_pct=1.828
ab group sha=e3603c6942491f2f threads=64000 extents=[1000, 8, 2, 64] tg=Some(64) count=24 pass=0 arm=e3603c6942491f2f.ctrl marginal_us=1126.017 single_us=1142.875 rounds=21 round_min_us=1071.000 round_max_us=1174.500 round_cov_pct=2.545
ab group sha=e3603c6942491f2f threads=64000 extents=[1000, 8, 2, 64] tg=Some(64) count=24 pass=0 arm=e3603c6942491f2f.t16u_pad2560 marginal_us=1993.531 single_us=1998.208 rounds=21 round_min_us=1789.458 round_max_us=2035.500 round_cov_pct=2.491
ab group sha=e3603c6942491f2f threads=64000 extents=[1000, 8, 2, 64] tg=Some(64) count=24 pass=0 arm=e3603c6942491f2f.t8s_pad2400 marginal_us=1753.736 single_us=1760.792 rounds=21 round_min_us=1698.125 round_max_us=1849.500 round_cov_pct=2.256
ab group sha=e3603c6942491f2f threads=64000 extents=[1000, 8, 2, 64] tg=Some(64) count=24 pass=0 arm=e3603c6942491f2f.t8s_pad4800 marginal_us=2484.269 single_us=2503.958 rounds=21 round_min_us=2412.625 round_max_us=2623.250 round_cov_pct=1.815
ab group sha=e3603c6942491f2f threads=64000 extents=[1000, 8, 2, 64] tg=Some(64) count=24 pass=0 arm=e3603c6942491f2f.t8u_pad1280 marginal_us=1128.592 single_us=1151.375 rounds=21 round_min_us=1116.250 round_max_us=1181.125 round_cov_pct=1.684
ab cell label=process wall_ms=4807.757 cpu_ms=849.266 cpu_pct=17.7 rss_peak_mb=1620.6 footprint_mb=183.2 gpu_alloc_mb=1515.3 load_before=9.30 load_after=8.88
