raw arm=tip process=0 run=0 ms_per_token=10.9580
raw arm=tip process=0 run=1 ms_per_token=10.6410
raw arm=tip process=0 run=2 ms_per_token=10.6420
raw arm=tip process=0 run=3 ms_per_token=10.6730
raw arm=tip process=0 run=4 ms_per_token=10.6710
raw arm=tip process=0 run=5 ms_per_token=10.6560
raw arm=tip process=0 run=6 ms_per_token=10.6960
raw arm=tip process=0 run=7 ms_per_token=10.6800
raw arm=control process=0 run=0 ms_per_token=10.9820
raw arm=control process=0 run=1 ms_per_token=10.6840
raw arm=control process=0 run=2 ms_per_token=10.6640
raw arm=control process=0 run=3 ms_per_token=10.6260
raw arm=control process=0 run=4 ms_per_token=10.6470
raw arm=control process=0 run=5 ms_per_token=10.6430
raw arm=control process=0 run=6 ms_per_token=10.6590
raw arm=control process=0 run=7 ms_per_token=10.6400
raw arm=base process=0 run=0 ms_per_token=11.7830
raw arm=base process=0 run=1 ms_per_token=13.9330
raw arm=base process=0 run=2 ms_per_token=10.8890
raw arm=base process=0 run=3 ms_per_token=10.8670
raw arm=base process=0 run=4 ms_per_token=10.8670
raw arm=base process=0 run=5 ms_per_token=10.9120
raw arm=base process=0 run=6 ms_per_token=10.8630
raw arm=base process=0 run=7 ms_per_token=10.8610
raw arm=control process=1 run=0 ms_per_token=10.9260
raw arm=control process=1 run=1 ms_per_token=10.6510
raw arm=control process=1 run=2 ms_per_token=10.6650
raw arm=control process=1 run=3 ms_per_token=10.6870
raw arm=control process=1 run=4 ms_per_token=10.6930
raw arm=control process=1 run=5 ms_per_token=10.6540
raw arm=control process=1 run=6 ms_per_token=10.6670
raw arm=control process=1 run=7 ms_per_token=10.6620
raw arm=base process=1 run=0 ms_per_token=11.2110
raw arm=base process=1 run=1 ms_per_token=10.9380
raw arm=base process=1 run=2 ms_per_token=10.8800
raw arm=base process=1 run=3 ms_per_token=10.9030
raw arm=base process=1 run=4 ms_per_token=10.9360
raw arm=base process=1 run=5 ms_per_token=10.9070
raw arm=base process=1 run=6 ms_per_token=12.8730
raw arm=base process=1 run=7 ms_per_token=10.8970
raw arm=tip process=1 run=0 ms_per_token=10.9090
raw arm=tip process=1 run=1 ms_per_token=10.6250
raw arm=tip process=1 run=2 ms_per_token=10.6410
raw arm=tip process=1 run=3 ms_per_token=10.6300
raw arm=tip process=1 run=4 ms_per_token=10.6450
raw arm=tip process=1 run=5 ms_per_token=10.6310
raw arm=tip process=1 run=6 ms_per_token=10.6340
raw arm=tip process=1 run=7 ms_per_token=10.6000
raw arm=base process=2 run=0 ms_per_token=11.1940
raw arm=base process=2 run=1 ms_per_token=10.9160
raw arm=base process=2 run=2 ms_per_token=10.8720
raw arm=base process=2 run=3 ms_per_token=10.8800
raw arm=base process=2 run=4 ms_per_token=10.8340
raw arm=base process=2 run=5 ms_per_token=10.9090
raw arm=base process=2 run=6 ms_per_token=10.9030
raw arm=base process=2 run=7 ms_per_token=10.9080
raw arm=tip process=2 run=0 ms_per_token=10.9210
raw arm=tip process=2 run=1 ms_per_token=10.6480
raw arm=tip process=2 run=2 ms_per_token=10.5960
raw arm=tip process=2 run=3 ms_per_token=10.7010
raw arm=tip process=2 run=4 ms_per_token=13.1510
raw arm=tip process=2 run=5 ms_per_token=10.6380
raw arm=tip process=2 run=6 ms_per_token=10.6500
raw arm=tip process=2 run=7 ms_per_token=10.6230
raw arm=control process=2 run=0 ms_per_token=10.9450
raw arm=control process=2 run=1 ms_per_token=10.6360
raw arm=control process=2 run=2 ms_per_token=10.6410
raw arm=control process=2 run=3 ms_per_token=10.6530
raw arm=control process=2 run=4 ms_per_token=10.6710
raw arm=control process=2 run=5 ms_per_token=10.7150
raw arm=control process=2 run=6 ms_per_token=10.5870
raw arm=control process=2 run=7 ms_per_token=10.6520
arm=tip metric=ms_per_token process=0 run=1 value=10.6410 outlier=false
arm=tip metric=ms_per_token process=0 run=2 value=10.6420 outlier=false
arm=tip metric=ms_per_token process=0 run=3 value=10.6730 outlier=false
arm=tip metric=ms_per_token process=0 run=4 value=10.6710 outlier=false
arm=tip metric=ms_per_token process=0 run=5 value=10.6560 outlier=false
arm=tip metric=ms_per_token process=0 run=6 value=10.6960 outlier=false
arm=tip metric=ms_per_token process=0 run=7 value=10.6800 outlier=false
arm=tip metric=ms_per_token process=1 run=1 value=10.6250 outlier=false
arm=tip metric=ms_per_token process=1 run=2 value=10.6410 outlier=false
arm=tip metric=ms_per_token process=1 run=3 value=10.6300 outlier=false
arm=tip metric=ms_per_token process=1 run=4 value=10.6450 outlier=false
arm=tip metric=ms_per_token process=1 run=5 value=10.6310 outlier=false
arm=tip metric=ms_per_token process=1 run=6 value=10.6340 outlier=false
arm=tip metric=ms_per_token process=1 run=7 value=10.6000 outlier=false
arm=tip metric=ms_per_token process=2 run=1 value=10.6480 outlier=false
arm=tip metric=ms_per_token process=2 run=2 value=10.5960 outlier=false
arm=tip metric=ms_per_token process=2 run=3 value=10.7010 outlier=false
arm=tip metric=ms_per_token process=2 run=4 value=13.1510 outlier=true
arm=tip metric=ms_per_token process=2 run=5 value=10.6380 outlier=false
arm=tip metric=ms_per_token process=2 run=6 value=10.6500 outlier=false
arm=tip metric=ms_per_token process=2 run=7 value=10.6230 outlier=false
summary arm=tip metric=ms_per_token n_all=21 median_all=10.6420 cov_all_pct=4.96 min_all=10.5960 max_all=13.1510 | n_kept=20 median_kept=10.6415 mad_kept=0.0130 cov_kept_pct=0.25 min_kept=10.5960 max_kept=10.7010
arm=tip metric=prefill_ms process=0 run=1 value=88.0080 outlier=false
arm=tip metric=prefill_ms process=0 run=2 value=88.0250 outlier=false
arm=tip metric=prefill_ms process=0 run=3 value=87.9850 outlier=false
arm=tip metric=prefill_ms process=0 run=4 value=87.9640 outlier=false
arm=tip metric=prefill_ms process=0 run=5 value=88.0590 outlier=false
arm=tip metric=prefill_ms process=0 run=6 value=87.9610 outlier=false
arm=tip metric=prefill_ms process=0 run=7 value=88.0110 outlier=false
arm=tip metric=prefill_ms process=1 run=1 value=86.9790 outlier=false
arm=tip metric=prefill_ms process=1 run=2 value=86.9580 outlier=false
arm=tip metric=prefill_ms process=1 run=3 value=86.9400 outlier=false
arm=tip metric=prefill_ms process=1 run=4 value=88.0080 outlier=false
arm=tip metric=prefill_ms process=1 run=5 value=87.0180 outlier=false
arm=tip metric=prefill_ms process=1 run=6 value=86.9580 outlier=false
arm=tip metric=prefill_ms process=1 run=7 value=88.0100 outlier=false
arm=tip metric=prefill_ms process=2 run=1 value=86.9710 outlier=false
arm=tip metric=prefill_ms process=2 run=2 value=87.0450 outlier=false
arm=tip metric=prefill_ms process=2 run=3 value=86.9540 outlier=false
arm=tip metric=prefill_ms process=2 run=4 value=86.9930 outlier=false
arm=tip metric=prefill_ms process=2 run=5 value=102.0450 outlier=true
arm=tip metric=prefill_ms process=2 run=6 value=88.0550 outlier=false
arm=tip metric=prefill_ms process=2 run=7 value=86.9560 outlier=false
summary arm=tip metric=prefill_ms n_all=21 median_all=87.9610 cov_all_pct=3.56 min_all=86.9400 max_all=102.0450 | n_kept=20 median_kept=87.5030 mad_kept=0.5160 cov_kept_pct=0.59 min_kept=86.9400 max_kept=88.0590
arm=tip metric=ttft_ms process=0 run=1 value=88.0000 outlier=false
arm=tip metric=ttft_ms process=0 run=2 value=88.0000 outlier=false
arm=tip metric=ttft_ms process=0 run=3 value=88.0000 outlier=false
arm=tip metric=ttft_ms process=0 run=4 value=88.0000 outlier=false
arm=tip metric=ttft_ms process=0 run=5 value=88.0000 outlier=false
arm=tip metric=ttft_ms process=0 run=6 value=88.0000 outlier=false
arm=tip metric=ttft_ms process=0 run=7 value=88.0000 outlier=false
arm=tip metric=ttft_ms process=1 run=1 value=87.0000 outlier=false
arm=tip metric=ttft_ms process=1 run=2 value=87.0000 outlier=false
arm=tip metric=ttft_ms process=1 run=3 value=87.0000 outlier=false
arm=tip metric=ttft_ms process=1 run=4 value=88.0000 outlier=false
arm=tip metric=ttft_ms process=1 run=5 value=87.0000 outlier=false
arm=tip metric=ttft_ms process=1 run=6 value=87.0000 outlier=false
arm=tip metric=ttft_ms process=1 run=7 value=88.0000 outlier=false
arm=tip metric=ttft_ms process=2 run=1 value=87.0000 outlier=false
arm=tip metric=ttft_ms process=2 run=2 value=87.0000 outlier=false
arm=tip metric=ttft_ms process=2 run=3 value=87.0000 outlier=false
arm=tip metric=ttft_ms process=2 run=4 value=87.0000 outlier=false
arm=tip metric=ttft_ms process=2 run=5 value=102.0000 outlier=true
arm=tip metric=ttft_ms process=2 run=6 value=88.0000 outlier=false
arm=tip metric=ttft_ms process=2 run=7 value=87.0000 outlier=false
summary arm=tip metric=ttft_ms n_all=21 median_all=88.0000 cov_all_pct=3.54 min_all=87.0000 max_all=102.0000 | n_kept=20 median_kept=87.5000 mad_kept=0.5000 cov_kept_pct=0.57 min_kept=87.0000 max_kept=88.0000
memory arm=tip metric=peak_rss_bytes process=0 value=3609870336
memory arm=tip metric=peak_rss_bytes process=1 value=3626926080
memory arm=tip metric=peak_rss_bytes process=2 value=3632971776
summary arm=tip metric=peak_rss_bytes n=3 median=3626926080 max=3632971776
memory arm=tip metric=peak_footprint_bytes process=0 value=202663936
memory arm=tip metric=peak_footprint_bytes process=1 value=198945088
memory arm=tip metric=peak_footprint_bytes process=2 value=199764160
summary arm=tip metric=peak_footprint_bytes n=3 median=199764160 max=202663936
memory arm=tip metric=peak_gpu_bytes process=0 value=3389915136
memory arm=tip metric=peak_gpu_bytes process=1 value=3389947904
memory arm=tip metric=peak_gpu_bytes process=2 value=3389947904
summary arm=tip metric=peak_gpu_bytes n=3 median=3389947904 max=3389947904
extra arm=tip process=0 peers_present_at_exit=[]
extra arm=tip process=1 peers_present_at_exit=[]
extra arm=tip process=2 peers_present_at_exit=[]
arm=control metric=ms_per_token process=0 run=1 value=10.6840 outlier=false
arm=control metric=ms_per_token process=0 run=2 value=10.6640 outlier=false
arm=control metric=ms_per_token process=0 run=3 value=10.6260 outlier=false
arm=control metric=ms_per_token process=0 run=4 value=10.6470 outlier=false
arm=control metric=ms_per_token process=0 run=5 value=10.6430 outlier=false
arm=control metric=ms_per_token process=0 run=6 value=10.6590 outlier=false
arm=control metric=ms_per_token process=0 run=7 value=10.6400 outlier=false
arm=control metric=ms_per_token process=1 run=1 value=10.6510 outlier=false
arm=control metric=ms_per_token process=1 run=2 value=10.6650 outlier=false
arm=control metric=ms_per_token process=1 run=3 value=10.6870 outlier=false
arm=control metric=ms_per_token process=1 run=4 value=10.6930 outlier=false
arm=control metric=ms_per_token process=1 run=5 value=10.6540 outlier=false
arm=control metric=ms_per_token process=1 run=6 value=10.6670 outlier=false
arm=control metric=ms_per_token process=1 run=7 value=10.6620 outlier=false
arm=control metric=ms_per_token process=2 run=1 value=10.6360 outlier=false
arm=control metric=ms_per_token process=2 run=2 value=10.6410 outlier=false
arm=control metric=ms_per_token process=2 run=3 value=10.6530 outlier=false
arm=control metric=ms_per_token process=2 run=4 value=10.6710 outlier=false
arm=control metric=ms_per_token process=2 run=5 value=10.7150 outlier=true
arm=control metric=ms_per_token process=2 run=6 value=10.5870 outlier=true
arm=control metric=ms_per_token process=2 run=7 value=10.6520 outlier=false
summary arm=control metric=ms_per_token n_all=21 median_all=10.6540 cov_all_pct=0.24 min_all=10.5870 max_all=10.7150 | n_kept=19 median_kept=10.6540 mad_kept=0.0110 cov_kept_pct=0.16 min_kept=10.6260 max_kept=10.6930
arm=control metric=prefill_ms process=0 run=1 value=88.0170 outlier=false
arm=control metric=prefill_ms process=0 run=2 value=87.9380 outlier=false
arm=control metric=prefill_ms process=0 run=3 value=88.0000 outlier=false
arm=control metric=prefill_ms process=0 run=4 value=87.9840 outlier=false
arm=control metric=prefill_ms process=0 run=5 value=88.0400 outlier=false
arm=control metric=prefill_ms process=0 run=6 value=87.0290 outlier=true
arm=control metric=prefill_ms process=0 run=7 value=87.9650 outlier=false
arm=control metric=prefill_ms process=1 run=1 value=88.0510 outlier=false
arm=control metric=prefill_ms process=1 run=2 value=87.9480 outlier=false
arm=control metric=prefill_ms process=1 run=3 value=87.9950 outlier=false
arm=control metric=prefill_ms process=1 run=4 value=87.9770 outlier=false
arm=control metric=prefill_ms process=1 run=5 value=88.0450 outlier=false
arm=control metric=prefill_ms process=1 run=6 value=87.9660 outlier=false
arm=control metric=prefill_ms process=1 run=7 value=87.9700 outlier=false
arm=control metric=prefill_ms process=2 run=1 value=86.9440 outlier=true
arm=control metric=prefill_ms process=2 run=2 value=86.9700 outlier=true
arm=control metric=prefill_ms process=2 run=3 value=87.0030 outlier=true
arm=control metric=prefill_ms process=2 run=4 value=86.9580 outlier=true
arm=control metric=prefill_ms process=2 run=5 value=86.9880 outlier=true
arm=control metric=prefill_ms process=2 run=6 value=86.9690 outlier=true
arm=control metric=prefill_ms process=2 run=7 value=86.9910 outlier=true
summary arm=control metric=prefill_ms n_all=21 median_all=87.9650 cov_all_pct=0.56 min_all=86.9440 max_all=88.0510 | n_kept=13 median_kept=87.9840 mad_kept=0.0190 cov_kept_pct=0.04 min_kept=87.9380 max_kept=88.0510
arm=control metric=ttft_ms process=0 run=1 value=88.0000 outlier=false
arm=control metric=ttft_ms process=0 run=2 value=88.0000 outlier=false
arm=control metric=ttft_ms process=0 run=3 value=88.0000 outlier=false
arm=control metric=ttft_ms process=0 run=4 value=88.0000 outlier=false
arm=control metric=ttft_ms process=0 run=5 value=88.0000 outlier=false
arm=control metric=ttft_ms process=0 run=6 value=87.0000 outlier=false
arm=control metric=ttft_ms process=0 run=7 value=88.0000 outlier=false
arm=control metric=ttft_ms process=1 run=1 value=88.0000 outlier=false
arm=control metric=ttft_ms process=1 run=2 value=88.0000 outlier=false
arm=control metric=ttft_ms process=1 run=3 value=88.0000 outlier=false
arm=control metric=ttft_ms process=1 run=4 value=88.0000 outlier=false
arm=control metric=ttft_ms process=1 run=5 value=88.0000 outlier=false
arm=control metric=ttft_ms process=1 run=6 value=88.0000 outlier=false
arm=control metric=ttft_ms process=1 run=7 value=88.0000 outlier=false
arm=control metric=ttft_ms process=2 run=1 value=87.0000 outlier=false
arm=control metric=ttft_ms process=2 run=2 value=87.0000 outlier=false
arm=control metric=ttft_ms process=2 run=3 value=87.0000 outlier=false
arm=control metric=ttft_ms process=2 run=4 value=87.0000 outlier=false
arm=control metric=ttft_ms process=2 run=5 value=87.0000 outlier=false
arm=control metric=ttft_ms process=2 run=6 value=87.0000 outlier=false
arm=control metric=ttft_ms process=2 run=7 value=87.0000 outlier=false
summary arm=control metric=ttft_ms n_all=21 median_all=88.0000 cov_all_pct=0.55 min_all=87.0000 max_all=88.0000 | n_kept=21 median_kept=88.0000 mad_kept=0.0000 cov_kept_pct=0.55 min_kept=87.0000 max_kept=88.0000
memory arm=control metric=peak_rss_bytes process=0 value=3630120960
memory arm=control metric=peak_rss_bytes process=1 value=3634561024
memory arm=control metric=peak_rss_bytes process=2 value=3615735808
summary arm=control metric=peak_rss_bytes n=3 median=3630120960 max=3634561024
memory arm=control metric=peak_footprint_bytes process=0 value=208496832
memory arm=control metric=peak_footprint_bytes process=1 value=200517824
memory arm=control metric=peak_footprint_bytes process=2 value=199485568
summary arm=control metric=peak_footprint_bytes n=3 median=200517824 max=208496832
memory arm=control metric=peak_gpu_bytes process=0 value=3390078976
memory arm=control metric=peak_gpu_bytes process=1 value=3389947904
memory arm=control metric=peak_gpu_bytes process=2 value=3389947904
summary arm=control metric=peak_gpu_bytes n=3 median=3389947904 max=3390078976
extra arm=control process=0 peers_present_at_exit=[]
extra arm=control process=1 peers_present_at_exit=[]
extra arm=control process=2 peers_present_at_exit=[]
arm=base metric=ms_per_token process=0 run=1 value=13.9330 outlier=true
arm=base metric=ms_per_token process=0 run=2 value=10.8890 outlier=false
arm=base metric=ms_per_token process=0 run=3 value=10.8670 outlier=false
arm=base metric=ms_per_token process=0 run=4 value=10.8670 outlier=false
arm=base metric=ms_per_token process=0 run=5 value=10.9120 outlier=false
arm=base metric=ms_per_token process=0 run=6 value=10.8630 outlier=false
arm=base metric=ms_per_token process=0 run=7 value=10.8610 outlier=false
arm=base metric=ms_per_token process=1 run=1 value=10.9380 outlier=false
arm=base metric=ms_per_token process=1 run=2 value=10.8800 outlier=false
arm=base metric=ms_per_token process=1 run=3 value=10.9030 outlier=false
arm=base metric=ms_per_token process=1 run=4 value=10.9360 outlier=false
arm=base metric=ms_per_token process=1 run=5 value=10.9070 outlier=false
arm=base metric=ms_per_token process=1 run=6 value=12.8730 outlier=true
arm=base metric=ms_per_token process=1 run=7 value=10.8970 outlier=false
arm=base metric=ms_per_token process=2 run=1 value=10.9160 outlier=false
arm=base metric=ms_per_token process=2 run=2 value=10.8720 outlier=false
arm=base metric=ms_per_token process=2 run=3 value=10.8800 outlier=false
arm=base metric=ms_per_token process=2 run=4 value=10.8340 outlier=false
arm=base metric=ms_per_token process=2 run=5 value=10.9090 outlier=false
arm=base metric=ms_per_token process=2 run=6 value=10.9030 outlier=false
arm=base metric=ms_per_token process=2 run=7 value=10.9080 outlier=false
summary arm=base metric=ms_per_token n_all=21 median_all=10.9030 cov_all_pct=6.79 min_all=10.8340 max_all=13.9330 | n_kept=19 median_kept=10.8970 mad_kept=0.0170 cov_kept_pct=0.24 min_kept=10.8340 max_kept=10.9380
arm=base metric=prefill_ms process=0 run=1 value=100.0160 outlier=true
arm=base metric=prefill_ms process=0 run=2 value=112.0490 outlier=true
arm=base metric=prefill_ms process=0 run=3 value=88.0220 outlier=false
arm=base metric=prefill_ms process=0 run=4 value=88.9760 outlier=true
arm=base metric=prefill_ms process=0 run=5 value=87.9570 outlier=false
arm=base metric=prefill_ms process=0 run=6 value=88.0410 outlier=false
arm=base metric=prefill_ms process=0 run=7 value=87.9850 outlier=false
arm=base metric=prefill_ms process=1 run=1 value=88.0300 outlier=false
arm=base metric=prefill_ms process=1 run=2 value=87.9560 outlier=false
arm=base metric=prefill_ms process=1 run=3 value=88.0160 outlier=false
arm=base metric=prefill_ms process=1 run=4 value=87.9690 outlier=false
arm=base metric=prefill_ms process=1 run=5 value=89.0600 outlier=true
arm=base metric=prefill_ms process=1 run=6 value=88.0550 outlier=false
arm=base metric=prefill_ms process=1 run=7 value=120.9940 outlier=true
arm=base metric=prefill_ms process=2 run=1 value=86.9850 outlier=true
arm=base metric=prefill_ms process=2 run=2 value=87.9420 outlier=false
arm=base metric=prefill_ms process=2 run=3 value=89.0240 outlier=true
arm=base metric=prefill_ms process=2 run=4 value=87.0440 outlier=true
arm=base metric=prefill_ms process=2 run=5 value=87.9440 outlier=false
arm=base metric=prefill_ms process=2 run=6 value=88.0590 outlier=false
arm=base metric=prefill_ms process=2 run=7 value=87.9520 outlier=false
summary arm=base metric=prefill_ms n_all=21 median_all=88.0220 cov_all_pct=9.50 min_all=86.9850 max_all=120.9940 | n_kept=13 median_kept=87.9850 mad_kept=0.0370 cov_kept_pct=0.05 min_kept=87.9420 max_kept=88.0590
arm=base metric=ttft_ms process=0 run=1 value=100.0000 outlier=false
arm=base metric=ttft_ms process=0 run=2 value=112.0000 outlier=false
arm=base metric=ttft_ms process=0 run=3 value=88.0000 outlier=false
arm=base metric=ttft_ms process=0 run=4 value=89.0000 outlier=false
arm=base metric=ttft_ms process=0 run=5 value=88.0000 outlier=false
arm=base metric=ttft_ms process=0 run=6 value=88.0000 outlier=false
arm=base metric=ttft_ms process=0 run=7 value=88.0000 outlier=false
arm=base metric=ttft_ms process=1 run=1 value=88.0000 outlier=false
arm=base metric=ttft_ms process=1 run=2 value=88.0000 outlier=false
arm=base metric=ttft_ms process=1 run=3 value=88.0000 outlier=false
arm=base metric=ttft_ms process=1 run=4 value=88.0000 outlier=false
arm=base metric=ttft_ms process=1 run=5 value=89.0000 outlier=false
arm=base metric=ttft_ms process=1 run=6 value=88.0000 outlier=false
arm=base metric=ttft_ms process=1 run=7 value=121.0000 outlier=false
arm=base metric=ttft_ms process=2 run=1 value=87.0000 outlier=false
arm=base metric=ttft_ms process=2 run=2 value=88.0000 outlier=false
arm=base metric=ttft_ms process=2 run=3 value=89.0000 outlier=false
arm=base metric=ttft_ms process=2 run=4 value=87.0000 outlier=false
arm=base metric=ttft_ms process=2 run=5 value=88.0000 outlier=false
arm=base metric=ttft_ms process=2 run=6 value=88.0000 outlier=false
arm=base metric=ttft_ms process=2 run=7 value=88.0000 outlier=false
summary arm=base metric=ttft_ms n_all=21 median_all=88.0000 cov_all_pct=9.50 min_all=87.0000 max_all=121.0000 | n_kept=21 median_kept=88.0000 mad_kept=0.0000 cov_kept_pct=9.50 min_kept=87.0000 max_kept=121.0000
memory arm=base metric=peak_rss_bytes process=0 value=3634151424
memory arm=base metric=peak_rss_bytes process=1 value=3630645248
memory arm=base metric=peak_rss_bytes process=2 value=3617275904
summary arm=base metric=peak_rss_bytes n=3 median=3630645248 max=3634151424
memory arm=base metric=peak_footprint_bytes process=0 value=208775296
memory arm=base metric=peak_footprint_bytes process=1 value=202434752
memory arm=base metric=peak_footprint_bytes process=2 value=198666240
summary arm=base metric=peak_footprint_bytes n=3 median=202434752 max=208775296
memory arm=base metric=peak_gpu_bytes process=0 value=3389947904
memory arm=base metric=peak_gpu_bytes process=1 value=3389947904
memory arm=base metric=peak_gpu_bytes process=2 value=3389947904
summary arm=base metric=peak_gpu_bytes n=3 median=3389947904 max=3389947904
extra arm=base process=0 peers_present_at_exit=[]
extra arm=base process=1 peers_present_at_exit=[]
extra arm=base process=2 peers_present_at_exit=[]
bound metric=ms_per_token arm=control vs=tip arm_median=10.6540 reference_median=10.6415 delta=0.0125 limit=0.2128 within=true
bound metric=prefill_ms arm=control vs=tip arm_median=87.9840 reference_median=87.5030 delta=0.4810 limit=1.7501 within=true
bound metric=ttft_ms arm=control vs=tip arm_median=88.0000 reference_median=87.5000 delta=0.5000 limit=1.7500 within=true
bound metric=peak_rss_bytes arm=control vs=tip arm_median=3630120960 reference_median=3626926080 delta=3194880 limit=72538522 within=true
bound metric=peak_footprint_bytes arm=control vs=tip arm_median=200517824 reference_median=199764160 delta=753664 limit=3995283 within=true
bound metric=peak_gpu_bytes arm=control vs=tip arm_median=3389947904 reference_median=3389947904 delta=0 limit=67798958 within=true
bound metric=ms_per_token arm=base vs=tip arm_median=10.8970 reference_median=10.6415 delta=0.2555 limit=0.2128 within=false
bound metric=prefill_ms arm=base vs=tip arm_median=87.9850 reference_median=87.5030 delta=0.4820 limit=1.7501 within=true
bound metric=ttft_ms arm=base vs=tip arm_median=88.0000 reference_median=87.5000 delta=0.5000 limit=1.7500 within=true
bound metric=peak_rss_bytes arm=base vs=tip arm_median=3630645248 reference_median=3626926080 delta=3719168 limit=72538522 within=true
bound metric=peak_footprint_bytes arm=base vs=tip arm_median=202434752 reference_median=199764160 delta=2670592 limit=3995283 within=true
bound metric=peak_gpu_bytes arm=base vs=tip arm_median=3389947904 reference_median=3389947904 delta=0 limit=67798958 within=true
bound metric=ms_per_token arm=base vs=control arm_median=10.8970 reference_median=10.6540 delta=0.2430 limit=0.2131 within=false
bound metric=prefill_ms arm=base vs=control arm_median=87.9850 reference_median=87.9840 delta=0.0010 limit=1.7597 within=true
bound metric=ttft_ms arm=base vs=control arm_median=88.0000 reference_median=88.0000 delta=0.0000 limit=1.7600 within=true
bound metric=peak_rss_bytes arm=base vs=control arm_median=3630645248 reference_median=3630120960 delta=524288 limit=72602419 within=true
bound metric=peak_footprint_bytes arm=base vs=control arm_median=202434752 reference_median=200517824 delta=1916928 limit=4010356 within=true
bound metric=peak_gpu_bytes arm=base vs=control arm_median=3389947904 reference_median=3389947904 delta=0 limit=67798958 within=true
