ab capture: step=5 dispatches=941 groups=56
ab bits sha=7d04ff7a9efdebb7 threads=49152 extents=[1, 1536, 6144] arm=base elements=6144 differing=0 max_ulp=0 max_abs=0e0 max_abs_over_largest=0e0
ab bits sha=7d04ff7a9efdebb7 threads=49152 extents=[1, 1536, 6144] arm=7d04ff7a9efdebb7.copy elements=6144 differing=0 max_ulp=0 max_abs=0e0 max_abs_over_largest=0e0
ab bits sha=7d04ff7a9efdebb7 threads=49152 extents=[1, 1536, 6144] arm=7d04ff7a9efdebb7.dedupe elements=6144 differing=6144 max_ulp=2172859017 max_abs=2.9548065e1 max_abs_over_largest=1.710131e0
ab bits sha=7d04ff7a9efdebb7 threads=49152 extents=[1, 1536, 6144] arm=7d04ff7a9efdebb7.hoist elements=6144 differing=8 max_ulp=6 max_abs=2.3841858e-7 max_abs_over_largest=1.3798772e-8
ab bits sha=7d04ff7a9efdebb7 threads=49152 extents=[1, 1536, 6144] arm=7d04ff7a9efdebb7.immed elements=6144 differing=8 max_ulp=6 max_abs=2.3841858e-7 max_abs_over_largest=1.3798772e-8
ab step sha=7d04ff7a9efdebb7 threads=49152 extents=[1, 1536, 6144] count=15 pass=0 arm=base step_ms=11.3018
ab step sha=7d04ff7a9efdebb7 threads=49152 extents=[1, 1536, 6144] count=15 pass=0 arm=omit_group step_ms=10.7216
ab step sha=7d04ff7a9efdebb7 threads=49152 extents=[1, 1536, 6144] count=15 pass=0 arm=7d04ff7a9efdebb7.copy step_ms=11.2954
ab step sha=7d04ff7a9efdebb7 threads=49152 extents=[1, 1536, 6144] count=15 pass=0 arm=7d04ff7a9efdebb7.dedupe step_ms=11.2762
ab step sha=7d04ff7a9efdebb7 threads=49152 extents=[1, 1536, 6144] count=15 pass=0 arm=7d04ff7a9efdebb7.hoist step_ms=11.1739
ab step sha=7d04ff7a9efdebb7 threads=49152 extents=[1, 1536, 6144] count=15 pass=0 arm=7d04ff7a9efdebb7.immed step_ms=11.1723
ab step sha=7d04ff7a9efdebb7 threads=49152 extents=[1, 1536, 6144] count=15 pass=1 arm=base step_ms=11.2747
ab step sha=7d04ff7a9efdebb7 threads=49152 extents=[1, 1536, 6144] count=15 pass=1 arm=omit_group step_ms=10.6856
ab step sha=7d04ff7a9efdebb7 threads=49152 extents=[1, 1536, 6144] count=15 pass=1 arm=7d04ff7a9efdebb7.copy step_ms=11.3001
ab step sha=7d04ff7a9efdebb7 threads=49152 extents=[1, 1536, 6144] count=15 pass=1 arm=7d04ff7a9efdebb7.dedupe step_ms=11.2269
ab step sha=7d04ff7a9efdebb7 threads=49152 extents=[1, 1536, 6144] count=15 pass=1 arm=7d04ff7a9efdebb7.hoist step_ms=11.0832
ab step sha=7d04ff7a9efdebb7 threads=49152 extents=[1, 1536, 6144] count=15 pass=1 arm=7d04ff7a9efdebb7.immed step_ms=11.1262
ab step sha=7d04ff7a9efdebb7 threads=49152 extents=[1, 1536, 6144] count=15 pass=2 arm=base step_ms=11.2855
ab step sha=7d04ff7a9efdebb7 threads=49152 extents=[1, 1536, 6144] count=15 pass=2 arm=omit_group step_ms=10.7221
ab step sha=7d04ff7a9efdebb7 threads=49152 extents=[1, 1536, 6144] count=15 pass=2 arm=7d04ff7a9efdebb7.copy step_ms=11.2708
ab step sha=7d04ff7a9efdebb7 threads=49152 extents=[1, 1536, 6144] count=15 pass=2 arm=7d04ff7a9efdebb7.dedupe step_ms=11.2284
ab step sha=7d04ff7a9efdebb7 threads=49152 extents=[1, 1536, 6144] count=15 pass=2 arm=7d04ff7a9efdebb7.hoist step_ms=11.1618
ab step sha=7d04ff7a9efdebb7 threads=49152 extents=[1, 1536, 6144] count=15 pass=2 arm=7d04ff7a9efdebb7.immed step_ms=11.1580
ab bits sha=7d04ff7a9efdebb7 threads=98304 extents=[1, 1536, 12288] arm=base elements=12288 differing=0 max_ulp=0 max_abs=0e0 max_abs_over_largest=0e0
ab bits sha=7d04ff7a9efdebb7 threads=98304 extents=[1, 1536, 12288] arm=7d04ff7a9efdebb7.copy elements=12288 differing=0 max_ulp=0 max_abs=0e0 max_abs_over_largest=0e0
ab bits sha=7d04ff7a9efdebb7 threads=98304 extents=[1, 1536, 12288] arm=7d04ff7a9efdebb7.dedupe elements=12288 differing=12288 max_ulp=2143760639 max_abs=6.838958e1 max_abs_over_largest=3.350869e0
ab bits sha=7d04ff7a9efdebb7 threads=98304 extents=[1, 1536, 12288] arm=7d04ff7a9efdebb7.hoist elements=12288 differing=0 max_ulp=0 max_abs=0e0 max_abs_over_largest=0e0
ab bits sha=7d04ff7a9efdebb7 threads=98304 extents=[1, 1536, 12288] arm=7d04ff7a9efdebb7.immed elements=12288 differing=0 max_ulp=0 max_abs=0e0 max_abs_over_largest=0e0
ab step sha=7d04ff7a9efdebb7 threads=98304 extents=[1, 1536, 12288] count=20 pass=0 arm=base step_ms=11.2770
ab step sha=7d04ff7a9efdebb7 threads=98304 extents=[1, 1536, 12288] count=20 pass=0 arm=omit_group step_ms=10.0669
ab step sha=7d04ff7a9efdebb7 threads=98304 extents=[1, 1536, 12288] count=20 pass=0 arm=7d04ff7a9efdebb7.copy step_ms=11.2602
ab step sha=7d04ff7a9efdebb7 threads=98304 extents=[1, 1536, 12288] count=20 pass=0 arm=7d04ff7a9efdebb7.dedupe step_ms=11.1746
ab step sha=7d04ff7a9efdebb7 threads=98304 extents=[1, 1536, 12288] count=20 pass=0 arm=7d04ff7a9efdebb7.hoist step_ms=11.0410
ab step sha=7d04ff7a9efdebb7 threads=98304 extents=[1, 1536, 12288] count=20 pass=0 arm=7d04ff7a9efdebb7.immed step_ms=11.0361
ab step sha=7d04ff7a9efdebb7 threads=98304 extents=[1, 1536, 12288] count=20 pass=1 arm=base step_ms=11.3264
ab step sha=7d04ff7a9efdebb7 threads=98304 extents=[1, 1536, 12288] count=20 pass=1 arm=omit_group step_ms=10.0471
ab step sha=7d04ff7a9efdebb7 threads=98304 extents=[1, 1536, 12288] count=20 pass=1 arm=7d04ff7a9efdebb7.copy step_ms=11.3184
ab step sha=7d04ff7a9efdebb7 threads=98304 extents=[1, 1536, 12288] count=20 pass=1 arm=7d04ff7a9efdebb7.dedupe step_ms=11.1353
ab step sha=7d04ff7a9efdebb7 threads=98304 extents=[1, 1536, 12288] count=20 pass=1 arm=7d04ff7a9efdebb7.hoist step_ms=11.0210
ab step sha=7d04ff7a9efdebb7 threads=98304 extents=[1, 1536, 12288] count=20 pass=1 arm=7d04ff7a9efdebb7.immed step_ms=10.9898
ab step sha=7d04ff7a9efdebb7 threads=98304 extents=[1, 1536, 12288] count=20 pass=2 arm=base step_ms=11.2634
ab step sha=7d04ff7a9efdebb7 threads=98304 extents=[1, 1536, 12288] count=20 pass=2 arm=omit_group step_ms=10.0107
ab step sha=7d04ff7a9efdebb7 threads=98304 extents=[1, 1536, 12288] count=20 pass=2 arm=7d04ff7a9efdebb7.copy step_ms=11.2755
ab step sha=7d04ff7a9efdebb7 threads=98304 extents=[1, 1536, 12288] count=20 pass=2 arm=7d04ff7a9efdebb7.dedupe step_ms=11.1301
ab step sha=7d04ff7a9efdebb7 threads=98304 extents=[1, 1536, 12288] count=20 pass=2 arm=7d04ff7a9efdebb7.hoist step_ms=10.9964
ab step sha=7d04ff7a9efdebb7 threads=98304 extents=[1, 1536, 12288] count=20 pass=2 arm=7d04ff7a9efdebb7.immed step_ms=10.9785
