ab capture: step=5 dispatches=941 groups=56
ab bits sha=7d04ff7a9efdebb7 threads=49152 extents=[1, 1536, 6144] arm=base elements=6144 differing=0 max_ulp=0 max_abs=0e0 max_abs_over_largest=0e0
ab bits sha=7d04ff7a9efdebb7 threads=49152 extents=[1, 1536, 6144] arm=7d04ff7a9efdebb7.copy elements=6144 differing=0 max_ulp=0 max_abs=0e0 max_abs_over_largest=0e0
ab bits sha=7d04ff7a9efdebb7 threads=49152 extents=[1, 1536, 6144] arm=7d04ff7a9efdebb7.cspace elements=6144 differing=10 max_ulp=9 max_abs=2.682209e-7 max_abs_over_largest=1.5523618e-8
ab bits sha=7d04ff7a9efdebb7 threads=49152 extents=[1, 1536, 6144] arm=7d04ff7a9efdebb7.dedupe elements=6144 differing=10 max_ulp=9 max_abs=2.682209e-7 max_abs_over_largest=1.5523618e-8
ab bits sha=7d04ff7a9efdebb7 threads=49152 extents=[1, 1536, 6144] arm=7d04ff7a9efdebb7.hoist elements=6144 differing=8 max_ulp=6 max_abs=2.3841858e-7 max_abs_over_largest=1.3798772e-8
ab bits sha=7d04ff7a9efdebb7 threads=49152 extents=[1, 1536, 6144] arm=7d04ff7a9efdebb7.immed elements=6144 differing=8 max_ulp=6 max_abs=2.3841858e-7 max_abs_over_largest=1.3798772e-8
ab bits sha=7d04ff7a9efdebb7 threads=49152 extents=[1, 1536, 6144] arm=7d04ff7a9efdebb7.preload elements=6144 differing=2255 max_ulp=8 max_abs=9.536743e-7 max_abs_over_largest=5.5195088e-8
ab step sha=7d04ff7a9efdebb7 threads=49152 extents=[1, 1536, 6144] count=15 pass=0 arm=base step_ms=11.3501
ab step sha=7d04ff7a9efdebb7 threads=49152 extents=[1, 1536, 6144] count=15 pass=0 arm=omit_group step_ms=10.7829
ab step sha=7d04ff7a9efdebb7 threads=49152 extents=[1, 1536, 6144] count=15 pass=0 arm=7d04ff7a9efdebb7.copy step_ms=11.3357
ab step sha=7d04ff7a9efdebb7 threads=49152 extents=[1, 1536, 6144] count=15 pass=0 arm=7d04ff7a9efdebb7.cspace step_ms=11.2395
ab step sha=7d04ff7a9efdebb7 threads=49152 extents=[1, 1536, 6144] count=15 pass=0 arm=7d04ff7a9efdebb7.dedupe step_ms=11.2706
ab step sha=7d04ff7a9efdebb7 threads=49152 extents=[1, 1536, 6144] count=15 pass=0 arm=7d04ff7a9efdebb7.hoist step_ms=11.1463
ab step sha=7d04ff7a9efdebb7 threads=49152 extents=[1, 1536, 6144] count=15 pass=0 arm=7d04ff7a9efdebb7.immed step_ms=11.1402
ab step sha=7d04ff7a9efdebb7 threads=49152 extents=[1, 1536, 6144] count=15 pass=0 arm=7d04ff7a9efdebb7.preload step_ms=11.2295
ab step sha=7d04ff7a9efdebb7 threads=49152 extents=[1, 1536, 6144] count=15 pass=1 arm=base step_ms=11.3306
ab step sha=7d04ff7a9efdebb7 threads=49152 extents=[1, 1536, 6144] count=15 pass=1 arm=omit_group step_ms=10.7723
ab step sha=7d04ff7a9efdebb7 threads=49152 extents=[1, 1536, 6144] count=15 pass=1 arm=7d04ff7a9efdebb7.copy step_ms=11.3285
ab step sha=7d04ff7a9efdebb7 threads=49152 extents=[1, 1536, 6144] count=15 pass=1 arm=7d04ff7a9efdebb7.cspace step_ms=11.2939
ab step sha=7d04ff7a9efdebb7 threads=49152 extents=[1, 1536, 6144] count=15 pass=1 arm=7d04ff7a9efdebb7.dedupe step_ms=11.2761
ab step sha=7d04ff7a9efdebb7 threads=49152 extents=[1, 1536, 6144] count=15 pass=1 arm=7d04ff7a9efdebb7.hoist step_ms=11.1940
ab step sha=7d04ff7a9efdebb7 threads=49152 extents=[1, 1536, 6144] count=15 pass=1 arm=7d04ff7a9efdebb7.immed step_ms=11.1852
ab step sha=7d04ff7a9efdebb7 threads=49152 extents=[1, 1536, 6144] count=15 pass=1 arm=7d04ff7a9efdebb7.preload step_ms=11.2890
ab step sha=7d04ff7a9efdebb7 threads=49152 extents=[1, 1536, 6144] count=15 pass=2 arm=base step_ms=11.3433
ab step sha=7d04ff7a9efdebb7 threads=49152 extents=[1, 1536, 6144] count=15 pass=2 arm=omit_group step_ms=10.7702
ab step sha=7d04ff7a9efdebb7 threads=49152 extents=[1, 1536, 6144] count=15 pass=2 arm=7d04ff7a9efdebb7.copy step_ms=11.3413
ab step sha=7d04ff7a9efdebb7 threads=49152 extents=[1, 1536, 6144] count=15 pass=2 arm=7d04ff7a9efdebb7.cspace step_ms=11.2720
ab step sha=7d04ff7a9efdebb7 threads=49152 extents=[1, 1536, 6144] count=15 pass=2 arm=7d04ff7a9efdebb7.dedupe step_ms=11.2663
ab step sha=7d04ff7a9efdebb7 threads=49152 extents=[1, 1536, 6144] count=15 pass=2 arm=7d04ff7a9efdebb7.hoist step_ms=11.1941
ab step sha=7d04ff7a9efdebb7 threads=49152 extents=[1, 1536, 6144] count=15 pass=2 arm=7d04ff7a9efdebb7.immed step_ms=11.1858
ab step sha=7d04ff7a9efdebb7 threads=49152 extents=[1, 1536, 6144] count=15 pass=2 arm=7d04ff7a9efdebb7.preload step_ms=11.2773
ab bits sha=7d04ff7a9efdebb7 threads=98304 extents=[1, 1536, 12288] arm=base elements=12288 differing=0 max_ulp=0 max_abs=0e0 max_abs_over_largest=0e0
ab bits sha=7d04ff7a9efdebb7 threads=98304 extents=[1, 1536, 12288] arm=7d04ff7a9efdebb7.copy elements=12288 differing=0 max_ulp=0 max_abs=0e0 max_abs_over_largest=0e0
ab bits sha=7d04ff7a9efdebb7 threads=98304 extents=[1, 1536, 12288] arm=7d04ff7a9efdebb7.cspace elements=12288 differing=1 max_ulp=3 max_abs=8.940697e-8 max_abs_over_largest=4.380651e-9
ab bits sha=7d04ff7a9efdebb7 threads=98304 extents=[1, 1536, 12288] arm=7d04ff7a9efdebb7.dedupe elements=12288 differing=1 max_ulp=3 max_abs=8.940697e-8 max_abs_over_largest=4.380651e-9
ab bits sha=7d04ff7a9efdebb7 threads=98304 extents=[1, 1536, 12288] arm=7d04ff7a9efdebb7.hoist elements=12288 differing=0 max_ulp=0 max_abs=0e0 max_abs_over_largest=0e0
ab bits sha=7d04ff7a9efdebb7 threads=98304 extents=[1, 1536, 12288] arm=7d04ff7a9efdebb7.immed elements=12288 differing=0 max_ulp=0 max_abs=0e0 max_abs_over_largest=0e0
ab bits sha=7d04ff7a9efdebb7 threads=98304 extents=[1, 1536, 12288] arm=7d04ff7a9efdebb7.preload elements=12288 differing=4228 max_ulp=3 max_abs=9.536743e-7 max_abs_over_largest=4.6726946e-8
ab step sha=7d04ff7a9efdebb7 threads=98304 extents=[1, 1536, 12288] count=20 pass=0 arm=base step_ms=11.3526
ab step sha=7d04ff7a9efdebb7 threads=98304 extents=[1, 1536, 12288] count=20 pass=0 arm=omit_group step_ms=10.1092
ab step sha=7d04ff7a9efdebb7 threads=98304 extents=[1, 1536, 12288] count=20 pass=0 arm=7d04ff7a9efdebb7.copy step_ms=11.3756
ab step sha=7d04ff7a9efdebb7 threads=98304 extents=[1, 1536, 12288] count=20 pass=0 arm=7d04ff7a9efdebb7.cspace step_ms=11.2340
ab step sha=7d04ff7a9efdebb7 threads=98304 extents=[1, 1536, 12288] count=20 pass=0 arm=7d04ff7a9efdebb7.dedupe step_ms=11.2208
ab step sha=7d04ff7a9efdebb7 threads=98304 extents=[1, 1536, 12288] count=20 pass=0 arm=7d04ff7a9efdebb7.hoist step_ms=11.0709
ab step sha=7d04ff7a9efdebb7 threads=98304 extents=[1, 1536, 12288] count=20 pass=0 arm=7d04ff7a9efdebb7.immed step_ms=11.0535
ab step sha=7d04ff7a9efdebb7 threads=98304 extents=[1, 1536, 12288] count=20 pass=0 arm=7d04ff7a9efdebb7.preload step_ms=11.2464
ab step sha=7d04ff7a9efdebb7 threads=98304 extents=[1, 1536, 12288] count=20 pass=1 arm=base step_ms=11.3513
ab step sha=7d04ff7a9efdebb7 threads=98304 extents=[1, 1536, 12288] count=20 pass=1 arm=omit_group step_ms=10.1143
ab step sha=7d04ff7a9efdebb7 threads=98304 extents=[1, 1536, 12288] count=20 pass=1 arm=7d04ff7a9efdebb7.copy step_ms=11.3672
ab step sha=7d04ff7a9efdebb7 threads=98304 extents=[1, 1536, 12288] count=20 pass=1 arm=7d04ff7a9efdebb7.cspace step_ms=11.2057
ab step sha=7d04ff7a9efdebb7 threads=98304 extents=[1, 1536, 12288] count=20 pass=1 arm=7d04ff7a9efdebb7.dedupe step_ms=11.2121
ab step sha=7d04ff7a9efdebb7 threads=98304 extents=[1, 1536, 12288] count=20 pass=1 arm=7d04ff7a9efdebb7.hoist step_ms=11.0757
ab step sha=7d04ff7a9efdebb7 threads=98304 extents=[1, 1536, 12288] count=20 pass=1 arm=7d04ff7a9efdebb7.immed step_ms=11.0640
ab step sha=7d04ff7a9efdebb7 threads=98304 extents=[1, 1536, 12288] count=20 pass=1 arm=7d04ff7a9efdebb7.preload step_ms=11.2676
ab step sha=7d04ff7a9efdebb7 threads=98304 extents=[1, 1536, 12288] count=20 pass=2 arm=base step_ms=11.3393
ab step sha=7d04ff7a9efdebb7 threads=98304 extents=[1, 1536, 12288] count=20 pass=2 arm=omit_group step_ms=10.1018
ab step sha=7d04ff7a9efdebb7 threads=98304 extents=[1, 1536, 12288] count=20 pass=2 arm=7d04ff7a9efdebb7.copy step_ms=11.3550
ab step sha=7d04ff7a9efdebb7 threads=98304 extents=[1, 1536, 12288] count=20 pass=2 arm=7d04ff7a9efdebb7.cspace step_ms=11.2053
ab step sha=7d04ff7a9efdebb7 threads=98304 extents=[1, 1536, 12288] count=20 pass=2 arm=7d04ff7a9efdebb7.dedupe step_ms=11.2402
ab step sha=7d04ff7a9efdebb7 threads=98304 extents=[1, 1536, 12288] count=20 pass=2 arm=7d04ff7a9efdebb7.hoist step_ms=11.0797
ab step sha=7d04ff7a9efdebb7 threads=98304 extents=[1, 1536, 12288] count=20 pass=2 arm=7d04ff7a9efdebb7.immed step_ms=11.0562
ab step sha=7d04ff7a9efdebb7 threads=98304 extents=[1, 1536, 12288] count=20 pass=2 arm=7d04ff7a9efdebb7.preload step_ms=11.2525
