ab capture: step=5 dispatches=941 groups=56
ab bits sha=b58c6089c188c541 threads=256 extents=[1, 1536] arm=base elements=1 differing=0 max_ulp=0 max_abs=0e0 max_abs_over_largest=0e0
ab bits sha=b58c6089c188c541 threads=256 extents=[1, 1536] arm=b58c6089c188c541.copy elements=1 differing=0 max_ulp=0 max_abs=0e0 max_abs_over_largest=0e0
ab bits sha=b58c6089c188c541 threads=256 extents=[1, 1536] arm=b58c6089c188c541.noepi elements=1 differing=1 max_ulp=28630 max_abs=8.532405e-4 max_abs_over_largest=3.3614037e-3
ab bits sha=b58c6089c188c541 threads=256 extents=[1, 1536] arm=b58c6089c188c541.noreduce elements=1 differing=1 max_ulp=100086524 max_abs=9.96396e2 max_abs_over_largest=3.9253755e3
ab step sha=b58c6089c188c541 threads=256 extents=[1, 1536] count=71 pass=0 arm=base step_ms=11.0807
ab step sha=b58c6089c188c541 threads=256 extents=[1, 1536] count=71 pass=0 arm=omit_group step_ms=10.3056
ab step sha=b58c6089c188c541 threads=256 extents=[1, 1536] count=71 pass=0 arm=b58c6089c188c541.copy step_ms=11.0210
ab step sha=b58c6089c188c541 threads=256 extents=[1, 1536] count=71 pass=0 arm=b58c6089c188c541.noepi step_ms=10.7647
ab step sha=b58c6089c188c541 threads=256 extents=[1, 1536] count=71 pass=0 arm=b58c6089c188c541.noreduce step_ms=10.9309
ab step sha=b58c6089c188c541 threads=256 extents=[1, 1536] count=71 pass=1 arm=base step_ms=11.0716
ab step sha=b58c6089c188c541 threads=256 extents=[1, 1536] count=71 pass=1 arm=omit_group step_ms=10.3995
ab step sha=b58c6089c188c541 threads=256 extents=[1, 1536] count=71 pass=1 arm=b58c6089c188c541.copy step_ms=11.0231
ab step sha=b58c6089c188c541 threads=256 extents=[1, 1536] count=71 pass=1 arm=b58c6089c188c541.noepi step_ms=10.7445
ab step sha=b58c6089c188c541 threads=256 extents=[1, 1536] count=71 pass=1 arm=b58c6089c188c541.noreduce step_ms=10.9416
ab step sha=b58c6089c188c541 threads=256 extents=[1, 1536] count=71 pass=2 arm=base step_ms=11.0835
ab step sha=b58c6089c188c541 threads=256 extents=[1, 1536] count=71 pass=2 arm=omit_group step_ms=10.3609
ab step sha=b58c6089c188c541 threads=256 extents=[1, 1536] count=71 pass=2 arm=b58c6089c188c541.copy step_ms=11.0381
ab step sha=b58c6089c188c541 threads=256 extents=[1, 1536] count=71 pass=2 arm=b58c6089c188c541.noepi step_ms=10.7878
ab step sha=b58c6089c188c541 threads=256 extents=[1, 1536] count=71 pass=2 arm=b58c6089c188c541.noreduce step_ms=10.9628
