ab capture: step=5 dispatches=941 groups=56
ab bits sha=b58c6089c188c541 threads=256 extents=[1, 1536] arm=base elements=1 differing=0 max_ulp=0 max_abs=0e0 max_abs_over_largest=0e0
ab bits sha=b58c6089c188c541 threads=256 extents=[1, 1536] arm=b58c6089c188c541.copy elements=1 differing=0 max_ulp=0 max_abs=0e0 max_abs_over_largest=0e0
ab bits sha=b58c6089c188c541 threads=256 extents=[1, 1536] arm=b58c6089c188c541.tg1024 elements=1 differing=1 max_ulp=1094584677 max_abs=0e0 max_abs_over_largest=0e0
ab bits sha=b58c6089c188c541 threads=256 extents=[1, 1536] arm=b58c6089c188c541.tg512 elements=1 differing=1 max_ulp=1 max_abs=2.9802322e-8 max_abs_over_largest=1.1740844e-7
ab step sha=b58c6089c188c541 threads=256 extents=[1, 1536] count=71 pass=0 arm=base step_ms=11.3691
ab step sha=b58c6089c188c541 threads=256 extents=[1, 1536] count=71 pass=0 arm=omit_group step_ms=10.6367
ab step sha=b58c6089c188c541 threads=256 extents=[1, 1536] count=71 pass=0 arm=b58c6089c188c541.copy step_ms=11.3667
ab step sha=b58c6089c188c541 threads=256 extents=[1, 1536] count=71 pass=0 arm=b58c6089c188c541.tg1024 step_ms=11.4786
ab step sha=b58c6089c188c541 threads=256 extents=[1, 1536] count=71 pass=0 arm=b58c6089c188c541.tg512 step_ms=11.3549
ab step sha=b58c6089c188c541 threads=256 extents=[1, 1536] count=71 pass=1 arm=base step_ms=11.3456
ab step sha=b58c6089c188c541 threads=256 extents=[1, 1536] count=71 pass=1 arm=omit_group step_ms=10.6242
ab step sha=b58c6089c188c541 threads=256 extents=[1, 1536] count=71 pass=1 arm=b58c6089c188c541.copy step_ms=11.3302
ab step sha=b58c6089c188c541 threads=256 extents=[1, 1536] count=71 pass=1 arm=b58c6089c188c541.tg1024 step_ms=11.4739
ab step sha=b58c6089c188c541 threads=256 extents=[1, 1536] count=71 pass=1 arm=b58c6089c188c541.tg512 step_ms=11.3454
ab step sha=b58c6089c188c541 threads=256 extents=[1, 1536] count=71 pass=2 arm=base step_ms=11.3330
ab step sha=b58c6089c188c541 threads=256 extents=[1, 1536] count=71 pass=2 arm=omit_group step_ms=10.5969
ab step sha=b58c6089c188c541 threads=256 extents=[1, 1536] count=71 pass=2 arm=b58c6089c188c541.copy step_ms=11.3364
ab step sha=b58c6089c188c541 threads=256 extents=[1, 1536] count=71 pass=2 arm=b58c6089c188c541.tg1024 step_ms=11.4553
ab step sha=b58c6089c188c541 threads=256 extents=[1, 1536] count=71 pass=2 arm=b58c6089c188c541.tg512 step_ms=11.3361
