ab capture excludes 0 unreplayable dispatches of 369
ab capture: step=0 dispatches=369 groups=21
ab res sha=e3603c6942491f2f arm=base tg_static_bytes=9600 max_threads=384 exec_width=32 bound_buffer_bytes=138235140 iters=5 cell label=e3603c6942491f2f:base wall_ms=16.275 cpu_ms=0.549 cpu_pct=3.4 rss_peak_mb=1613.8 footprint_mb=187.3 gpu_alloc_mb=1516.3 load_before=4.18 load_after=4.18
ab res sha=e3603c6942491f2f arm=e3603c6942491f2f.ctrl tg_static_bytes=9600 max_threads=384 exec_width=32 bound_buffer_bytes=138235140 iters=5 cell label=e3603c6942491f2f:e3603c6942491f2f.ctrl wall_ms=6.804 cpu_ms=0.371 cpu_pct=5.5 rss_peak_mb=1613.8 footprint_mb=187.3 gpu_alloc_mb=1516.3 load_before=4.18 load_after=4.18
ab res sha=e3603c6942491f2f arm=e3603c6942491f2f.t16n4u tg_static_bytes=8960 max_threads=384 exec_width=32 bound_buffer_bytes=138235140 iters=5 cell label=e3603c6942491f2f:e3603c6942491f2f.t16n4u wall_ms=7.068 cpu_ms=0.322 cpu_pct=4.6 rss_peak_mb=1613.8 footprint_mb=187.3 gpu_alloc_mb=1516.3 load_before=4.18 load_after=4.18
ab res sha=e3603c6942491f2f arm=e3603c6942491f2f.t16s tg_static_bytes=19200 max_threads=384 exec_width=32 bound_buffer_bytes=138235140 iters=5 cell label=e3603c6942491f2f:e3603c6942491f2f.t16s wall_ms=10.619 cpu_ms=0.308 cpu_pct=2.9 rss_peak_mb=1613.8 footprint_mb=187.3 gpu_alloc_mb=1516.3 load_before=4.18 load_after=4.18
ab res sha=e3603c6942491f2f arm=e3603c6942491f2f.t16u tg_static_bytes=8960 max_threads=384 exec_width=32 bound_buffer_bytes=138235140 iters=5 cell label=e3603c6942491f2f:e3603c6942491f2f.t16u wall_ms=7.644 cpu_ms=0.309 cpu_pct=4.0 rss_peak_mb=1613.8 footprint_mb=187.3 gpu_alloc_mb=1516.3 load_before=4.18 load_after=4.18
ab res sha=e3603c6942491f2f arm=e3603c6942491f2f.t32n4u tg_static_bytes=17920 max_threads=384 exec_width=32 bound_buffer_bytes=138235140 iters=5 cell label=e3603c6942491f2f:e3603c6942491f2f.t32n4u wall_ms=9.945 cpu_ms=0.301 cpu_pct=3.0 rss_peak_mb=1613.8 footprint_mb=187.3 gpu_alloc_mb=1516.3 load_before=4.18 load_after=4.18
ab res sha=e3603c6942491f2f arm=e3603c6942491f2f.t32u tg_static_bytes=17920 max_threads=384 exec_width=32 bound_buffer_bytes=138235140 iters=5 cell label=e3603c6942491f2f:e3603c6942491f2f.t32u wall_ms=18.245 cpu_ms=0.487 cpu_pct=2.7 rss_peak_mb=1613.8 footprint_mb=188.2 gpu_alloc_mb=1516.3 load_before=4.18 load_after=4.18
ab res sha=e3603c6942491f2f arm=e3603c6942491f2f.t8n4s tg_static_bytes=9600 max_threads=512 exec_width=32 bound_buffer_bytes=138235140 iters=5 cell label=e3603c6942491f2f:e3603c6942491f2f.t8n4s wall_ms=6.314 cpu_ms=0.304 cpu_pct=4.8 rss_peak_mb=1613.8 footprint_mb=188.2 gpu_alloc_mb=1516.3 load_before=4.18 load_after=4.18
ab res sha=e3603c6942491f2f arm=e3603c6942491f2f.t8u tg_static_bytes=4480 max_threads=384 exec_width=32 bound_buffer_bytes=138235140 iters=5 cell label=e3603c6942491f2f:e3603c6942491f2f.t8u wall_ms=6.822 cpu_ms=0.318 cpu_pct=4.7 rss_peak_mb=1613.8 footprint_mb=188.2 gpu_alloc_mb=1516.3 load_before=4.18 load_after=4.18
ab bits sha=e3603c6942491f2f threads=64000 extents=[1000, 8, 2, 64] arm=base elements=1024000 differing=0 max_ulp=0 max_abs=0e0 max_abs_over_largest=0e0
ab bits sha=e3603c6942491f2f threads=64000 extents=[1000, 8, 2, 64] arm=e3603c6942491f2f.ctrl elements=1024000 differing=0 max_ulp=0 max_abs=0e0 max_abs_over_largest=0e0
ab bits sha=e3603c6942491f2f threads=64000 extents=[1000, 8, 2, 64] arm=e3603c6942491f2f.t16n4u elements=1024000 differing=0 max_ulp=0 max_abs=0e0 max_abs_over_largest=0e0
ab bits sha=e3603c6942491f2f threads=64000 extents=[1000, 8, 2, 64] arm=e3603c6942491f2f.t16s elements=1024000 differing=0 max_ulp=0 max_abs=0e0 max_abs_over_largest=0e0
ab bits sha=e3603c6942491f2f threads=64000 extents=[1000, 8, 2, 64] arm=e3603c6942491f2f.t16u elements=1024000 differing=0 max_ulp=0 max_abs=0e0 max_abs_over_largest=0e0
ab bits sha=e3603c6942491f2f threads=64000 extents=[1000, 8, 2, 64] arm=e3603c6942491f2f.t32n4u elements=1024000 differing=0 max_ulp=0 max_abs=0e0 max_abs_over_largest=0e0
ab bits sha=e3603c6942491f2f threads=64000 extents=[1000, 8, 2, 64] arm=e3603c6942491f2f.t32u elements=1024000 differing=0 max_ulp=0 max_abs=0e0 max_abs_over_largest=0e0
ab bits sha=e3603c6942491f2f threads=64000 extents=[1000, 8, 2, 64] arm=e3603c6942491f2f.t8n4s elements=1024000 differing=0 max_ulp=0 max_abs=0e0 max_abs_over_largest=0e0
ab bits sha=e3603c6942491f2f threads=64000 extents=[1000, 8, 2, 64] arm=e3603c6942491f2f.t8u elements=1024000 differing=0 max_ulp=0 max_abs=0e0 max_abs_over_largest=0e0
ab group sha=e3603c6942491f2f threads=64000 extents=[1000, 8, 2, 64] tg=Some(64) count=24 pass=0 arm=base marginal_us=1111.203 single_us=1138.500 rounds=5 round_min_us=1127.667 round_max_us=1148.750 round_cov_pct=0.807
ab group sha=e3603c6942491f2f threads=64000 extents=[1000, 8, 2, 64] tg=Some(64) count=24 pass=0 arm=e3603c6942491f2f.ctrl marginal_us=1108.425 single_us=1128.750 rounds=5 round_min_us=1127.792 round_max_us=1137.708 round_cov_pct=0.371
ab group sha=e3603c6942491f2f threads=64000 extents=[1000, 8, 2, 64] tg=Some(64) count=24 pass=0 arm=e3603c6942491f2f.t16n4u marginal_us=1230.864 single_us=1221.917 rounds=5 round_min_us=1207.667 round_max_us=1274.583 round_cov_pct=2.164
ab group sha=e3603c6942491f2f threads=64000 extents=[1000, 8, 2, 64] tg=Some(64) count=24 pass=0 arm=e3603c6942491f2f.t16s marginal_us=1920.169 single_us=1893.083 rounds=5 round_min_us=1889.958 round_max_us=1943.500 round_cov_pct=1.204
ab group sha=e3603c6942491f2f threads=64000 extents=[1000, 8, 2, 64] tg=Some(64) count=24 pass=0 arm=e3603c6942491f2f.t16u marginal_us=1279.981 single_us=1331.417 rounds=5 round_min_us=1278.333 round_max_us=1344.792 round_cov_pct=2.327
ab group sha=e3603c6942491f2f threads=64000 extents=[1000, 8, 2, 64] tg=Some(64) count=24 pass=0 arm=e3603c6942491f2f.t32n4u marginal_us=1722.908 single_us=1735.875 rounds=5 round_min_us=1723.833 round_max_us=1747.125 round_cov_pct=0.479
ab group sha=e3603c6942491f2f threads=64000 extents=[1000, 8, 2, 64] tg=Some(64) count=24 pass=0 arm=e3603c6942491f2f.t32u marginal_us=3336.717 single_us=3338.750 rounds=5 round_min_us=3313.375 round_max_us=3342.583 round_cov_pct=0.363
ab group sha=e3603c6942491f2f threads=64000 extents=[1000, 8, 2, 64] tg=Some(64) count=24 pass=0 arm=e3603c6942491f2f.t8n4s marginal_us=1039.833 single_us=1040.750 rounds=5 round_min_us=1026.333 round_max_us=1066.458 round_cov_pct=1.552
ab group sha=e3603c6942491f2f threads=64000 extents=[1000, 8, 2, 64] tg=Some(64) count=24 pass=0 arm=e3603c6942491f2f.t8u marginal_us=1129.775 single_us=1145.542 rounds=5 round_min_us=1107.000 round_max_us=1172.000 round_cov_pct=2.297
ab cell label=process wall_ms=3467.566 cpu_ms=878.218 cpu_pct=25.3 rss_peak_mb=1613.8 footprint_mb=184.3 gpu_alloc_mb=1516.3 load_before=4.18 load_after=4.18
