ab capture excludes 0 unreplayable dispatches of 369
ab capture: step=0 dispatches=369 groups=21
ab res sha=1388fb736f661844 arm=base tg_static_bytes=4480 max_threads=384 exec_width=32 bound_buffer_bytes=138235140 iters=50 cell label=1388fb736f661844:base wall_ms=75.378 cpu_ms=3.567 cpu_pct=4.7 rss_peak_mb=1625.6 footprint_mb=187.6 gpu_alloc_mb=1521.7 load_before=3.72 load_after=3.72
ab res sha=1388fb736f661844 arm=1388fb736f661844.ctrl tg_static_bytes=4480 max_threads=384 exec_width=32 bound_buffer_bytes=138235140 iters=50 cell label=1388fb736f661844:1388fb736f661844.ctrl wall_ms=68.672 cpu_ms=3.249 cpu_pct=4.7 rss_peak_mb=1625.6 footprint_mb=187.6 gpu_alloc_mb=1521.7 load_before=3.72 load_after=3.72
ab res sha=1388fb736f661844 arm=1388fb736f661844.f16kv tg_static_bytes=4480 max_threads=384 exec_width=32 bound_buffer_bytes=133778692 iters=50 cell label=1388fb736f661844:1388fb736f661844.f16kv wall_ms=67.091 cpu_ms=3.361 cpu_pct=5.0 rss_peak_mb=1625.6 footprint_mb=187.6 gpu_alloc_mb=1521.7 load_before=3.72 load_after=3.72
ab res sha=1388fb736f661844 arm=1388fb736f661844.nocausal tg_static_bytes=4480 max_threads=384 exec_width=32 bound_buffer_bytes=138235140 iters=50 cell label=1388fb736f661844:1388fb736f661844.nocausal wall_ms=109.596 cpu_ms=3.306 cpu_pct=3.0 rss_peak_mb=1625.6 footprint_mb=187.6 gpu_alloc_mb=1521.7 load_before=3.72 load_after=3.72
ab res sha=1388fb736f661844 arm=1388fb736f661844.nopv tg_static_bytes=4480 max_threads=384 exec_width=32 bound_buffer_bytes=138235140 iters=50 cell label=1388fb736f661844:1388fb736f661844.nopv wall_ms=55.964 cpu_ms=3.268 cpu_pct=5.8 rss_peak_mb=1625.6 footprint_mb=187.6 gpu_alloc_mb=1521.7 load_before=3.72 load_after=3.72
ab res sha=1388fb736f661844 arm=1388fb736f661844.nopvloads tg_static_bytes=4480 max_threads=384 exec_width=32 bound_buffer_bytes=138235140 iters=50 cell label=1388fb736f661844:1388fb736f661844.nopvloads wall_ms=66.710 cpu_ms=3.315 cpu_pct=5.0 rss_peak_mb=1625.6 footprint_mb=187.6 gpu_alloc_mb=1521.7 load_before=3.72 load_after=3.72
ab res sha=1388fb736f661844 arm=1388fb736f661844.noqk tg_static_bytes=4480 max_threads=576 exec_width=32 bound_buffer_bytes=138235140 iters=50 cell label=1388fb736f661844:1388fb736f661844.noqk wall_ms=43.647 cpu_ms=2.985 cpu_pct=6.8 rss_peak_mb=1625.6 footprint_mb=187.6 gpu_alloc_mb=1521.7 load_before=3.72 load_after=3.72
ab res sha=1388fb736f661844 arm=1388fb736f661844.noqkloads tg_static_bytes=4480 max_threads=576 exec_width=32 bound_buffer_bytes=138235140 iters=50 cell label=1388fb736f661844:1388fb736f661844.noqkloads wall_ms=48.363 cpu_ms=3.026 cpu_pct=6.3 rss_peak_mb=1625.6 footprint_mb=187.6 gpu_alloc_mb=1521.7 load_before=3.72 load_after=3.72
ab res sha=1388fb736f661844 arm=1388fb736f661844.nosoftmax tg_static_bytes=4480 max_threads=384 exec_width=32 bound_buffer_bytes=138235140 iters=50 cell label=1388fb736f661844:1388fb736f661844.nosoftmax wall_ms=45.995 cpu_ms=3.137 cpu_pct=6.8 rss_peak_mb=1625.6 footprint_mb=187.6 gpu_alloc_mb=1521.7 load_before=3.72 load_after=3.72
ab res sha=1388fb736f661844 arm=1388fb736f661844.pvonly tg_static_bytes=4480 max_threads=576 exec_width=32 bound_buffer_bytes=138235140 iters=50 cell label=1388fb736f661844:1388fb736f661844.pvonly wall_ms=27.353 cpu_ms=2.949 cpu_pct=10.8 rss_peak_mb=1625.6 footprint_mb=187.6 gpu_alloc_mb=1521.7 load_before=3.72 load_after=3.72
ab res sha=1388fb736f661844 arm=1388fb736f661844.qkonly tg_static_bytes=4480 max_threads=384 exec_width=32 bound_buffer_bytes=138235140 iters=50 cell label=1388fb736f661844:1388fb736f661844.qkonly wall_ms=37.623 cpu_ms=2.388 cpu_pct=6.3 rss_peak_mb=1625.6 footprint_mb=188.5 gpu_alloc_mb=1521.7 load_before=3.72 load_after=3.72
ab res sha=1388fb736f661844 arm=1388fb736f661844.skeleton tg_static_bytes=4480 max_threads=576 exec_width=32 bound_buffer_bytes=138235140 iters=50 cell label=1388fb736f661844:1388fb736f661844.skeleton wall_ms=16.225 cpu_ms=2.208 cpu_pct=13.6 rss_peak_mb=1625.6 footprint_mb=188.5 gpu_alloc_mb=1521.7 load_before=3.72 load_after=3.72
ab res sha=1388fb736f661844 arm=1388fb736f661844.smonly tg_static_bytes=4480 max_threads=576 exec_width=32 bound_buffer_bytes=138235140 iters=50 cell label=1388fb736f661844:1388fb736f661844.smonly wall_ms=32.049 cpu_ms=2.649 cpu_pct=8.3 rss_peak_mb=1625.6 footprint_mb=188.5 gpu_alloc_mb=1521.7 load_before=3.72 load_after=3.72
ab bits sha=1388fb736f661844 threads=64000 extents=[1000, 8, 2, 64] arm=base elements=1024000 differing=0 max_ulp=0 max_abs=0e0 max_abs_over_largest=0e0
ab bits sha=1388fb736f661844 threads=64000 extents=[1000, 8, 2, 64] arm=1388fb736f661844.ctrl elements=1024000 differing=0 max_ulp=0 max_abs=0e0 max_abs_over_largest=0e0
ab bits sha=1388fb736f661844 threads=64000 extents=[1000, 8, 2, 64] arm=1388fb736f661844.f16kv elements=1024000 differing=1023906 max_ulp=1998121882 max_abs=3.7965298e-2 max_abs_over_largest=3.4013675e-3
ab bits sha=1388fb736f661844 threads=64000 extents=[1000, 8, 2, 64] arm=1388fb736f661844.nocausal elements=1024000 differing=0 max_ulp=0 max_abs=0e0 max_abs_over_largest=0e0
ab bits sha=1388fb736f661844 threads=64000 extents=[1000, 8, 2, 64] arm=1388fb736f661844.nopv elements=1024000 differing=1024000 max_ulp=1093834401 max_abs=1.1161775e1 max_abs_over_largest=1e0
ab bits sha=1388fb736f661844 threads=64000 extents=[1000, 8, 2, 64] arm=1388fb736f661844.nopvloads elements=1024000 differing=1024000 max_ulp=2148997014 max_abs=1.0661775e1 max_abs_over_largest=9.5520425e-1
ab bits sha=1388fb736f661844 threads=64000 extents=[1000, 8, 2, 64] arm=1388fb736f661844.noqk elements=1024000 differing=1022976 max_ulp=2162838343 max_abs=1.1378794e1 max_abs_over_largest=1.019443e0
ab bits sha=1388fb736f661844 threads=64000 extents=[1000, 8, 2, 64] arm=1388fb736f661844.noqkloads elements=1024000 differing=1022976 max_ulp=2162838343 max_abs=1.1378794e1 max_abs_over_largest=1.019443e0
ab bits sha=1388fb736f661844 threads=64000 extents=[1000, 8, 2, 64] arm=1388fb736f661844.nosoftmax elements=1024000 differing=1024000 max_ulp=1093834401 max_abs=1.1161775e1 max_abs_over_largest=1e0
ab bits sha=1388fb736f661844 threads=64000 extents=[1000, 8, 2, 64] arm=1388fb736f661844.pvonly elements=1024000 differing=1024000 max_ulp=1093834401 max_abs=1.1161775e1 max_abs_over_largest=1e0
ab bits sha=1388fb736f661844 threads=64000 extents=[1000, 8, 2, 64] arm=1388fb736f661844.qkonly elements=1024000 differing=1024000 max_ulp=1093834401 max_abs=1.1161775e1 max_abs_over_largest=1e0
ab bits sha=1388fb736f661844 threads=64000 extents=[1000, 8, 2, 64] arm=1388fb736f661844.skeleton elements=1024000 differing=1024000 max_ulp=1093834401 max_abs=1.1161775e1 max_abs_over_largest=1e0
ab bits sha=1388fb736f661844 threads=64000 extents=[1000, 8, 2, 64] arm=1388fb736f661844.smonly elements=1024000 differing=1024000 max_ulp=1093834401 max_abs=1.1161775e1 max_abs_over_largest=1e0
ab group sha=1388fb736f661844 threads=64000 extents=[1000, 8, 2, 64] tg=Some(64) count=24 pass=0 arm=base marginal_us=1128.861 single_us=1153.875
ab group sha=1388fb736f661844 threads=64000 extents=[1000, 8, 2, 64] tg=Some(64) count=24 pass=0 arm=1388fb736f661844.ctrl marginal_us=1130.772 single_us=1150.500
ab group sha=1388fb736f661844 threads=64000 extents=[1000, 8, 2, 64] tg=Some(64) count=24 pass=0 arm=1388fb736f661844.f16kv marginal_us=1083.908 single_us=1097.750
ab group sha=1388fb736f661844 threads=64000 extents=[1000, 8, 2, 64] tg=Some(64) count=24 pass=0 arm=1388fb736f661844.nocausal marginal_us=1920.117 single_us=1932.875
ab group sha=1388fb736f661844 threads=64000 extents=[1000, 8, 2, 64] tg=Some(64) count=24 pass=0 arm=1388fb736f661844.nopv marginal_us=874.086 single_us=889.417
ab group sha=1388fb736f661844 threads=64000 extents=[1000, 8, 2, 64] tg=Some(64) count=24 pass=0 arm=1388fb736f661844.nopvloads marginal_us=1073.781 single_us=1083.667
ab group sha=1388fb736f661844 threads=64000 extents=[1000, 8, 2, 64] tg=Some(64) count=24 pass=0 arm=1388fb736f661844.noqk marginal_us=633.292 single_us=649.250
ab group sha=1388fb736f661844 threads=64000 extents=[1000, 8, 2, 64] tg=Some(64) count=24 pass=0 arm=1388fb736f661844.noqkloads marginal_us=730.292 single_us=734.250
ab group sha=1388fb736f661844 threads=64000 extents=[1000, 8, 2, 64] tg=Some(64) count=24 pass=0 arm=1388fb736f661844.nosoftmax marginal_us=683.467 single_us=703.375
ab group sha=1388fb736f661844 threads=64000 extents=[1000, 8, 2, 64] tg=Some(64) count=24 pass=0 arm=1388fb736f661844.pvonly marginal_us=311.486 single_us=319.292
ab group sha=1388fb736f661844 threads=64000 extents=[1000, 8, 2, 64] tg=Some(64) count=24 pass=0 arm=1388fb736f661844.qkonly marginal_us=435.897 single_us=452.917
ab group sha=1388fb736f661844 threads=64000 extents=[1000, 8, 2, 64] tg=Some(64) count=24 pass=0 arm=1388fb736f661844.skeleton marginal_us=104.417 single_us=110.750
ab group sha=1388fb736f661844 threads=64000 extents=[1000, 8, 2, 64] tg=Some(64) count=24 pass=0 arm=1388fb736f661844.smonly marginal_us=417.292 single_us=427.000
ab cell label=process wall_ms=7634.303 cpu_ms=1003.284 cpu_pct=13.1 rss_peak_mb=1625.6 footprint_mb=186.5 gpu_alloc_mb=1517.5 load_before=3.87 load_after=3.74
