ab capture excludes 0 unreplayable dispatches of 369
ab capture: step=0 dispatches=369 groups=21
ab res sha=49f88ec486a7766a arm=base tg_static_bytes=10368 max_threads=896 exec_width=32 bound_buffer_bytes=90443524 iters=50 cell label=49f88ec486a7766a:base wall_ms=97.250 cpu_ms=2.721 cpu_pct=2.8 rss_peak_mb=1618.6 footprint_mb=196.8 gpu_alloc_mb=1516.5 load_before=4.55 load_after=4.55
ab res sha=49f88ec486a7766a arm=49f88ec486a7766a.ctrl tg_static_bytes=10368 max_threads=896 exec_width=32 bound_buffer_bytes=90443524 iters=50 cell label=49f88ec486a7766a:49f88ec486a7766a.ctrl wall_ms=96.908 cpu_ms=2.560 cpu_pct=2.6 rss_peak_mb=1618.6 footprint_mb=196.8 gpu_alloc_mb=1516.5 load_before=4.55 load_after=4.55
ab res sha=49f88ec486a7766a arm=49f88ec486a7766a.floatstage tg_static_bytes=14464 max_threads=768 exec_width=32 bound_buffer_bytes=90443524 iters=50 cell label=49f88ec486a7766a:49f88ec486a7766a.floatstage wall_ms=108.790 cpu_ms=2.731 cpu_pct=2.5 rss_peak_mb=1618.6 footprint_mb=196.8 gpu_alloc_mb=1516.5 load_before=4.55 load_after=4.55
ab res sha=49f88ec486a7766a arm=49f88ec486a7766a.noact tg_static_bytes=10368 max_threads=896 exec_width=32 bound_buffer_bytes=90443524 iters=50 cell label=49f88ec486a7766a:49f88ec486a7766a.noact wall_ms=94.481 cpu_ms=2.924 cpu_pct=3.1 rss_peak_mb=1618.6 footprint_mb=196.8 gpu_alloc_mb=1516.5 load_before=4.55 load_after=4.55
ab res sha=49f88ec486a7766a arm=49f88ec486a7766a.nodequant tg_static_bytes=10368 max_threads=1024 exec_width=32 bound_buffer_bytes=90443524 iters=50 cell label=49f88ec486a7766a:49f88ec486a7766a.nodequant wall_ms=86.638 cpu_ms=3.025 cpu_pct=3.5 rss_peak_mb=1618.6 footprint_mb=196.8 gpu_alloc_mb=1516.5 load_before=4.55 load_after=4.55
ab res sha=49f88ec486a7766a arm=49f88ec486a7766a.noloads tg_static_bytes=10368 max_threads=1024 exec_width=32 bound_buffer_bytes=90443524 iters=50 cell label=49f88ec486a7766a:49f88ec486a7766a.noloads wall_ms=83.853 cpu_ms=2.655 cpu_pct=3.2 rss_peak_mb=1618.6 footprint_mb=196.8 gpu_alloc_mb=1516.5 load_before=4.55 load_after=4.55
ab res sha=49f88ec486a7766a arm=49f88ec486a7766a.nomma tg_static_bytes=10368 max_threads=1024 exec_width=32 bound_buffer_bytes=90443524 iters=50 cell label=49f88ec486a7766a:49f88ec486a7766a.nomma wall_ms=51.367 cpu_ms=2.524 cpu_pct=4.9 rss_peak_mb=1618.6 footprint_mb=196.8 gpu_alloc_mb=1516.5 load_before=4.55 load_after=4.55
ab res sha=49f88ec486a7766a arm=49f88ec486a7766a.nostage tg_static_bytes=10368 max_threads=1024 exec_width=32 bound_buffer_bytes=90443524 iters=50 cell label=49f88ec486a7766a:49f88ec486a7766a.nostage wall_ms=73.905 cpu_ms=2.624 cpu_pct=3.6 rss_peak_mb=1618.6 footprint_mb=196.8 gpu_alloc_mb=1516.5 load_before=4.55 load_after=4.55
ab res sha=49f88ec486a7766a arm=49f88ec486a7766a.nowrite tg_static_bytes=10368 max_threads=896 exec_width=32 bound_buffer_bytes=90443524 iters=50 cell label=49f88ec486a7766a:49f88ec486a7766a.nowrite wall_ms=96.723 cpu_ms=2.510 cpu_pct=2.6 rss_peak_mb=1618.6 footprint_mb=196.8 gpu_alloc_mb=1516.5 load_before=4.55 load_after=4.55
ab res sha=49f88ec486a7766a arm=49f88ec486a7766a.tile64 tg_static_bytes=18560 max_threads=576 exec_width=32 bound_buffer_bytes=90443524 iters=50 cell label=49f88ec486a7766a:49f88ec486a7766a.tile64 wall_ms=101.138 cpu_ms=2.829 cpu_pct=2.8 rss_peak_mb=1618.6 footprint_mb=196.8 gpu_alloc_mb=1516.5 load_before=4.55 load_after=4.55
ab res sha=49f88ec486a7766a arm=49f88ec486a7766a.unroll2 tg_static_bytes=14464 max_threads=768 exec_width=32 bound_buffer_bytes=90443524 iters=50 cell label=49f88ec486a7766a:49f88ec486a7766a.unroll2 wall_ms=97.881 cpu_ms=2.815 cpu_pct=2.9 rss_peak_mb=1618.6 footprint_mb=196.8 gpu_alloc_mb=1516.5 load_before=4.55 load_after=4.55
ab bits sha=49f88ec486a7766a threads=288768 extents=[1000, 8, 1024, 512] arm=base elements=4096000 differing=0 max_ulp=0 max_abs=0e0 max_abs_over_largest=0e0
ab bits sha=49f88ec486a7766a threads=288768 extents=[1000, 8, 1024, 512] arm=49f88ec486a7766a.ctrl elements=4096000 differing=0 max_ulp=0 max_abs=0e0 max_abs_over_largest=0e0
ab bits sha=49f88ec486a7766a threads=288768 extents=[1000, 8, 1024, 512] arm=49f88ec486a7766a.floatstage elements=4096000 differing=0 max_ulp=0 max_abs=0e0 max_abs_over_largest=0e0
ab bits sha=49f88ec486a7766a threads=288768 extents=[1000, 8, 1024, 512] arm=49f88ec486a7766a.noact elements=4096000 differing=4094342 max_ulp=2169906365 max_abs=5.6267166e1 max_abs_over_largest=1.0065713e0
ab bits sha=49f88ec486a7766a threads=288768 extents=[1000, 8, 1024, 512] arm=49f88ec486a7766a.nodequant elements=4096000 differing=4096000 max_ulp=2241602652 max_abs=3.018029e2 max_abs_over_largest=5.398995e0
ab bits sha=49f88ec486a7766a threads=288768 extents=[1000, 8, 1024, 512] arm=49f88ec486a7766a.noloads elements=4096000 differing=4096000 max_ulp=2241612536 max_abs=2.950732e2 max_abs_over_largest=5.2786064e0
ab bits sha=49f88ec486a7766a threads=288768 extents=[1000, 8, 1024, 512] arm=49f88ec486a7766a.nomma elements=4096000 differing=4094342 max_ulp=1113561453 max_abs=5.589983e1 max_abs_over_largest=1e0
ab bits sha=49f88ec486a7766a threads=288768 extents=[1000, 8, 1024, 512] arm=49f88ec486a7766a.nostage elements=4096000 differing=4096000 max_ulp=3252439800 max_abs=inf max_abs_over_largest=inf
ab bits sha=49f88ec486a7766a threads=288768 extents=[1000, 8, 1024, 512] arm=49f88ec486a7766a.nowrite elements=4096000 differing=4096000 max_ulp=2540806221 max_abs=1.4660155e13 max_abs_over_largest=2.6225759e11
ab bits sha=49f88ec486a7766a threads=288768 extents=[1000, 8, 1024, 512] arm=49f88ec486a7766a.tile64 elements=4096000 differing=0 max_ulp=0 max_abs=0e0 max_abs_over_largest=0e0
ab bits sha=49f88ec486a7766a threads=288768 extents=[1000, 8, 1024, 512] arm=49f88ec486a7766a.unroll2 elements=4096000 differing=0 max_ulp=0 max_abs=0e0 max_abs_over_largest=0e0
ab group sha=49f88ec486a7766a threads=288768 extents=[1000, 8, 1024, 512] tg=Some(128) count=24 pass=0 arm=base marginal_us=1734.058 single_us=1737.625
ab group sha=49f88ec486a7766a threads=288768 extents=[1000, 8, 1024, 512] tg=Some(128) count=24 pass=0 arm=49f88ec486a7766a.ctrl marginal_us=1734.089 single_us=1735.417
ab group sha=49f88ec486a7766a threads=288768 extents=[1000, 8, 1024, 512] tg=Some(128) count=24 pass=0 arm=49f88ec486a7766a.floatstage marginal_us=1957.642 single_us=1965.750
ab group sha=49f88ec486a7766a threads=288768 extents=[1000, 8, 1024, 512] tg=Some(128) count=24 pass=0 arm=49f88ec486a7766a.noact marginal_us=1662.717 single_us=1663.500
ab group sha=49f88ec486a7766a threads=288768 extents=[1000, 8, 1024, 512] tg=Some(128) count=24 pass=0 arm=49f88ec486a7766a.nodequant marginal_us=1501.542 single_us=1505.833
ab group sha=49f88ec486a7766a threads=288768 extents=[1000, 8, 1024, 512] tg=Some(128) count=24 pass=0 arm=49f88ec486a7766a.noloads marginal_us=1457.842 single_us=1461.542
ab group sha=49f88ec486a7766a threads=288768 extents=[1000, 8, 1024, 512] tg=Some(128) count=24 pass=0 arm=49f88ec486a7766a.nomma marginal_us=831.256 single_us=848.750
ab group sha=49f88ec486a7766a threads=288768 extents=[1000, 8, 1024, 512] tg=Some(128) count=24 pass=0 arm=49f88ec486a7766a.nostage marginal_us=1258.475 single_us=1260.792
ab group sha=49f88ec486a7766a threads=288768 extents=[1000, 8, 1024, 512] tg=Some(128) count=24 pass=0 arm=49f88ec486a7766a.nowrite marginal_us=1735.539 single_us=1742.250
ab group sha=49f88ec486a7766a threads=288768 extents=[1000, 8, 1024, 512] tg=Some(128) count=24 pass=0 arm=49f88ec486a7766a.tile64 marginal_us=1796.083 single_us=1795.583
ab group sha=49f88ec486a7766a threads=288768 extents=[1000, 8, 1024, 512] tg=Some(128) count=24 pass=0 arm=49f88ec486a7766a.unroll2 marginal_us=1747.847 single_us=1752.083
ab res sha=49f88ec486a7766a arm=base tg_static_bytes=10368 max_threads=896 exec_width=32 bound_buffer_bytes=74059524 iters=50 cell label=49f88ec486a7766a:base wall_ms=110.803 cpu_ms=2.837 cpu_pct=2.6 rss_peak_mb=1618.6 footprint_mb=274.9 gpu_alloc_mb=1516.5 load_before=4.31 load_after=4.31
ab res sha=49f88ec486a7766a arm=49f88ec486a7766a.ctrl tg_static_bytes=10368 max_threads=896 exec_width=32 bound_buffer_bytes=74059524 iters=50 cell label=49f88ec486a7766a:49f88ec486a7766a.ctrl wall_ms=110.077 cpu_ms=2.696 cpu_pct=2.4 rss_peak_mb=1618.6 footprint_mb=274.9 gpu_alloc_mb=1516.5 load_before=4.31 load_after=4.31
ab res sha=49f88ec486a7766a arm=49f88ec486a7766a.floatstage tg_static_bytes=14464 max_threads=768 exec_width=32 bound_buffer_bytes=74059524 iters=50 cell label=49f88ec486a7766a:49f88ec486a7766a.floatstage wall_ms=123.691 cpu_ms=2.929 cpu_pct=2.4 rss_peak_mb=1618.6 footprint_mb=274.9 gpu_alloc_mb=1516.5 load_before=4.31 load_after=4.31
ab res sha=49f88ec486a7766a arm=49f88ec486a7766a.noact tg_static_bytes=10368 max_threads=896 exec_width=32 bound_buffer_bytes=74059524 iters=50 cell label=49f88ec486a7766a:49f88ec486a7766a.noact wall_ms=106.553 cpu_ms=2.737 cpu_pct=2.6 rss_peak_mb=1618.6 footprint_mb=274.9 gpu_alloc_mb=1516.5 load_before=4.31 load_after=4.31
ab res sha=49f88ec486a7766a arm=49f88ec486a7766a.nodequant tg_static_bytes=10368 max_threads=1024 exec_width=32 bound_buffer_bytes=74059524 iters=50 cell label=49f88ec486a7766a:49f88ec486a7766a.nodequant wall_ms=94.067 cpu_ms=2.721 cpu_pct=2.9 rss_peak_mb=1618.6 footprint_mb=274.9 gpu_alloc_mb=1516.5 load_before=4.31 load_after=4.31
ab res sha=49f88ec486a7766a arm=49f88ec486a7766a.noloads tg_static_bytes=10368 max_threads=1024 exec_width=32 bound_buffer_bytes=74059524 iters=50 cell label=49f88ec486a7766a:49f88ec486a7766a.noloads wall_ms=91.680 cpu_ms=2.676 cpu_pct=2.9 rss_peak_mb=1618.6 footprint_mb=274.9 gpu_alloc_mb=1516.5 load_before=4.31 load_after=4.31
ab res sha=49f88ec486a7766a arm=49f88ec486a7766a.nomma tg_static_bytes=10368 max_threads=1024 exec_width=32 bound_buffer_bytes=74059524 iters=50 cell label=49f88ec486a7766a:49f88ec486a7766a.nomma wall_ms=64.771 cpu_ms=2.529 cpu_pct=3.9 rss_peak_mb=1618.6 footprint_mb=274.9 gpu_alloc_mb=1516.5 load_before=4.31 load_after=4.31
ab res sha=49f88ec486a7766a arm=49f88ec486a7766a.nostage tg_static_bytes=10368 max_threads=1024 exec_width=32 bound_buffer_bytes=74059524 iters=50 cell label=49f88ec486a7766a:49f88ec486a7766a.nostage wall_ms=81.803 cpu_ms=2.651 cpu_pct=3.2 rss_peak_mb=1618.6 footprint_mb=274.9 gpu_alloc_mb=1516.5 load_before=4.31 load_after=4.31
ab res sha=49f88ec486a7766a arm=49f88ec486a7766a.nowrite tg_static_bytes=10368 max_threads=896 exec_width=32 bound_buffer_bytes=74059524 iters=50 cell label=49f88ec486a7766a:49f88ec486a7766a.nowrite wall_ms=110.647 cpu_ms=2.998 cpu_pct=2.7 rss_peak_mb=1618.6 footprint_mb=274.9 gpu_alloc_mb=1516.5 load_before=4.31 load_after=4.31
ab res sha=49f88ec486a7766a arm=49f88ec486a7766a.tile64 tg_static_bytes=18560 max_threads=576 exec_width=32 bound_buffer_bytes=74059524 iters=50 cell label=49f88ec486a7766a:49f88ec486a7766a.tile64 wall_ms=115.514 cpu_ms=2.732 cpu_pct=2.4 rss_peak_mb=1618.6 footprint_mb=274.9 gpu_alloc_mb=1516.5 load_before=4.31 load_after=4.31
ab res sha=49f88ec486a7766a arm=49f88ec486a7766a.unroll2 tg_static_bytes=14464 max_threads=768 exec_width=32 bound_buffer_bytes=74059524 iters=50 cell label=49f88ec486a7766a:49f88ec486a7766a.unroll2 wall_ms=113.426 cpu_ms=2.766 cpu_pct=2.4 rss_peak_mb=1618.6 footprint_mb=274.9 gpu_alloc_mb=1516.5 load_before=4.31 load_after=4.31
ab bits sha=49f88ec486a7766a threads=577536 extents=[1000, 8, 512, 1024] arm=base elements=8192000 differing=0 max_ulp=0 max_abs=0e0 max_abs_over_largest=0e0
ab bits sha=49f88ec486a7766a threads=577536 extents=[1000, 8, 512, 1024] arm=49f88ec486a7766a.ctrl elements=8192000 differing=0 max_ulp=0 max_abs=0e0 max_abs_over_largest=0e0
ab bits sha=49f88ec486a7766a threads=577536 extents=[1000, 8, 512, 1024] arm=49f88ec486a7766a.floatstage elements=8192000 differing=0 max_ulp=0 max_abs=0e0 max_abs_over_largest=0e0
ab bits sha=49f88ec486a7766a threads=577536 extents=[1000, 8, 512, 1024] arm=49f88ec486a7766a.noact elements=8192000 differing=8192000 max_ulp=2173098903 max_abs=6.827084e1 max_abs_over_largest=1.0021664e0
ab bits sha=49f88ec486a7766a threads=577536 extents=[1000, 8, 512, 1024] arm=49f88ec486a7766a.nodequant elements=8192000 differing=8192000 max_ulp=2257730749 max_abs=9.703367e2 max_abs_over_largest=1.4243837e1
ab bits sha=49f88ec486a7766a threads=577536 extents=[1000, 8, 512, 1024] arm=49f88ec486a7766a.noloads elements=8192000 differing=8192000 max_ulp=2240298780 max_abs=1.9612326e2 max_abs_over_largest=2.878947e0
ab bits sha=49f88ec486a7766a threads=577536 extents=[1000, 8, 512, 1024] arm=49f88ec486a7766a.nomma elements=8192000 differing=8192000 max_ulp=1116225308 max_abs=6.812326e1 max_abs_over_largest=1e0
ab bits sha=49f88ec486a7766a threads=577536 extents=[1000, 8, 512, 1024] arm=49f88ec486a7766a.nostage elements=8192000 differing=8192000 max_ulp=3259514652 max_abs=inf max_abs_over_largest=inf
ab bits sha=49f88ec486a7766a threads=577536 extents=[1000, 8, 512, 1024] arm=49f88ec486a7766a.nowrite elements=8192000 differing=8192000 max_ulp=2547881073 max_abs=1.4660155e13 max_abs_over_largest=2.1520043e11
ab bits sha=49f88ec486a7766a threads=577536 extents=[1000, 8, 512, 1024] arm=49f88ec486a7766a.tile64 elements=8192000 differing=0 max_ulp=0 max_abs=0e0 max_abs_over_largest=0e0
ab bits sha=49f88ec486a7766a threads=577536 extents=[1000, 8, 512, 1024] arm=49f88ec486a7766a.unroll2 elements=8192000 differing=0 max_ulp=0 max_abs=0e0 max_abs_over_largest=0e0
ab group sha=49f88ec486a7766a threads=577536 extents=[1000, 8, 512, 1024] tg=Some(128) count=24 pass=0 arm=base marginal_us=1975.994 single_us=1979.125
ab group sha=49f88ec486a7766a threads=577536 extents=[1000, 8, 512, 1024] tg=Some(128) count=24 pass=0 arm=49f88ec486a7766a.ctrl marginal_us=1974.867 single_us=1978.750
ab group sha=49f88ec486a7766a threads=577536 extents=[1000, 8, 512, 1024] tg=Some(128) count=24 pass=0 arm=49f88ec486a7766a.floatstage marginal_us=2235.208 single_us=2236.625
ab group sha=49f88ec486a7766a threads=577536 extents=[1000, 8, 512, 1024] tg=Some(128) count=24 pass=0 arm=49f88ec486a7766a.noact marginal_us=1904.356 single_us=1908.750
ab group sha=49f88ec486a7766a threads=577536 extents=[1000, 8, 512, 1024] tg=Some(128) count=24 pass=0 arm=49f88ec486a7766a.nodequant marginal_us=1657.064 single_us=1663.500
ab group sha=49f88ec486a7766a threads=577536 extents=[1000, 8, 512, 1024] tg=Some(128) count=24 pass=0 arm=49f88ec486a7766a.noloads marginal_us=1613.567 single_us=1617.083
ab group sha=49f88ec486a7766a threads=577536 extents=[1000, 8, 512, 1024] tg=Some(128) count=24 pass=0 arm=49f88ec486a7766a.nomma marginal_us=1084.339 single_us=1109.625
ab group sha=49f88ec486a7766a threads=577536 extents=[1000, 8, 512, 1024] tg=Some(128) count=24 pass=0 arm=49f88ec486a7766a.nostage marginal_us=1416.197 single_us=1418.292
ab group sha=49f88ec486a7766a threads=577536 extents=[1000, 8, 512, 1024] tg=Some(128) count=24 pass=0 arm=49f88ec486a7766a.nowrite marginal_us=1976.283 single_us=1981.292
ab group sha=49f88ec486a7766a threads=577536 extents=[1000, 8, 512, 1024] tg=Some(128) count=24 pass=0 arm=49f88ec486a7766a.tile64 marginal_us=2094.833 single_us=2096.958
ab group sha=49f88ec486a7766a threads=577536 extents=[1000, 8, 512, 1024] tg=Some(128) count=24 pass=0 arm=49f88ec486a7766a.unroll2 marginal_us=2044.667 single_us=2049.292
ab cell label=process wall_ms=22640.556 cpu_ms=1190.637 cpu_pct=5.3 rss_peak_mb=1618.6 footprint_mb=243.8 gpu_alloc_mb=1516.5 load_before=4.55 load_after=4.04
