ab capture excludes 0 unreplayable dispatches of 653
ab capture: step=5 dispatches=653 groups=47
ab res sha=23d555d56f27caa0 arm=base tg_static_bytes=32 max_threads=832 exec_width=32 bound_buffer_bytes=3783432 iters=50 cell label=23d555d56f27caa0:base wall_ms=12.903 cpu_ms=3.420 cpu_pct=26.5 rss_peak_mb=3435.5 footprint_mb=101.9 gpu_alloc_mb=3247.5 load_before=5.02 load_after=5.02
ab res sha=23d555d56f27caa0 arm=23d555d56f27caa0.ctrl tg_static_bytes=32 max_threads=832 exec_width=32 bound_buffer_bytes=3783432 iters=50 cell label=23d555d56f27caa0:23d555d56f27caa0.ctrl wall_ms=13.709 cpu_ms=2.881 cpu_pct=21.0 rss_peak_mb=3435.5 footprint_mb=101.9 gpu_alloc_mb=3247.5 load_before=5.02 load_after=5.02
ab res sha=23d555d56f27caa0 arm=23d555d56f27caa0.noreduce tg_static_bytes=0 max_threads=832 exec_width=32 bound_buffer_bytes=3783432 iters=50 cell label=23d555d56f27caa0:23d555d56f27caa0.noreduce wall_ms=11.859 cpu_ms=2.909 cpu_pct=24.5 rss_peak_mb=3435.5 footprint_mb=101.9 gpu_alloc_mb=3247.5 load_before=5.02 load_after=5.02
ab res sha=23d555d56f27caa0 arm=23d555d56f27caa0.nosumsq tg_static_bytes=32 max_threads=1024 exec_width=32 bound_buffer_bytes=3783432 iters=50 cell label=23d555d56f27caa0:23d555d56f27caa0.nosumsq wall_ms=10.827 cpu_ms=2.682 cpu_pct=24.8 rss_peak_mb=3435.5 footprint_mb=101.9 gpu_alloc_mb=3247.5 load_before=5.02 load_after=5.02
ab res sha=23d555d56f27caa0 arm=23d555d56f27caa0.noweights tg_static_bytes=32 max_threads=1024 exec_width=32 bound_buffer_bytes=3783432 iters=50 cell label=23d555d56f27caa0:23d555d56f27caa0.noweights wall_ms=11.028 cpu_ms=2.727 cpu_pct=24.7 rss_peak_mb=3435.5 footprint_mb=101.9 gpu_alloc_mb=3247.5 load_before=5.02 load_after=5.02
ab res sha=23d555d56f27caa0 arm=23d555d56f27caa0.nowrite tg_static_bytes=32 max_threads=832 exec_width=32 bound_buffer_bytes=3783432 iters=50 cell label=23d555d56f27caa0:23d555d56f27caa0.nowrite wall_ms=11.475 cpu_ms=2.760 cpu_pct=24.1 rss_peak_mb=3435.5 footprint_mb=101.9 gpu_alloc_mb=3247.5 load_before=5.02 load_after=5.02
ab res sha=23d555d56f27caa0 arm=23d555d56f27caa0.w128 tg_static_bytes=16 max_threads=512 exec_width=32 bound_buffer_bytes=3783432 iters=50 cell label=23d555d56f27caa0:23d555d56f27caa0.w128 wall_ms=11.629 cpu_ms=2.728 cpu_pct=23.5 rss_peak_mb=3435.5 footprint_mb=101.9 gpu_alloc_mb=3247.5 load_before=5.02 load_after=5.02
ab res sha=23d555d56f27caa0 arm=23d555d56f27caa0.w192 tg_static_bytes=32 max_threads=768 exec_width=32 bound_buffer_bytes=3783432 iters=50 cell label=23d555d56f27caa0:23d555d56f27caa0.w192 wall_ms=11.827 cpu_ms=2.788 cpu_pct=23.6 rss_peak_mb=3435.5 footprint_mb=101.9 gpu_alloc_mb=3247.5 load_before=5.02 load_after=5.02
ab res sha=23d555d56f27caa0 arm=23d555d56f27caa0.w384 tg_static_bytes=48 max_threads=1024 exec_width=32 bound_buffer_bytes=3783432 iters=50 cell label=23d555d56f27caa0:23d555d56f27caa0.w384 wall_ms=11.427 cpu_ms=2.871 cpu_pct=25.1 rss_peak_mb=3435.5 footprint_mb=101.9 gpu_alloc_mb=3247.5 load_before=5.02 load_after=5.02
ab res sha=23d555d56f27caa0 arm=23d555d56f27caa0.w512 tg_static_bytes=64 max_threads=1024 exec_width=32 bound_buffer_bytes=3783432 iters=50 cell label=23d555d56f27caa0:23d555d56f27caa0.w512 wall_ms=11.504 cpu_ms=2.948 cpu_pct=25.6 rss_peak_mb=3435.5 footprint_mb=102.8 gpu_alloc_mb=3247.5 load_before=5.02 load_after=5.02
ab bits sha=23d555d56f27caa0 threads=256 extents=[1, 1536] arm=base elements=1536 differing=0 max_ulp=0 max_abs=0e0 max_abs_over_largest=0e0
ab bits sha=23d555d56f27caa0 threads=256 extents=[1, 1536] arm=23d555d56f27caa0.ctrl elements=1536 differing=0 max_ulp=0 max_abs=0e0 max_abs_over_largest=0e0
ab bits sha=23d555d56f27caa0 threads=256 extents=[1, 1536] arm=23d555d56f27caa0.noreduce elements=1536 differing=1536 max_ulp=47332110 max_abs=1.6701812e3 max_abs_over_largest=1.6203085e1
ab bits sha=23d555d56f27caa0 threads=256 extents=[1, 1536] arm=23d555d56f27caa0.nosumsq elements=1536 differing=1536 max_ulp=102946670 max_abs=4.886257e5 max_abs_over_largest=4.74035e3
ab bits sha=23d555d56f27caa0 threads=256 extents=[1, 1536] arm=23d555d56f27caa0.noweights elements=1536 differing=1536 max_ulp=2166759632 max_abs=1.0328888e2 max_abs_over_largest=1.0020461e0
ab bits sha=23d555d56f27caa0 threads=256 extents=[1, 1536] arm=23d555d56f27caa0.nowrite elements=1536 differing=1536 max_ulp=2552462657 max_abs=1.4660155e13 max_abs_over_largest=1.4222393e11
ab bits sha=23d555d56f27caa0 threads=256 extents=[1, 1536] arm=23d555d56f27caa0.w128 elements=1536 differing=0 max_ulp=0 max_abs=0e0 max_abs_over_largest=0e0
ab bits sha=23d555d56f27caa0 threads=256 extents=[1, 1536] arm=23d555d56f27caa0.w192 elements=1536 differing=0 max_ulp=0 max_abs=0e0 max_abs_over_largest=0e0
ab bits sha=23d555d56f27caa0 threads=256 extents=[1, 1536] arm=23d555d56f27caa0.w384 elements=1536 differing=0 max_ulp=0 max_abs=0e0 max_abs_over_largest=0e0
ab bits sha=23d555d56f27caa0 threads=256 extents=[1, 1536] arm=23d555d56f27caa0.w512 elements=1536 differing=0 max_ulp=0 max_abs=0e0 max_abs_over_largest=0e0
ab group sha=23d555d56f27caa0 threads=256 extents=[1, 1536] tg=Some(256) count=71 pass=0 arm=base marginal_us=5.894 single_us=11.250
ab group sha=23d555d56f27caa0 threads=256 extents=[1, 1536] tg=Some(256) count=71 pass=0 arm=23d555d56f27caa0.ctrl marginal_us=5.892 single_us=11.500
ab group sha=23d555d56f27caa0 threads=256 extents=[1, 1536] tg=Some(256) count=71 pass=0 arm=23d555d56f27caa0.noreduce marginal_us=5.697 single_us=10.917
ab group sha=23d555d56f27caa0 threads=256 extents=[1, 1536] tg=Some(256) count=71 pass=0 arm=23d555d56f27caa0.nosumsq marginal_us=4.725 single_us=9.500
ab group sha=23d555d56f27caa0 threads=256 extents=[1, 1536] tg=Some(256) count=71 pass=0 arm=23d555d56f27caa0.noweights marginal_us=4.642 single_us=8.875
ab group sha=23d555d56f27caa0 threads=256 extents=[1, 1536] tg=Some(256) count=71 pass=0 arm=23d555d56f27caa0.nowrite marginal_us=5.706 single_us=10.833
ab group sha=23d555d56f27caa0 threads=256 extents=[1, 1536] tg=Some(256) count=71 pass=0 arm=23d555d56f27caa0.w128 marginal_us=9.264 single_us=18.042
ab group sha=23d555d56f27caa0 threads=256 extents=[1, 1536] tg=Some(256) count=71 pass=0 arm=23d555d56f27caa0.w192 marginal_us=6.100 single_us=13.000
ab group sha=23d555d56f27caa0 threads=256 extents=[1, 1536] tg=Some(256) count=71 pass=0 arm=23d555d56f27caa0.w384 marginal_us=5.342 single_us=9.250
ab group sha=23d555d56f27caa0 threads=256 extents=[1, 1536] tg=Some(256) count=71 pass=0 arm=23d555d56f27caa0.w512 marginal_us=4.722 single_us=8.417
ab res sha=d8ad59bfed0ed43d arm=base tg_static_bytes=32 max_threads=832 exec_width=32 bound_buffer_bytes=5257992 iters=50 cell label=d8ad59bfed0ed43d:base wall_ms=11.339 cpu_ms=2.700 cpu_pct=23.8 rss_peak_mb=3435.5 footprint_mb=102.8 gpu_alloc_mb=3247.5 load_before=4.86 load_after=4.86
ab res sha=d8ad59bfed0ed43d arm=d8ad59bfed0ed43d.ctrl tg_static_bytes=32 max_threads=832 exec_width=32 bound_buffer_bytes=5257992 iters=50 cell label=d8ad59bfed0ed43d:d8ad59bfed0ed43d.ctrl wall_ms=11.442 cpu_ms=2.747 cpu_pct=24.0 rss_peak_mb=3435.5 footprint_mb=102.8 gpu_alloc_mb=3247.5 load_before=4.86 load_after=4.86
ab res sha=d8ad59bfed0ed43d arm=d8ad59bfed0ed43d.noreduce tg_static_bytes=0 max_threads=832 exec_width=32 bound_buffer_bytes=5257992 iters=50 cell label=d8ad59bfed0ed43d:d8ad59bfed0ed43d.noreduce wall_ms=11.303 cpu_ms=2.706 cpu_pct=23.9 rss_peak_mb=3435.5 footprint_mb=102.8 gpu_alloc_mb=3247.5 load_before=4.86 load_after=4.86
ab res sha=d8ad59bfed0ed43d arm=d8ad59bfed0ed43d.nosumsq tg_static_bytes=32 max_threads=1024 exec_width=32 bound_buffer_bytes=5257992 iters=50 cell label=d8ad59bfed0ed43d:d8ad59bfed0ed43d.nosumsq wall_ms=11.361 cpu_ms=2.750 cpu_pct=24.2 rss_peak_mb=3435.5 footprint_mb=102.8 gpu_alloc_mb=3247.5 load_before=4.86 load_after=4.86
ab res sha=d8ad59bfed0ed43d arm=d8ad59bfed0ed43d.noweights tg_static_bytes=32 max_threads=1024 exec_width=32 bound_buffer_bytes=5257992 iters=50 cell label=d8ad59bfed0ed43d:d8ad59bfed0ed43d.noweights wall_ms=11.378 cpu_ms=2.831 cpu_pct=24.9 rss_peak_mb=3435.5 footprint_mb=102.8 gpu_alloc_mb=3247.5 load_before=4.86 load_after=4.86
ab res sha=d8ad59bfed0ed43d arm=d8ad59bfed0ed43d.nowrite tg_static_bytes=32 max_threads=832 exec_width=32 bound_buffer_bytes=5257992 iters=50 cell label=d8ad59bfed0ed43d:d8ad59bfed0ed43d.nowrite wall_ms=12.368 cpu_ms=2.893 cpu_pct=23.4 rss_peak_mb=3435.5 footprint_mb=102.8 gpu_alloc_mb=3247.5 load_before=4.86 load_after=4.86
ab res sha=d8ad59bfed0ed43d arm=d8ad59bfed0ed43d.w128 tg_static_bytes=16 max_threads=576 exec_width=32 bound_buffer_bytes=5257992 iters=50 cell label=d8ad59bfed0ed43d:d8ad59bfed0ed43d.w128 wall_ms=11.956 cpu_ms=2.830 cpu_pct=23.7 rss_peak_mb=3435.5 footprint_mb=102.8 gpu_alloc_mb=3247.5 load_before=4.86 load_after=4.86
ab res sha=d8ad59bfed0ed43d arm=d8ad59bfed0ed43d.w192 tg_static_bytes=32 max_threads=832 exec_width=32 bound_buffer_bytes=5257992 iters=50 cell label=d8ad59bfed0ed43d:d8ad59bfed0ed43d.w192 wall_ms=11.605 cpu_ms=2.680 cpu_pct=23.1 rss_peak_mb=3435.5 footprint_mb=102.8 gpu_alloc_mb=3247.5 load_before=4.86 load_after=4.86
ab res sha=d8ad59bfed0ed43d arm=d8ad59bfed0ed43d.w384 tg_static_bytes=48 max_threads=1024 exec_width=32 bound_buffer_bytes=5257992 iters=50 cell label=d8ad59bfed0ed43d:d8ad59bfed0ed43d.w384 wall_ms=11.456 cpu_ms=2.825 cpu_pct=24.7 rss_peak_mb=3435.5 footprint_mb=102.8 gpu_alloc_mb=3247.5 load_before=4.86 load_after=4.86
ab res sha=d8ad59bfed0ed43d arm=d8ad59bfed0ed43d.w512 tg_static_bytes=64 max_threads=1024 exec_width=32 bound_buffer_bytes=5257992 iters=50 cell label=d8ad59bfed0ed43d:d8ad59bfed0ed43d.w512 wall_ms=11.482 cpu_ms=2.849 cpu_pct=24.8 rss_peak_mb=3435.5 footprint_mb=102.8 gpu_alloc_mb=3247.5 load_before=4.86 load_after=4.86
ab bits sha=d8ad59bfed0ed43d threads=256 extents=[1, 1536] arm=base elements=1536 differing=0 max_ulp=0 max_abs=0e0 max_abs_over_largest=0e0
ab bits sha=d8ad59bfed0ed43d threads=256 extents=[1, 1536] arm=d8ad59bfed0ed43d.ctrl elements=1536 differing=0 max_ulp=0 max_abs=0e0 max_abs_over_largest=0e0
ab bits sha=d8ad59bfed0ed43d threads=256 extents=[1, 1536] arm=d8ad59bfed0ed43d.noreduce elements=1536 differing=1536 max_ulp=2130907226 max_abs=3.3806195e0 max_abs_over_largest=1.5711654e0
ab bits sha=d8ad59bfed0ed43d threads=256 extents=[1, 1536] arm=d8ad59bfed0ed43d.nosumsq elements=1536 differing=1536 max_ulp=2213008107 max_abs=2.1930117e3 max_abs_over_largest=1.01921686e3
ab bits sha=d8ad59bfed0ed43d threads=256 extents=[1, 1536] arm=d8ad59bfed0ed43d.noweights elements=1536 differing=1536 max_ulp=2094070297 max_abs=2.1759884e0 max_abs_over_largest=1.0113052e0
ab bits sha=d8ad59bfed0ed43d threads=256 extents=[1, 1536] arm=d8ad59bfed0ed43d.nowrite elements=1536 differing=1536 max_ulp=2506033712 max_abs=1.4660155e13 max_abs_over_largest=6.8134046e12
ab bits sha=d8ad59bfed0ed43d threads=256 extents=[1, 1536] arm=d8ad59bfed0ed43d.w128 elements=1536 differing=810 max_ulp=2506033712 max_abs=1.4660155e13 max_abs_over_largest=6.8134046e12
ab bits sha=d8ad59bfed0ed43d threads=256 extents=[1, 1536] arm=d8ad59bfed0ed43d.w192 elements=1536 differing=456 max_ulp=86 max_abs=1.1920929e-7 max_abs_over_largest=5.5403312e-8
ab bits sha=d8ad59bfed0ed43d threads=256 extents=[1, 1536] arm=d8ad59bfed0ed43d.w384 elements=1536 differing=0 max_ulp=0 max_abs=0e0 max_abs_over_largest=0e0
ab bits sha=d8ad59bfed0ed43d threads=256 extents=[1, 1536] arm=d8ad59bfed0ed43d.w512 elements=1536 differing=0 max_ulp=0 max_abs=0e0 max_abs_over_largest=0e0
ab group sha=d8ad59bfed0ed43d threads=256 extents=[1, 1536] tg=Some(256) count=35 pass=0 arm=base marginal_us=6.628 single_us=13.542
ab group sha=d8ad59bfed0ed43d threads=256 extents=[1, 1536] tg=Some(256) count=35 pass=0 arm=d8ad59bfed0ed43d.ctrl marginal_us=6.617 single_us=13.125
ab group sha=d8ad59bfed0ed43d threads=256 extents=[1, 1536] tg=Some(256) count=35 pass=0 arm=d8ad59bfed0ed43d.noreduce marginal_us=6.378 single_us=12.458
ab group sha=d8ad59bfed0ed43d threads=256 extents=[1, 1536] tg=Some(256) count=35 pass=0 arm=d8ad59bfed0ed43d.nosumsq marginal_us=5.797 single_us=11.792
ab group sha=d8ad59bfed0ed43d threads=256 extents=[1, 1536] tg=Some(256) count=35 pass=0 arm=d8ad59bfed0ed43d.noweights marginal_us=4.906 single_us=9.042
ab group sha=d8ad59bfed0ed43d threads=256 extents=[1, 1536] tg=Some(256) count=35 pass=0 arm=d8ad59bfed0ed43d.nowrite marginal_us=6.456 single_us=13.750
ab group sha=d8ad59bfed0ed43d threads=256 extents=[1, 1536] tg=Some(256) count=35 pass=0 arm=d8ad59bfed0ed43d.w128 marginal_us=7.303 single_us=14.958
ab group sha=d8ad59bfed0ed43d threads=256 extents=[1, 1536] tg=Some(256) count=35 pass=0 arm=d8ad59bfed0ed43d.w192 marginal_us=6.881 single_us=15.000
ab group sha=d8ad59bfed0ed43d threads=256 extents=[1, 1536] tg=Some(256) count=35 pass=0 arm=d8ad59bfed0ed43d.w384 marginal_us=5.886 single_us=10.000
ab group sha=d8ad59bfed0ed43d threads=256 extents=[1, 1536] tg=Some(256) count=35 pass=0 arm=d8ad59bfed0ed43d.w512 marginal_us=5.836 single_us=8.708
ab res sha=f41c3c0ebf45e3dc arm=base tg_static_bytes=32 max_threads=832 exec_width=32 bound_buffer_bytes=5061896 iters=50 cell label=f41c3c0ebf45e3dc:base wall_ms=11.194 cpu_ms=2.645 cpu_pct=23.6 rss_peak_mb=3435.5 footprint_mb=102.8 gpu_alloc_mb=3247.5 load_before=4.86 load_after=4.86
ab res sha=f41c3c0ebf45e3dc arm=f41c3c0ebf45e3dc.ctrl tg_static_bytes=32 max_threads=832 exec_width=32 bound_buffer_bytes=5061896 iters=50 cell label=f41c3c0ebf45e3dc:f41c3c0ebf45e3dc.ctrl wall_ms=11.357 cpu_ms=2.737 cpu_pct=24.1 rss_peak_mb=3435.5 footprint_mb=102.8 gpu_alloc_mb=3247.5 load_before=4.86 load_after=4.86
ab res sha=f41c3c0ebf45e3dc arm=f41c3c0ebf45e3dc.noreduce tg_static_bytes=0 max_threads=832 exec_width=32 bound_buffer_bytes=5061896 iters=50 cell label=f41c3c0ebf45e3dc:f41c3c0ebf45e3dc.noreduce wall_ms=11.300 cpu_ms=2.693 cpu_pct=23.8 rss_peak_mb=3435.5 footprint_mb=102.8 gpu_alloc_mb=3247.5 load_before=4.86 load_after=4.86
ab res sha=f41c3c0ebf45e3dc arm=f41c3c0ebf45e3dc.nosumsq tg_static_bytes=32 max_threads=1024 exec_width=32 bound_buffer_bytes=5061896 iters=50 cell label=f41c3c0ebf45e3dc:f41c3c0ebf45e3dc.nosumsq wall_ms=11.345 cpu_ms=2.717 cpu_pct=23.9 rss_peak_mb=3435.5 footprint_mb=102.8 gpu_alloc_mb=3247.5 load_before=4.86 load_after=4.86
ab res sha=f41c3c0ebf45e3dc arm=f41c3c0ebf45e3dc.noweights tg_static_bytes=32 max_threads=1024 exec_width=32 bound_buffer_bytes=5061896 iters=50 cell label=f41c3c0ebf45e3dc:f41c3c0ebf45e3dc.noweights wall_ms=11.407 cpu_ms=2.752 cpu_pct=24.1 rss_peak_mb=3435.5 footprint_mb=102.8 gpu_alloc_mb=3247.5 load_before=4.86 load_after=4.86
ab res sha=f41c3c0ebf45e3dc arm=f41c3c0ebf45e3dc.nowrite tg_static_bytes=32 max_threads=832 exec_width=32 bound_buffer_bytes=5061896 iters=50 cell label=f41c3c0ebf45e3dc:f41c3c0ebf45e3dc.nowrite wall_ms=12.395 cpu_ms=2.812 cpu_pct=22.7 rss_peak_mb=3435.5 footprint_mb=102.8 gpu_alloc_mb=3247.5 load_before=4.86 load_after=4.86
ab res sha=f41c3c0ebf45e3dc arm=f41c3c0ebf45e3dc.w128 tg_static_bytes=16 max_threads=576 exec_width=32 bound_buffer_bytes=5061896 iters=50 cell label=f41c3c0ebf45e3dc:f41c3c0ebf45e3dc.w128 wall_ms=12.623 cpu_ms=2.845 cpu_pct=22.5 rss_peak_mb=3435.5 footprint_mb=102.8 gpu_alloc_mb=3247.5 load_before=4.86 load_after=4.86
ab res sha=f41c3c0ebf45e3dc arm=f41c3c0ebf45e3dc.w192 tg_static_bytes=32 max_threads=832 exec_width=32 bound_buffer_bytes=5061896 iters=50 cell label=f41c3c0ebf45e3dc:f41c3c0ebf45e3dc.w192 wall_ms=12.602 cpu_ms=2.865 cpu_pct=22.7 rss_peak_mb=3435.5 footprint_mb=102.8 gpu_alloc_mb=3247.5 load_before=4.86 load_after=4.86
ab res sha=f41c3c0ebf45e3dc arm=f41c3c0ebf45e3dc.w384 tg_static_bytes=48 max_threads=1024 exec_width=32 bound_buffer_bytes=5061896 iters=50 cell label=f41c3c0ebf45e3dc:f41c3c0ebf45e3dc.w384 wall_ms=11.571 cpu_ms=2.852 cpu_pct=24.6 rss_peak_mb=3435.5 footprint_mb=102.8 gpu_alloc_mb=3247.5 load_before=4.86 load_after=4.86
ab res sha=f41c3c0ebf45e3dc arm=f41c3c0ebf45e3dc.w512 tg_static_bytes=64 max_threads=1024 exec_width=32 bound_buffer_bytes=5061896 iters=50 cell label=f41c3c0ebf45e3dc:f41c3c0ebf45e3dc.w512 wall_ms=11.595 cpu_ms=2.870 cpu_pct=24.8 rss_peak_mb=3435.5 footprint_mb=102.8 gpu_alloc_mb=3247.5 load_before=4.86 load_after=4.86
ab bits sha=f41c3c0ebf45e3dc threads=256 extents=[1, 1536] arm=base elements=1536 differing=0 max_ulp=0 max_abs=0e0 max_abs_over_largest=0e0
ab bits sha=f41c3c0ebf45e3dc threads=256 extents=[1, 1536] arm=f41c3c0ebf45e3dc.ctrl elements=1536 differing=0 max_ulp=0 max_abs=0e0 max_abs_over_largest=0e0
ab bits sha=f41c3c0ebf45e3dc threads=256 extents=[1, 1536] arm=f41c3c0ebf45e3dc.noreduce elements=1536 differing=1536 max_ulp=47419168 max_abs=2.5461013e3 max_abs_over_largest=1.3634459e1
ab bits sha=f41c3c0ebf45e3dc threads=256 extents=[1, 1536] arm=f41c3c0ebf45e3dc.nosumsq elements=1536 differing=1536 max_ulp=112935967 max_abs=2.0150968e6 max_abs_over_largest=1.0790911e4
ab bits sha=f41c3c0ebf45e3dc threads=256 extents=[1, 1536] arm=f41c3c0ebf45e3dc.noweights elements=1536 differing=1536 max_ulp=2190476367 max_abs=1.8565405e2 max_abs_over_largest=9.941837e-1
ab bits sha=f41c3c0ebf45e3dc threads=256 extents=[1, 1536] arm=f41c3c0ebf45e3dc.nowrite elements=1536 differing=1536 max_ulp=2556056418 max_abs=1.4660155e13 max_abs_over_largest=7.850562e10
ab bits sha=f41c3c0ebf45e3dc threads=256 extents=[1, 1536] arm=f41c3c0ebf45e3dc.w128 elements=1536 differing=711 max_ulp=2556056418 max_abs=1.4660155e13 max_abs_over_largest=7.850562e10
ab bits sha=f41c3c0ebf45e3dc threads=256 extents=[1, 1536] arm=f41c3c0ebf45e3dc.w192 elements=1536 differing=0 max_ulp=0 max_abs=0e0 max_abs_over_largest=0e0
ab bits sha=f41c3c0ebf45e3dc threads=256 extents=[1, 1536] arm=f41c3c0ebf45e3dc.w384 elements=1536 differing=0 max_ulp=0 max_abs=0e0 max_abs_over_largest=0e0
ab bits sha=f41c3c0ebf45e3dc threads=256 extents=[1, 1536] arm=f41c3c0ebf45e3dc.w512 elements=1536 differing=0 max_ulp=0 max_abs=0e0 max_abs_over_largest=0e0
ab group sha=f41c3c0ebf45e3dc threads=256 extents=[1, 1536] tg=Some(256) count=70 pass=0 arm=base marginal_us=6.514 single_us=13.083
ab group sha=f41c3c0ebf45e3dc threads=256 extents=[1, 1536] tg=Some(256) count=70 pass=0 arm=f41c3c0ebf45e3dc.ctrl marginal_us=6.500 single_us=13.125
ab group sha=f41c3c0ebf45e3dc threads=256 extents=[1, 1536] tg=Some(256) count=70 pass=0 arm=f41c3c0ebf45e3dc.noreduce marginal_us=6.275 single_us=12.625
ab group sha=f41c3c0ebf45e3dc threads=256 extents=[1, 1536] tg=Some(256) count=70 pass=0 arm=f41c3c0ebf45e3dc.nosumsq marginal_us=5.661 single_us=11.125
ab group sha=f41c3c0ebf45e3dc threads=256 extents=[1, 1536] tg=Some(256) count=70 pass=0 arm=f41c3c0ebf45e3dc.noweights marginal_us=4.750 single_us=8.875
ab group sha=f41c3c0ebf45e3dc threads=256 extents=[1, 1536] tg=Some(256) count=70 pass=0 arm=f41c3c0ebf45e3dc.nowrite marginal_us=6.356 single_us=13.667
ab group sha=f41c3c0ebf45e3dc threads=256 extents=[1, 1536] tg=Some(256) count=70 pass=0 arm=f41c3c0ebf45e3dc.w128 marginal_us=7.175 single_us=15.125
ab group sha=f41c3c0ebf45e3dc threads=256 extents=[1, 1536] tg=Some(256) count=70 pass=0 arm=f41c3c0ebf45e3dc.w192 marginal_us=6.844 single_us=15.250
ab group sha=f41c3c0ebf45e3dc threads=256 extents=[1, 1536] tg=Some(256) count=70 pass=0 arm=f41c3c0ebf45e3dc.w384 marginal_us=5.875 single_us=9.792
ab group sha=f41c3c0ebf45e3dc threads=256 extents=[1, 1536] tg=Some(256) count=70 pass=0 arm=f41c3c0ebf45e3dc.w512 marginal_us=5.686 single_us=9.083
ab cell label=process wall_ms=3029.359 cpu_ms=2436.565 cpu_pct=80.4 rss_peak_mb=3435.5 footprint_mb=102.8 gpu_alloc_mb=3247.5 load_before=5.02 load_after=4.86
