ab capture excludes 0 unreplayable dispatches of 653
ab capture: step=5 dispatches=653 groups=47
ab describe sha=055f1105af08851c extents=[1, 512] count=1 entry=omega_reduce_r2_o1_n1_identity_add_zero
ab describe   binding=0 buffer=0x10a2c8000 offset=1048832 length=1056256 head=[512.0, 512.0, 512.0, 512.0]
ab describe   binding=1 buffer=0x10a5e2300 offset=0 length=4 head=[262144.0]
ab describe sha=1d7873ae32d202eb extents=[1, 1536, 6144] count=15 entry=omega_reduce_r3_o2_n2_multiply_add_zero_epi9_fused_identity_o9__multiply_o5_o6__multiply_s1_o4__multiply_s2_o3__add_s3_o2__multiply_s4_o1__tanh_s5__add_s6_o0__multiply_o7_o8__multiply_s7_s8__multiply_s0_s9
ab describe   binding=0 buffer=0x10a2c8000 offset=56064 length=1056256 head=[3.777411, 6.4514575, 7.8564186, 11.70307]
ab describe   binding=1 buffer=0x300000000 offset=2315019040 length=3349528576 head=[]
ab describe   binding=2 buffer=0x1035e5c00 offset=0 length=4 head=[1.0]
ab describe   binding=3 buffer=0x1035e6500 offset=0 length=4 head=[0.7978846]
ab describe   binding=4 buffer=0x10a2c8000 offset=0 length=1056256 head=[-0.14294763, 4.5973744, 2.3354976, -1.2971929]
ab describe   binding=5 buffer=0x1035e6400 offset=0 length=4 head=[0.044715]
ab describe   binding=6 buffer=0x10a2c8000 offset=0 length=1056256 head=[-0.14294763, 4.5973744, 2.3354976, -1.2971929]
ab describe   binding=7 buffer=0x10a2c8000 offset=0 length=1056256 head=[-0.14294763, 4.5973744, 2.3354976, -1.2971929]
ab describe   binding=8 buffer=0x10a2c8000 offset=0 length=1056256 head=[-0.14294763, 4.5973744, 2.3354976, -1.2971929]
ab describe   binding=9 buffer=0x10a2c8000 offset=0 length=1056256 head=[-0.14294763, 4.5973744, 2.3354976, -1.2971929]
ab describe   binding=10 buffer=0x1035e6300 offset=0 length=4 head=[0.5]
ab describe   binding=11 buffer=0x10a2c8000 offset=24832 length=1056256 head=[0.45742247, -4.068963, 5.7675004, 8.338178]
ab describe sha=1d7873ae32d202eb extents=[1, 1536, 12288] count=20 entry=omega_reduce_r3_o2_n2_multiply_add_zero_epi9_fused_identity_o9__multiply_o5_o6__multiply_s1_o4__multiply_s2_o3__add_s3_o2__multiply_s4_o1__tanh_s5__add_s6_o0__multiply_o7_o8__multiply_s7_s8__multiply_s0_s9
ab describe   binding=0 buffer=0x10a2c8000 offset=144384 length=1056256 head=[2.2307107, 0.88716227, -1.5799028, 7.6867023]
ab describe   binding=1 buffer=0x300000000 offset=2642868480 length=3349528576 head=[]
ab describe   binding=2 buffer=0x1035e5c00 offset=0 length=4 head=[1.0]
ab describe   binding=3 buffer=0x10a5da700 offset=0 length=4 head=[0.7978846]
ab describe   binding=4 buffer=0x10a2c8000 offset=0 length=1056256 head=[-0.14294763, 4.5973744, 2.3354976, -1.2971929]
ab describe   binding=5 buffer=0x10a5da600 offset=0 length=4 head=[0.044715]
ab describe   binding=6 buffer=0x10a2c8000 offset=0 length=1056256 head=[-0.14294763, 4.5973744, 2.3354976, -1.2971929]
ab describe   binding=7 buffer=0x10a2c8000 offset=0 length=1056256 head=[-0.14294763, 4.5973744, 2.3354976, -1.2971929]
ab describe   binding=8 buffer=0x10a2c8000 offset=0 length=1056256 head=[-0.14294763, 4.5973744, 2.3354976, -1.2971929]
ab describe   binding=9 buffer=0x10a2c8000 offset=0 length=1056256 head=[-0.14294763, 4.5973744, 2.3354976, -1.2971929]
ab describe   binding=10 buffer=0x10a5da500 offset=0 length=4 head=[0.5]
ab describe   binding=11 buffer=0x10a2c8000 offset=49408 length=1056256 head=[0.14855959, -3.974582, -5.4942, 1.6600332]
ab describe sha=23d555d56f27caa0 extents=[1, 1536] count=71 entry=omega_reduce_r2_o1_n2_multiply_add_zero_epi4_fused_identity_o4__multiply_s0_o3__add_s1_o2__square_root_s2__reciprocal_s3__multiply_s4_o1__multiply_s5_o0
ab describe   binding=0 buffer=0x10a2c8000 offset=144384 length=1056256 head=[2.2307107, 0.88716227, -1.5799028, 7.6867023]
ab describe   binding=1 buffer=0x10a2c8000 offset=144384 length=1056256 head=[2.2307107, 0.88716227, -1.5799028, 7.6867023]
ab describe   binding=2 buffer=0x300000000 offset=2300628768 length=3349528576 head=[]
ab describe   binding=3 buffer=0x10a2c8000 offset=144384 length=1056256 head=[2.2307107, 0.88716227, -1.5799028, 7.6867023]
ab describe   binding=4 buffer=0x1035e4a00 offset=0 length=4 head=[1e-6]
ab describe   binding=5 buffer=0x1035e5b00 offset=0 length=4 head=[0.0006510417]
ab describe   binding=6 buffer=0x10a2c8000 offset=8448 length=1056256 head=[11.295681, -2.5576513, 6.6439595, 0.3069055]
ab describe sha=2417697c78307ab2 extents=[1, 1, 512] count=3 entry=omega_reduce_r3_o2_n2_multiply_add_zero_epi4_fused_identity_o4__multiply_s0_o3__add_s1_o2__square_root_s2__reciprocal_s3__multiply_s4_o1__multiply_s5_o0
ab describe   binding=0 buffer=0x10a2c8000 offset=23040 length=1056256 head=[9.520544, 0.97905546, 9.029348, 0.10549805]
ab describe   binding=1 buffer=0x10a2c8000 offset=23040 length=1056256 head=[9.520544, 0.97905546, 9.029348, 0.10549805]
ab describe   binding=2 buffer=0x300000000 offset=2382375840 length=3349528576 head=[]
ab describe   binding=3 buffer=0x10a2c8000 offset=23040 length=1056256 head=[9.520544, 0.97905546, 9.029348, 0.10549805]
ab describe   binding=4 buffer=0x1035e4a00 offset=0 length=4 head=[1e-6]
ab describe   binding=5 buffer=0x1035e6200 offset=0 length=4 head=[0.001953125]
ab describe   binding=6 buffer=0x10a2c8000 offset=25344 length=1056256 head=[1.7516371, 5.304193, 8.900217, 5.049951]
ab describe sha=2417697c78307ab2 extents=[1, 8, 512] count=7 entry=omega_reduce_r3_o2_n2_multiply_add_zero_epi4_fused_identity_o4__multiply_s0_o3__add_s1_o2__square_root_s2__reciprocal_s3__multiply_s4_o1__multiply_s5_o0
ab describe   binding=0 buffer=0x10a2c8000 offset=0 length=1056256 head=[-0.14294763, 4.5973744, 2.3354976, -1.2971929]
ab describe   binding=1 buffer=0x10a2c8000 offset=0 length=1056256 head=[-0.14294763, 4.5973744, 2.3354976, -1.2971929]
ab describe   binding=2 buffer=0x300000000 offset=2389461920 length=3349528576 head=[]
ab describe   binding=3 buffer=0x10a2c8000 offset=0 length=1056256 head=[-0.14294763, 4.5973744, 2.3354976, -1.2971929]
ab describe   binding=4 buffer=0x1035e4a00 offset=0 length=4 head=[1e-6]
ab describe   binding=5 buffer=0x1035e6200 offset=0 length=4 head=[0.001953125]
ab describe   binding=6 buffer=0x10a2c8000 offset=16640 length=1056256 head=[-5.477983, -8.060011, 0.34101644, -4.818563]
ab describe sha=2b18e2e46efc835c extents=[1, 512] count=1 entry=omega_reduce_r2_o1_n1_identity_minimum_positive_infinity
ab describe   binding=0 buffer=0x10a2c8000 offset=1048832 length=1056256 head=[512.0, 512.0, 512.0, 512.0]
ab describe   binding=1 buffer=0x10a5e2000 offset=0 length=4 head=[2165.0]
ab describe sha=2ed772243b1bc49f extents=[512] count=2 entry=omega_iota_r1
ab describe   binding=0 buffer=0x10a2c8000 offset=1048832 length=1056256 head=[512.0, 512.0, 512.0, 512.0]
ab describe sha=301c37405a5301bd extents=[1, 256, 1536] count=35 entry=omega_reduce_r3_o2_n2_multiply_add_zero
ab describe   binding=0 buffer=0x10a2c8000 offset=12800 length=1056256 head=[12.258193, 0.18447465, -2.6158152, -1.4202483]
ab describe   binding=1 buffer=0x300000000 offset=2320567104 length=3349528576 head=[]
ab describe   binding=2 buffer=0x10a2c8000 offset=0 length=1056256 head=[-0.14294763, 4.5973744, 2.3354976, -1.2971929]
ab describe sha=301c37405a5301bd extents=[1, 1536, 6144] count=15 entry=omega_reduce_r3_o2_n2_multiply_add_zero
ab describe   binding=0 buffer=0x10a2c8000 offset=56064 length=1056256 head=[3.777411, 6.4514575, 7.8564186, 11.70307]
ab describe   binding=1 buffer=0x300000000 offset=2309704480 length=3349528576 head=[]
ab describe   binding=2 buffer=0x10a2c8000 offset=0 length=1056256 head=[-0.14294763, 4.5973744, 2.3354976, -1.2971929]
ab describe sha=301c37405a5301bd extents=[1, 1536, 12288] count=20 entry=omega_reduce_r3_o2_n2_multiply_add_zero
ab describe   binding=0 buffer=0x10a2c8000 offset=144384 length=1056256 head=[2.2307107, 0.88716227, -1.5799028, 7.6867023]
ab describe   binding=1 buffer=0x300000000 offset=2632245504 length=3349528576 head=[]
ab describe   binding=2 buffer=0x10a2c8000 offset=0 length=1056256 head=[-0.14294763, 4.5973744, 2.3354976, -1.2971929]
ab describe sha=3d3a72948b2448db extents=[1, 1, 512] count=3 entry=omega_reduce_r3_o2_n2_multiply_add_zero_epi3_fused_identity_o3__multiply_s0_o2__add_s1_o1__square_root_s2__reciprocal_s3__multiply_s4_o0
ab describe   binding=0 buffer=0x10a2c8000 offset=23040 length=1056256 head=[9.520544, 0.97905546, 9.029348, 0.10549805]
ab describe   binding=1 buffer=0x10a2c8000 offset=23040 length=1056256 head=[9.520544, 0.97905546, 9.029348, 0.10549805]
ab describe   binding=2 buffer=0x10a2c8000 offset=23040 length=1056256 head=[9.520544, 0.97905546, 9.029348, 0.10549805]
ab describe   binding=3 buffer=0x1035e4a00 offset=0 length=4 head=[1e-6]
ab describe   binding=4 buffer=0x1035e6200 offset=0 length=4 head=[0.001953125]
ab describe   binding=5 buffer=0x108290000 offset=1996800 length=2228224 head=[-0.38124806, -0.7640768, 0.21529996, 0.14804079]
ab describe sha=565c16a08dcdd100 extents=[1, 512, 512] count=1 entry=omega_reduce_r3_o2_n1_identity_maximum_negative_infinity
ab describe   binding=0 buffer=0x10a2c8000 offset=0 length=1056256 head=[-0.14294763, 4.5973744, 2.3354976, -1.2971929]
ab describe   binding=1 buffer=0x10a2c8000 offset=1048832 length=1056256 head=[512.0, 512.0, 512.0, 512.0]
ab describe sha=588991dfd09491af extents=[1, 1536, 8960] count=1 entry=omega_reduce_r3_o2_n2_multiply_add_zero_epi1_fused_identity_o1__multiply_s0_o0
ab describe   binding=0 buffer=0x10a2c8000 offset=144384 length=1056256 head=[2.2307107, 0.88716227, -1.5799028, 7.6867023]
ab describe   binding=1 buffer=0x300000000 offset=15819552 length=3349528576 head=[]
ab describe   binding=2 buffer=0x1035e5e00 offset=0 length=4 head=[0.025515517]
ab describe   binding=3 buffer=0x10a2c8000 offset=0 length=1056256 head=[-0.14294763, 4.5973744, 2.3354976, -1.2971929]
ab describe sha=5c2e7fcd2579eb81 extents=[1, 1, 8, 512] count=7 entry=omega_cached_attention_q1_h1_g8_d512_s3f800000_ln9223372036854775808_up0_x4_e1_k1_ds_merge
ab describe   binding=0 buffer=0x10c630000 offset=0 length=526336 head=[-0.0039088875, 0.49248603, 0.37762222, 0.44771573]
ab describe   binding=1 buffer=0x10a2c8000 offset=0 length=1056256 head=[-0.14294763, 4.5973744, 2.3354976, -1.2971929]
ab describe sha=5c56afee9095bd2b extents=[1, 8, 128] count=28 entry=omega_elementwise_twin_r3_n4_fused_multiply_o0_o1__multiply_o2_o3__subtract_s0_s1_fused_multiply_o0_o3__multiply_o2_o1__add_s0_s1
ab describe   binding=0 buffer=0x1035e4c00 offset=0 length=512 head=[0.44799277, -0.81819165, -0.71569526, 0.9559425]
ab describe   binding=1 buffer=0x10a2c8000 offset=8448 length=1056256 head=[11.295681, -2.5576513, 6.6439595, 0.3069055]
ab describe   binding=2 buffer=0x1035e4e00 offset=0 length=512 head=[0.8940372, 0.57494557, 0.6984127, 0.29355404]
ab describe   binding=3 buffer=0x10a2c8000 offset=8448 length=1056256 head=[11.295681, -2.5576513, 6.6439595, 0.3069055]
ab describe   binding=4 buffer=0x10a2c8000 offset=16896 length=1056256 head=[9.57987, -6.0552955, 12.029133, 10.447122]
ab describe   binding=6 buffer=0x10a2c8000 offset=21248 length=1056256 head=[7.7062907, 3.5840766, 2.5379732, 13.403725]
ab describe sha=5c56afee9095bd2b extents=[1, 8, 256] count=7 entry=omega_elementwise_twin_r3_n4_fused_multiply_o0_o1__multiply_o2_o3__subtract_s0_s1_fused_multiply_o0_o3__multiply_o2_o1__add_s0_s1
ab describe   binding=0 buffer=0x1035e5000 offset=0 length=1024 head=[0.44799277, 0.988968, -0.3063726, 0.9930665]
ab describe   binding=1 buffer=0x10a2c8000 offset=16640 length=1056256 head=[-5.477983, -8.060011, 0.34101644, -4.818563]
ab describe   binding=2 buffer=0x1035e5400 offset=0 length=1024 head=[0.8940372, 0.14812921, 0.9519117, -0.11755383]
ab describe   binding=3 buffer=0x10a2c8000 offset=16640 length=1056256 head=[-5.477983, -8.060011, 0.34101644, -4.818563]
ab describe   binding=4 buffer=0x10a2c8000 offset=33280 length=1056256 head=[-8.610228, 4.3365846, -5.014188, 4.2845993]
ab describe   binding=6 buffer=0x10a2c8000 offset=41728 length=1056256 head=[3.6926072, -5.235694, 10.155305, 0.251637]
ab describe sha=6ea595c3ebd844f9 extents=[1, 1536] count=1 entry=omega_elementwise_r2_n1_identity_g1
ab describe   binding=0 buffer=0x10a2c8000 offset=0 length=1056256 head=[-0.14294763, 4.5973744, 2.3354976, -1.2971929]
ab describe   binding=1 buffer=0x1035e5900 offset=0 length=4 head=[0.0]
ab describe   binding=2 buffer=0x10a2c8000 offset=6400 length=1056256 head=[-1.8094444, 7.3493147, 8.321553, 3.5801432]
ab describe sha=70da2b90461e8765 extents=[1, 1, 8, 256, 1536] count=28 entry=omega_reduce_r5_o2_n2_multiply_add_zero
ab describe   binding=0 buffer=0x300000000 offset=2300634912 length=3349528576 head=[]
ab describe   binding=1 buffer=0x10a2c8000 offset=0 length=1056256 head=[-0.14294763, 4.5973744, 2.3354976, -1.2971929]
ab describe   binding=2 buffer=0x10a2c8000 offset=8448 length=1056256 head=[11.295681, -2.5576513, 6.6439595, 0.3069055]
ab describe sha=70da2b90461e8765 extents=[1, 1, 8, 512, 1536] count=7 entry=omega_reduce_r5_o2_n2_multiply_add_zero
ab describe   binding=0 buffer=0x300000000 offset=2382384032 length=3349528576 head=[]
ab describe   binding=1 buffer=0x10a2c8000 offset=0 length=1056256 head=[-0.14294763, 4.5973744, 2.3354976, -1.2971929]
ab describe   binding=2 buffer=0x10a2c8000 offset=16640 length=1056256 head=[-5.477983, -8.060011, 0.34101644, -4.818563]
ab describe sha=7310c707cd786018 extents=[1, 35, 256] count=1 entry=omega_reduce_r3_o2_n2_multiply_add_zero_epi6_fused_identity_o6__identity_o0__multiply_s0_o4__add_s2_o3__square_root_s3__reciprocal_s4__multiply_s5_o2__multiply_s6_o1__add_s1_s7__multiply_s8_o5
ab describe   binding=0 buffer=0x10a2c8000 offset=72192 length=1056256 head=[10.131637, 6.777712, -1.8514396, 3.1655881]
ab describe   binding=1 buffer=0x10a2c8000 offset=72192 length=1056256 head=[10.131637, 6.777712, -1.8514396, 3.1655881]
ab describe   binding=2 buffer=0x10a2c8000 offset=36096 length=1056256 head=[-0.85766727, 4.51345, -3.017048, 2.6193497]
ab describe   binding=3 buffer=0x300000000 offset=43344672 length=3349528576 head=[]
ab describe   binding=4 buffer=0x10a2c8000 offset=72192 length=1056256 head=[10.131637, 6.777712, -1.8514396, 3.1655881]
ab describe   binding=5 buffer=0x1035e4a00 offset=0 length=4 head=[1e-6]
ab describe   binding=6 buffer=0x1035e5f00 offset=0 length=4 head=[0.00390625]
ab describe   binding=7 buffer=0x1035e6000 offset=0 length=4 head=[0.70710677]
ab describe   binding=8 buffer=0x10a2c8000 offset=108288 length=1056256 head=[1.4727616, -0.77693564, 2.7470055, 5.380737]
ab describe sha=8f117d35fa82c59a extents=[1, 512, 512] count=1 entry=omega_reduce_r3_o2_n5_fused_equal_o0_o1__add_o2_o3__select_s0_s1_o4_minimum_positive_infinity
ab describe   binding=0 buffer=0x10a2c8000 offset=0 length=1056256 head=[-0.14294763, 4.5973744, 2.3354976, -1.2971929]
ab describe   binding=1 buffer=0x10a2c8000 offset=1055744 length=1056256 head=[26.36727, 0.0, 0.0, 0.0]
ab describe   binding=2 buffer=0x10a2c8000 offset=1051136 length=1056256 head=[0.0, 1.0, 2.0, 3.0]
ab describe   binding=3 buffer=0x10a2c8000 offset=1053440 length=1056256 head=[0.0, 512.0, 1024.0, 1536.0]
ab describe   binding=4 buffer=0x10a5e1f00 offset=0 length=4 head=[262144.0]
ab describe   binding=5 buffer=0x10a2c8000 offset=1048832 length=1056256 head=[512.0, 512.0, 512.0, 512.0]
ab describe sha=96b2c794feafb890 extents=[1, 1, 128] count=12 entry=omega_elementwise_twin_r3_n4_fused_multiply_o0_o1__multiply_o2_o3__add_s0_s1_fused_multiply_o0_o3__multiply_o2_o1__subtract_s0_s1
ab describe   binding=0 buffer=0x1035e4c00 offset=0 length=512 head=[0.44799277, -0.81819165, -0.71569526, 0.9559425]
ab describe   binding=1 buffer=0x10a2c8000 offset=16128 length=1056256 head=[6.10462, -2.121236, -8.16014, 5.4470506]
ab describe   binding=2 buffer=0x1035e4e00 offset=0 length=512 head=[0.8940372, 0.57494557, 0.6984127, 0.29355404]
ab describe   binding=3 buffer=0x10a2c8000 offset=16128 length=1056256 head=[6.10462, -2.121236, -8.16014, 5.4470506]
ab describe   binding=4 buffer=0x107178000 offset=499200 length=557056 head=[0.4043539, -0.03596531, -0.0836643, 0.00073916593]
ab describe   binding=6 buffer=0x104800000 offset=499200 length=557056 head=[0.51658285, 0.05841219, -0.13976924, 0.07995123]
ab describe sha=96b2c794feafb890 extents=[1, 1, 256] count=3 entry=omega_elementwise_twin_r3_n4_fused_multiply_o0_o1__multiply_o2_o3__add_s0_s1_fused_multiply_o0_o3__multiply_o2_o1__subtract_s0_s1
ab describe   binding=0 buffer=0x1035e5000 offset=0 length=1024 head=[0.44799277, 0.988968, -0.3063726, 0.9930665]
ab describe   binding=1 buffer=0x10a2c8000 offset=25344 length=1056256 head=[1.7516371, 5.304193, 8.900217, 5.049951]
ab describe   binding=2 buffer=0x1035e5400 offset=0 length=1024 head=[0.8940372, 0.14812921, 0.9519117, -0.11755383]
ab describe   binding=3 buffer=0x10a2c8000 offset=25344 length=1056256 head=[1.7516371, 5.304193, 8.900217, 5.049951]
ab describe   binding=4 buffer=0x108180000 offset=998400 length=1114112 head=[-0.08463113, -0.06644783, 0.072679356, 0.08382766]
ab describe   binding=6 buffer=0x108070000 offset=998400 length=1114112 head=[-0.026440684, 0.005375051, -0.054159068, -0.05018616]
ab describe sha=9b87f6638ee11e4b extents=[1, 1, 256] count=12 entry=omega_reduce_r3_o2_n2_multiply_add_zero_epi3_fused_identity_o3__multiply_s0_o2__add_s1_o1__square_root_s2__reciprocal_s3__multiply_s4_o0
ab describe   binding=0 buffer=0x10a2c8000 offset=14848 length=1056256 head=[-4.2686815, -6.9522915, 9.374039, 6.3198957]
ab describe   binding=1 buffer=0x10a2c8000 offset=14848 length=1056256 head=[-4.2686815, -6.9522915, 9.374039, 6.3198957]
ab describe   binding=2 buffer=0x10a2c8000 offset=14848 length=1056256 head=[-4.2686815, -6.9522915, 9.374039, 6.3198957]
ab describe   binding=3 buffer=0x1035e4a00 offset=0 length=4 head=[1e-6]
ab describe   binding=4 buffer=0x1035e6100 offset=0 length=4 head=[0.00390625]
ab describe   binding=5 buffer=0x107900000 offset=998400 length=1114112 head=[0.34308597, -0.04974232, 0.018208254, -0.24540669]
ab describe sha=a358f4cb9502df9f extents=[1, 512] count=1 entry=omega_reduce_r2_o1_n1_identity_maximum_negative_infinity
ab describe   binding=0 buffer=0x10a2c8000 offset=1048832 length=1056256 head=[512.0, 512.0, 512.0, 512.0]
ab describe   binding=1 buffer=0x10a2c8000 offset=1055744 length=1056256 head=[26.36727, 0.0, 0.0, 0.0]
ab describe sha=a638c75f896670e1 extents=[1, 1, 256] count=12 entry=omega_reduce_r3_o2_n2_multiply_add_zero_epi4_fused_identity_o4__multiply_s0_o3__add_s1_o2__square_root_s2__reciprocal_s3__multiply_s4_o1__multiply_s5_o0
ab describe   binding=0 buffer=0x10a2c8000 offset=14848 length=1056256 head=[-4.2686815, -6.9522915, 9.374039, 6.3198957]
ab describe   binding=1 buffer=0x10a2c8000 offset=14848 length=1056256 head=[-4.2686815, -6.9522915, 9.374039, 6.3198957]
ab describe   binding=2 buffer=0x300000000 offset=2300627744 length=3349528576 head=[]
ab describe   binding=3 buffer=0x10a2c8000 offset=14848 length=1056256 head=[-4.2686815, -6.9522915, 9.374039, 6.3198957]
ab describe   binding=4 buffer=0x1035e4a00 offset=0 length=4 head=[1e-6]
ab describe   binding=5 buffer=0x1035e6100 offset=0 length=4 head=[0.00390625]
ab describe   binding=6 buffer=0x10a2c8000 offset=16128 length=1056256 head=[6.10462, -2.121236, -8.16014, 5.4470506]
ab describe sha=a638c75f896670e1 extents=[1, 8, 256] count=28 entry=omega_reduce_r3_o2_n2_multiply_add_zero_epi4_fused_identity_o4__multiply_s0_o3__add_s1_o2__square_root_s2__reciprocal_s3__multiply_s4_o1__multiply_s5_o0
ab describe   binding=0 buffer=0x10a2c8000 offset=0 length=1056256 head=[-0.14294763, 4.5973744, 2.3354976, -1.2971929]
ab describe   binding=1 buffer=0x10a2c8000 offset=0 length=1056256 head=[-0.14294763, 4.5973744, 2.3354976, -1.2971929]
ab describe   binding=2 buffer=0x300000000 offset=2304173856 length=3349528576 head=[]
ab describe   binding=3 buffer=0x10a2c8000 offset=0 length=1056256 head=[-0.14294763, 4.5973744, 2.3354976, -1.2971929]
ab describe   binding=4 buffer=0x1035e4a00 offset=0 length=4 head=[1e-6]
ab describe   binding=5 buffer=0x1035e6100 offset=0 length=4 head=[0.00390625]
ab describe   binding=6 buffer=0x10a2c8000 offset=8448 length=1056256 head=[11.295681, -2.5576513, 6.6439595, 0.3069055]
ab describe sha=a99a3e2ee736c218 extents=[1, 1, 8, 512] count=7 entry=omega_cached_attention_q1_h1_g8_d512_s3f800000_ln9223372036854775808_up0_x4_e1_k1_ds
ab describe   binding=0 buffer=0x10a2c8000 offset=33280 length=1056256 head=[-8.610228, 4.3365846, -5.014188, 4.2845993]
ab describe   binding=1 buffer=0x10a2c8000 offset=41728 length=1056256 head=[3.6926072, -5.235694, 10.155305, 0.251637]
ab describe   binding=2 buffer=0x108070000 offset=0 length=1114112 head=[-0.0042592166, -6.4318556e-5, 0.0007715364, 0.00499618]
ab describe   binding=3 buffer=0x108180000 offset=0 length=1114112 head=[0.013711618, -0.0041130693, -0.0031569193, 0.002695211]
ab describe   binding=4 buffer=0x108070000 offset=998400 length=1114112 head=[-0.026440684, 0.005375051, -0.054159068, -0.05018616]
ab describe   binding=5 buffer=0x108180000 offset=998400 length=1114112 head=[-0.08463113, -0.06644783, 0.072679356, 0.08382766]
ab describe   binding=6 buffer=0x108290000 offset=0 length=2228224 head=[-0.15292768, 0.23411489, 0.653154, -0.32652783]
ab describe   binding=7 buffer=0x108290000 offset=1996800 length=2228224 head=[-0.38124806, -0.7640768, 0.21529996, 0.14804079]
ab describe   binding=8 buffer=0x1035e4b00 offset=0 length=4 head=[975.0]
ab describe   binding=9 buffer=0x10c630000 offset=0 length=526336 head=[-0.0039088875, 0.49248603, 0.37762222, 0.44771573]
ab describe sha=b2651dd95588be69 extents=[1, 1, 8, 256] count=28 entry=omega_cached_attention_q1_h1_g8_d256_s3f800000_ln511_up0_x4_e1_k1_ds
ab describe   binding=0 buffer=0x10a2c8000 offset=16896 length=1056256 head=[9.57987, -6.0552955, 12.029133, 10.447122]
ab describe   binding=1 buffer=0x10a2c8000 offset=21248 length=1056256 head=[7.7062907, 3.5840766, 2.5379732, 13.403725]
ab describe   binding=2 buffer=0x104800000 offset=237056 length=557056 head=[-0.36968142, -0.0066286437, 0.083276704, -0.083241366]
ab describe   binding=3 buffer=0x107178000 offset=237056 length=557056 head=[-0.24323769, -0.013865774, -0.05783163, 0.015040137]
ab describe   binding=4 buffer=0x104800000 offset=499200 length=557056 head=[0.51658285, 0.05841219, -0.13976924, 0.07995123]
ab describe   binding=5 buffer=0x107178000 offset=499200 length=557056 head=[0.4043539, -0.03596531, -0.0836643, 0.00073916593]
ab describe   binding=6 buffer=0x107900000 offset=474112 length=1114112 head=[-0.13264115, 0.22310044, 0.057729945, -0.094290465]
ab describe   binding=7 buffer=0x107900000 offset=998400 length=1114112 head=[0.34308597, -0.04974232, 0.018208254, -0.24540669]
ab describe   binding=8 buffer=0x1035e5800 offset=0 length=4 head=[512.0]
ab describe   binding=9 buffer=0x10c520000 offset=0 length=264192 head=[1.7396238, 2.5720313, -0.5535597, 0.5828466]
ab describe sha=b730588909dec0f9 extents=[1, 6144, 1536] count=15 entry=omega_reduce_r3_o2_n2_multiply_add_zero
ab describe   binding=0 buffer=0x300000000 offset=2304396064 length=3349528576 head=[]
ab describe   binding=1 buffer=0x10a2c8000 offset=24832 length=1056256 head=[0.45742247, -4.068963, 5.7675004, 8.338178]
ab describe   binding=2 buffer=0x10a2c8000 offset=0 length=1056256 head=[-0.14294763, 4.5973744, 2.3354976, -1.2971929]
ab describe sha=b730588909dec0f9 extents=[1, 12288, 1536] count=20 entry=omega_reduce_r3_o2_n2_multiply_add_zero
ab describe   binding=0 buffer=0x300000000 offset=2621628672 length=3349528576 head=[]
ab describe   binding=1 buffer=0x10a2c8000 offset=49408 length=1056256 head=[0.14855959, -3.974582, -5.4942, 1.6600332]
ab describe   binding=2 buffer=0x10a2c8000 offset=0 length=1056256 head=[-0.14294763, 4.5973744, 2.3354976, -1.2971929]
ab describe sha=b732955972908e7f extents=[1, 512, 512] count=1 entry=omega_reduce_r3_o2_n4_fused_greater_o0_o1__greater_o2_o3__multiply_s0_s1_add_zero
ab describe   binding=0 buffer=0x10a2c8000 offset=0 length=1056256 head=[-0.14294763, 4.5973744, 2.3354976, -1.2971929]
ab describe   binding=1 buffer=0x10a5e2100 offset=0 length=4 head=[-3.4028235e38]
ab describe   binding=2 buffer=0x10a5e2200 offset=0 length=4 head=[3.4028235e38]
ab describe   binding=3 buffer=0x10a2c8000 offset=0 length=1056256 head=[-0.14294763, 4.5973744, 2.3354976, -1.2971929]
ab describe   binding=4 buffer=0x10a2c8000 offset=1048832 length=1056256 head=[512.0, 512.0, 512.0, 512.0]
ab describe sha=c161db611fad8aca extents=[1, 1536, 262144] count=1 entry=omega_reduce_r3_o2_n2_multiply_add_zero_epi2_fused_identity_o2__divide_s0_o1__tanh_s1__multiply_s2_o0
ab describe   binding=0 buffer=0x10a2c8000 offset=6400 length=1056256 head=[-1.8094444, 7.3493147, 8.321553, 3.5801432]
ab describe   binding=1 buffer=0x300000000 offset=1970105120 length=3349528576 head=[]
ab describe   binding=2 buffer=0x10a5e1d00 offset=0 length=4 head=[30.0]
ab describe   binding=3 buffer=0x10a5e1d00 offset=0 length=4 head=[30.0]
ab describe   binding=4 buffer=0x109e30000 offset=0 length=1048576 head=[-0.14294763, 4.5973744, 2.3354976, -1.2971929]
ab describe sha=c5fcdbd8191c4761 extents=[512] count=1 entry=omega_elementwise_r1_n2_multiply
ab describe   binding=0 buffer=0x10a2c8000 offset=1048832 length=1056256 head=[512.0, 512.0, 512.0, 512.0]
ab describe   binding=1 buffer=0x10a5e1e00 offset=0 length=4 head=[512.0]
ab describe   binding=2 buffer=0x10a2c8000 offset=1053440 length=1056256 head=[0.0, 512.0, 1024.0, 1536.0]
ab describe sha=d28d35ec25ba7982 extents=[1, 1536] count=1 entry=omega_elementwise_r2_n2_fused_identity_o0__multiply_s0_o1_g10
ab describe   binding=0 buffer=0x300000000 offset=1970105120 length=3349528576 head=[]
ab describe   binding=1 buffer=0x1035e5a00 offset=0 length=4 head=[39.191837]
ab describe   binding=2 buffer=0x1035e4900 offset=0 length=4 head=[506.0]
ab describe   binding=3 buffer=0x10a2c8000 offset=144384 length=1056256 head=[2.2307107, 0.88716227, -1.5799028, 7.6867023]
ab describe sha=d28d35ec25ba7982 extents=[1, 8960] count=1 entry=omega_elementwise_r2_n2_fused_identity_o0__multiply_s0_o1_g10
ab describe   binding=0 buffer=0x300000000 offset=43345696 length=3349528576 head=[]
ab describe   binding=1 buffer=0x1035e5d00 offset=0 length=4 head=[16.0]
ab describe   binding=2 buffer=0x1035e4900 offset=0 length=4 head=[506.0]
ab describe   binding=3 buffer=0x10a2c8000 offset=36096 length=1056256 head=[-0.85766727, 4.51345, -3.017048, 2.6193497]
ab describe sha=d8ad59bfed0ed43d extents=[1, 1536] count=35 entry=omega_reduce_r2_o1_n2_multiply_add_zero_epi6_fused_identity_o6__multiply_s0_o4__add_s1_o3__square_root_s2__reciprocal_s3__multiply_s4_o2__multiply_s5_o1__add_s6_o0__multiply_s7_o5
ab describe   binding=0 buffer=0x10a2c8000 offset=0 length=1056256 head=[-0.14294763, 4.5973744, 2.3354976, -1.2971929]
ab describe   binding=1 buffer=0x10a2c8000 offset=0 length=1056256 head=[-0.14294763, 4.5973744, 2.3354976, -1.2971929]
ab describe   binding=2 buffer=0x10a2c8000 offset=6400 length=1056256 head=[-1.8094444, 7.3493147, 8.321553, 3.5801432]
ab describe   binding=3 buffer=0x300000000 offset=2320560960 length=3349528576 head=[]
ab describe   binding=4 buffer=0x10a2c8000 offset=0 length=1056256 head=[-0.14294763, 4.5973744, 2.3354976, -1.2971929]
ab describe   binding=5 buffer=0x1035e4a00 offset=0 length=4 head=[1e-6]
ab describe   binding=6 buffer=0x1035e5b00 offset=0 length=4 head=[0.0006510417]
ab describe   binding=7 buffer=0x300000000 offset=2320548640 length=3349528576 head=[]
ab describe   binding=8 buffer=0x10a2c8000 offset=16896 length=1056256 head=[9.57987, -6.0552955, 12.029133, 10.447122]
ab describe sha=efb05eff38c1debf extents=[1, 35, 256] count=1 entry=omega_elementwise_r3_n1_identity
ab describe   binding=0 buffer=0x10a2c8000 offset=0 length=1056256 head=[-0.14294763, 4.5973744, 2.3354976, -1.2971929]
ab describe   binding=1 buffer=0x10a2c8000 offset=72192 length=1056256 head=[10.131637, 6.777712, -1.8514396, 3.1655881]
ab describe sha=efb05eff38c1debf extents=[1, 512, 512] count=1 entry=omega_elementwise_r3_n1_identity
ab describe   binding=0 buffer=0x109e30000 offset=0 length=1048576 head=[-0.14294763, 4.5973744, 2.3354976, -1.2971929]
ab describe   binding=1 buffer=0x10a2c8000 offset=0 length=1056256 head=[-0.14294763, 4.5973744, 2.3354976, -1.2971929]
ab describe sha=f41c3c0ebf45e3dc extents=[1, 1536] count=70 entry=omega_reduce_r2_o1_n2_multiply_add_zero_epi5_fused_identity_o5__multiply_s0_o4__add_s1_o3__square_root_s2__reciprocal_s3__multiply_s4_o2__multiply_s5_o1__add_s6_o0
ab describe   binding=0 buffer=0x10a2c8000 offset=8448 length=1056256 head=[11.295681, -2.5576513, 6.6439595, 0.3069055]
ab describe   binding=1 buffer=0x10a2c8000 offset=8448 length=1056256 head=[11.295681, -2.5576513, 6.6439595, 0.3069055]
ab describe   binding=2 buffer=0x10a2c8000 offset=144384 length=1056256 head=[2.2307107, 0.88716227, -1.5799028, 7.6867023]
ab describe   binding=3 buffer=0x300000000 offset=2320548672 length=3349528576 head=[]
ab describe   binding=4 buffer=0x10a2c8000 offset=8448 length=1056256 head=[11.295681, -2.5576513, 6.6439595, 0.3069055]
ab describe   binding=5 buffer=0x1035e4a00 offset=0 length=4 head=[1e-6]
ab describe   binding=6 buffer=0x1035e5b00 offset=0 length=4 head=[0.0006510417]
ab describe   binding=7 buffer=0x10a2c8000 offset=49664 length=1056256 head=[3.6684866, 3.8407495, 3.2814472, 6.9465303]
ab describe sha=fa4a9da93c79e2c1 extents=[1, 1, 256, 1536] count=24 entry=omega_reduce_r4_o3_n2_multiply_add_zero
ab describe   binding=0 buffer=0x300000000 offset=2300406560 length=3349528576 head=[]
ab describe   binding=1 buffer=0x10a2c8000 offset=8448 length=1056256 head=[11.295681, -2.5576513, 6.6439595, 0.3069055]
ab describe   binding=2 buffer=0x10a2c8000 offset=14848 length=1056256 head=[-4.2686815, -6.9522915, 9.374039, 6.3198957]
ab describe sha=fa4a9da93c79e2c1 extents=[1, 1, 512, 1536] count=6 entry=omega_reduce_r4_o3_n2_multiply_add_zero
ab describe   binding=0 buffer=0x300000000 offset=2381933472 length=3349528576 head=[]
ab describe   binding=1 buffer=0x10a2c8000 offset=16640 length=1056256 head=[-5.477983, -8.060011, 0.34101644, -4.818563]
ab describe   binding=2 buffer=0x10a2c8000 offset=23040 length=1056256 head=[9.520544, 0.97905546, 9.029348, 0.10549805]
ab describe sha=fa756124a707e45d extents=[1, 8, 256, 1536] count=28 entry=omega_reduce_r4_o3_n2_multiply_add_zero
ab describe   binding=0 buffer=0x300000000 offset=2302404384 length=3349528576 head=[]
ab describe   binding=1 buffer=0x10a2c8000 offset=8448 length=1056256 head=[11.295681, -2.5576513, 6.6439595, 0.3069055]
ab describe   binding=2 buffer=0x10a2c8000 offset=0 length=1056256 head=[-0.14294763, 4.5973744, 2.3354976, -1.2971929]
ab describe sha=fa756124a707e45d extents=[1, 8, 512, 1536] count=7 entry=omega_reduce_r4_o3_n2_multiply_add_zero
ab describe   binding=0 buffer=0x300000000 offset=2385922976 length=3349528576 head=[]
ab describe   binding=1 buffer=0x10a2c8000 offset=16640 length=1056256 head=[-5.477983, -8.060011, 0.34101644, -4.818563]
ab describe   binding=2 buffer=0x10a2c8000 offset=0 length=1056256 head=[-0.14294763, 4.5973744, 2.3354976, -1.2971929]
ab describe sha=fb097ee4fef765b9 extents=[1, 1536, 256] count=35 entry=omega_reduce_r3_o2_n2_multiply_add_zero_epi5_fused_identity_o5__identity_o0__multiply_s0_s0__multiply_s0_s2__multiply_s3_o3__add_s0_s4__multiply_s5_o2__tanh_s6__add_s7_o1__multiply_s0_o4__multiply_s8_s9__multiply_s1_s10
ab describe   binding=0 buffer=0x10a2c8000 offset=6400 length=1056256 head=[-1.8094444, 7.3493147, 8.321553, 3.5801432]
ab describe   binding=1 buffer=0x300000000 offset=2320327456 length=3349528576 head=[]
ab describe   binding=2 buffer=0x10a2c8000 offset=108288 length=1056256 head=[1.4727616, -0.77693564, 2.7470055, 5.380737]
ab describe   binding=3 buffer=0x1035e5c00 offset=0 length=4 head=[1.0]
ab describe   binding=4 buffer=0x1035e6800 offset=0 length=4 head=[0.7978846]
ab describe   binding=5 buffer=0x1035e6700 offset=0 length=4 head=[0.044715]
ab describe   binding=6 buffer=0x1035e6600 offset=0 length=4 head=[0.5]
ab describe   binding=7 buffer=0x10a2c8000 offset=12800 length=1056256 head=[12.258193, 0.18447465, -2.6158152, -1.4202483]
ab describe sha=fb384d9b8ac38ba6 extents=[1, 1, 8, 256] count=28 entry=omega_cached_attention_q1_h1_g8_d256_s3f800000_ln511_up0_x4_e1_k1_ds_merge
ab describe   binding=0 buffer=0x10c520000 offset=0 length=264192 head=[1.7396238, 2.5720313, -0.5535597, 0.5828466]
ab describe   binding=1 buffer=0x10a2c8000 offset=0 length=1056256 head=[-0.14294763, 4.5973744, 2.3354976, -1.2971929]
ab cell label=process wall_ms=2902.898 cpu_ms=2143.548 cpu_pct=73.8 rss_peak_mb=3427.0 footprint_mb=101.1 gpu_alloc_mb=3246.5 load_before=2.91 load_after=2.91
