ab capture excludes 0 unreplayable dispatches of 653
ab capture: step=5 dispatches=653 groups=47
ab res sha=23d555d56f27caa0 arm=base tg_static_bytes=32 max_threads=832 exec_width=32 bound_buffer_bytes=3783432 iters=50 cell label=23d555d56f27caa0:base wall_ms=11.531 cpu_ms=2.692 cpu_pct=23.3 rss_peak_mb=3448.5 footprint_mb=103.1 gpu_alloc_mb=3247.5 load_before=5.27 load_after=5.27
ab res sha=23d555d56f27caa0 arm=23d555d56f27caa0.ctrl tg_static_bytes=32 max_threads=832 exec_width=32 bound_buffer_bytes=3783432 iters=50 cell label=23d555d56f27caa0:23d555d56f27caa0.ctrl wall_ms=11.249 cpu_ms=2.561 cpu_pct=22.8 rss_peak_mb=3448.5 footprint_mb=103.1 gpu_alloc_mb=3247.5 load_before=5.27 load_after=5.27
ab res sha=23d555d56f27caa0 arm=23d555d56f27caa0.noreduce tg_static_bytes=0 max_threads=832 exec_width=32 bound_buffer_bytes=3783432 iters=50 cell label=23d555d56f27caa0:23d555d56f27caa0.noreduce wall_ms=10.251 cpu_ms=2.564 cpu_pct=25.0 rss_peak_mb=3448.5 footprint_mb=103.1 gpu_alloc_mb=3247.5 load_before=5.27 load_after=5.27
ab res sha=23d555d56f27caa0 arm=23d555d56f27caa0.nosumsq tg_static_bytes=32 max_threads=1024 exec_width=32 bound_buffer_bytes=3783432 iters=50 cell label=23d555d56f27caa0:23d555d56f27caa0.nosumsq wall_ms=10.085 cpu_ms=2.546 cpu_pct=25.2 rss_peak_mb=3448.5 footprint_mb=103.1 gpu_alloc_mb=3247.5 load_before=5.27 load_after=5.27
ab res sha=23d555d56f27caa0 arm=23d555d56f27caa0.noweights tg_static_bytes=32 max_threads=1024 exec_width=32 bound_buffer_bytes=3783432 iters=50 cell label=23d555d56f27caa0:23d555d56f27caa0.noweights wall_ms=9.915 cpu_ms=2.449 cpu_pct=24.7 rss_peak_mb=3448.5 footprint_mb=103.0 gpu_alloc_mb=3247.5 load_before=5.27 load_after=5.27
ab res sha=23d555d56f27caa0 arm=23d555d56f27caa0.nowrite tg_static_bytes=32 max_threads=832 exec_width=32 bound_buffer_bytes=3783432 iters=50 cell label=23d555d56f27caa0:23d555d56f27caa0.nowrite wall_ms=11.382 cpu_ms=2.637 cpu_pct=23.2 rss_peak_mb=3448.5 footprint_mb=103.0 gpu_alloc_mb=3247.5 load_before=5.27 load_after=5.27
ab res sha=23d555d56f27caa0 arm=23d555d56f27caa0.w128 tg_static_bytes=16 max_threads=512 exec_width=32 bound_buffer_bytes=3783432 iters=50 cell label=23d555d56f27caa0:23d555d56f27caa0.w128 wall_ms=11.749 cpu_ms=2.645 cpu_pct=22.5 rss_peak_mb=3448.5 footprint_mb=103.0 gpu_alloc_mb=3247.5 load_before=5.27 load_after=5.27
ab res sha=23d555d56f27caa0 arm=23d555d56f27caa0.w192 tg_static_bytes=32 max_threads=768 exec_width=32 bound_buffer_bytes=3783432 iters=50 cell label=23d555d56f27caa0:23d555d56f27caa0.w192 wall_ms=11.364 cpu_ms=2.624 cpu_pct=23.1 rss_peak_mb=3448.5 footprint_mb=103.0 gpu_alloc_mb=3247.5 load_before=5.27 load_after=5.27
ab res sha=23d555d56f27caa0 arm=23d555d56f27caa0.w384 tg_static_bytes=48 max_threads=1024 exec_width=32 bound_buffer_bytes=3783432 iters=50 cell label=23d555d56f27caa0:23d555d56f27caa0.w384 wall_ms=11.084 cpu_ms=2.706 cpu_pct=24.4 rss_peak_mb=3448.5 footprint_mb=103.0 gpu_alloc_mb=3247.5 load_before=5.27 load_after=5.27
ab res sha=23d555d56f27caa0 arm=23d555d56f27caa0.w512 tg_static_bytes=64 max_threads=1024 exec_width=32 bound_buffer_bytes=3783432 iters=50 cell label=23d555d56f27caa0:23d555d56f27caa0.w512 wall_ms=11.055 cpu_ms=2.822 cpu_pct=25.5 rss_peak_mb=3448.5 footprint_mb=104.0 gpu_alloc_mb=3247.5 load_before=5.27 load_after=5.27
ab bits sha=23d555d56f27caa0 threads=256 extents=[1, 1536] arm=base elements=1536 differing=0 max_ulp=0 max_abs=0e0 max_abs_over_largest=0e0
ab bits sha=23d555d56f27caa0 threads=256 extents=[1, 1536] arm=23d555d56f27caa0.ctrl elements=1536 differing=0 max_ulp=0 max_abs=0e0 max_abs_over_largest=0e0
ab bits sha=23d555d56f27caa0 threads=256 extents=[1, 1536] arm=23d555d56f27caa0.noreduce elements=1536 differing=1536 max_ulp=47332110 max_abs=1.6701812e3 max_abs_over_largest=1.6203085e1
ab bits sha=23d555d56f27caa0 threads=256 extents=[1, 1536] arm=23d555d56f27caa0.nosumsq elements=1536 differing=1536 max_ulp=102946670 max_abs=4.886257e5 max_abs_over_largest=4.74035e3
ab bits sha=23d555d56f27caa0 threads=256 extents=[1, 1536] arm=23d555d56f27caa0.noweights elements=1536 differing=1536 max_ulp=2166759632 max_abs=1.0328888e2 max_abs_over_largest=1.0020461e0
ab bits sha=23d555d56f27caa0 threads=256 extents=[1, 1536] arm=23d555d56f27caa0.nowrite elements=1536 differing=1536 max_ulp=2552462657 max_abs=1.4660155e13 max_abs_over_largest=1.4222393e11
ab bits sha=23d555d56f27caa0 threads=256 extents=[1, 1536] arm=23d555d56f27caa0.w128 elements=1536 differing=0 max_ulp=0 max_abs=0e0 max_abs_over_largest=0e0
ab bits sha=23d555d56f27caa0 threads=256 extents=[1, 1536] arm=23d555d56f27caa0.w192 elements=1536 differing=0 max_ulp=0 max_abs=0e0 max_abs_over_largest=0e0
ab bits sha=23d555d56f27caa0 threads=256 extents=[1, 1536] arm=23d555d56f27caa0.w384 elements=1536 differing=0 max_ulp=0 max_abs=0e0 max_abs_over_largest=0e0
ab bits sha=23d555d56f27caa0 threads=256 extents=[1, 1536] arm=23d555d56f27caa0.w512 elements=1536 differing=0 max_ulp=0 max_abs=0e0 max_abs_over_largest=0e0
ab step sha=23d555d56f27caa0 threads=256 extents=[1, 1536] count=71 pass=0 arm=base step_ms=9.8276
ab step sha=23d555d56f27caa0 threads=256 extents=[1, 1536] count=71 pass=0 arm=omit_group step_ms=9.1942
ab step sha=23d555d56f27caa0 threads=256 extents=[1, 1536] count=71 pass=0 arm=23d555d56f27caa0.ctrl step_ms=9.9229
ab step sha=23d555d56f27caa0 threads=256 extents=[1, 1536] count=71 pass=0 arm=23d555d56f27caa0.noreduce step_ms=10.3216
ab step sha=23d555d56f27caa0 threads=256 extents=[1, 1536] count=71 pass=0 arm=23d555d56f27caa0.nosumsq step_ms=10.0405
ab step sha=23d555d56f27caa0 threads=256 extents=[1, 1536] count=71 pass=0 arm=23d555d56f27caa0.noweights step_ms=9.7094
ab step sha=23d555d56f27caa0 threads=256 extents=[1, 1536] count=71 pass=0 arm=23d555d56f27caa0.nowrite step_ms=10.2301
ab step sha=23d555d56f27caa0 threads=256 extents=[1, 1536] count=71 pass=0 arm=23d555d56f27caa0.w128 step_ms=10.3734
ab step sha=23d555d56f27caa0 threads=256 extents=[1, 1536] count=71 pass=0 arm=23d555d56f27caa0.w192 step_ms=10.2454
ab step sha=23d555d56f27caa0 threads=256 extents=[1, 1536] count=71 pass=0 arm=23d555d56f27caa0.w384 step_ms=10.1212
ab step sha=23d555d56f27caa0 threads=256 extents=[1, 1536] count=71 pass=0 arm=23d555d56f27caa0.w512 step_ms=9.5109
ab res sha=d8ad59bfed0ed43d arm=base tg_static_bytes=32 max_threads=832 exec_width=32 bound_buffer_bytes=5257992 iters=50 cell label=d8ad59bfed0ed43d:base wall_ms=11.425 cpu_ms=2.615 cpu_pct=22.9 rss_peak_mb=3448.5 footprint_mb=102.1 gpu_alloc_mb=3247.5 load_before=5.00 load_after=5.00
ab res sha=d8ad59bfed0ed43d arm=d8ad59bfed0ed43d.ctrl tg_static_bytes=32 max_threads=832 exec_width=32 bound_buffer_bytes=5257992 iters=50 cell label=d8ad59bfed0ed43d:d8ad59bfed0ed43d.ctrl wall_ms=11.358 cpu_ms=2.590 cpu_pct=22.8 rss_peak_mb=3448.5 footprint_mb=102.1 gpu_alloc_mb=3247.5 load_before=5.00 load_after=5.00
ab res sha=d8ad59bfed0ed43d arm=d8ad59bfed0ed43d.noreduce tg_static_bytes=0 max_threads=832 exec_width=32 bound_buffer_bytes=5257992 iters=50 cell label=d8ad59bfed0ed43d:d8ad59bfed0ed43d.noreduce wall_ms=11.090 cpu_ms=2.585 cpu_pct=23.3 rss_peak_mb=3448.5 footprint_mb=102.1 gpu_alloc_mb=3247.5 load_before=5.00 load_after=5.00
ab res sha=d8ad59bfed0ed43d arm=d8ad59bfed0ed43d.nosumsq tg_static_bytes=32 max_threads=1024 exec_width=32 bound_buffer_bytes=5257992 iters=50 cell label=d8ad59bfed0ed43d:d8ad59bfed0ed43d.nosumsq wall_ms=11.214 cpu_ms=2.680 cpu_pct=23.9 rss_peak_mb=3448.5 footprint_mb=102.1 gpu_alloc_mb=3247.5 load_before=5.00 load_after=5.00
ab res sha=d8ad59bfed0ed43d arm=d8ad59bfed0ed43d.noweights tg_static_bytes=32 max_threads=1024 exec_width=32 bound_buffer_bytes=5257992 iters=50 cell label=d8ad59bfed0ed43d:d8ad59bfed0ed43d.noweights wall_ms=10.397 cpu_ms=2.596 cpu_pct=25.0 rss_peak_mb=3448.5 footprint_mb=102.1 gpu_alloc_mb=3247.5 load_before=5.00 load_after=5.00
ab res sha=d8ad59bfed0ed43d arm=d8ad59bfed0ed43d.nowrite tg_static_bytes=32 max_threads=832 exec_width=32 bound_buffer_bytes=5257992 iters=50 cell label=d8ad59bfed0ed43d:d8ad59bfed0ed43d.nowrite wall_ms=11.370 cpu_ms=2.693 cpu_pct=23.7 rss_peak_mb=3448.5 footprint_mb=102.1 gpu_alloc_mb=3247.5 load_before=5.00 load_after=5.00
ab res sha=d8ad59bfed0ed43d arm=d8ad59bfed0ed43d.w128 tg_static_bytes=16 max_threads=576 exec_width=32 bound_buffer_bytes=5257992 iters=50 cell label=d8ad59bfed0ed43d:d8ad59bfed0ed43d.w128 wall_ms=11.386 cpu_ms=2.669 cpu_pct=23.4 rss_peak_mb=3448.5 footprint_mb=102.1 gpu_alloc_mb=3247.5 load_before=5.00 load_after=5.00
ab res sha=d8ad59bfed0ed43d arm=d8ad59bfed0ed43d.w192 tg_static_bytes=32 max_threads=832 exec_width=32 bound_buffer_bytes=5257992 iters=50 cell label=d8ad59bfed0ed43d:d8ad59bfed0ed43d.w192 wall_ms=11.462 cpu_ms=2.695 cpu_pct=23.5 rss_peak_mb=3448.5 footprint_mb=102.1 gpu_alloc_mb=3247.5 load_before=5.00 load_after=5.00
ab res sha=d8ad59bfed0ed43d arm=d8ad59bfed0ed43d.w384 tg_static_bytes=48 max_threads=1024 exec_width=32 bound_buffer_bytes=5257992 iters=50 cell label=d8ad59bfed0ed43d:d8ad59bfed0ed43d.w384 wall_ms=11.289 cpu_ms=2.646 cpu_pct=23.4 rss_peak_mb=3448.5 footprint_mb=102.1 gpu_alloc_mb=3247.5 load_before=5.00 load_after=5.00
ab res sha=d8ad59bfed0ed43d arm=d8ad59bfed0ed43d.w512 tg_static_bytes=64 max_threads=1024 exec_width=32 bound_buffer_bytes=5257992 iters=50 cell label=d8ad59bfed0ed43d:d8ad59bfed0ed43d.w512 wall_ms=11.113 cpu_ms=2.636 cpu_pct=23.7 rss_peak_mb=3448.5 footprint_mb=102.1 gpu_alloc_mb=3247.5 load_before=5.00 load_after=5.00
ab bits sha=d8ad59bfed0ed43d threads=256 extents=[1, 1536] arm=base elements=1536 differing=0 max_ulp=0 max_abs=0e0 max_abs_over_largest=0e0
ab bits sha=d8ad59bfed0ed43d threads=256 extents=[1, 1536] arm=d8ad59bfed0ed43d.ctrl elements=1536 differing=0 max_ulp=0 max_abs=0e0 max_abs_over_largest=0e0
ab bits sha=d8ad59bfed0ed43d threads=256 extents=[1, 1536] arm=d8ad59bfed0ed43d.noreduce elements=1536 differing=1536 max_ulp=2101225195 max_abs=3.2863984e0 max_abs_over_largest=1.1242236e1
ab bits sha=d8ad59bfed0ed43d threads=256 extents=[1, 1536] arm=d8ad59bfed0ed43d.nosumsq elements=1536 differing=1536 max_ulp=2169216576 max_abs=1.1223081e3 max_abs_over_largest=3.8392341e3
ab bits sha=d8ad59bfed0ed43d threads=256 extents=[1, 1536] arm=d8ad59bfed0ed43d.noweights elements=1536 differing=1536 max_ulp=2066188503 max_abs=2.669136e-1 max_abs_over_largest=9.130682e-1
ab bits sha=d8ad59bfed0ed43d threads=256 extents=[1, 1536] arm=d8ad59bfed0ed43d.nowrite elements=1536 differing=1536 max_ulp=2477568106 max_abs=1.4660155e13 max_abs_over_largest=5.0150014e13
ab bits sha=d8ad59bfed0ed43d threads=256 extents=[1, 1536] arm=d8ad59bfed0ed43d.w128 elements=1536 differing=512 max_ulp=2465238884 max_abs=1.4660155e13 max_abs_over_largest=5.0150014e13
ab bits sha=d8ad59bfed0ed43d threads=256 extents=[1, 1536] arm=d8ad59bfed0ed43d.w192 elements=1536 differing=0 max_ulp=0 max_abs=0e0 max_abs_over_largest=0e0
ab bits sha=d8ad59bfed0ed43d threads=256 extents=[1, 1536] arm=d8ad59bfed0ed43d.w384 elements=1536 differing=0 max_ulp=0 max_abs=0e0 max_abs_over_largest=0e0
ab bits sha=d8ad59bfed0ed43d threads=256 extents=[1, 1536] arm=d8ad59bfed0ed43d.w512 elements=1536 differing=0 max_ulp=0 max_abs=0e0 max_abs_over_largest=0e0
ab step sha=d8ad59bfed0ed43d threads=256 extents=[1, 1536] count=35 pass=0 arm=base step_ms=9.8144
ab step sha=d8ad59bfed0ed43d threads=256 extents=[1, 1536] count=35 pass=0 arm=omit_group step_ms=9.8822
ab step sha=d8ad59bfed0ed43d threads=256 extents=[1, 1536] count=35 pass=0 arm=d8ad59bfed0ed43d.ctrl step_ms=10.2577
ab step sha=d8ad59bfed0ed43d threads=256 extents=[1, 1536] count=35 pass=0 arm=d8ad59bfed0ed43d.noreduce step_ms=10.3705
ab step sha=d8ad59bfed0ed43d threads=256 extents=[1, 1536] count=35 pass=0 arm=d8ad59bfed0ed43d.nosumsq step_ms=10.2884
ab step sha=d8ad59bfed0ed43d threads=256 extents=[1, 1536] count=35 pass=0 arm=d8ad59bfed0ed43d.noweights step_ms=9.5286
ab step sha=d8ad59bfed0ed43d threads=256 extents=[1, 1536] count=35 pass=0 arm=d8ad59bfed0ed43d.nowrite step_ms=9.7111
ab step sha=d8ad59bfed0ed43d threads=256 extents=[1, 1536] count=35 pass=0 arm=d8ad59bfed0ed43d.w128 step_ms=10.2480
ab step sha=d8ad59bfed0ed43d threads=256 extents=[1, 1536] count=35 pass=0 arm=d8ad59bfed0ed43d.w192 step_ms=10.3347
ab step sha=d8ad59bfed0ed43d threads=256 extents=[1, 1536] count=35 pass=0 arm=d8ad59bfed0ed43d.w384 step_ms=10.2336
ab step sha=d8ad59bfed0ed43d threads=256 extents=[1, 1536] count=35 pass=0 arm=d8ad59bfed0ed43d.w512 step_ms=10.1007
ab res sha=f41c3c0ebf45e3dc arm=base tg_static_bytes=32 max_threads=832 exec_width=32 bound_buffer_bytes=5061896 iters=50 cell label=f41c3c0ebf45e3dc:base wall_ms=11.303 cpu_ms=2.844 cpu_pct=25.2 rss_peak_mb=3448.5 footprint_mb=102.0 gpu_alloc_mb=3247.5 load_before=5.00 load_after=5.00
ab res sha=f41c3c0ebf45e3dc arm=f41c3c0ebf45e3dc.ctrl tg_static_bytes=32 max_threads=832 exec_width=32 bound_buffer_bytes=5061896 iters=50 cell label=f41c3c0ebf45e3dc:f41c3c0ebf45e3dc.ctrl wall_ms=11.370 cpu_ms=2.766 cpu_pct=24.3 rss_peak_mb=3448.5 footprint_mb=102.0 gpu_alloc_mb=3247.5 load_before=5.00 load_after=5.00
ab res sha=f41c3c0ebf45e3dc arm=f41c3c0ebf45e3dc.noreduce tg_static_bytes=0 max_threads=832 exec_width=32 bound_buffer_bytes=5061896 iters=50 cell label=f41c3c0ebf45e3dc:f41c3c0ebf45e3dc.noreduce wall_ms=11.431 cpu_ms=2.781 cpu_pct=24.3 rss_peak_mb=3448.5 footprint_mb=102.0 gpu_alloc_mb=3247.5 load_before=5.00 load_after=5.00
ab res sha=f41c3c0ebf45e3dc arm=f41c3c0ebf45e3dc.nosumsq tg_static_bytes=32 max_threads=1024 exec_width=32 bound_buffer_bytes=5061896 iters=50 cell label=f41c3c0ebf45e3dc:f41c3c0ebf45e3dc.nosumsq wall_ms=11.306 cpu_ms=2.756 cpu_pct=24.4 rss_peak_mb=3448.5 footprint_mb=102.0 gpu_alloc_mb=3247.5 load_before=5.00 load_after=5.00
ab res sha=f41c3c0ebf45e3dc arm=f41c3c0ebf45e3dc.noweights tg_static_bytes=32 max_threads=1024 exec_width=32 bound_buffer_bytes=5061896 iters=50 cell label=f41c3c0ebf45e3dc:f41c3c0ebf45e3dc.noweights wall_ms=11.358 cpu_ms=2.827 cpu_pct=24.9 rss_peak_mb=3448.5 footprint_mb=102.0 gpu_alloc_mb=3247.5 load_before=5.00 load_after=5.00
ab res sha=f41c3c0ebf45e3dc arm=f41c3c0ebf45e3dc.nowrite tg_static_bytes=32 max_threads=832 exec_width=32 bound_buffer_bytes=5061896 iters=50 cell label=f41c3c0ebf45e3dc:f41c3c0ebf45e3dc.nowrite wall_ms=12.414 cpu_ms=2.927 cpu_pct=23.6 rss_peak_mb=3448.5 footprint_mb=102.0 gpu_alloc_mb=3247.5 load_before=5.00 load_after=5.00
ab res sha=f41c3c0ebf45e3dc arm=f41c3c0ebf45e3dc.w128 tg_static_bytes=16 max_threads=576 exec_width=32 bound_buffer_bytes=5061896 iters=50 cell label=f41c3c0ebf45e3dc:f41c3c0ebf45e3dc.w128 wall_ms=12.581 cpu_ms=2.881 cpu_pct=22.9 rss_peak_mb=3448.5 footprint_mb=102.0 gpu_alloc_mb=3247.5 load_before=5.00 load_after=5.00
ab res sha=f41c3c0ebf45e3dc arm=f41c3c0ebf45e3dc.w192 tg_static_bytes=32 max_threads=832 exec_width=32 bound_buffer_bytes=5061896 iters=50 cell label=f41c3c0ebf45e3dc:f41c3c0ebf45e3dc.w192 wall_ms=12.646 cpu_ms=2.862 cpu_pct=22.6 rss_peak_mb=3448.5 footprint_mb=102.0 gpu_alloc_mb=3247.5 load_before=5.00 load_after=5.00
ab res sha=f41c3c0ebf45e3dc arm=f41c3c0ebf45e3dc.w384 tg_static_bytes=48 max_threads=1024 exec_width=32 bound_buffer_bytes=5061896 iters=50 cell label=f41c3c0ebf45e3dc:f41c3c0ebf45e3dc.w384 wall_ms=11.714 cpu_ms=2.883 cpu_pct=24.6 rss_peak_mb=3448.5 footprint_mb=102.0 gpu_alloc_mb=3247.5 load_before=5.00 load_after=5.00
ab res sha=f41c3c0ebf45e3dc arm=f41c3c0ebf45e3dc.w512 tg_static_bytes=64 max_threads=1024 exec_width=32 bound_buffer_bytes=5061896 iters=50 cell label=f41c3c0ebf45e3dc:f41c3c0ebf45e3dc.w512 wall_ms=11.576 cpu_ms=2.875 cpu_pct=24.8 rss_peak_mb=3448.5 footprint_mb=102.0 gpu_alloc_mb=3247.5 load_before=5.00 load_after=5.00
ab bits sha=f41c3c0ebf45e3dc threads=256 extents=[1, 1536] arm=base elements=1536 differing=0 max_ulp=0 max_abs=0e0 max_abs_over_largest=0e0
ab bits sha=f41c3c0ebf45e3dc threads=256 extents=[1, 1536] arm=f41c3c0ebf45e3dc.ctrl elements=1536 differing=0 max_ulp=0 max_abs=0e0 max_abs_over_largest=0e0
ab bits sha=f41c3c0ebf45e3dc threads=256 extents=[1, 1536] arm=f41c3c0ebf45e3dc.noreduce elements=1536 differing=1536 max_ulp=2223453031 max_abs=2.5733386e3 max_abs_over_largest=1.1994044e1
ab bits sha=f41c3c0ebf45e3dc threads=256 extents=[1, 1536] arm=f41c3c0ebf45e3dc.nosumsq elements=1536 differing=1536 max_ulp=2301017904 max_abs=2.3061118e6 max_abs_over_largest=1.0748529e4
ab bits sha=f41c3c0ebf45e3dc threads=256 extents=[1, 1536] arm=f41c3c0ebf45e3dc.noweights elements=1536 differing=1536 max_ulp=2192056857 max_abs=2.1346338e2 max_abs_over_largest=9.9492896e-1
ab bits sha=f41c3c0ebf45e3dc threads=256 extents=[1, 1536] arm=f41c3c0ebf45e3dc.nowrite elements=1536 differing=1536 max_ulp=2557621261 max_abs=1.4660155e13 max_abs_over_largest=6.8329345e10
ab bits sha=f41c3c0ebf45e3dc threads=256 extents=[1, 1536] arm=f41c3c0ebf45e3dc.w128 elements=1536 differing=512 max_ulp=2557621261 max_abs=1.4660155e13 max_abs_over_largest=6.8329345e10
ab bits sha=f41c3c0ebf45e3dc threads=256 extents=[1, 1536] arm=f41c3c0ebf45e3dc.w192 elements=1536 differing=0 max_ulp=0 max_abs=0e0 max_abs_over_largest=0e0
ab bits sha=f41c3c0ebf45e3dc threads=256 extents=[1, 1536] arm=f41c3c0ebf45e3dc.w384 elements=1536 differing=0 max_ulp=0 max_abs=0e0 max_abs_over_largest=0e0
ab bits sha=f41c3c0ebf45e3dc threads=256 extents=[1, 1536] arm=f41c3c0ebf45e3dc.w512 elements=1536 differing=0 max_ulp=0 max_abs=0e0 max_abs_over_largest=0e0
ab step sha=f41c3c0ebf45e3dc threads=256 extents=[1, 1536] count=70 pass=0 arm=base step_ms=10.5859
ab step sha=f41c3c0ebf45e3dc threads=256 extents=[1, 1536] count=70 pass=0 arm=omit_group step_ms=9.7683
ab step sha=f41c3c0ebf45e3dc threads=256 extents=[1, 1536] count=70 pass=0 arm=f41c3c0ebf45e3dc.ctrl step_ms=10.5759
ab step sha=f41c3c0ebf45e3dc threads=256 extents=[1, 1536] count=70 pass=0 arm=f41c3c0ebf45e3dc.noreduce step_ms=10.5394
ab step sha=f41c3c0ebf45e3dc threads=256 extents=[1, 1536] count=70 pass=0 arm=f41c3c0ebf45e3dc.nosumsq step_ms=10.4503
ab step sha=f41c3c0ebf45e3dc threads=256 extents=[1, 1536] count=70 pass=0 arm=f41c3c0ebf45e3dc.noweights step_ms=10.2811
ab step sha=f41c3c0ebf45e3dc threads=256 extents=[1, 1536] count=70 pass=0 arm=f41c3c0ebf45e3dc.nowrite step_ms=10.6066
ab step sha=f41c3c0ebf45e3dc threads=256 extents=[1, 1536] count=70 pass=0 arm=f41c3c0ebf45e3dc.w128 step_ms=10.7239
ab step sha=f41c3c0ebf45e3dc threads=256 extents=[1, 1536] count=70 pass=0 arm=f41c3c0ebf45e3dc.w192 step_ms=10.6941
ab step sha=f41c3c0ebf45e3dc threads=256 extents=[1, 1536] count=70 pass=0 arm=f41c3c0ebf45e3dc.w384 step_ms=10.3797
ab step sha=f41c3c0ebf45e3dc threads=256 extents=[1, 1536] count=70 pass=0 arm=f41c3c0ebf45e3dc.w512 step_ms=10.3031
ab cell label=process wall_ms=15516.840 cpu_ms=4804.257 cpu_pct=31.0 rss_peak_mb=3448.5 footprint_mb=102.0 gpu_alloc_mb=3247.5 load_before=5.46 load_after=4.68
