ab capture excludes 0 unreplayable dispatches of 653
ab capture: step=5 dispatches=653 groups=47
ab omit entry=omega_reduce_r2_o1_n1_identity_add_zero sha=055f1105af08851c threads=128 tg=Some(128) extents=[1, 512] count=1 base_ms=10.4404 cost_ms=0.0458 per_dispatch_us=45.79
ab omit entry=omega_reduce_r3_o2_n2_multiply_add_zero_epi9_fused_identity_o9__multiply_o5_o6__multiply_s1_o4__multiply_s2_o3__add_s3_o2__multiply_s4_o1__tanh_s5__add_s6_o0__multiply_o7_o8__multiply_s7_s8__multiply_s0_s9 sha=1d7873ae32d202eb threads=49152 tg=Some(64) extents=[1, 1536, 6144] count=15 base_ms=10.5396 cost_ms=0.3779 per_dispatch_us=25.19
ab omit entry=omega_reduce_r3_o2_n2_multiply_add_zero_epi9_fused_identity_o9__multiply_o5_o6__multiply_s1_o4__multiply_s2_o3__add_s3_o2__multiply_s4_o1__tanh_s5__add_s6_o0__multiply_o7_o8__multiply_s7_s8__multiply_s0_s9 sha=1d7873ae32d202eb threads=98304 tg=Some(64) extents=[1, 1536, 12288] count=20 base_ms=10.5391 cost_ms=0.9163 per_dispatch_us=45.81
ab omit entry=omega_reduce_r2_o1_n2_multiply_add_zero_epi4_fused_identity_o4__multiply_s0_o3__add_s1_o2__square_root_s2__reciprocal_s3__multiply_s4_o1__multiply_s5_o0 sha=23d555d56f27caa0 threads=256 tg=Some(256) extents=[1, 1536] count=71 base_ms=10.5476 cost_ms=0.7090 per_dispatch_us=9.99
ab omit entry=omega_reduce_r3_o2_n2_multiply_add_zero_epi4_fused_identity_o4__multiply_s0_o3__add_s1_o2__square_root_s2__reciprocal_s3__multiply_s4_o1__multiply_s5_o0 sha=2417697c78307ab2 threads=128 tg=Some(128) extents=[1, 1, 512] count=3 base_ms=10.5206 cost_ms=0.0070 per_dispatch_us=2.32
ab skip group=2417697c78307ab2:[1, 8, 512] count=7
ab omit entry=omega_reduce_r2_o1_n1_identity_minimum_positive_infinity sha=2b18e2e46efc835c threads=128 tg=Some(128) extents=[1, 512] count=1 base_ms=10.5497 cost_ms=0.0219 per_dispatch_us=21.88
ab omit entry=omega_iota_r1 sha=2ed772243b1bc49f threads=512 tg=None extents=[512] count=2 base_ms=10.5370 cost_ms=0.0093 per_dispatch_us=4.63
ab omit entry=omega_reduce_r3_o2_n2_multiply_add_zero sha=301c37405a5301bd threads=12288 tg=Some(64) extents=[1, 256, 1536] count=35 base_ms=10.5699 cost_ms=0.2380 per_dispatch_us=6.80
ab omit entry=omega_reduce_r3_o2_n2_multiply_add_zero sha=301c37405a5301bd threads=49152 tg=Some(64) extents=[1, 1536, 6144] count=15 base_ms=10.4451 cost_ms=0.4245 per_dispatch_us=28.30
ab omit entry=omega_reduce_r3_o2_n2_multiply_add_zero sha=301c37405a5301bd threads=98304 tg=Some(64) extents=[1, 1536, 12288] count=20 base_ms=10.3106 cost_ms=0.7429 per_dispatch_us=37.15
ab omit entry=omega_reduce_r3_o2_n2_multiply_add_zero_epi3_fused_identity_o3__multiply_s0_o2__add_s1_o1__square_root_s2__reciprocal_s3__multiply_s4_o0 sha=3d3a72948b2448db threads=128 tg=Some(128) extents=[1, 1, 512] count=3 base_ms=10.4477 cost_ms=0.0256 per_dispatch_us=8.54
ab omit entry=omega_reduce_r3_o2_n1_identity_maximum_negative_infinity sha=565c16a08dcdd100 threads=65536 tg=Some(128) extents=[1, 512, 512] count=1 base_ms=10.5972 cost_ms=0.0201 per_dispatch_us=20.08
ab omit entry=omega_reduce_r3_o2_n2_multiply_add_zero_epi1_fused_identity_o1__multiply_s0_o0 sha=588991dfd09491af threads=2293760 tg=Some(256) extents=[1, 1536, 8960] count=1 base_ms=10.5981 cost_ms=0.1189 per_dispatch_us=118.92
ab omit entry=omega_cached_attention_q1_h1_g8_d512_s3f800000_ln9223372036854775808_up0_x4_e1_k1_ds_merge sha=5c2e7fcd2579eb81 threads=8192 tg=Some(1024) extents=[1, 1, 8, 512] count=7 base_ms=10.5684 cost_ms=0.0878 per_dispatch_us=12.54
ab omit entry=omega_elementwise_twin_r3_n4_fused_multiply_o0_o1__multiply_o2_o3__subtract_s0_s1_fused_multiply_o0_o3__multiply_o2_o1__add_s0_s1 sha=5c56afee9095bd2b threads=1024 tg=None extents=[1, 8, 128] count=28 base_ms=10.5373 cost_ms=0.1649 per_dispatch_us=5.89
ab omit entry=omega_elementwise_twin_r3_n4_fused_multiply_o0_o1__multiply_o2_o3__subtract_s0_s1_fused_multiply_o0_o3__multiply_o2_o1__add_s0_s1 sha=5c56afee9095bd2b threads=2048 tg=None extents=[1, 8, 256] count=7 base_ms=10.5493 cost_ms=0.0586 per_dispatch_us=8.38
ab omit entry=omega_elementwise_r2_n1_identity_g1 sha=6ea595c3ebd844f9 threads=1536 tg=None extents=[1, 1536] count=1 base_ms=10.5235 cost_ms=0.0146 per_dispatch_us=14.58
ab omit entry=omega_reduce_r5_o2_n2_multiply_add_zero sha=70da2b90461e8765 threads=12288 tg=Some(64) extents=[1, 1, 8, 256, 1536] count=28 base_ms=10.5398 cost_ms=0.3718 per_dispatch_us=13.28
ab omit entry=omega_reduce_r5_o2_n2_multiply_add_zero sha=70da2b90461e8765 threads=12288 tg=Some(64) extents=[1, 1, 8, 512, 1536] count=7 base_ms=10.4796 cost_ms=0.1284 per_dispatch_us=18.35
ab omit entry=omega_reduce_r3_o2_n2_multiply_add_zero_epi6_fused_identity_o6__identity_o0__multiply_s0_o4__add_s2_o3__square_root_s3__reciprocal_s4__multiply_s5_o2__multiply_s6_o1__add_s1_s7__multiply_s8_o5 sha=7310c707cd786018 threads=2240 tg=Some(64) extents=[1, 35, 256] count=1 base_ms=10.5345 cost_ms=-0.0072 per_dispatch_us=-7.25
ab omit entry=omega_reduce_r3_o2_n5_fused_equal_o0_o1__add_o2_o3__select_s0_s1_o4_minimum_positive_infinity sha=8f117d35fa82c59a threads=65536 tg=Some(128) extents=[1, 512, 512] count=1 base_ms=10.5318 cost_ms=-0.0114 per_dispatch_us=-11.42
ab omit entry=omega_elementwise_twin_r3_n4_fused_multiply_o0_o1__multiply_o2_o3__add_s0_s1_fused_multiply_o0_o3__multiply_o2_o1__subtract_s0_s1 sha=96b2c794feafb890 threads=128 tg=None extents=[1, 1, 128] count=12 base_ms=10.5810 cost_ms=0.0332 per_dispatch_us=2.77
ab omit entry=omega_elementwise_twin_r3_n4_fused_multiply_o0_o1__multiply_o2_o3__add_s0_s1_fused_multiply_o0_o3__multiply_o2_o1__subtract_s0_s1 sha=96b2c794feafb890 threads=256 tg=None extents=[1, 1, 256] count=3 base_ms=10.4198 cost_ms=-0.0415 per_dispatch_us=-13.82
ab omit entry=omega_reduce_r3_o2_n2_multiply_add_zero_epi3_fused_identity_o3__multiply_s0_o2__add_s1_o1__square_root_s2__reciprocal_s3__multiply_s4_o0 sha=9b87f6638ee11e4b threads=64 tg=Some(64) extents=[1, 1, 256] count=12 base_ms=10.3789 cost_ms=0.0732 per_dispatch_us=6.10
ab omit entry=omega_reduce_r2_o1_n1_identity_maximum_negative_infinity sha=a358f4cb9502df9f threads=128 tg=Some(128) extents=[1, 512] count=1 base_ms=10.3805 cost_ms=0.0099 per_dispatch_us=9.87
ab omit entry=omega_reduce_r3_o2_n2_multiply_add_zero_epi4_fused_identity_o4__multiply_s0_o3__add_s1_o2__square_root_s2__reciprocal_s3__multiply_s4_o1__multiply_s5_o0 sha=a638c75f896670e1 threads=64 tg=Some(64) extents=[1, 1, 256] count=12 base_ms=10.5684 cost_ms=0.0856 per_dispatch_us=7.14
ab skip group=a638c75f896670e1:[1, 8, 256] count=28
ab omit entry=omega_cached_attention_q1_h1_g8_d512_s3f800000_ln9223372036854775808_up0_x4_e1_k1_ds sha=a99a3e2ee736c218 threads=32768 tg=Some(128) extents=[1, 1, 8, 512] count=7 base_ms=10.5659 cost_ms=0.3870 per_dispatch_us=55.28
ab omit entry=omega_cached_attention_q1_h1_g8_d256_s3f800000_ln511_up0_x4_e1_k1_ds sha=b2651dd95588be69 threads=17408 tg=Some(128) extents=[1, 1, 8, 256] count=28 base_ms=10.5436 cost_ms=0.6850 per_dispatch_us=24.46
ab omit entry=omega_reduce_r3_o2_n2_multiply_add_zero sha=b730588909dec0f9 threads=12288 tg=Some(64) extents=[1, 6144, 1536] count=15 base_ms=10.5028 cost_ms=0.3845 per_dispatch_us=25.64
ab omit entry=omega_reduce_r3_o2_n2_multiply_add_zero sha=b730588909dec0f9 threads=12288 tg=Some(64) extents=[1, 12288, 1536] count=20 base_ms=10.5570 cost_ms=0.9448 per_dispatch_us=47.24
ab omit entry=omega_reduce_r3_o2_n4_fused_greater_o0_o1__greater_o2_o3__multiply_s0_s1_add_zero sha=b732955972908e7f threads=65536 tg=Some(128) extents=[1, 512, 512] count=1 base_ms=10.5369 cost_ms=0.0044 per_dispatch_us=4.38
ab omit entry=omega_reduce_r3_o2_n2_multiply_add_zero_epi2_fused_identity_o2__divide_s0_o1__tanh_s1__multiply_s2_o0 sha=c161db611fad8aca threads=4194304 tg=Some(64) extents=[1, 1536, 262144] count=1 base_ms=10.5526 cost_ms=1.0862 per_dispatch_us=1086.17
ab omit entry=omega_elementwise_r1_n2_multiply sha=c5fcdbd8191c4761 threads=512 tg=None extents=[512] count=1 base_ms=10.5619 cost_ms=0.0098 per_dispatch_us=9.79
ab omit entry=omega_elementwise_r2_n2_fused_identity_o0__multiply_s0_o1_g10 sha=d28d35ec25ba7982 threads=1536 tg=None extents=[1, 1536] count=1 base_ms=10.5255 cost_ms=-0.0115 per_dispatch_us=-11.46
ab omit entry=omega_elementwise_r2_n2_fused_identity_o0__multiply_s0_o1_g10 sha=d28d35ec25ba7982 threads=8960 tg=None extents=[1, 8960] count=1 base_ms=10.5564 cost_ms=0.0251 per_dispatch_us=25.12
ab omit entry=omega_reduce_r2_o1_n2_multiply_add_zero_epi6_fused_identity_o6__multiply_s0_o4__add_s1_o3__square_root_s2__reciprocal_s3__multiply_s4_o2__multiply_s5_o1__add_s6_o0__multiply_s7_o5 sha=d8ad59bfed0ed43d threads=256 tg=Some(256) extents=[1, 1536] count=35 base_ms=10.5591 cost_ms=0.3913 per_dispatch_us=11.18
ab omit entry=omega_elementwise_r3_n1_identity sha=efb05eff38c1debf threads=8960 tg=None extents=[1, 35, 256] count=1 base_ms=10.4347 cost_ms=0.0473 per_dispatch_us=47.33
ab omit entry=omega_elementwise_r3_n1_identity sha=efb05eff38c1debf threads=262144 tg=None extents=[1, 512, 512] count=1 base_ms=10.4213 cost_ms=-0.0167 per_dispatch_us=-16.71
ab omit entry=omega_reduce_r2_o1_n2_multiply_add_zero_epi5_fused_identity_o5__multiply_s0_o4__add_s1_o3__square_root_s2__reciprocal_s3__multiply_s4_o2__multiply_s5_o1__add_s6_o0 sha=f41c3c0ebf45e3dc threads=256 tg=Some(256) extents=[1, 1536] count=70 base_ms=10.3674 cost_ms=0.7917 per_dispatch_us=11.31
ab omit entry=omega_reduce_r4_o3_n2_multiply_add_zero sha=fa4a9da93c79e2c1 threads=2048 tg=Some(64) extents=[1, 1, 256, 1536] count=24 base_ms=10.5844 cost_ms=0.1904 per_dispatch_us=7.93
ab omit entry=omega_reduce_r4_o3_n2_multiply_add_zero sha=fa4a9da93c79e2c1 threads=4096 tg=Some(64) extents=[1, 1, 512, 1536] count=6 base_ms=10.5888 cost_ms=0.0496 per_dispatch_us=8.27
ab omit entry=omega_reduce_r4_o3_n2_multiply_add_zero sha=fa756124a707e45d threads=16384 tg=Some(64) extents=[1, 8, 256, 1536] count=28 base_ms=10.5489 cost_ms=0.3899 per_dispatch_us=13.92
ab omit entry=omega_reduce_r4_o3_n2_multiply_add_zero sha=fa756124a707e45d threads=32768 tg=Some(64) extents=[1, 8, 512, 1536] count=7 base_ms=10.5758 cost_ms=0.1515 per_dispatch_us=21.64
ab omit entry=omega_reduce_r3_o2_n2_multiply_add_zero_epi5_fused_identity_o5__identity_o0__multiply_s0_s0__multiply_s0_s2__multiply_s3_o3__add_s0_s4__multiply_s5_o2__tanh_s6__add_s7_o1__multiply_s0_o4__multiply_s8_s9__multiply_s1_s10 sha=fb097ee4fef765b9 threads=2048 tg=Some(64) extents=[1, 1536, 256] count=35 base_ms=10.5761 cost_ms=0.3841 per_dispatch_us=10.98
ab omit entry=omega_cached_attention_q1_h1_g8_d256_s3f800000_ln511_up0_x4_e1_k1_ds_merge sha=fb384d9b8ac38ba6 threads=8192 tg=Some(1024) extents=[1, 1, 8, 256] count=28 base_ms=10.5470 cost_ms=0.2247 per_dispatch_us=8.02
