ab capture excludes 0 unreplayable dispatches of 653
ab capture: step=5 dispatches=653 groups=47
ab omit entry=omega_reduce_r2_o1_n1_identity_add_zero sha=055f1105af08851c threads=128 tg=Some(128) extents=[1, 512] count=1 base_ms=10.5730 cost_ms=0.0183 per_dispatch_us=18.33
ab omit entry=omega_reduce_r3_o2_n2_multiply_add_zero_epi9_fused_identity_o9__multiply_o5_o6__multiply_s1_o4__multiply_s2_o3__add_s3_o2__multiply_s4_o1__tanh_s5__add_s6_o0__multiply_o7_o8__multiply_s7_s8__multiply_s0_s9 sha=1d7873ae32d202eb threads=49152 tg=Some(64) extents=[1, 1536, 6144] count=15 base_ms=10.5336 cost_ms=0.3807 per_dispatch_us=25.38
ab omit entry=omega_reduce_r3_o2_n2_multiply_add_zero_epi9_fused_identity_o9__multiply_o5_o6__multiply_s1_o4__multiply_s2_o3__add_s3_o2__multiply_s4_o1__tanh_s5__add_s6_o0__multiply_o7_o8__multiply_s7_s8__multiply_s0_s9 sha=1d7873ae32d202eb threads=98304 tg=Some(64) extents=[1, 1536, 12288] count=20 base_ms=10.4496 cost_ms=0.8748 per_dispatch_us=43.74
ab omit entry=omega_reduce_r2_o1_n2_multiply_add_zero_epi4_fused_identity_o4__multiply_s0_o3__add_s1_o2__square_root_s2__reciprocal_s3__multiply_s4_o1__multiply_s5_o0 sha=23d555d56f27caa0 threads=256 tg=Some(256) extents=[1, 1536] count=71 base_ms=10.4019 cost_ms=0.6233 per_dispatch_us=8.78
ab omit entry=omega_reduce_r3_o2_n2_multiply_add_zero_epi4_fused_identity_o4__multiply_s0_o3__add_s1_o2__square_root_s2__reciprocal_s3__multiply_s4_o1__multiply_s5_o0 sha=2417697c78307ab2 threads=128 tg=Some(128) extents=[1, 1, 512] count=3 base_ms=10.3747 cost_ms=-0.0172 per_dispatch_us=-5.72
ab skip group=2417697c78307ab2:[1, 8, 512] count=7
ab omit entry=omega_reduce_r2_o1_n1_identity_minimum_positive_infinity sha=2b18e2e46efc835c threads=128 tg=Some(128) extents=[1, 512] count=1 base_ms=10.5189 cost_ms=0.0103 per_dispatch_us=10.33
ab omit entry=omega_iota_r1 sha=2ed772243b1bc49f threads=512 tg=None extents=[512] count=2 base_ms=10.5716 cost_ms=-0.0026 per_dispatch_us=-1.31
ab omit entry=omega_reduce_r3_o2_n2_multiply_add_zero sha=301c37405a5301bd threads=12288 tg=Some(64) extents=[1, 256, 1536] count=35 base_ms=10.5396 cost_ms=0.1430 per_dispatch_us=4.09
ab omit entry=omega_reduce_r3_o2_n2_multiply_add_zero sha=301c37405a5301bd threads=49152 tg=Some(64) extents=[1, 1536, 6144] count=15 base_ms=10.5570 cost_ms=0.3419 per_dispatch_us=22.79
ab omit entry=omega_reduce_r3_o2_n2_multiply_add_zero sha=301c37405a5301bd threads=98304 tg=Some(64) extents=[1, 1536, 12288] count=20 base_ms=10.5773 cost_ms=0.8143 per_dispatch_us=40.72
ab omit entry=omega_reduce_r3_o2_n2_multiply_add_zero_epi3_fused_identity_o3__multiply_s0_o2__add_s1_o1__square_root_s2__reciprocal_s3__multiply_s4_o0 sha=3d3a72948b2448db threads=128 tg=Some(128) extents=[1, 1, 512] count=3 base_ms=10.5905 cost_ms=0.0298 per_dispatch_us=9.92
ab omit entry=omega_reduce_r3_o2_n1_identity_maximum_negative_infinity sha=565c16a08dcdd100 threads=65536 tg=Some(128) extents=[1, 512, 512] count=1 base_ms=10.5808 cost_ms=0.0146 per_dispatch_us=14.63
ab omit entry=omega_reduce_r3_o2_n2_multiply_add_zero_epi1_fused_identity_o1__multiply_s0_o0 sha=588991dfd09491af threads=2293760 tg=Some(256) extents=[1, 1536, 8960] count=1 base_ms=10.5883 cost_ms=0.1173 per_dispatch_us=117.33
ab omit entry=omega_cached_attention_q1_h1_g8_d512_s3f800000_ln9223372036854775808_up0_x4_e1_k1_ds_merge sha=5c2e7fcd2579eb81 threads=8192 tg=Some(1024) extents=[1, 1, 8, 512] count=7 base_ms=10.5440 cost_ms=0.0557 per_dispatch_us=7.96
ab omit entry=omega_elementwise_twin_r3_n4_fused_multiply_o0_o1__multiply_o2_o3__subtract_s0_s1_fused_multiply_o0_o3__multiply_o2_o1__add_s0_s1 sha=5c56afee9095bd2b threads=1024 tg=None extents=[1, 8, 128] count=28 base_ms=10.5566 cost_ms=0.1508 per_dispatch_us=5.39
ab omit entry=omega_elementwise_twin_r3_n4_fused_multiply_o0_o1__multiply_o2_o3__subtract_s0_s1_fused_multiply_o0_o3__multiply_o2_o1__add_s0_s1 sha=5c56afee9095bd2b threads=2048 tg=None extents=[1, 8, 256] count=7 base_ms=10.5463 cost_ms=0.0270 per_dispatch_us=3.85
ab omit entry=omega_elementwise_r2_n1_identity_g1 sha=6ea595c3ebd844f9 threads=1536 tg=None extents=[1, 1536] count=1 base_ms=10.4550 cost_ms=-0.0072 per_dispatch_us=-7.21
ab omit entry=omega_reduce_r5_o2_n2_multiply_add_zero sha=70da2b90461e8765 threads=12288 tg=Some(64) extents=[1, 1, 8, 256, 1536] count=28 base_ms=10.3777 cost_ms=0.3299 per_dispatch_us=11.78
ab omit entry=omega_reduce_r5_o2_n2_multiply_add_zero sha=70da2b90461e8765 threads=12288 tg=Some(64) extents=[1, 1, 8, 512, 1536] count=7 base_ms=10.3494 cost_ms=0.1155 per_dispatch_us=16.49
ab omit entry=omega_reduce_r3_o2_n2_multiply_add_zero_epi6_fused_identity_o6__identity_o0__multiply_s0_o4__add_s2_o3__square_root_s3__reciprocal_s4__multiply_s5_o2__multiply_s6_o1__add_s1_s7__multiply_s8_o5 sha=7310c707cd786018 threads=2240 tg=Some(64) extents=[1, 35, 256] count=1 base_ms=10.5869 cost_ms=0.0412 per_dispatch_us=41.17
ab omit entry=omega_reduce_r3_o2_n5_fused_equal_o0_o1__add_o2_o3__select_s0_s1_o4_minimum_positive_infinity sha=8f117d35fa82c59a threads=65536 tg=Some(128) extents=[1, 512, 512] count=1 base_ms=10.5851 cost_ms=0.0281 per_dispatch_us=28.13
ab omit entry=omega_elementwise_twin_r3_n4_fused_multiply_o0_o1__multiply_o2_o3__add_s0_s1_fused_multiply_o0_o3__multiply_o2_o1__subtract_s0_s1 sha=96b2c794feafb890 threads=128 tg=None extents=[1, 1, 128] count=12 base_ms=10.5854 cost_ms=-0.0029 per_dispatch_us=-0.24
ab omit entry=omega_elementwise_twin_r3_n4_fused_multiply_o0_o1__multiply_o2_o3__add_s0_s1_fused_multiply_o0_o3__multiply_o2_o1__subtract_s0_s1 sha=96b2c794feafb890 threads=256 tg=None extents=[1, 1, 256] count=3 base_ms=10.5643 cost_ms=-0.0075 per_dispatch_us=-2.49
ab omit entry=omega_reduce_r3_o2_n2_multiply_add_zero_epi3_fused_identity_o3__multiply_s0_o2__add_s1_o1__square_root_s2__reciprocal_s3__multiply_s4_o0 sha=9b87f6638ee11e4b threads=64 tg=Some(64) extents=[1, 1, 256] count=12 base_ms=10.5516 cost_ms=0.0899 per_dispatch_us=7.49
ab omit entry=omega_reduce_r2_o1_n1_identity_maximum_negative_infinity sha=a358f4cb9502df9f threads=128 tg=Some(128) extents=[1, 512] count=1 base_ms=10.5728 cost_ms=0.0331 per_dispatch_us=33.08
ab omit entry=omega_reduce_r3_o2_n2_multiply_add_zero_epi4_fused_identity_o4__multiply_s0_o3__add_s1_o2__square_root_s2__reciprocal_s3__multiply_s4_o1__multiply_s5_o0 sha=a638c75f896670e1 threads=64 tg=Some(64) extents=[1, 1, 256] count=12 base_ms=10.5916 cost_ms=0.0931 per_dispatch_us=7.76
ab skip group=a638c75f896670e1:[1, 8, 256] count=28
ab omit entry=omega_cached_attention_q1_h1_g8_d512_s3f800000_ln9223372036854775808_up0_x4_e1_k1_ds sha=a99a3e2ee736c218 threads=32768 tg=Some(128) extents=[1, 1, 8, 512] count=7 base_ms=10.5868 cost_ms=0.3753 per_dispatch_us=53.62
ab omit entry=omega_cached_attention_q1_h1_g8_d256_s3f800000_ln511_up0_x4_e1_k1_ds sha=b2651dd95588be69 threads=17408 tg=Some(128) extents=[1, 1, 8, 256] count=28 base_ms=10.5731 cost_ms=0.7653 per_dispatch_us=27.33
ab omit entry=omega_reduce_r3_o2_n2_multiply_add_zero sha=b730588909dec0f9 threads=12288 tg=Some(64) extents=[1, 6144, 1536] count=15 base_ms=10.5711 cost_ms=0.3891 per_dispatch_us=25.94
ab omit entry=omega_reduce_r3_o2_n2_multiply_add_zero sha=b730588909dec0f9 threads=12288 tg=Some(64) extents=[1, 12288, 1536] count=20 base_ms=10.5842 cost_ms=0.9440 per_dispatch_us=47.20
ab omit entry=omega_reduce_r3_o2_n4_fused_greater_o0_o1__greater_o2_o3__multiply_s0_s1_add_zero sha=b732955972908e7f threads=65536 tg=Some(128) extents=[1, 512, 512] count=1 base_ms=10.4947 cost_ms=-0.0165 per_dispatch_us=-16.50
ab omit entry=omega_reduce_r3_o2_n2_multiply_add_zero_epi2_fused_identity_o2__divide_s0_o1__tanh_s1__multiply_s2_o0 sha=c161db611fad8aca threads=4194304 tg=Some(64) extents=[1, 1536, 262144] count=1 base_ms=10.4163 cost_ms=1.1165 per_dispatch_us=1116.46
ab omit entry=omega_elementwise_r1_n2_multiply sha=c5fcdbd8191c4761 threads=512 tg=None extents=[512] count=1 base_ms=10.3972 cost_ms=0.0014 per_dispatch_us=1.38
ab omit entry=omega_elementwise_r2_n2_fused_identity_o0__multiply_s0_o1_g10 sha=d28d35ec25ba7982 threads=1536 tg=None extents=[1, 1536] count=1 base_ms=10.6049 cost_ms=0.0843 per_dispatch_us=84.29
ab omit entry=omega_elementwise_r2_n2_fused_identity_o0__multiply_s0_o1_g10 sha=d28d35ec25ba7982 threads=8960 tg=None extents=[1, 8960] count=1 base_ms=10.6189 cost_ms=0.0603 per_dispatch_us=60.29
ab omit entry=omega_reduce_r2_o1_n2_multiply_add_zero_epi6_fused_identity_o6__multiply_s0_o4__add_s1_o3__square_root_s2__reciprocal_s3__multiply_s4_o2__multiply_s5_o1__add_s6_o0__multiply_s7_o5 sha=d8ad59bfed0ed43d threads=256 tg=Some(256) extents=[1, 1536] count=35 base_ms=10.6144 cost_ms=0.4050 per_dispatch_us=11.57
ab omit entry=omega_elementwise_r3_n1_identity sha=efb05eff38c1debf threads=8960 tg=None extents=[1, 35, 256] count=1 base_ms=10.6019 cost_ms=0.0650 per_dispatch_us=65.00
ab omit entry=omega_elementwise_r3_n1_identity sha=efb05eff38c1debf threads=262144 tg=None extents=[1, 512, 512] count=1 base_ms=10.5972 cost_ms=-0.0043 per_dispatch_us=-4.29
ab omit entry=omega_reduce_r2_o1_n2_multiply_add_zero_epi5_fused_identity_o5__multiply_s0_o4__add_s1_o3__square_root_s2__reciprocal_s3__multiply_s4_o2__multiply_s5_o1__add_s6_o0 sha=f41c3c0ebf45e3dc threads=256 tg=Some(256) extents=[1, 1536] count=70 base_ms=10.6113 cost_ms=0.8336 per_dispatch_us=11.91
ab omit entry=omega_reduce_r4_o3_n2_multiply_add_zero sha=fa4a9da93c79e2c1 threads=2048 tg=Some(64) extents=[1, 1, 256, 1536] count=24 base_ms=10.5895 cost_ms=0.1959 per_dispatch_us=8.16
ab omit entry=omega_reduce_r4_o3_n2_multiply_add_zero sha=fa4a9da93c79e2c1 threads=4096 tg=Some(64) extents=[1, 1, 512, 1536] count=6 base_ms=10.5141 cost_ms=0.0359 per_dispatch_us=5.98
ab omit entry=omega_reduce_r4_o3_n2_multiply_add_zero sha=fa756124a707e45d threads=16384 tg=Some(64) extents=[1, 8, 256, 1536] count=28 base_ms=10.5817 cost_ms=0.4130 per_dispatch_us=14.75
ab omit entry=omega_reduce_r4_o3_n2_multiply_add_zero sha=fa756124a707e45d threads=32768 tg=Some(64) extents=[1, 8, 512, 1536] count=7 base_ms=10.5939 cost_ms=0.1520 per_dispatch_us=21.72
ab omit entry=omega_reduce_r3_o2_n2_multiply_add_zero_epi5_fused_identity_o5__identity_o0__multiply_s0_s0__multiply_s0_s2__multiply_s3_o3__add_s0_s4__multiply_s5_o2__tanh_s6__add_s7_o1__multiply_s0_o4__multiply_s8_s9__multiply_s1_s10 sha=fb097ee4fef765b9 threads=2048 tg=Some(64) extents=[1, 1536, 256] count=35 base_ms=10.5730 cost_ms=0.3628 per_dispatch_us=10.36
ab omit entry=omega_cached_attention_q1_h1_g8_d256_s3f800000_ln511_up0_x4_e1_k1_ds_merge sha=fb384d9b8ac38ba6 threads=8192 tg=Some(1024) extents=[1, 1, 8, 256] count=28 base_ms=10.4885 cost_ms=0.1886 per_dispatch_us=6.74
