2026-10-06T15:04:47Z LAUNCH decode_arms proxima arm=base0c process=0 bin=perf/arms9/base0c
2026-10-06T15:05:55Z EXIT decode_arms proxima arm=base0c process=0 status=exit status: 0
2026-10-06T15:05:55Z LAUNCH decode_arms proxima arm=base0c_ctl process=0 bin=perf/arms9/base0c_ctl
2026-10-06T15:07:04Z EXIT decode_arms proxima arm=base0c_ctl process=0 status=exit status: 0
2026-10-06T15:07:04Z LAUNCH decode_arms proxima arm=tip process=0 bin=perf/arms9/tip
2026-10-06T15:08:12Z EXIT decode_arms proxima arm=tip process=0 status=exit status: 0
2026-10-06T15:08:12Z LAUNCH decode_arms proxima arm=base0c_ctl process=1 bin=perf/arms9/base0c_ctl
2026-10-06T15:09:21Z EXIT decode_arms proxima arm=base0c_ctl process=1 status=exit status: 0
2026-10-06T15:09:21Z LAUNCH decode_arms proxima arm=tip process=1 bin=perf/arms9/tip
2026-10-06T15:10:29Z EXIT decode_arms proxima arm=tip process=1 status=exit status: 0
2026-10-06T15:10:29Z LAUNCH decode_arms proxima arm=base0c process=1 bin=perf/arms9/base0c
2026-10-06T15:11:37Z EXIT decode_arms proxima arm=base0c process=1 status=exit status: 0
2026-10-06T15:11:37Z LAUNCH decode_arms proxima arm=tip process=2 bin=perf/arms9/tip
2026-10-06T15:12:45Z EXIT decode_arms proxima arm=tip process=2 status=exit status: 0
2026-10-06T15:12:45Z LAUNCH decode_arms proxima arm=base0c process=2 bin=perf/arms9/base0c
2026-10-06T15:13:53Z EXIT decode_arms proxima arm=base0c process=2 status=exit status: 0
2026-10-06T15:13:53Z LAUNCH decode_arms proxima arm=base0c_ctl process=2 bin=perf/arms9/base0c_ctl
2026-10-06T15:15:01Z EXIT decode_arms proxima arm=base0c_ctl process=2 status=exit status: 0
2026-10-06T15:15:01Z LAUNCH decode_arms proxima arm=base0c process=3 bin=perf/arms9/base0c
2026-10-06T15:16:09Z EXIT decode_arms proxima arm=base0c process=3 status=exit status: 0
2026-10-06T15:16:09Z LAUNCH decode_arms proxima arm=base0c_ctl process=3 bin=perf/arms9/base0c_ctl
2026-10-06T15:17:17Z EXIT decode_arms proxima arm=base0c_ctl process=3 status=exit status: 0
2026-10-06T15:17:18Z LAUNCH decode_arms proxima arm=tip process=3 bin=perf/arms9/tip
2026-10-06T15:18:25Z EXIT decode_arms proxima arm=tip process=3 status=exit status: 0
2026-10-06T15:18:25Z LAUNCH decode_arms proxima arm=base0c_ctl process=4 bin=perf/arms9/base0c_ctl
2026-10-06T15:19:33Z EXIT decode_arms proxima arm=base0c_ctl process=4 status=exit status: 0
2026-10-06T15:19:33Z LAUNCH decode_arms proxima arm=tip process=4 bin=perf/arms9/tip
2026-10-06T15:20:41Z EXIT decode_arms proxima arm=tip process=4 status=exit status: 0
2026-10-06T15:20:41Z LAUNCH decode_arms proxima arm=base0c process=4 bin=perf/arms9/base0c
2026-10-06T15:21:49Z EXIT decode_arms proxima arm=base0c process=4 status=exit status: 0
2026-10-06T15:21:49Z LAUNCH decode_arms proxima arm=tip process=5 bin=perf/arms9/tip
2026-10-06T15:22:57Z EXIT decode_arms proxima arm=tip process=5 status=exit status: 0
2026-10-06T15:22:57Z LAUNCH decode_arms proxima arm=base0c process=5 bin=perf/arms9/base0c
2026-10-06T15:24:05Z EXIT decode_arms proxima arm=base0c process=5 status=exit status: 0
2026-10-06T15:24:05Z LAUNCH decode_arms proxima arm=base0c_ctl process=5 bin=perf/arms9/base0c_ctl
2026-10-06T15:25:13Z EXIT decode_arms proxima arm=base0c_ctl process=5 status=exit status: 0
2026-10-06T15:25:13Z LAUNCH decode_arms proxima arm=base0c process=6 bin=perf/arms9/base0c
2026-10-06T15:26:21Z EXIT decode_arms proxima arm=base0c process=6 status=exit status: 0
2026-10-06T15:26:21Z LAUNCH decode_arms proxima arm=base0c_ctl process=6 bin=perf/arms9/base0c_ctl
2026-10-06T15:27:29Z EXIT decode_arms proxima arm=base0c_ctl process=6 status=exit status: 0
2026-10-06T15:27:29Z LAUNCH decode_arms proxima arm=tip process=6 bin=perf/arms9/tip
2026-10-06T15:28:37Z EXIT decode_arms proxima arm=tip process=6 status=exit status: 0
2026-10-06T15:28:37Z LAUNCH decode_arms proxima arm=base0c_ctl process=7 bin=perf/arms9/base0c_ctl
2026-10-06T15:29:45Z EXIT decode_arms proxima arm=base0c_ctl process=7 status=exit status: 0
2026-10-06T15:29:45Z LAUNCH decode_arms proxima arm=tip process=7 bin=perf/arms9/tip
2026-10-06T15:30:52Z EXIT decode_arms proxima arm=tip process=7 status=exit status: 0
2026-10-06T15:30:52Z LAUNCH decode_arms proxima arm=base0c process=7 bin=perf/arms9/base0c
2026-10-06T15:32:00Z EXIT decode_arms proxima arm=base0c process=7 status=exit status: 0
