m0 decode: generated_tokens=24 text="\n## WORK IN PROGRESS — EXPERIMENTAL\n\n### proxima is under heavy active development: not stable,"
m0 capture: step=23 dispatches_with_threads=398
m0 groups: 27 kernels-by-identity-and-geometry over 398 dispatches
m0 replay: group 0/27
m0 sequence replay: one command buffer, dispatches=374 of 398 captured, gpu_ms=[5.771916592493653, 5.7663333136588335, 5.785208311863244]
m0 chunk sequence replay: chunks=8, gpu_ms=[[0.27929164934903383, 0.7125417469069362, 0.7573750335723162, 0.7348749786615372, 0.7636250229552388, 0.6920415908098221, 0.7306250045076013, 0.7657500682398677], [0.27566670905798674, 0.7226667366921902, 0.7590000750496984, 0.7892500143498182, 0.7960000075399876, 0.7436249870806932, 0.7730417419224977, 0.7997499778866768], [0.2799583598971367, 0.7458750624209642, 0.7663749856874347, 0.7913750596344471, 0.7942082593217492, 0.7516249315813184, 0.7859166944399476, 0.8177499985322356]]
m0 family sequence replay excludes 24 unreplayable dispatches of 398
m0 family sequence replay: family=attention dispatches=48 runs=7 gpu_ms_mean=1.2926 gpu_ms_min=1.2755 cov_pct=0.60
m0 family sequence replay: family=norms dispatches=49 runs=7 gpu_ms_mean=0.2958 gpu_ms_min=0.2876 cov_pct=1.54
m0 family sequence replay: family=other_matvec dispatches=218 runs=7 gpu_ms_mean=3.5344 gpu_ms_min=3.4524 cov_pct=1.34
m0 family sequence replay: family=rope_copy_elementwise dispatches=59 runs=7 gpu_ms_mean=0.3522 gpu_ms_min=0.3461 cov_pct=1.12

class                                     disp/step us/disp cold  total us cold   % step | us/disp -flr   total -flr | us/disp marg   total marg
matvec Q8_0                                     169        20.27         3425.3    59.0% |        12.25       2069.7 |        14.93       2522.7
cached attention partial                         24        49.92         1198.0    20.6% |        41.90       1005.5 |        48.05       1153.2
RMSNorm sumsq + fused epilogue                   49        11.17          547.2     9.4% |         3.15        154.1 |         5.92        289.9
matvec f32                                       49        10.09          494.3     8.5% |         2.07        101.3 |         7.50        367.7
UNCLASSIFIED omega_elementwise_twin_r3_n4_fused_multiply_o0_o1__multiply_o2_o3__subtract_s0_s1_fused_multiply_o0_o3__multiply_o2_o1__add_s0_s1         24         9.04          217.0     3.7% |         1.02         24.5 |         8.47        203.2
cached attention merge                           24         7.65          183.5     3.2% |         0.00          0.0 |         4.39        105.5
UNCLASSIFIED omega_elementwise_twin_r3_n4_fused_multiply_o0_o1__multiply_o2_o3__add_s0_s1_fused_multiply_o0_o3__multiply_o2_o1__subtract_s0_s1         24         7.25          174.0     3.0% |         0.00          0.0 |         5.21        125.0
elementwise fused_identity_o0__multiply_s0_o1_g10          1        19.23           19.2     0.3% |        11.21         11.2 |        17.23         17.2
softmax max                                       2         6.13           12.3     0.2% |         0.00          0.0 |         3.31          6.6
UNCLASSIFIED omega_reduce_r3_o2_n5_fused_equal_o0_o1__add_o2_o3__select_s0_s1_o4_minimum_positive_infinity          1         9.94            9.9     0.2% |         1.92          1.9 |         5.90          5.9
iota                                              2         4.42            8.8     0.2% |         0.00          0.0 |         2.18          4.4
elementwise identity_g1                           1         6.00            6.0     0.1% |         0.00          0.0 |         4.84          4.8
identity copy                                     1         5.87            5.9     0.1% |         0.00          0.0 |         3.55          3.6
UNCLASSIFIED omega_reduce_r2_o1_n1_identity_minimum_positive_infinity          1         5.58            5.6     0.1% |         0.00          0.0 |         2.72          2.7
softmax sum                                       1         5.50            5.5     0.1% |         0.00          0.0 |         2.57          2.6
elementwise multiply                              1         5.23            5.2     0.1% |         0.00          0.0 |         2.88          2.9
UNCLASSIFIED omega_moe_topk_e32_k8_stacked         24         0.00            0.0     0.0% |         0.00          0.0 |         0.00          0.0

m0 floor: empty command buffer GPU span median=8.02 us min=3.50 us max=122.21 us n=200
m0 step (captured step 23, last evaluation that ran): rows_evaluated=Some(1) tokens_committed=Some(1) gpu_busy_ms=Some(5.805791588500142) gpu_exec_ms=Some(2.368541) physical_dispatch_calls=Some(398)
m0 step (median over logged evaluations at step >= 2, mixed widths): gpu_busy_ms=5.814 gpu_exec_ms=4.862
m0 reconcile: sum(median x count) [cold]=6317.6 us; ratio to gpu_busy_ms=1.088; ratio to gpu_exec_ms=2.667
m0 reconcile: sum(median x count) [cold-minus-floor]=3368.2 us; ratio to gpu_busy_ms=0.580; ratio to gpu_exec_ms=1.422
m0 reconcile: sum(median x count) [warm]=6270.3 us; ratio to gpu_busy_ms=1.080; ratio to gpu_exec_ms=2.647
m0 reconcile: sum(median x count) [marginal]=4817.9 us; ratio to gpu_busy_ms=0.830; ratio to gpu_exec_ms=2.034
m0 invariant 1: sum(group members)=398 captured_dispatches=398 physical_dispatch_calls_logged=Some(398) capture_step_is_last_logged_step=true
m0 replay failures: 1
m0 replay failure: class=UNCLASSIFIED omega_moe_topk_e32_k8_stacked entry=omega_moe_topk_e32_k8_stacked reason=metal driver error: moe_topk binds extra outputs outside `bindings`
m0 unreplayable by capture: groups=1 dispatches=24
