raw arm=gemma4_e2b.tip process=0 run=0 ms_per_token=11.5860
raw arm=gemma4_e2b.tip process=0 run=1 ms_per_token=11.0980
raw arm=gemma4_e2b.tip process=0 run=2 ms_per_token=11.0320
raw arm=gemma4_e2b.tip process=0 run=3 ms_per_token=11.0400
raw arm=gemma4_e2b.tip process=0 run=4 ms_per_token=11.2340
raw arm=gemma4_e2b.tip process=0 run=5 ms_per_token=10.9600
raw arm=gemma4_e2b.tip process=0 run=6 ms_per_token=11.0390
raw arm=gemma4_e2b.tip process=0 run=7 ms_per_token=11.1660
raw arm=gemma4_e2b.control process=0 run=0 ms_per_token=14.9300
raw arm=gemma4_e2b.control process=0 run=1 ms_per_token=10.9580
raw arm=gemma4_e2b.control process=0 run=2 ms_per_token=10.9940
raw arm=gemma4_e2b.control process=0 run=3 ms_per_token=11.0490
raw arm=gemma4_e2b.control process=0 run=4 ms_per_token=13.4470
raw arm=gemma4_e2b.control process=0 run=5 ms_per_token=11.0060
raw arm=gemma4_e2b.control process=0 run=6 ms_per_token=10.9760
raw arm=gemma4_e2b.control process=0 run=7 ms_per_token=11.6110
raw arm=gemma4_e2b.base process=0 run=0 ms_per_token=11.6910
raw arm=gemma4_e2b.base process=0 run=1 ms_per_token=11.1990
raw arm=gemma4_e2b.base process=0 run=2 ms_per_token=11.3870
raw arm=gemma4_e2b.base process=0 run=3 ms_per_token=11.1570
raw arm=gemma4_e2b.base process=0 run=4 ms_per_token=11.1660
raw arm=gemma4_e2b.base process=0 run=5 ms_per_token=11.1810
raw arm=gemma4_e2b.base process=0 run=6 ms_per_token=11.1250
raw arm=gemma4_e2b.base process=0 run=7 ms_per_token=11.1480
raw arm=granite_moe.tip process=0 run=0 ms_per_token=6.8530
raw arm=granite_moe.tip process=0 run=1 ms_per_token=6.5100
raw arm=granite_moe.tip process=0 run=2 ms_per_token=6.5660
raw arm=granite_moe.tip process=0 run=3 ms_per_token=6.4870
raw arm=granite_moe.tip process=0 run=4 ms_per_token=6.7570
raw arm=granite_moe.tip process=0 run=5 ms_per_token=6.5630
raw arm=granite_moe.tip process=0 run=6 ms_per_token=6.6470
raw arm=granite_moe.tip process=0 run=7 ms_per_token=6.5360
raw arm=granite_moe.control process=0 run=0 ms_per_token=6.8370
raw arm=granite_moe.control process=0 run=1 ms_per_token=6.4590
raw arm=granite_moe.control process=0 run=2 ms_per_token=6.4960
raw arm=granite_moe.control process=0 run=3 ms_per_token=6.4840
raw arm=granite_moe.control process=0 run=4 ms_per_token=6.4990
raw arm=granite_moe.control process=0 run=5 ms_per_token=6.4590
raw arm=granite_moe.control process=0 run=6 ms_per_token=6.5090
raw arm=granite_moe.control process=0 run=7 ms_per_token=6.4680
raw arm=granite_moe.base process=0 run=0 ms_per_token=6.9070
raw arm=granite_moe.base process=0 run=1 ms_per_token=6.4900
raw arm=granite_moe.base process=0 run=2 ms_per_token=6.4800
raw arm=granite_moe.base process=0 run=3 ms_per_token=6.5310
raw arm=granite_moe.base process=0 run=4 ms_per_token=6.4890
raw arm=granite_moe.base process=0 run=5 ms_per_token=6.5340
raw arm=granite_moe.base process=0 run=6 ms_per_token=7.2250
raw arm=granite_moe.base process=0 run=7 ms_per_token=6.4620
raw arm=gemma4_e2b.control process=1 run=0 ms_per_token=11.4580
raw arm=gemma4_e2b.control process=1 run=1 ms_per_token=10.9230
raw arm=gemma4_e2b.control process=1 run=2 ms_per_token=10.9500
raw arm=gemma4_e2b.control process=1 run=3 ms_per_token=10.9160
raw arm=gemma4_e2b.control process=1 run=4 ms_per_token=10.8880
raw arm=gemma4_e2b.control process=1 run=5 ms_per_token=10.9590
raw arm=gemma4_e2b.control process=1 run=6 ms_per_token=10.9160
raw arm=gemma4_e2b.control process=1 run=7 ms_per_token=10.9190
raw arm=gemma4_e2b.base process=1 run=0 ms_per_token=11.5640
raw arm=gemma4_e2b.base process=1 run=1 ms_per_token=11.4130
raw arm=gemma4_e2b.base process=1 run=2 ms_per_token=11.0850
raw arm=gemma4_e2b.base process=1 run=3 ms_per_token=11.0530
raw arm=gemma4_e2b.base process=1 run=4 ms_per_token=11.0990
raw arm=gemma4_e2b.base process=1 run=5 ms_per_token=11.0510
raw arm=gemma4_e2b.base process=1 run=6 ms_per_token=11.0860
raw arm=gemma4_e2b.base process=1 run=7 ms_per_token=11.0950
raw arm=gemma4_e2b.tip process=1 run=0 ms_per_token=11.4300
raw arm=gemma4_e2b.tip process=1 run=1 ms_per_token=11.2160
raw arm=gemma4_e2b.tip process=1 run=2 ms_per_token=10.9220
raw arm=gemma4_e2b.tip process=1 run=3 ms_per_token=10.8900
raw arm=gemma4_e2b.tip process=1 run=4 ms_per_token=10.8470
raw arm=gemma4_e2b.tip process=1 run=5 ms_per_token=10.9050
raw arm=gemma4_e2b.tip process=1 run=6 ms_per_token=13.8410
raw arm=gemma4_e2b.tip process=1 run=7 ms_per_token=10.9210
raw arm=granite_moe.control process=1 run=0 ms_per_token=6.9590
raw arm=granite_moe.control process=1 run=1 ms_per_token=6.5610
raw arm=granite_moe.control process=1 run=2 ms_per_token=6.5200
raw arm=granite_moe.control process=1 run=3 ms_per_token=6.5980
raw arm=granite_moe.control process=1 run=4 ms_per_token=6.5440
raw arm=granite_moe.control process=1 run=5 ms_per_token=6.5410
raw arm=granite_moe.control process=1 run=6 ms_per_token=6.5340
raw arm=granite_moe.control process=1 run=7 ms_per_token=6.5910
raw arm=granite_moe.base process=1 run=0 ms_per_token=6.8930
raw arm=granite_moe.base process=1 run=1 ms_per_token=6.5220
raw arm=granite_moe.base process=1 run=2 ms_per_token=6.6150
raw arm=granite_moe.base process=1 run=3 ms_per_token=6.4970
raw arm=granite_moe.base process=1 run=4 ms_per_token=6.5130
raw arm=granite_moe.base process=1 run=5 ms_per_token=6.5260
raw arm=granite_moe.base process=1 run=6 ms_per_token=6.5500
raw arm=granite_moe.base process=1 run=7 ms_per_token=6.4420
raw arm=granite_moe.tip process=1 run=0 ms_per_token=6.8760
raw arm=granite_moe.tip process=1 run=1 ms_per_token=6.4820
raw arm=granite_moe.tip process=1 run=2 ms_per_token=6.5030
raw arm=granite_moe.tip process=1 run=3 ms_per_token=6.4860
raw arm=granite_moe.tip process=1 run=4 ms_per_token=6.4920
raw arm=granite_moe.tip process=1 run=5 ms_per_token=6.4940
raw arm=granite_moe.tip process=1 run=6 ms_per_token=6.4700
raw arm=granite_moe.tip process=1 run=7 ms_per_token=6.6560
raw arm=gemma4_e2b.base process=2 run=0 ms_per_token=11.7300
raw arm=gemma4_e2b.base process=2 run=1 ms_per_token=11.2120
raw arm=gemma4_e2b.base process=2 run=2 ms_per_token=11.1040
raw arm=gemma4_e2b.base process=2 run=3 ms_per_token=11.1790
raw arm=gemma4_e2b.base process=2 run=4 ms_per_token=11.1450
raw arm=gemma4_e2b.base process=2 run=5 ms_per_token=11.1610
raw arm=gemma4_e2b.base process=2 run=6 ms_per_token=11.0900
raw arm=gemma4_e2b.base process=2 run=7 ms_per_token=11.1380
raw arm=gemma4_e2b.tip process=2 run=0 ms_per_token=11.4740
raw arm=gemma4_e2b.tip process=2 run=1 ms_per_token=11.0700
raw arm=gemma4_e2b.tip process=2 run=2 ms_per_token=10.9910
raw arm=gemma4_e2b.tip process=2 run=3 ms_per_token=11.0110
raw arm=gemma4_e2b.tip process=2 run=4 ms_per_token=10.9380
raw arm=gemma4_e2b.tip process=2 run=5 ms_per_token=10.9520
raw arm=gemma4_e2b.tip process=2 run=6 ms_per_token=10.9570
raw arm=gemma4_e2b.tip process=2 run=7 ms_per_token=10.9740
raw arm=gemma4_e2b.control process=2 run=0 ms_per_token=11.4720
raw arm=gemma4_e2b.control process=2 run=1 ms_per_token=10.9390
raw arm=gemma4_e2b.control process=2 run=2 ms_per_token=10.9700
raw arm=gemma4_e2b.control process=2 run=3 ms_per_token=11.0410
raw arm=gemma4_e2b.control process=2 run=4 ms_per_token=10.9300
raw arm=gemma4_e2b.control process=2 run=5 ms_per_token=10.9570
raw arm=gemma4_e2b.control process=2 run=6 ms_per_token=12.7250
raw arm=gemma4_e2b.control process=2 run=7 ms_per_token=10.9330
raw arm=granite_moe.base process=2 run=0 ms_per_token=6.8520
raw arm=granite_moe.base process=2 run=1 ms_per_token=6.4960
raw arm=granite_moe.base process=2 run=2 ms_per_token=6.6570
raw arm=granite_moe.base process=2 run=3 ms_per_token=6.5870
raw arm=granite_moe.base process=2 run=4 ms_per_token=6.5090
raw arm=granite_moe.base process=2 run=5 ms_per_token=6.5950
raw arm=granite_moe.base process=2 run=6 ms_per_token=6.5330
raw arm=granite_moe.base process=2 run=7 ms_per_token=6.7250
raw arm=granite_moe.tip process=2 run=0 ms_per_token=6.8870
raw arm=granite_moe.tip process=2 run=1 ms_per_token=6.6410
raw arm=granite_moe.tip process=2 run=2 ms_per_token=6.6180
raw arm=granite_moe.tip process=2 run=3 ms_per_token=6.6670
raw arm=granite_moe.tip process=2 run=4 ms_per_token=6.5340
raw arm=granite_moe.tip process=2 run=5 ms_per_token=7.2670
raw arm=granite_moe.tip process=2 run=6 ms_per_token=6.6260
raw arm=granite_moe.tip process=2 run=7 ms_per_token=6.6460
raw arm=granite_moe.control process=2 run=0 ms_per_token=6.8820
raw arm=granite_moe.control process=2 run=1 ms_per_token=6.6140
raw arm=granite_moe.control process=2 run=2 ms_per_token=6.5750
raw arm=granite_moe.control process=2 run=3 ms_per_token=6.5420
raw arm=granite_moe.control process=2 run=4 ms_per_token=6.6090
raw arm=granite_moe.control process=2 run=5 ms_per_token=6.5200
raw arm=granite_moe.control process=2 run=6 ms_per_token=6.5570
raw arm=granite_moe.control process=2 run=7 ms_per_token=6.6390
arm=gemma4_e2b.tip metric=ms_per_token process=0 run=1 value=11.0980 outlier=false
arm=gemma4_e2b.tip metric=ms_per_token process=0 run=2 value=11.0320 outlier=false
arm=gemma4_e2b.tip metric=ms_per_token process=0 run=3 value=11.0400 outlier=false
arm=gemma4_e2b.tip metric=ms_per_token process=0 run=4 value=11.2340 outlier=false
arm=gemma4_e2b.tip metric=ms_per_token process=0 run=5 value=10.9600 outlier=false
arm=gemma4_e2b.tip metric=ms_per_token process=0 run=6 value=11.0390 outlier=false
arm=gemma4_e2b.tip metric=ms_per_token process=0 run=7 value=11.1660 outlier=false
arm=gemma4_e2b.tip metric=ms_per_token process=1 run=1 value=11.2160 outlier=false
arm=gemma4_e2b.tip metric=ms_per_token process=1 run=2 value=10.9220 outlier=false
arm=gemma4_e2b.tip metric=ms_per_token process=1 run=3 value=10.8900 outlier=false
arm=gemma4_e2b.tip metric=ms_per_token process=1 run=4 value=10.8470 outlier=false
arm=gemma4_e2b.tip metric=ms_per_token process=1 run=5 value=10.9050 outlier=false
arm=gemma4_e2b.tip metric=ms_per_token process=1 run=6 value=13.8410 outlier=true
arm=gemma4_e2b.tip metric=ms_per_token process=1 run=7 value=10.9210 outlier=false
arm=gemma4_e2b.tip metric=ms_per_token process=2 run=1 value=11.0700 outlier=false
arm=gemma4_e2b.tip metric=ms_per_token process=2 run=2 value=10.9910 outlier=false
arm=gemma4_e2b.tip metric=ms_per_token process=2 run=3 value=11.0110 outlier=false
arm=gemma4_e2b.tip metric=ms_per_token process=2 run=4 value=10.9380 outlier=false
arm=gemma4_e2b.tip metric=ms_per_token process=2 run=5 value=10.9520 outlier=false
arm=gemma4_e2b.tip metric=ms_per_token process=2 run=6 value=10.9570 outlier=false
arm=gemma4_e2b.tip metric=ms_per_token process=2 run=7 value=10.9740 outlier=false
summary arm=gemma4_e2b.tip metric=ms_per_token n_all=21 median_all=10.9910 cov_all_pct=5.49 min_all=10.8470 max_all=13.8410 | n_kept=20 median_kept=10.9825 mad_kept=0.0590 cov_kept_pct=0.94 min_kept=10.8470 max_kept=11.2340
arm=gemma4_e2b.tip metric=prefill_ms process=0 run=1 value=586.0480 outlier=false
arm=gemma4_e2b.tip metric=prefill_ms process=0 run=2 value=587.0330 outlier=true
arm=gemma4_e2b.tip metric=prefill_ms process=0 run=3 value=585.9670 outlier=false
arm=gemma4_e2b.tip metric=prefill_ms process=0 run=4 value=586.0380 outlier=false
arm=gemma4_e2b.tip metric=prefill_ms process=0 run=5 value=592.9880 outlier=true
arm=gemma4_e2b.tip metric=prefill_ms process=0 run=6 value=586.9880 outlier=true
arm=gemma4_e2b.tip metric=prefill_ms process=0 run=7 value=585.9370 outlier=false
arm=gemma4_e2b.tip metric=prefill_ms process=1 run=1 value=585.9690 outlier=false
arm=gemma4_e2b.tip metric=prefill_ms process=1 run=2 value=590.9700 outlier=true
arm=gemma4_e2b.tip metric=prefill_ms process=1 run=3 value=587.0050 outlier=true
arm=gemma4_e2b.tip metric=prefill_ms process=1 run=4 value=586.0500 outlier=false
arm=gemma4_e2b.tip metric=prefill_ms process=1 run=5 value=585.9570 outlier=false
arm=gemma4_e2b.tip metric=prefill_ms process=1 run=6 value=585.9750 outlier=false
arm=gemma4_e2b.tip metric=prefill_ms process=1 run=7 value=603.9450 outlier=true
arm=gemma4_e2b.tip metric=prefill_ms process=2 run=1 value=586.9570 outlier=true
arm=gemma4_e2b.tip metric=prefill_ms process=2 run=2 value=585.9470 outlier=false
arm=gemma4_e2b.tip metric=prefill_ms process=2 run=3 value=587.0310 outlier=true
arm=gemma4_e2b.tip metric=prefill_ms process=2 run=4 value=587.0110 outlier=true
arm=gemma4_e2b.tip metric=prefill_ms process=2 run=5 value=586.9530 outlier=true
arm=gemma4_e2b.tip metric=prefill_ms process=2 run=6 value=585.9850 outlier=false
arm=gemma4_e2b.tip metric=prefill_ms process=2 run=7 value=586.0040 outlier=false
summary arm=gemma4_e2b.tip metric=prefill_ms n_all=21 median_all=586.0500 cov_all_pct=0.68 min_all=585.9370 max_all=603.9450 | n_kept=11 median_kept=585.9750 mad_kept=0.0280 cov_kept_pct=0.01 min_kept=585.9370 max_kept=586.0500
arm=gemma4_e2b.tip metric=ttft_ms process=0 run=1 value=586.0000 outlier=false
arm=gemma4_e2b.tip metric=ttft_ms process=0 run=2 value=587.0000 outlier=false
arm=gemma4_e2b.tip metric=ttft_ms process=0 run=3 value=586.0000 outlier=false
arm=gemma4_e2b.tip metric=ttft_ms process=0 run=4 value=586.0000 outlier=false
arm=gemma4_e2b.tip metric=ttft_ms process=0 run=5 value=593.0000 outlier=false
arm=gemma4_e2b.tip metric=ttft_ms process=0 run=6 value=587.0000 outlier=false
arm=gemma4_e2b.tip metric=ttft_ms process=0 run=7 value=586.0000 outlier=false
arm=gemma4_e2b.tip metric=ttft_ms process=1 run=1 value=586.0000 outlier=false
arm=gemma4_e2b.tip metric=ttft_ms process=1 run=2 value=591.0000 outlier=false
arm=gemma4_e2b.tip metric=ttft_ms process=1 run=3 value=587.0000 outlier=false
arm=gemma4_e2b.tip metric=ttft_ms process=1 run=4 value=586.0000 outlier=false
arm=gemma4_e2b.tip metric=ttft_ms process=1 run=5 value=586.0000 outlier=false
arm=gemma4_e2b.tip metric=ttft_ms process=1 run=6 value=586.0000 outlier=false
arm=gemma4_e2b.tip metric=ttft_ms process=1 run=7 value=604.0000 outlier=false
arm=gemma4_e2b.tip metric=ttft_ms process=2 run=1 value=587.0000 outlier=false
arm=gemma4_e2b.tip metric=ttft_ms process=2 run=2 value=586.0000 outlier=false
arm=gemma4_e2b.tip metric=ttft_ms process=2 run=3 value=587.0000 outlier=false
arm=gemma4_e2b.tip metric=ttft_ms process=2 run=4 value=587.0000 outlier=false
arm=gemma4_e2b.tip metric=ttft_ms process=2 run=5 value=587.0000 outlier=false
arm=gemma4_e2b.tip metric=ttft_ms process=2 run=6 value=586.0000 outlier=false
arm=gemma4_e2b.tip metric=ttft_ms process=2 run=7 value=586.0000 outlier=false
summary arm=gemma4_e2b.tip metric=ttft_ms n_all=21 median_all=586.0000 cov_all_pct=0.68 min_all=586.0000 max_all=604.0000 | n_kept=21 median_kept=586.0000 mad_kept=0.0000 cov_kept_pct=0.68 min_kept=586.0000 max_kept=604.0000
memory arm=gemma4_e2b.tip metric=peak_rss_bytes process=0 value=3772874752
memory arm=gemma4_e2b.tip metric=peak_rss_bytes process=1 value=3816685568
memory arm=gemma4_e2b.tip metric=peak_rss_bytes process=2 value=3811770368
summary arm=gemma4_e2b.tip metric=peak_rss_bytes n=3 median=3811770368 max=3816685568
memory arm=gemma4_e2b.tip metric=peak_footprint_bytes process=0 value=428469184
memory arm=gemma4_e2b.tip metric=peak_footprint_bytes process=1 value=432614016
memory arm=gemma4_e2b.tip metric=peak_footprint_bytes process=2 value=421112512
summary arm=gemma4_e2b.tip metric=peak_footprint_bytes n=3 median=428469184 max=432614016
memory arm=gemma4_e2b.tip metric=peak_gpu_bytes process=0 value=3621748736
memory arm=gemma4_e2b.tip metric=peak_gpu_bytes process=1 value=3620749312
memory arm=gemma4_e2b.tip metric=peak_gpu_bytes process=2 value=3622256640
summary arm=gemma4_e2b.tip metric=peak_gpu_bytes n=3 median=3621748736 max=3622256640
extra arm=gemma4_e2b.tip process=0 peers_present_at_exit=[]
extra arm=gemma4_e2b.tip process=1 peers_present_at_exit=[]
extra arm=gemma4_e2b.tip process=2 peers_present_at_exit=[]
arm=gemma4_e2b.control metric=ms_per_token process=0 run=1 value=10.9580 outlier=false
arm=gemma4_e2b.control metric=ms_per_token process=0 run=2 value=10.9940 outlier=false
arm=gemma4_e2b.control metric=ms_per_token process=0 run=3 value=11.0490 outlier=false
arm=gemma4_e2b.control metric=ms_per_token process=0 run=4 value=13.4470 outlier=true
arm=gemma4_e2b.control metric=ms_per_token process=0 run=5 value=11.0060 outlier=false
arm=gemma4_e2b.control metric=ms_per_token process=0 run=6 value=10.9760 outlier=false
arm=gemma4_e2b.control metric=ms_per_token process=0 run=7 value=11.6110 outlier=true
arm=gemma4_e2b.control metric=ms_per_token process=1 run=1 value=10.9230 outlier=false
arm=gemma4_e2b.control metric=ms_per_token process=1 run=2 value=10.9500 outlier=false
arm=gemma4_e2b.control metric=ms_per_token process=1 run=3 value=10.9160 outlier=false
arm=gemma4_e2b.control metric=ms_per_token process=1 run=4 value=10.8880 outlier=false
arm=gemma4_e2b.control metric=ms_per_token process=1 run=5 value=10.9590 outlier=false
arm=gemma4_e2b.control metric=ms_per_token process=1 run=6 value=10.9160 outlier=false
arm=gemma4_e2b.control metric=ms_per_token process=1 run=7 value=10.9190 outlier=false
arm=gemma4_e2b.control metric=ms_per_token process=2 run=1 value=10.9390 outlier=false
arm=gemma4_e2b.control metric=ms_per_token process=2 run=2 value=10.9700 outlier=false
arm=gemma4_e2b.control metric=ms_per_token process=2 run=3 value=11.0410 outlier=false
arm=gemma4_e2b.control metric=ms_per_token process=2 run=4 value=10.9300 outlier=false
arm=gemma4_e2b.control metric=ms_per_token process=2 run=5 value=10.9570 outlier=false
arm=gemma4_e2b.control metric=ms_per_token process=2 run=6 value=12.7250 outlier=true
arm=gemma4_e2b.control metric=ms_per_token process=2 run=7 value=10.9330 outlier=false
summary arm=gemma4_e2b.control metric=ms_per_token n_all=21 median_all=10.9580 cov_all_pct=5.73 min_all=10.8880 max_all=13.4470 | n_kept=18 median_kept=10.9535 mad_kept=0.0270 cov_kept_pct=0.39 min_kept=10.8880 max_kept=11.0490
arm=gemma4_e2b.control metric=prefill_ms process=0 run=1 value=601.0450 outlier=true
arm=gemma4_e2b.control metric=prefill_ms process=0 run=2 value=585.9910 outlier=false
arm=gemma4_e2b.control metric=prefill_ms process=0 run=3 value=586.0230 outlier=false
arm=gemma4_e2b.control metric=prefill_ms process=0 run=4 value=586.0290 outlier=false
arm=gemma4_e2b.control metric=prefill_ms process=0 run=5 value=613.9610 outlier=true
arm=gemma4_e2b.control metric=prefill_ms process=0 run=6 value=586.0410 outlier=false
arm=gemma4_e2b.control metric=prefill_ms process=0 run=7 value=587.0250 outlier=true
arm=gemma4_e2b.control metric=prefill_ms process=1 run=1 value=586.9730 outlier=true
arm=gemma4_e2b.control metric=prefill_ms process=1 run=2 value=586.0410 outlier=false
arm=gemma4_e2b.control metric=prefill_ms process=1 run=3 value=586.0290 outlier=false
arm=gemma4_e2b.control metric=prefill_ms process=1 run=4 value=586.0080 outlier=false
arm=gemma4_e2b.control metric=prefill_ms process=1 run=5 value=585.9680 outlier=false
arm=gemma4_e2b.control metric=prefill_ms process=1 run=6 value=586.0630 outlier=false
arm=gemma4_e2b.control metric=prefill_ms process=1 run=7 value=585.9920 outlier=false
arm=gemma4_e2b.control metric=prefill_ms process=2 run=1 value=587.0370 outlier=true
arm=gemma4_e2b.control metric=prefill_ms process=2 run=2 value=586.9960 outlier=true
arm=gemma4_e2b.control metric=prefill_ms process=2 run=3 value=585.9530 outlier=false
arm=gemma4_e2b.control metric=prefill_ms process=2 run=4 value=597.0340 outlier=true
arm=gemma4_e2b.control metric=prefill_ms process=2 run=5 value=585.9600 outlier=false
arm=gemma4_e2b.control metric=prefill_ms process=2 run=6 value=586.0320 outlier=false
arm=gemma4_e2b.control metric=prefill_ms process=2 run=7 value=621.0480 outlier=true
summary arm=gemma4_e2b.control metric=prefill_ms n_all=21 median_all=586.0410 cov_all_pct=1.63 min_all=585.9530 max_all=621.0480 | n_kept=13 median_kept=586.0230 mad_kept=0.0180 cov_kept_pct=0.01 min_kept=585.9530 max_kept=586.0630
arm=gemma4_e2b.control metric=ttft_ms process=0 run=1 value=601.0000 outlier=false
arm=gemma4_e2b.control metric=ttft_ms process=0 run=2 value=586.0000 outlier=false
arm=gemma4_e2b.control metric=ttft_ms process=0 run=3 value=586.0000 outlier=false
arm=gemma4_e2b.control metric=ttft_ms process=0 run=4 value=586.0000 outlier=false
arm=gemma4_e2b.control metric=ttft_ms process=0 run=5 value=614.0000 outlier=false
arm=gemma4_e2b.control metric=ttft_ms process=0 run=6 value=586.0000 outlier=false
arm=gemma4_e2b.control metric=ttft_ms process=0 run=7 value=587.0000 outlier=false
arm=gemma4_e2b.control metric=ttft_ms process=1 run=1 value=587.0000 outlier=false
arm=gemma4_e2b.control metric=ttft_ms process=1 run=2 value=586.0000 outlier=false
arm=gemma4_e2b.control metric=ttft_ms process=1 run=3 value=586.0000 outlier=false
arm=gemma4_e2b.control metric=ttft_ms process=1 run=4 value=586.0000 outlier=false
arm=gemma4_e2b.control metric=ttft_ms process=1 run=5 value=586.0000 outlier=false
arm=gemma4_e2b.control metric=ttft_ms process=1 run=6 value=586.0000 outlier=false
arm=gemma4_e2b.control metric=ttft_ms process=1 run=7 value=586.0000 outlier=false
arm=gemma4_e2b.control metric=ttft_ms process=2 run=1 value=587.0000 outlier=false
arm=gemma4_e2b.control metric=ttft_ms process=2 run=2 value=587.0000 outlier=false
arm=gemma4_e2b.control metric=ttft_ms process=2 run=3 value=586.0000 outlier=false
arm=gemma4_e2b.control metric=ttft_ms process=2 run=4 value=597.0000 outlier=false
arm=gemma4_e2b.control metric=ttft_ms process=2 run=5 value=586.0000 outlier=false
arm=gemma4_e2b.control metric=ttft_ms process=2 run=6 value=586.0000 outlier=false
arm=gemma4_e2b.control metric=ttft_ms process=2 run=7 value=621.0000 outlier=false
summary arm=gemma4_e2b.control metric=ttft_ms n_all=21 median_all=586.0000 cov_all_pct=1.63 min_all=586.0000 max_all=621.0000 | n_kept=21 median_kept=586.0000 mad_kept=0.0000 cov_kept_pct=1.63 min_kept=586.0000 max_kept=621.0000
memory arm=gemma4_e2b.control metric=peak_rss_bytes process=0 value=3810082816
memory arm=gemma4_e2b.control metric=peak_rss_bytes process=1 value=3759849472
memory arm=gemma4_e2b.control metric=peak_rss_bytes process=2 value=3819028480
summary arm=gemma4_e2b.control metric=peak_rss_bytes n=3 median=3810082816 max=3819028480
memory arm=gemma4_e2b.control metric=peak_footprint_bytes process=0 value=434858752
memory arm=gemma4_e2b.control metric=peak_footprint_bytes process=1 value=433220352
memory arm=gemma4_e2b.control metric=peak_footprint_bytes process=2 value=422587072
summary arm=gemma4_e2b.control metric=peak_footprint_bytes n=3 median=433220352 max=434858752
memory arm=gemma4_e2b.control metric=peak_gpu_bytes process=0 value=3621748736
memory arm=gemma4_e2b.control metric=peak_gpu_bytes process=1 value=3622256640
memory arm=gemma4_e2b.control metric=peak_gpu_bytes process=2 value=3622256640
summary arm=gemma4_e2b.control metric=peak_gpu_bytes n=3 median=3622256640 max=3622256640
extra arm=gemma4_e2b.control process=0 peers_present_at_exit=[]
extra arm=gemma4_e2b.control process=1 peers_present_at_exit=[]
extra arm=gemma4_e2b.control process=2 peers_present_at_exit=[]
arm=gemma4_e2b.base metric=ms_per_token process=0 run=1 value=11.1990 outlier=false
arm=gemma4_e2b.base metric=ms_per_token process=0 run=2 value=11.3870 outlier=true
arm=gemma4_e2b.base metric=ms_per_token process=0 run=3 value=11.1570 outlier=false
arm=gemma4_e2b.base metric=ms_per_token process=0 run=4 value=11.1660 outlier=false
arm=gemma4_e2b.base metric=ms_per_token process=0 run=5 value=11.1810 outlier=false
arm=gemma4_e2b.base metric=ms_per_token process=0 run=6 value=11.1250 outlier=false
arm=gemma4_e2b.base metric=ms_per_token process=0 run=7 value=11.1480 outlier=false
arm=gemma4_e2b.base metric=ms_per_token process=1 run=1 value=11.4130 outlier=true
arm=gemma4_e2b.base metric=ms_per_token process=1 run=2 value=11.0850 outlier=false
arm=gemma4_e2b.base metric=ms_per_token process=1 run=3 value=11.0530 outlier=false
arm=gemma4_e2b.base metric=ms_per_token process=1 run=4 value=11.0990 outlier=false
arm=gemma4_e2b.base metric=ms_per_token process=1 run=5 value=11.0510 outlier=false
arm=gemma4_e2b.base metric=ms_per_token process=1 run=6 value=11.0860 outlier=false
arm=gemma4_e2b.base metric=ms_per_token process=1 run=7 value=11.0950 outlier=false
arm=gemma4_e2b.base metric=ms_per_token process=2 run=1 value=11.2120 outlier=false
arm=gemma4_e2b.base metric=ms_per_token process=2 run=2 value=11.1040 outlier=false
arm=gemma4_e2b.base metric=ms_per_token process=2 run=3 value=11.1790 outlier=false
arm=gemma4_e2b.base metric=ms_per_token process=2 run=4 value=11.1450 outlier=false
arm=gemma4_e2b.base metric=ms_per_token process=2 run=5 value=11.1610 outlier=false
arm=gemma4_e2b.base metric=ms_per_token process=2 run=6 value=11.0900 outlier=false
arm=gemma4_e2b.base metric=ms_per_token process=2 run=7 value=11.1380 outlier=false
summary arm=gemma4_e2b.base metric=ms_per_token n_all=21 median_all=11.1450 cov_all_pct=0.81 min_all=11.0510 max_all=11.4130 | n_kept=19 median_kept=11.1380 mad_kept=0.0410 cov_kept_pct=0.42 min_kept=11.0510 max_kept=11.2120
arm=gemma4_e2b.base metric=prefill_ms process=0 run=1 value=592.0130 outlier=false
arm=gemma4_e2b.base metric=prefill_ms process=0 run=2 value=592.0480 outlier=false
arm=gemma4_e2b.base metric=prefill_ms process=0 run=3 value=605.0510 outlier=true
arm=gemma4_e2b.base metric=prefill_ms process=0 run=4 value=591.9790 outlier=false
arm=gemma4_e2b.base metric=prefill_ms process=0 run=5 value=592.0040 outlier=false
arm=gemma4_e2b.base metric=prefill_ms process=0 run=6 value=591.9380 outlier=false
arm=gemma4_e2b.base metric=prefill_ms process=0 run=7 value=592.0610 outlier=false
arm=gemma4_e2b.base metric=prefill_ms process=1 run=1 value=592.9720 outlier=true
arm=gemma4_e2b.base metric=prefill_ms process=1 run=2 value=602.9890 outlier=true
arm=gemma4_e2b.base metric=prefill_ms process=1 run=3 value=591.9430 outlier=false
arm=gemma4_e2b.base metric=prefill_ms process=1 run=4 value=593.0050 outlier=true
arm=gemma4_e2b.base metric=prefill_ms process=1 run=5 value=591.9770 outlier=false
arm=gemma4_e2b.base metric=prefill_ms process=1 run=6 value=593.0200 outlier=true
arm=gemma4_e2b.base metric=prefill_ms process=1 run=7 value=592.0180 outlier=false
arm=gemma4_e2b.base metric=prefill_ms process=2 run=1 value=593.0350 outlier=true
arm=gemma4_e2b.base metric=prefill_ms process=2 run=2 value=592.0620 outlier=false
arm=gemma4_e2b.base metric=prefill_ms process=2 run=3 value=592.0150 outlier=false
arm=gemma4_e2b.base metric=prefill_ms process=2 run=4 value=592.0530 outlier=false
arm=gemma4_e2b.base metric=prefill_ms process=2 run=5 value=593.0440 outlier=true
arm=gemma4_e2b.base metric=prefill_ms process=2 run=6 value=592.0000 outlier=false
arm=gemma4_e2b.base metric=prefill_ms process=2 run=7 value=591.9950 outlier=false
summary arm=gemma4_e2b.base metric=prefill_ms n_all=21 median_all=592.0480 cov_all_pct=0.59 min_all=591.9380 max_all=605.0510 | n_kept=14 median_kept=592.0085 mad_kept=0.0305 cov_kept_pct=0.01 min_kept=591.9380 max_kept=592.0620
arm=gemma4_e2b.base metric=ttft_ms process=0 run=1 value=592.0000 outlier=false
arm=gemma4_e2b.base metric=ttft_ms process=0 run=2 value=592.0000 outlier=false
arm=gemma4_e2b.base metric=ttft_ms process=0 run=3 value=605.0000 outlier=false
arm=gemma4_e2b.base metric=ttft_ms process=0 run=4 value=592.0000 outlier=false
arm=gemma4_e2b.base metric=ttft_ms process=0 run=5 value=592.0000 outlier=false
arm=gemma4_e2b.base metric=ttft_ms process=0 run=6 value=592.0000 outlier=false
arm=gemma4_e2b.base metric=ttft_ms process=0 run=7 value=592.0000 outlier=false
arm=gemma4_e2b.base metric=ttft_ms process=1 run=1 value=593.0000 outlier=false
arm=gemma4_e2b.base metric=ttft_ms process=1 run=2 value=603.0000 outlier=false
arm=gemma4_e2b.base metric=ttft_ms process=1 run=3 value=592.0000 outlier=false
arm=gemma4_e2b.base metric=ttft_ms process=1 run=4 value=593.0000 outlier=false
arm=gemma4_e2b.base metric=ttft_ms process=1 run=5 value=592.0000 outlier=false
arm=gemma4_e2b.base metric=ttft_ms process=1 run=6 value=593.0000 outlier=false
arm=gemma4_e2b.base metric=ttft_ms process=1 run=7 value=592.0000 outlier=false
arm=gemma4_e2b.base metric=ttft_ms process=2 run=1 value=593.0000 outlier=false
arm=gemma4_e2b.base metric=ttft_ms process=2 run=2 value=592.0000 outlier=false
arm=gemma4_e2b.base metric=ttft_ms process=2 run=3 value=592.0000 outlier=false
arm=gemma4_e2b.base metric=ttft_ms process=2 run=4 value=592.0000 outlier=false
arm=gemma4_e2b.base metric=ttft_ms process=2 run=5 value=593.0000 outlier=false
arm=gemma4_e2b.base metric=ttft_ms process=2 run=6 value=592.0000 outlier=false
arm=gemma4_e2b.base metric=ttft_ms process=2 run=7 value=592.0000 outlier=false
summary arm=gemma4_e2b.base metric=ttft_ms n_all=21 median_all=592.0000 cov_all_pct=0.59 min_all=592.0000 max_all=605.0000 | n_kept=21 median_kept=592.0000 mad_kept=0.0000 cov_kept_pct=0.59 min_kept=592.0000 max_kept=605.0000
memory arm=gemma4_e2b.base metric=peak_rss_bytes process=0 value=3767517184
memory arm=gemma4_e2b.base metric=peak_rss_bytes process=1 value=3801284608
memory arm=gemma4_e2b.base metric=peak_rss_bytes process=2 value=3793616896
summary arm=gemma4_e2b.base metric=peak_rss_bytes n=3 median=3793616896 max=3801284608
memory arm=gemma4_e2b.base metric=peak_footprint_bytes process=0 value=430369280
memory arm=gemma4_e2b.base metric=peak_footprint_bytes process=1 value=420113024
memory arm=gemma4_e2b.base metric=peak_footprint_bytes process=2 value=433908224
summary arm=gemma4_e2b.base metric=peak_footprint_bytes n=3 median=430369280 max=433908224
memory arm=gemma4_e2b.base metric=peak_gpu_bytes process=0 value=3621748736
memory arm=gemma4_e2b.base metric=peak_gpu_bytes process=1 value=3620749312
memory arm=gemma4_e2b.base metric=peak_gpu_bytes process=2 value=3622256640
summary arm=gemma4_e2b.base metric=peak_gpu_bytes n=3 median=3621748736 max=3622256640
extra arm=gemma4_e2b.base process=0 peers_present_at_exit=[]
extra arm=gemma4_e2b.base process=1 peers_present_at_exit=[]
extra arm=gemma4_e2b.base process=2 peers_present_at_exit=[]
arm=granite_moe.tip metric=ms_per_token process=0 run=1 value=6.5100 outlier=false
arm=granite_moe.tip metric=ms_per_token process=0 run=2 value=6.5660 outlier=false
arm=granite_moe.tip metric=ms_per_token process=0 run=3 value=6.4870 outlier=false
arm=granite_moe.tip metric=ms_per_token process=0 run=4 value=6.7570 outlier=false
arm=granite_moe.tip metric=ms_per_token process=0 run=5 value=6.5630 outlier=false
arm=granite_moe.tip metric=ms_per_token process=0 run=6 value=6.6470 outlier=false
arm=granite_moe.tip metric=ms_per_token process=0 run=7 value=6.5360 outlier=false
arm=granite_moe.tip metric=ms_per_token process=1 run=1 value=6.4820 outlier=false
arm=granite_moe.tip metric=ms_per_token process=1 run=2 value=6.5030 outlier=false
arm=granite_moe.tip metric=ms_per_token process=1 run=3 value=6.4860 outlier=false
arm=granite_moe.tip metric=ms_per_token process=1 run=4 value=6.4920 outlier=false
arm=granite_moe.tip metric=ms_per_token process=1 run=5 value=6.4940 outlier=false
arm=granite_moe.tip metric=ms_per_token process=1 run=6 value=6.4700 outlier=false
arm=granite_moe.tip metric=ms_per_token process=1 run=7 value=6.6560 outlier=false
arm=granite_moe.tip metric=ms_per_token process=2 run=1 value=6.6410 outlier=false
arm=granite_moe.tip metric=ms_per_token process=2 run=2 value=6.6180 outlier=false
arm=granite_moe.tip metric=ms_per_token process=2 run=3 value=6.6670 outlier=false
arm=granite_moe.tip metric=ms_per_token process=2 run=4 value=6.5340 outlier=false
arm=granite_moe.tip metric=ms_per_token process=2 run=5 value=7.2670 outlier=true
arm=granite_moe.tip metric=ms_per_token process=2 run=6 value=6.6260 outlier=false
arm=granite_moe.tip metric=ms_per_token process=2 run=7 value=6.6460 outlier=false
summary arm=granite_moe.tip metric=ms_per_token n_all=21 median_all=6.5630 cov_all_pct=2.54 min_all=6.4700 max_all=7.2670 | n_kept=20 median_kept=6.5495 mad_kept=0.0655 cov_kept_pct=1.22 min_kept=6.4700 max_kept=6.7570
arm=granite_moe.tip metric=prefill_ms process=0 run=1 value=264.9880 outlier=false
arm=granite_moe.tip metric=prefill_ms process=0 run=2 value=266.0350 outlier=false
arm=granite_moe.tip metric=prefill_ms process=0 run=3 value=266.0000 outlier=false
arm=granite_moe.tip metric=prefill_ms process=0 run=4 value=263.9940 outlier=false
arm=granite_moe.tip metric=prefill_ms process=0 run=5 value=265.9900 outlier=false
arm=granite_moe.tip metric=prefill_ms process=0 run=6 value=266.0630 outlier=false
arm=granite_moe.tip metric=prefill_ms process=0 run=7 value=264.0210 outlier=false
arm=granite_moe.tip metric=prefill_ms process=1 run=1 value=266.9960 outlier=false
arm=granite_moe.tip metric=prefill_ms process=1 run=2 value=267.0180 outlier=false
arm=granite_moe.tip metric=prefill_ms process=1 run=3 value=267.9520 outlier=false
arm=granite_moe.tip metric=prefill_ms process=1 run=4 value=264.9950 outlier=false
arm=granite_moe.tip metric=prefill_ms process=1 run=5 value=265.9460 outlier=false
arm=granite_moe.tip metric=prefill_ms process=1 run=6 value=264.9710 outlier=false
arm=granite_moe.tip metric=prefill_ms process=1 run=7 value=265.9810 outlier=false
arm=granite_moe.tip metric=prefill_ms process=2 run=1 value=265.0410 outlier=false
arm=granite_moe.tip metric=prefill_ms process=2 run=2 value=264.0160 outlier=false
arm=granite_moe.tip metric=prefill_ms process=2 run=3 value=264.9720 outlier=false
arm=granite_moe.tip metric=prefill_ms process=2 run=4 value=265.9530 outlier=false
arm=granite_moe.tip metric=prefill_ms process=2 run=5 value=265.0620 outlier=false
arm=granite_moe.tip metric=prefill_ms process=2 run=6 value=277.0230 outlier=true
arm=granite_moe.tip metric=prefill_ms process=2 run=7 value=264.9960 outlier=false
summary arm=granite_moe.tip metric=prefill_ms n_all=21 median_all=265.9460 cov_all_pct=0.99 min_all=263.9940 max_all=277.0230 | n_kept=20 median_kept=265.5040 mad_kept=0.5235 cov_kept_pct=0.38 min_kept=263.9940 max_kept=267.9520
arm=granite_moe.tip metric=ttft_ms process=0 run=1 value=265.0000 outlier=false
arm=granite_moe.tip metric=ttft_ms process=0 run=2 value=266.0000 outlier=false
arm=granite_moe.tip metric=ttft_ms process=0 run=3 value=266.0000 outlier=false
arm=granite_moe.tip metric=ttft_ms process=0 run=4 value=264.0000 outlier=false
arm=granite_moe.tip metric=ttft_ms process=0 run=5 value=266.0000 outlier=false
arm=granite_moe.tip metric=ttft_ms process=0 run=6 value=266.0000 outlier=false
arm=granite_moe.tip metric=ttft_ms process=0 run=7 value=264.0000 outlier=false
arm=granite_moe.tip metric=ttft_ms process=1 run=1 value=267.0000 outlier=false
arm=granite_moe.tip metric=ttft_ms process=1 run=2 value=267.0000 outlier=false
arm=granite_moe.tip metric=ttft_ms process=1 run=3 value=268.0000 outlier=false
arm=granite_moe.tip metric=ttft_ms process=1 run=4 value=265.0000 outlier=false
arm=granite_moe.tip metric=ttft_ms process=1 run=5 value=266.0000 outlier=false
arm=granite_moe.tip metric=ttft_ms process=1 run=6 value=265.0000 outlier=false
arm=granite_moe.tip metric=ttft_ms process=1 run=7 value=266.0000 outlier=false
arm=granite_moe.tip metric=ttft_ms process=2 run=1 value=265.0000 outlier=false
arm=granite_moe.tip metric=ttft_ms process=2 run=2 value=264.0000 outlier=false
arm=granite_moe.tip metric=ttft_ms process=2 run=3 value=265.0000 outlier=false
arm=granite_moe.tip metric=ttft_ms process=2 run=4 value=266.0000 outlier=false
arm=granite_moe.tip metric=ttft_ms process=2 run=5 value=265.0000 outlier=false
arm=granite_moe.tip metric=ttft_ms process=2 run=6 value=277.0000 outlier=true
arm=granite_moe.tip metric=ttft_ms process=2 run=7 value=265.0000 outlier=false
summary arm=granite_moe.tip metric=ttft_ms n_all=21 median_all=266.0000 cov_all_pct=0.99 min_all=264.0000 max_all=277.0000 | n_kept=20 median_kept=265.5000 mad_kept=0.5000 cov_kept_pct=0.39 min_kept=264.0000 max_kept=268.0000
memory arm=granite_moe.tip metric=peak_rss_bytes process=0 value=2217263104
memory arm=granite_moe.tip metric=peak_rss_bytes process=1 value=1991753728
memory arm=granite_moe.tip metric=peak_rss_bytes process=2 value=2114584576
summary arm=granite_moe.tip metric=peak_rss_bytes n=3 median=2114584576 max=2217263104
memory arm=granite_moe.tip metric=peak_footprint_bytes process=0 value=365959296
memory arm=granite_moe.tip metric=peak_footprint_bytes process=1 value=370955968
memory arm=granite_moe.tip metric=peak_footprint_bytes process=2 value=369547008
summary arm=granite_moe.tip metric=peak_footprint_bytes n=3 median=369547008 max=370955968
memory arm=granite_moe.tip metric=peak_gpu_bytes process=0 value=1728069632
memory arm=granite_moe.tip metric=peak_gpu_bytes process=1 value=1728069632
memory arm=granite_moe.tip metric=peak_gpu_bytes process=2 value=1728069632
summary arm=granite_moe.tip metric=peak_gpu_bytes n=3 median=1728069632 max=1728069632
extra arm=granite_moe.tip process=0 peers_present_at_exit=[]
extra arm=granite_moe.tip process=1 peers_present_at_exit=[]
extra arm=granite_moe.tip process=2 peers_present_at_exit=[]
arm=granite_moe.control metric=ms_per_token process=0 run=1 value=6.4590 outlier=false
arm=granite_moe.control metric=ms_per_token process=0 run=2 value=6.4960 outlier=false
arm=granite_moe.control metric=ms_per_token process=0 run=3 value=6.4840 outlier=false
arm=granite_moe.control metric=ms_per_token process=0 run=4 value=6.4990 outlier=false
arm=granite_moe.control metric=ms_per_token process=0 run=5 value=6.4590 outlier=false
arm=granite_moe.control metric=ms_per_token process=0 run=6 value=6.5090 outlier=false
arm=granite_moe.control metric=ms_per_token process=0 run=7 value=6.4680 outlier=false
arm=granite_moe.control metric=ms_per_token process=1 run=1 value=6.5610 outlier=false
arm=granite_moe.control metric=ms_per_token process=1 run=2 value=6.5200 outlier=false
arm=granite_moe.control metric=ms_per_token process=1 run=3 value=6.5980 outlier=false
arm=granite_moe.control metric=ms_per_token process=1 run=4 value=6.5440 outlier=false
arm=granite_moe.control metric=ms_per_token process=1 run=5 value=6.5410 outlier=false
arm=granite_moe.control metric=ms_per_token process=1 run=6 value=6.5340 outlier=false
arm=granite_moe.control metric=ms_per_token process=1 run=7 value=6.5910 outlier=false
arm=granite_moe.control metric=ms_per_token process=2 run=1 value=6.6140 outlier=false
arm=granite_moe.control metric=ms_per_token process=2 run=2 value=6.5750 outlier=false
arm=granite_moe.control metric=ms_per_token process=2 run=3 value=6.5420 outlier=false
arm=granite_moe.control metric=ms_per_token process=2 run=4 value=6.6090 outlier=false
arm=granite_moe.control metric=ms_per_token process=2 run=5 value=6.5200 outlier=false
arm=granite_moe.control metric=ms_per_token process=2 run=6 value=6.5570 outlier=false
arm=granite_moe.control metric=ms_per_token process=2 run=7 value=6.6390 outlier=false
summary arm=granite_moe.control metric=ms_per_token n_all=21 median_all=6.5410 cov_all_pct=0.78 min_all=6.4590 max_all=6.6390 | n_kept=21 median_kept=6.5410 mad_kept=0.0420 cov_kept_pct=0.78 min_kept=6.4590 max_kept=6.6390
arm=granite_moe.control metric=prefill_ms process=0 run=1 value=267.0270 outlier=false
arm=granite_moe.control metric=prefill_ms process=0 run=2 value=265.0010 outlier=false
arm=granite_moe.control metric=prefill_ms process=0 run=3 value=267.0610 outlier=false
arm=granite_moe.control metric=prefill_ms process=0 run=4 value=265.9520 outlier=false
arm=granite_moe.control metric=prefill_ms process=0 run=5 value=267.9610 outlier=false
arm=granite_moe.control metric=prefill_ms process=0 run=6 value=264.9450 outlier=false
arm=granite_moe.control metric=prefill_ms process=0 run=7 value=264.9770 outlier=false
arm=granite_moe.control metric=prefill_ms process=1 run=1 value=266.0600 outlier=false
arm=granite_moe.control metric=prefill_ms process=1 run=2 value=265.0290 outlier=false
arm=granite_moe.control metric=prefill_ms process=1 run=3 value=263.9920 outlier=false
arm=granite_moe.control metric=prefill_ms process=1 run=4 value=263.9440 outlier=false
arm=granite_moe.control metric=prefill_ms process=1 run=5 value=264.9670 outlier=false
arm=granite_moe.control metric=prefill_ms process=1 run=6 value=265.9660 outlier=false
arm=granite_moe.control metric=prefill_ms process=1 run=7 value=265.9930 outlier=false
arm=granite_moe.control metric=prefill_ms process=2 run=1 value=264.0560 outlier=false
arm=granite_moe.control metric=prefill_ms process=2 run=2 value=266.0010 outlier=false
arm=granite_moe.control metric=prefill_ms process=2 run=3 value=265.9720 outlier=false
arm=granite_moe.control metric=prefill_ms process=2 run=4 value=265.9480 outlier=false
arm=granite_moe.control metric=prefill_ms process=2 run=5 value=265.9500 outlier=false
arm=granite_moe.control metric=prefill_ms process=2 run=6 value=266.0540 outlier=false
arm=granite_moe.control metric=prefill_ms process=2 run=7 value=265.9530 outlier=false
summary arm=granite_moe.control metric=prefill_ms n_all=21 median_all=265.9520 cov_all_pct=0.37 min_all=263.9440 max_all=267.9610 | n_kept=21 median_kept=265.9520 mad_kept=0.9230 cov_kept_pct=0.37 min_kept=263.9440 max_kept=267.9610
arm=granite_moe.control metric=ttft_ms process=0 run=1 value=267.0000 outlier=false
arm=granite_moe.control metric=ttft_ms process=0 run=2 value=265.0000 outlier=false
arm=granite_moe.control metric=ttft_ms process=0 run=3 value=267.0000 outlier=false
arm=granite_moe.control metric=ttft_ms process=0 run=4 value=266.0000 outlier=false
arm=granite_moe.control metric=ttft_ms process=0 run=5 value=268.0000 outlier=false
arm=granite_moe.control metric=ttft_ms process=0 run=6 value=265.0000 outlier=false
arm=granite_moe.control metric=ttft_ms process=0 run=7 value=265.0000 outlier=false
arm=granite_moe.control metric=ttft_ms process=1 run=1 value=266.0000 outlier=false
arm=granite_moe.control metric=ttft_ms process=1 run=2 value=265.0000 outlier=false
arm=granite_moe.control metric=ttft_ms process=1 run=3 value=264.0000 outlier=false
arm=granite_moe.control metric=ttft_ms process=1 run=4 value=264.0000 outlier=false
arm=granite_moe.control metric=ttft_ms process=1 run=5 value=265.0000 outlier=false
arm=granite_moe.control metric=ttft_ms process=1 run=6 value=266.0000 outlier=false
arm=granite_moe.control metric=ttft_ms process=1 run=7 value=266.0000 outlier=false
arm=granite_moe.control metric=ttft_ms process=2 run=1 value=264.0000 outlier=false
arm=granite_moe.control metric=ttft_ms process=2 run=2 value=266.0000 outlier=false
arm=granite_moe.control metric=ttft_ms process=2 run=3 value=266.0000 outlier=false
arm=granite_moe.control metric=ttft_ms process=2 run=4 value=266.0000 outlier=false
arm=granite_moe.control metric=ttft_ms process=2 run=5 value=266.0000 outlier=false
arm=granite_moe.control metric=ttft_ms process=2 run=6 value=266.0000 outlier=false
arm=granite_moe.control metric=ttft_ms process=2 run=7 value=266.0000 outlier=false
summary arm=granite_moe.control metric=ttft_ms n_all=21 median_all=266.0000 cov_all_pct=0.37 min_all=264.0000 max_all=268.0000 | n_kept=21 median_kept=266.0000 mad_kept=1.0000 cov_kept_pct=0.37 min_kept=264.0000 max_kept=268.0000
memory arm=granite_moe.control metric=peak_rss_bytes process=0 value=1993080832
memory arm=granite_moe.control metric=peak_rss_bytes process=1 value=2013347840
memory arm=granite_moe.control metric=peak_rss_bytes process=2 value=1958461440
summary arm=granite_moe.control metric=peak_rss_bytes n=3 median=1993080832 max=2013347840
memory arm=granite_moe.control metric=peak_footprint_bytes process=0 value=366581312
memory arm=granite_moe.control metric=peak_footprint_bytes process=1 value=368694848
memory arm=granite_moe.control metric=peak_footprint_bytes process=2 value=366253504
summary arm=granite_moe.control metric=peak_footprint_bytes n=3 median=366581312 max=368694848
memory arm=granite_moe.control metric=peak_gpu_bytes process=0 value=1728069632
memory arm=granite_moe.control metric=peak_gpu_bytes process=1 value=1728200704
memory arm=granite_moe.control metric=peak_gpu_bytes process=2 value=1728069632
summary arm=granite_moe.control metric=peak_gpu_bytes n=3 median=1728069632 max=1728200704
extra arm=granite_moe.control process=0 peers_present_at_exit=[]
extra arm=granite_moe.control process=1 peers_present_at_exit=[]
extra arm=granite_moe.control process=2 peers_present_at_exit=[]
arm=granite_moe.base metric=ms_per_token process=0 run=1 value=6.4900 outlier=false
arm=granite_moe.base metric=ms_per_token process=0 run=2 value=6.4800 outlier=false
arm=granite_moe.base metric=ms_per_token process=0 run=3 value=6.5310 outlier=false
arm=granite_moe.base metric=ms_per_token process=0 run=4 value=6.4890 outlier=false
arm=granite_moe.base metric=ms_per_token process=0 run=5 value=6.5340 outlier=false
arm=granite_moe.base metric=ms_per_token process=0 run=6 value=7.2250 outlier=true
arm=granite_moe.base metric=ms_per_token process=0 run=7 value=6.4620 outlier=false
arm=granite_moe.base metric=ms_per_token process=1 run=1 value=6.5220 outlier=false
arm=granite_moe.base metric=ms_per_token process=1 run=2 value=6.6150 outlier=false
arm=granite_moe.base metric=ms_per_token process=1 run=3 value=6.4970 outlier=false
arm=granite_moe.base metric=ms_per_token process=1 run=4 value=6.5130 outlier=false
arm=granite_moe.base metric=ms_per_token process=1 run=5 value=6.5260 outlier=false
arm=granite_moe.base metric=ms_per_token process=1 run=6 value=6.5500 outlier=false
arm=granite_moe.base metric=ms_per_token process=1 run=7 value=6.4420 outlier=false
arm=granite_moe.base metric=ms_per_token process=2 run=1 value=6.4960 outlier=false
arm=granite_moe.base metric=ms_per_token process=2 run=2 value=6.6570 outlier=false
arm=granite_moe.base metric=ms_per_token process=2 run=3 value=6.5870 outlier=false
arm=granite_moe.base metric=ms_per_token process=2 run=4 value=6.5090 outlier=false
arm=granite_moe.base metric=ms_per_token process=2 run=5 value=6.5950 outlier=false
arm=granite_moe.base metric=ms_per_token process=2 run=6 value=6.5330 outlier=false
arm=granite_moe.base metric=ms_per_token process=2 run=7 value=6.7250 outlier=true
summary arm=granite_moe.base metric=ms_per_token n_all=21 median_all=6.5260 cov_all_pct=2.44 min_all=6.4420 max_all=7.2250 | n_kept=19 median_kept=6.5220 mad_kept=0.0280 cov_kept_pct=0.80 min_kept=6.4420 max_kept=6.6570
arm=granite_moe.base metric=prefill_ms process=0 run=1 value=265.9620 outlier=false
arm=granite_moe.base metric=prefill_ms process=0 run=2 value=266.0490 outlier=false
arm=granite_moe.base metric=prefill_ms process=0 run=3 value=266.0190 outlier=false
arm=granite_moe.base metric=prefill_ms process=0 run=4 value=265.0160 outlier=false
arm=granite_moe.base metric=prefill_ms process=0 run=5 value=266.0600 outlier=false
arm=granite_moe.base metric=prefill_ms process=0 run=6 value=263.9530 outlier=false
arm=granite_moe.base metric=prefill_ms process=0 run=7 value=278.9850 outlier=true
arm=granite_moe.base metric=prefill_ms process=1 run=1 value=265.0500 outlier=false
arm=granite_moe.base metric=prefill_ms process=1 run=2 value=267.0450 outlier=false
arm=granite_moe.base metric=prefill_ms process=1 run=3 value=266.0470 outlier=false
arm=granite_moe.base metric=prefill_ms process=1 run=4 value=264.0500 outlier=false
arm=granite_moe.base metric=prefill_ms process=1 run=5 value=263.9610 outlier=false
arm=granite_moe.base metric=prefill_ms process=1 run=6 value=265.0400 outlier=false
arm=granite_moe.base metric=prefill_ms process=1 run=7 value=265.0590 outlier=false
arm=granite_moe.base metric=prefill_ms process=2 run=1 value=265.0100 outlier=false
arm=granite_moe.base metric=prefill_ms process=2 run=2 value=265.0020 outlier=false
arm=granite_moe.base metric=prefill_ms process=2 run=3 value=265.9680 outlier=false
arm=granite_moe.base metric=prefill_ms process=2 run=4 value=266.0450 outlier=false
arm=granite_moe.base metric=prefill_ms process=2 run=5 value=265.0250 outlier=false
arm=granite_moe.base metric=prefill_ms process=2 run=6 value=264.9790 outlier=false
arm=granite_moe.base metric=prefill_ms process=2 run=7 value=264.0200 outlier=false
summary arm=granite_moe.base metric=prefill_ms n_all=21 median_all=265.0500 cov_all_pct=1.14 min_all=263.9530 max_all=278.9850 | n_kept=20 median_kept=265.0450 mad_kept=0.9485 cov_kept_pct=0.32 min_kept=263.9530 max_kept=267.0450
arm=granite_moe.base metric=ttft_ms process=0 run=1 value=266.0000 outlier=false
arm=granite_moe.base metric=ttft_ms process=0 run=2 value=266.0000 outlier=false
arm=granite_moe.base metric=ttft_ms process=0 run=3 value=266.0000 outlier=false
arm=granite_moe.base metric=ttft_ms process=0 run=4 value=265.0000 outlier=false
arm=granite_moe.base metric=ttft_ms process=0 run=5 value=266.0000 outlier=false
arm=granite_moe.base metric=ttft_ms process=0 run=6 value=264.0000 outlier=false
arm=granite_moe.base metric=ttft_ms process=0 run=7 value=279.0000 outlier=true
arm=granite_moe.base metric=ttft_ms process=1 run=1 value=265.0000 outlier=false
arm=granite_moe.base metric=ttft_ms process=1 run=2 value=267.0000 outlier=false
arm=granite_moe.base metric=ttft_ms process=1 run=3 value=266.0000 outlier=false
arm=granite_moe.base metric=ttft_ms process=1 run=4 value=264.0000 outlier=false
arm=granite_moe.base metric=ttft_ms process=1 run=5 value=264.0000 outlier=false
arm=granite_moe.base metric=ttft_ms process=1 run=6 value=265.0000 outlier=false
arm=granite_moe.base metric=ttft_ms process=1 run=7 value=265.0000 outlier=false
arm=granite_moe.base metric=ttft_ms process=2 run=1 value=265.0000 outlier=false
arm=granite_moe.base metric=ttft_ms process=2 run=2 value=265.0000 outlier=false
arm=granite_moe.base metric=ttft_ms process=2 run=3 value=266.0000 outlier=false
arm=granite_moe.base metric=ttft_ms process=2 run=4 value=266.0000 outlier=false
arm=granite_moe.base metric=ttft_ms process=2 run=5 value=265.0000 outlier=false
arm=granite_moe.base metric=ttft_ms process=2 run=6 value=265.0000 outlier=false
arm=granite_moe.base metric=ttft_ms process=2 run=7 value=264.0000 outlier=false
summary arm=granite_moe.base metric=ttft_ms n_all=21 median_all=265.0000 cov_all_pct=1.14 min_all=264.0000 max_all=279.0000 | n_kept=20 median_kept=265.0000 mad_kept=1.0000 cov_kept_pct=0.31 min_kept=264.0000 max_kept=267.0000
memory arm=granite_moe.base metric=peak_rss_bytes process=0 value=2111143936
memory arm=granite_moe.base metric=peak_rss_bytes process=1 value=1995259904
memory arm=granite_moe.base metric=peak_rss_bytes process=2 value=1991016448
summary arm=granite_moe.base metric=peak_rss_bytes n=3 median=1995259904 max=2111143936
memory arm=granite_moe.base metric=peak_footprint_bytes process=0 value=371087168
memory arm=granite_moe.base metric=peak_footprint_bytes process=1 value=370201984
memory arm=granite_moe.base metric=peak_footprint_bytes process=2 value=370103872
summary arm=granite_moe.base metric=peak_footprint_bytes n=3 median=370201984 max=371087168
memory arm=granite_moe.base metric=peak_gpu_bytes process=0 value=1728069632
memory arm=granite_moe.base metric=peak_gpu_bytes process=1 value=1728200704
memory arm=granite_moe.base metric=peak_gpu_bytes process=2 value=1728069632
summary arm=granite_moe.base metric=peak_gpu_bytes n=3 median=1728069632 max=1728200704
extra arm=granite_moe.base process=0 peers_present_at_exit=[]
extra arm=granite_moe.base process=1 peers_present_at_exit=[]
extra arm=granite_moe.base process=2 peers_present_at_exit=[]
bound metric=ms_per_token arm=gemma4_e2b.control vs=gemma4_e2b.tip arm_median=10.9535 reference_median=10.9825 delta=-0.0290 limit=0.2197 within=true
bound metric=prefill_ms arm=gemma4_e2b.control vs=gemma4_e2b.tip arm_median=586.0230 reference_median=585.9750 delta=0.0480 limit=11.7195 within=true
bound metric=ttft_ms arm=gemma4_e2b.control vs=gemma4_e2b.tip arm_median=586.0000 reference_median=586.0000 delta=0.0000 limit=11.7200 within=true
bound metric=peak_rss_bytes arm=gemma4_e2b.control vs=gemma4_e2b.tip arm_median=3810082816 reference_median=3811770368 delta=-1687552 limit=76235407 within=true
bound metric=peak_footprint_bytes arm=gemma4_e2b.control vs=gemma4_e2b.tip arm_median=433220352 reference_median=428469184 delta=4751168 limit=8569384 within=true
bound metric=peak_gpu_bytes arm=gemma4_e2b.control vs=gemma4_e2b.tip arm_median=3622256640 reference_median=3621748736 delta=507904 limit=72434975 within=true
bound metric=ms_per_token arm=gemma4_e2b.base vs=gemma4_e2b.tip arm_median=11.1380 reference_median=10.9825 delta=0.1555 limit=0.2197 within=true
bound metric=prefill_ms arm=gemma4_e2b.base vs=gemma4_e2b.tip arm_median=592.0085 reference_median=585.9750 delta=6.0335 limit=11.7195 within=true
bound metric=ttft_ms arm=gemma4_e2b.base vs=gemma4_e2b.tip arm_median=592.0000 reference_median=586.0000 delta=6.0000 limit=11.7200 within=true
bound metric=peak_rss_bytes arm=gemma4_e2b.base vs=gemma4_e2b.tip arm_median=3793616896 reference_median=3811770368 delta=-18153472 limit=76235407 within=true
bound metric=peak_footprint_bytes arm=gemma4_e2b.base vs=gemma4_e2b.tip arm_median=430369280 reference_median=428469184 delta=1900096 limit=8569384 within=true
bound metric=peak_gpu_bytes arm=gemma4_e2b.base vs=gemma4_e2b.tip arm_median=3621748736 reference_median=3621748736 delta=0 limit=72434975 within=true
bound metric=ms_per_token arm=gemma4_e2b.base vs=gemma4_e2b.control arm_median=11.1380 reference_median=10.9535 delta=0.1845 limit=0.2191 within=true
bound metric=prefill_ms arm=gemma4_e2b.base vs=gemma4_e2b.control arm_median=592.0085 reference_median=586.0230 delta=5.9855 limit=11.7205 within=true
bound metric=ttft_ms arm=gemma4_e2b.base vs=gemma4_e2b.control arm_median=592.0000 reference_median=586.0000 delta=6.0000 limit=11.7200 within=true
bound metric=peak_rss_bytes arm=gemma4_e2b.base vs=gemma4_e2b.control arm_median=3793616896 reference_median=3810082816 delta=-16465920 limit=76201656 within=true
bound metric=peak_footprint_bytes arm=gemma4_e2b.base vs=gemma4_e2b.control arm_median=430369280 reference_median=433220352 delta=-2851072 limit=8664407 within=true
bound metric=peak_gpu_bytes arm=gemma4_e2b.base vs=gemma4_e2b.control arm_median=3621748736 reference_median=3622256640 delta=-507904 limit=72445133 within=true
bound metric=ms_per_token arm=granite_moe.control vs=granite_moe.tip arm_median=6.5410 reference_median=6.5495 delta=-0.0085 limit=0.1310 within=true
bound metric=prefill_ms arm=granite_moe.control vs=granite_moe.tip arm_median=265.9520 reference_median=265.5040 delta=0.4480 limit=5.3101 within=true
bound metric=ttft_ms arm=granite_moe.control vs=granite_moe.tip arm_median=266.0000 reference_median=265.5000 delta=0.5000 limit=5.3100 within=true
bound metric=peak_rss_bytes arm=granite_moe.control vs=granite_moe.tip arm_median=1993080832 reference_median=2114584576 delta=-121503744 limit=42291692 within=true
bound metric=peak_footprint_bytes arm=granite_moe.control vs=granite_moe.tip arm_median=366581312 reference_median=369547008 delta=-2965696 limit=7390940 within=true
bound metric=peak_gpu_bytes arm=granite_moe.control vs=granite_moe.tip arm_median=1728069632 reference_median=1728069632 delta=0 limit=34561393 within=true
bound metric=ms_per_token arm=granite_moe.base vs=granite_moe.tip arm_median=6.5220 reference_median=6.5495 delta=-0.0275 limit=0.1310 within=true
bound metric=prefill_ms arm=granite_moe.base vs=granite_moe.tip arm_median=265.0450 reference_median=265.5040 delta=-0.4590 limit=5.3101 within=true
bound metric=ttft_ms arm=granite_moe.base vs=granite_moe.tip arm_median=265.0000 reference_median=265.5000 delta=-0.5000 limit=5.3100 within=true
bound metric=peak_rss_bytes arm=granite_moe.base vs=granite_moe.tip arm_median=1995259904 reference_median=2114584576 delta=-119324672 limit=42291692 within=true
bound metric=peak_footprint_bytes arm=granite_moe.base vs=granite_moe.tip arm_median=370201984 reference_median=369547008 delta=654976 limit=7390940 within=true
bound metric=peak_gpu_bytes arm=granite_moe.base vs=granite_moe.tip arm_median=1728069632 reference_median=1728069632 delta=0 limit=34561393 within=true
bound metric=ms_per_token arm=granite_moe.base vs=granite_moe.control arm_median=6.5220 reference_median=6.5410 delta=-0.0190 limit=0.1308 within=true
bound metric=prefill_ms arm=granite_moe.base vs=granite_moe.control arm_median=265.0450 reference_median=265.9520 delta=-0.9070 limit=5.3190 within=true
bound metric=ttft_ms arm=granite_moe.base vs=granite_moe.control arm_median=265.0000 reference_median=266.0000 delta=-1.0000 limit=5.3200 within=true
bound metric=peak_rss_bytes arm=granite_moe.base vs=granite_moe.control arm_median=1995259904 reference_median=1993080832 delta=2179072 limit=39861617 within=true
bound metric=peak_footprint_bytes arm=granite_moe.base vs=granite_moe.control arm_median=370201984 reference_median=366581312 delta=3620672 limit=7331626 within=true
bound metric=peak_gpu_bytes arm=granite_moe.base vs=granite_moe.control arm_median=1728069632 reference_median=1728069632 delta=0 limit=34561393 within=true
