raw arm=base process=0 run=0 ms_per_token=12.8010
raw arm=base process=0 run=1 ms_per_token=13.6730
raw arm=base process=0 run=2 ms_per_token=12.8480
raw arm=base process=0 run=3 ms_per_token=13.8130
raw arm=base process=0 run=4 ms_per_token=13.5900
raw arm=base process=0 run=5 ms_per_token=13.4350
raw arm=base process=0 run=6 ms_per_token=13.9760
raw arm=base process=0 run=7 ms_per_token=13.3650
raw arm=probe process=0 run=0 ms_per_token=13.7120
raw arm=probe process=0 run=1 ms_per_token=13.4470
raw arm=probe process=0 run=2 ms_per_token=14.7550
raw arm=probe process=0 run=3 ms_per_token=13.2860
raw arm=probe process=0 run=4 ms_per_token=13.2650
raw arm=probe process=0 run=5 ms_per_token=14.0510
raw arm=probe process=0 run=6 ms_per_token=13.3380
raw arm=probe process=0 run=7 ms_per_token=13.3880
raw arm=probe process=1 run=0 ms_per_token=14.0860
raw arm=probe process=1 run=1 ms_per_token=14.3140
raw arm=probe process=1 run=2 ms_per_token=13.1400
raw arm=probe process=1 run=3 ms_per_token=13.5250
raw arm=probe process=1 run=4 ms_per_token=13.5750
raw arm=probe process=1 run=5 ms_per_token=14.1900
raw arm=probe process=1 run=6 ms_per_token=13.4190
raw arm=probe process=1 run=7 ms_per_token=13.3300
raw arm=base process=1 run=0 ms_per_token=13.1530
raw arm=base process=1 run=1 ms_per_token=12.2080
raw arm=base process=1 run=2 ms_per_token=13.1680
raw arm=base process=1 run=3 ms_per_token=13.0830
raw arm=base process=1 run=4 ms_per_token=13.4620
raw arm=base process=1 run=5 ms_per_token=13.5840
raw arm=base process=1 run=6 ms_per_token=12.8450
raw arm=base process=1 run=7 ms_per_token=14.8000
arm=base metric=ms_per_token process=0 run=1 value=13.6730 outlier=false
arm=base metric=ms_per_token process=0 run=2 value=12.8480 outlier=false
arm=base metric=ms_per_token process=0 run=3 value=13.8130 outlier=false
arm=base metric=ms_per_token process=0 run=4 value=13.5900 outlier=false
arm=base metric=ms_per_token process=0 run=5 value=13.4350 outlier=false
arm=base metric=ms_per_token process=0 run=6 value=13.9760 outlier=false
arm=base metric=ms_per_token process=0 run=7 value=13.3650 outlier=false
arm=base metric=ms_per_token process=1 run=1 value=12.2080 outlier=false
arm=base metric=ms_per_token process=1 run=2 value=13.1680 outlier=false
arm=base metric=ms_per_token process=1 run=3 value=13.0830 outlier=false
arm=base metric=ms_per_token process=1 run=4 value=13.4620 outlier=false
arm=base metric=ms_per_token process=1 run=5 value=13.5840 outlier=false
arm=base metric=ms_per_token process=1 run=6 value=12.8450 outlier=false
arm=base metric=ms_per_token process=1 run=7 value=14.8000 outlier=false
summary arm=base metric=ms_per_token n_all=14 median_all=13.4485 cov_all_pct=4.36 min_all=12.2080 max_all=14.8000 | n_kept=14 median_kept=13.4485 mad_kept=0.3225 cov_kept_pct=4.36 min_kept=12.2080 max_kept=14.8000
arm=base metric=prefill_ms process=0 run=1 value=2540.0510 outlier=false
arm=base metric=prefill_ms process=0 run=2 value=2529.9750 outlier=false
arm=base metric=prefill_ms process=0 run=3 value=2530.9490 outlier=false
arm=base metric=prefill_ms process=0 run=4 value=2536.9970 outlier=false
arm=base metric=prefill_ms process=0 run=5 value=2531.9750 outlier=false
arm=base metric=prefill_ms process=0 run=6 value=2533.0390 outlier=false
arm=base metric=prefill_ms process=0 run=7 value=2545.0310 outlier=false
arm=base metric=prefill_ms process=1 run=1 value=2539.9990 outlier=false
arm=base metric=prefill_ms process=1 run=2 value=2519.0120 outlier=false
arm=base metric=prefill_ms process=1 run=3 value=2540.9810 outlier=false
arm=base metric=prefill_ms process=1 run=4 value=2532.0230 outlier=false
arm=base metric=prefill_ms process=1 run=5 value=2536.0260 outlier=false
arm=base metric=prefill_ms process=1 run=6 value=2548.0320 outlier=false
arm=base metric=prefill_ms process=1 run=7 value=2683.9400 outlier=true
summary arm=base metric=prefill_ms n_all=14 median_all=2536.5115 cov_all_pct=1.52 min_all=2519.0120 max_all=2683.9400 | n_kept=13 median_kept=2536.0260 mad_kept=4.0510 cov_kept_pct=0.28 min_kept=2519.0120 max_kept=2548.0320
memory arm=base metric=peak_rss_bytes process=0 value=3947020288
memory arm=base metric=peak_rss_bytes process=1 value=3959586816
summary arm=base metric=peak_rss_bytes n=2 median=3953303552 max=3959586816
memory arm=base metric=peak_footprint_bytes process=0 value=713092352
memory arm=base metric=peak_footprint_bytes process=1 value=716582144
summary arm=base metric=peak_footprint_bytes n=2 median=714837248 max=716582144
extra arm=base process=0 peers_present_at_exit=[]
extra arm=base process=1 peers_present_at_exit=[]
arm=probe metric=ms_per_token process=0 run=1 value=13.4470 outlier=false
arm=probe metric=ms_per_token process=0 run=2 value=14.7550 outlier=true
arm=probe metric=ms_per_token process=0 run=3 value=13.2860 outlier=false
arm=probe metric=ms_per_token process=0 run=4 value=13.2650 outlier=false
arm=probe metric=ms_per_token process=0 run=5 value=14.0510 outlier=false
arm=probe metric=ms_per_token process=0 run=6 value=13.3380 outlier=false
arm=probe metric=ms_per_token process=0 run=7 value=13.3880 outlier=false
arm=probe metric=ms_per_token process=1 run=1 value=14.3140 outlier=true
arm=probe metric=ms_per_token process=1 run=2 value=13.1400 outlier=false
arm=probe metric=ms_per_token process=1 run=3 value=13.5250 outlier=false
arm=probe metric=ms_per_token process=1 run=4 value=13.5750 outlier=false
arm=probe metric=ms_per_token process=1 run=5 value=14.1900 outlier=true
arm=probe metric=ms_per_token process=1 run=6 value=13.4190 outlier=false
arm=probe metric=ms_per_token process=1 run=7 value=13.3300 outlier=false
summary arm=probe metric=ms_per_token n_all=14 median_all=13.4330 cov_all_pct=3.41 min_all=13.1400 max_all=14.7550 | n_kept=11 median_kept=13.3880 mad_kept=0.1020 cov_kept_pct=1.69 min_kept=13.1400 max_kept=14.0510
arm=probe metric=prefill_ms process=0 run=1 value=2530.9530 outlier=false
arm=probe metric=prefill_ms process=0 run=2 value=2541.9710 outlier=false
arm=probe metric=prefill_ms process=0 run=3 value=2537.0400 outlier=false
arm=probe metric=prefill_ms process=0 run=4 value=2530.0210 outlier=false
arm=probe metric=prefill_ms process=0 run=5 value=2536.9900 outlier=false
arm=probe metric=prefill_ms process=0 run=6 value=2528.0060 outlier=false
arm=probe metric=prefill_ms process=0 run=7 value=2538.0490 outlier=false
arm=probe metric=prefill_ms process=1 run=1 value=2529.9490 outlier=false
arm=probe metric=prefill_ms process=1 run=2 value=2542.0060 outlier=false
arm=probe metric=prefill_ms process=1 run=3 value=2532.9950 outlier=false
arm=probe metric=prefill_ms process=1 run=4 value=2537.0480 outlier=false
arm=probe metric=prefill_ms process=1 run=5 value=2527.9420 outlier=false
arm=probe metric=prefill_ms process=1 run=6 value=2544.9740 outlier=false
arm=probe metric=prefill_ms process=1 run=7 value=2540.9790 outlier=false
summary arm=probe metric=prefill_ms n_all=14 median_all=2537.0150 cov_all_pct=0.22 min_all=2527.9420 max_all=2544.9740 | n_kept=14 median_kept=2537.0150 mad_kept=4.9735 cov_kept_pct=0.22 min_kept=2527.9420 max_kept=2544.9740
arm=probe metric=ttft_ms process=0 run=1 value=2531.0000 outlier=false
arm=probe metric=ttft_ms process=0 run=2 value=2542.0000 outlier=false
arm=probe metric=ttft_ms process=0 run=3 value=2537.0000 outlier=false
arm=probe metric=ttft_ms process=0 run=4 value=2530.0000 outlier=false
arm=probe metric=ttft_ms process=0 run=5 value=2537.0000 outlier=false
arm=probe metric=ttft_ms process=0 run=6 value=2528.0000 outlier=false
arm=probe metric=ttft_ms process=0 run=7 value=2538.0000 outlier=false
arm=probe metric=ttft_ms process=1 run=1 value=2530.0000 outlier=false
arm=probe metric=ttft_ms process=1 run=2 value=2542.0000 outlier=false
arm=probe metric=ttft_ms process=1 run=3 value=2533.0000 outlier=false
arm=probe metric=ttft_ms process=1 run=4 value=2537.0000 outlier=false
arm=probe metric=ttft_ms process=1 run=5 value=2528.0000 outlier=false
arm=probe metric=ttft_ms process=1 run=6 value=2545.0000 outlier=false
arm=probe metric=ttft_ms process=1 run=7 value=2541.0000 outlier=false
summary arm=probe metric=ttft_ms n_all=14 median_all=2537.0000 cov_all_pct=0.22 min_all=2528.0000 max_all=2545.0000 | n_kept=14 median_kept=2537.0000 mad_kept=5.0000 cov_kept_pct=0.22 min_kept=2528.0000 max_kept=2545.0000
memory arm=probe metric=peak_rss_bytes process=0 value=4005560320
memory arm=probe metric=peak_rss_bytes process=1 value=3962470400
summary arm=probe metric=peak_rss_bytes n=2 median=3984015360 max=4005560320
memory arm=probe metric=peak_footprint_bytes process=0 value=711748672
memory arm=probe metric=peak_footprint_bytes process=1 value=730344576
summary arm=probe metric=peak_footprint_bytes n=2 median=721046624 max=730344576
memory arm=probe metric=peak_gpu_bytes process=0 value=5609734144
memory arm=probe metric=peak_gpu_bytes process=1 value=5609734144
summary arm=probe metric=peak_gpu_bytes n=2 median=5609734144 max=5609734144
extra arm=probe process=0 peers_present_at_exit=[]
extra arm=probe process=1 peers_present_at_exit=[]
bound metric=ms_per_token arm=probe vs=base arm_median=13.3880 reference_median=13.4485 delta=-0.0605 limit=0.3225 within=true
bound metric=prefill_ms arm=probe vs=base arm_median=2537.0150 reference_median=2536.0260 delta=0.9890 limit=50.7205 within=true
bound metric=ttft_ms arm=probe vs=base n=0
bound metric=peak_rss_bytes arm=probe vs=base arm_median=3984015360 reference_median=3953303552 delta=30711808 limit=79066071 within=true
bound metric=peak_footprint_bytes arm=probe vs=base arm_median=721046624 reference_median=714837248 delta=6209376 limit=14296745 within=true
bound metric=peak_gpu_bytes arm=probe vs=base n=0
