raw arm=base0c process=0 run=0 ms_per_token=15.3350
raw arm=base0c process=0 run=1 ms_per_token=14.9350
raw arm=base0c process=0 run=2 ms_per_token=15.0310
raw arm=base0c process=0 run=3 ms_per_token=15.1950
raw arm=tip process=0 run=0 ms_per_token=15.5490
raw arm=tip process=0 run=1 ms_per_token=15.0590
raw arm=tip process=0 run=2 ms_per_token=15.0520
raw arm=tip process=0 run=3 ms_per_token=14.9460
raw arm=tip process=1 run=0 ms_per_token=15.3730
raw arm=tip process=1 run=1 ms_per_token=14.9100
raw arm=tip process=1 run=2 ms_per_token=15.1910
raw arm=tip process=1 run=3 ms_per_token=15.2220
raw arm=base0c process=1 run=0 ms_per_token=15.4800
raw arm=base0c process=1 run=1 ms_per_token=15.0690
raw arm=base0c process=1 run=2 ms_per_token=14.9470
raw arm=base0c process=1 run=3 ms_per_token=15.1170
arm=base0c metric=ms_per_token process=0 run=1 value=14.9350 outlier=false
arm=base0c metric=ms_per_token process=0 run=2 value=15.0310 outlier=false
arm=base0c metric=ms_per_token process=0 run=3 value=15.1950 outlier=false
arm=base0c metric=ms_per_token process=1 run=1 value=15.0690 outlier=false
arm=base0c metric=ms_per_token process=1 run=2 value=14.9470 outlier=false
arm=base0c metric=ms_per_token process=1 run=3 value=15.1170 outlier=false
summary arm=base0c metric=ms_per_token n_all=6 median_all=15.0500 cov_all_pct=0.61 min_all=14.9350 max_all=15.1950 | n_kept=6 median_kept=15.0500 mad_kept=0.0850 cov_kept_pct=0.61 min_kept=14.9350 max_kept=15.1950
arm=base0c metric=prefill_ms process=0 run=1 value=6520.0620 outlier=false
arm=base0c metric=prefill_ms process=0 run=2 value=6516.9460 outlier=false
arm=base0c metric=prefill_ms process=0 run=3 value=6516.9440 outlier=false
arm=base0c metric=prefill_ms process=1 run=1 value=6514.0040 outlier=false
arm=base0c metric=prefill_ms process=1 run=2 value=6517.0290 outlier=false
arm=base0c metric=prefill_ms process=1 run=3 value=6514.0040 outlier=false
summary arm=base0c metric=prefill_ms n_all=6 median_all=6516.9450 cov_all_pct=0.03 min_all=6514.0040 max_all=6520.0620 | n_kept=6 median_kept=6516.9450 mad_kept=1.5125 cov_kept_pct=0.03 min_kept=6514.0040 max_kept=6520.0620
arm=base0c metric=ttft_ms process=0 run=1 value=6520.0000 outlier=false
arm=base0c metric=ttft_ms process=0 run=2 value=6517.0000 outlier=false
arm=base0c metric=ttft_ms process=0 run=3 value=6517.0000 outlier=false
arm=base0c metric=ttft_ms process=1 run=1 value=6514.0000 outlier=false
arm=base0c metric=ttft_ms process=1 run=2 value=6517.0000 outlier=false
arm=base0c metric=ttft_ms process=1 run=3 value=6514.0000 outlier=false
summary arm=base0c metric=ttft_ms n_all=6 median_all=6517.0000 cov_all_pct=0.03 min_all=6514.0000 max_all=6520.0000 | n_kept=6 median_kept=6517.0000 mad_kept=1.5000 cov_kept_pct=0.03 min_kept=6514.0000 max_kept=6520.0000
memory arm=base0c metric=peak_rss_bytes process=0 value=2685468672
memory arm=base0c metric=peak_rss_bytes process=1 value=2582282240
summary arm=base0c metric=peak_rss_bytes n=2 median=2633875456 max=2685468672
memory arm=base0c metric=peak_footprint_bytes process=0 value=659429696
memory arm=base0c metric=peak_footprint_bytes process=1 value=665803584
summary arm=base0c metric=peak_footprint_bytes n=2 median=662616640 max=665803584
memory arm=base0c metric=peak_gpu_bytes process=0 value=3315433472
memory arm=base0c metric=peak_gpu_bytes process=1 value=3315433472
summary arm=base0c metric=peak_gpu_bytes n=2 median=3315433472 max=3315433472
extra arm=base0c process=0 peers_present_at_exit=[]
extra arm=base0c process=1 peers_present_at_exit=[]
arm=tip metric=ms_per_token process=0 run=1 value=15.0590 outlier=false
arm=tip metric=ms_per_token process=0 run=2 value=15.0520 outlier=false
arm=tip metric=ms_per_token process=0 run=3 value=14.9460 outlier=false
arm=tip metric=ms_per_token process=1 run=1 value=14.9100 outlier=false
arm=tip metric=ms_per_token process=1 run=2 value=15.1910 outlier=false
arm=tip metric=ms_per_token process=1 run=3 value=15.2220 outlier=false
summary arm=tip metric=ms_per_token n_all=6 median_all=15.0555 cov_all_pct=0.76 min_all=14.9100 max_all=15.2220 | n_kept=6 median_kept=15.0555 mad_kept=0.1225 cov_kept_pct=0.76 min_kept=14.9100 max_kept=15.2220
arm=tip metric=prefill_ms process=0 run=1 value=6510.9600 outlier=false
arm=tip metric=prefill_ms process=0 run=2 value=6524.9730 outlier=false
arm=tip metric=prefill_ms process=0 run=3 value=6522.9750 outlier=false
arm=tip metric=prefill_ms process=1 run=1 value=6517.9840 outlier=false
arm=tip metric=prefill_ms process=1 run=2 value=6518.9910 outlier=false
arm=tip metric=prefill_ms process=1 run=3 value=6519.0270 outlier=false
summary arm=tip metric=prefill_ms n_all=6 median_all=6519.0090 cov_all_pct=0.07 min_all=6510.9600 max_all=6524.9730 | n_kept=6 median_kept=6519.0090 mad_kept=2.4955 cov_kept_pct=0.07 min_kept=6510.9600 max_kept=6524.9730
arm=tip metric=ttft_ms process=0 run=1 value=6511.0000 outlier=false
arm=tip metric=ttft_ms process=0 run=2 value=6525.0000 outlier=false
arm=tip metric=ttft_ms process=0 run=3 value=6523.0000 outlier=false
arm=tip metric=ttft_ms process=1 run=1 value=6518.0000 outlier=false
arm=tip metric=ttft_ms process=1 run=2 value=6519.0000 outlier=false
arm=tip metric=ttft_ms process=1 run=3 value=6519.0000 outlier=false
summary arm=tip metric=ttft_ms n_all=6 median_all=6519.0000 cov_all_pct=0.07 min_all=6511.0000 max_all=6525.0000 | n_kept=6 median_kept=6519.0000 mad_kept=2.5000 cov_kept_pct=0.07 min_kept=6511.0000 max_kept=6525.0000
memory arm=tip metric=peak_rss_bytes process=0 value=2497019904
memory arm=tip metric=peak_rss_bytes process=1 value=2680782848
summary arm=tip metric=peak_rss_bytes n=2 median=2588901376 max=2680782848
memory arm=tip metric=peak_footprint_bytes process=0 value=648255616
memory arm=tip metric=peak_footprint_bytes process=1 value=658397312
summary arm=tip metric=peak_footprint_bytes n=2 median=653326464 max=658397312
memory arm=tip metric=peak_gpu_bytes process=0 value=3315433472
memory arm=tip metric=peak_gpu_bytes process=1 value=3315433472
summary arm=tip metric=peak_gpu_bytes n=2 median=3315433472 max=3315433472
extra arm=tip process=0 peers_present_at_exit=[]
extra arm=tip process=1 peers_present_at_exit=[]
bound metric=ms_per_token arm=tip vs=base0c arm_median=15.0555 reference_median=15.0500 delta=0.0055 limit=0.3010 within=true
bound metric=prefill_ms arm=tip vs=base0c arm_median=6519.0090 reference_median=6516.9450 delta=2.0640 limit=130.3389 within=true
bound metric=ttft_ms arm=tip vs=base0c arm_median=6519.0000 reference_median=6517.0000 delta=2.0000 limit=130.3400 within=true
bound metric=peak_rss_bytes arm=tip vs=base0c arm_median=2588901376 reference_median=2633875456 delta=-44974080 limit=52677509 within=true
bound metric=peak_footprint_bytes arm=tip vs=base0c arm_median=653326464 reference_median=662616640 delta=-9290176 limit=13252333 within=true
bound metric=peak_gpu_bytes arm=tip vs=base0c arm_median=3315433472 reference_median=3315433472 delta=0 limit=66308669 within=true
