raw arm=gemma4_e2b.drafter-on process=0 run=0 ms_per_token=11.4550
raw arm=gemma4_e2b.drafter-on process=0 run=1 ms_per_token=11.2140
raw arm=gemma4_e2b.drafter-on process=0 run=2 ms_per_token=11.2120
raw arm=gemma4_e2b.drafter-on process=0 run=3 ms_per_token=11.2340
raw arm=gemma4_e2b.drafter-on process=0 run=4 ms_per_token=11.2300
raw arm=gemma4_e2b.drafter-on process=0 run=5 ms_per_token=11.1910
raw arm=gemma4_e2b.drafter-off process=0 run=0 ms_per_token=11.5410
raw arm=gemma4_e2b.drafter-off process=0 run=1 ms_per_token=11.2670
raw arm=gemma4_e2b.drafter-off process=0 run=2 ms_per_token=11.3100
raw arm=gemma4_e2b.drafter-off process=0 run=3 ms_per_token=11.2000
raw arm=gemma4_e2b.drafter-off process=0 run=4 ms_per_token=11.2060
raw arm=gemma4_e2b.drafter-off process=0 run=5 ms_per_token=11.2970
raw arm=granite.drafter-on process=0 run=0 ms_per_token=7.0330
raw arm=granite.drafter-on process=0 run=1 ms_per_token=6.7290
raw arm=granite.drafter-on process=0 run=2 ms_per_token=7.0850
raw arm=granite.drafter-on process=0 run=3 ms_per_token=6.7540
raw arm=granite.drafter-on process=0 run=4 ms_per_token=6.7600
raw arm=granite.drafter-on process=0 run=5 ms_per_token=6.7150
raw arm=granite.drafter-off process=0 run=0 ms_per_token=6.9870
raw arm=granite.drafter-off process=0 run=1 ms_per_token=6.7080
raw arm=granite.drafter-off process=0 run=2 ms_per_token=6.7200
raw arm=granite.drafter-off process=0 run=3 ms_per_token=6.7870
raw arm=granite.drafter-off process=0 run=4 ms_per_token=6.8300
raw arm=granite.drafter-off process=0 run=5 ms_per_token=6.7870
raw arm=gemma4_e2b.drafter-off process=1 run=0 ms_per_token=11.5340
raw arm=gemma4_e2b.drafter-off process=1 run=1 ms_per_token=11.2220
raw arm=gemma4_e2b.drafter-off process=1 run=2 ms_per_token=11.2070
raw arm=gemma4_e2b.drafter-off process=1 run=3 ms_per_token=11.2220
raw arm=gemma4_e2b.drafter-off process=1 run=4 ms_per_token=11.1550
raw arm=gemma4_e2b.drafter-off process=1 run=5 ms_per_token=11.2500
raw arm=gemma4_e2b.drafter-on process=1 run=0 ms_per_token=11.4800
raw arm=gemma4_e2b.drafter-on process=1 run=1 ms_per_token=11.2230
raw arm=gemma4_e2b.drafter-on process=1 run=2 ms_per_token=11.1360
raw arm=gemma4_e2b.drafter-on process=1 run=3 ms_per_token=11.2120
raw arm=gemma4_e2b.drafter-on process=1 run=4 ms_per_token=11.2450
raw arm=gemma4_e2b.drafter-on process=1 run=5 ms_per_token=11.2460
raw arm=granite.drafter-off process=1 run=0 ms_per_token=7.0380
raw arm=granite.drafter-off process=1 run=1 ms_per_token=6.7180
raw arm=granite.drafter-off process=1 run=2 ms_per_token=6.6880
raw arm=granite.drafter-off process=1 run=3 ms_per_token=6.7090
raw arm=granite.drafter-off process=1 run=4 ms_per_token=6.6760
raw arm=granite.drafter-off process=1 run=5 ms_per_token=6.6920
raw arm=granite.drafter-on process=1 run=0 ms_per_token=6.9810
raw arm=granite.drafter-on process=1 run=1 ms_per_token=6.7130
raw arm=granite.drafter-on process=1 run=2 ms_per_token=6.7410
raw arm=granite.drafter-on process=1 run=3 ms_per_token=6.6590
raw arm=granite.drafter-on process=1 run=4 ms_per_token=6.8750
raw arm=granite.drafter-on process=1 run=5 ms_per_token=6.6820
raw arm=gemma4_e2b.drafter-on process=2 run=0 ms_per_token=11.5380
raw arm=gemma4_e2b.drafter-on process=2 run=1 ms_per_token=11.1920
raw arm=gemma4_e2b.drafter-on process=2 run=2 ms_per_token=11.2770
raw arm=gemma4_e2b.drafter-on process=2 run=3 ms_per_token=11.1980
raw arm=gemma4_e2b.drafter-on process=2 run=4 ms_per_token=11.2040
raw arm=gemma4_e2b.drafter-on process=2 run=5 ms_per_token=11.2090
raw arm=gemma4_e2b.drafter-off process=2 run=0 ms_per_token=11.4750
raw arm=gemma4_e2b.drafter-off process=2 run=1 ms_per_token=11.1100
raw arm=gemma4_e2b.drafter-off process=2 run=2 ms_per_token=11.1760
raw arm=gemma4_e2b.drafter-off process=2 run=3 ms_per_token=11.1650
raw arm=gemma4_e2b.drafter-off process=2 run=4 ms_per_token=11.1950
raw arm=gemma4_e2b.drafter-off process=2 run=5 ms_per_token=11.1870
raw arm=granite.drafter-on process=2 run=0 ms_per_token=6.9300
raw arm=granite.drafter-on process=2 run=1 ms_per_token=6.6670
raw arm=granite.drafter-on process=2 run=2 ms_per_token=6.6980
raw arm=granite.drafter-on process=2 run=3 ms_per_token=6.7090
raw arm=granite.drafter-on process=2 run=4 ms_per_token=6.7570
raw arm=granite.drafter-on process=2 run=5 ms_per_token=6.7000
raw arm=granite.drafter-off process=2 run=0 ms_per_token=6.9580
raw arm=granite.drafter-off process=2 run=1 ms_per_token=6.7430
raw arm=granite.drafter-off process=2 run=2 ms_per_token=6.6540
raw arm=granite.drafter-off process=2 run=3 ms_per_token=6.5910
raw arm=granite.drafter-off process=2 run=4 ms_per_token=6.7580
raw arm=granite.drafter-off process=2 run=5 ms_per_token=6.8390
arm=gemma4_e2b.drafter-on metric=ms_per_token process=0 run=1 value=11.2140 outlier=false
arm=gemma4_e2b.drafter-on metric=ms_per_token process=0 run=2 value=11.2120 outlier=false
arm=gemma4_e2b.drafter-on metric=ms_per_token process=0 run=3 value=11.2340 outlier=false
arm=gemma4_e2b.drafter-on metric=ms_per_token process=0 run=4 value=11.2300 outlier=false
arm=gemma4_e2b.drafter-on metric=ms_per_token process=0 run=5 value=11.1910 outlier=false
arm=gemma4_e2b.drafter-on metric=ms_per_token process=1 run=1 value=11.2230 outlier=false
arm=gemma4_e2b.drafter-on metric=ms_per_token process=1 run=2 value=11.1360 outlier=false
arm=gemma4_e2b.drafter-on metric=ms_per_token process=1 run=3 value=11.2120 outlier=false
arm=gemma4_e2b.drafter-on metric=ms_per_token process=1 run=4 value=11.2450 outlier=false
arm=gemma4_e2b.drafter-on metric=ms_per_token process=1 run=5 value=11.2460 outlier=false
arm=gemma4_e2b.drafter-on metric=ms_per_token process=2 run=1 value=11.1920 outlier=false
arm=gemma4_e2b.drafter-on metric=ms_per_token process=2 run=2 value=11.2770 outlier=false
arm=gemma4_e2b.drafter-on metric=ms_per_token process=2 run=3 value=11.1980 outlier=false
arm=gemma4_e2b.drafter-on metric=ms_per_token process=2 run=4 value=11.2040 outlier=false
arm=gemma4_e2b.drafter-on metric=ms_per_token process=2 run=5 value=11.2090 outlier=false
summary arm=gemma4_e2b.drafter-on metric=ms_per_token n_all=15 median_all=11.2120 cov_all_pct=0.27 min_all=11.1360 max_all=11.2770 | n_kept=15 median_kept=11.2120 mad_kept=0.0180 cov_kept_pct=0.27 min_kept=11.1360 max_kept=11.2770
arm=gemma4_e2b.drafter-on metric=prefill_ms process=0 run=1 value=586.0200 outlier=false
arm=gemma4_e2b.drafter-on metric=prefill_ms process=0 run=2 value=586.0600 outlier=false
arm=gemma4_e2b.drafter-on metric=prefill_ms process=0 run=3 value=585.9540 outlier=false
arm=gemma4_e2b.drafter-on metric=prefill_ms process=0 run=4 value=586.0410 outlier=false
arm=gemma4_e2b.drafter-on metric=prefill_ms process=0 run=5 value=585.9560 outlier=false
arm=gemma4_e2b.drafter-on metric=prefill_ms process=1 run=1 value=586.9560 outlier=true
arm=gemma4_e2b.drafter-on metric=prefill_ms process=1 run=2 value=586.0470 outlier=false
arm=gemma4_e2b.drafter-on metric=prefill_ms process=1 run=3 value=585.9960 outlier=false
arm=gemma4_e2b.drafter-on metric=prefill_ms process=1 run=4 value=585.9680 outlier=false
arm=gemma4_e2b.drafter-on metric=prefill_ms process=1 run=5 value=586.9560 outlier=true
arm=gemma4_e2b.drafter-on metric=prefill_ms process=2 run=1 value=585.9430 outlier=false
arm=gemma4_e2b.drafter-on metric=prefill_ms process=2 run=2 value=586.0570 outlier=false
arm=gemma4_e2b.drafter-on metric=prefill_ms process=2 run=3 value=585.9750 outlier=false
arm=gemma4_e2b.drafter-on metric=prefill_ms process=2 run=4 value=585.9900 outlier=false
arm=gemma4_e2b.drafter-on metric=prefill_ms process=2 run=5 value=585.9830 outlier=false
summary arm=gemma4_e2b.drafter-on metric=prefill_ms n_all=15 median_all=585.9960 cov_all_pct=0.06 min_all=585.9430 max_all=586.9560 | n_kept=13 median_kept=585.9900 mad_kept=0.0340 cov_kept_pct=0.01 min_kept=585.9430 max_kept=586.0600
arm=gemma4_e2b.drafter-on metric=ttft_ms process=0 run=1 value=586.0000 outlier=false
arm=gemma4_e2b.drafter-on metric=ttft_ms process=0 run=2 value=586.0000 outlier=false
arm=gemma4_e2b.drafter-on metric=ttft_ms process=0 run=3 value=586.0000 outlier=false
arm=gemma4_e2b.drafter-on metric=ttft_ms process=0 run=4 value=586.0000 outlier=false
arm=gemma4_e2b.drafter-on metric=ttft_ms process=0 run=5 value=586.0000 outlier=false
arm=gemma4_e2b.drafter-on metric=ttft_ms process=1 run=1 value=587.0000 outlier=false
arm=gemma4_e2b.drafter-on metric=ttft_ms process=1 run=2 value=586.0000 outlier=false
arm=gemma4_e2b.drafter-on metric=ttft_ms process=1 run=3 value=586.0000 outlier=false
arm=gemma4_e2b.drafter-on metric=ttft_ms process=1 run=4 value=586.0000 outlier=false
arm=gemma4_e2b.drafter-on metric=ttft_ms process=1 run=5 value=587.0000 outlier=false
arm=gemma4_e2b.drafter-on metric=ttft_ms process=2 run=1 value=586.0000 outlier=false
arm=gemma4_e2b.drafter-on metric=ttft_ms process=2 run=2 value=586.0000 outlier=false
arm=gemma4_e2b.drafter-on metric=ttft_ms process=2 run=3 value=586.0000 outlier=false
arm=gemma4_e2b.drafter-on metric=ttft_ms process=2 run=4 value=586.0000 outlier=false
arm=gemma4_e2b.drafter-on metric=ttft_ms process=2 run=5 value=586.0000 outlier=false
summary arm=gemma4_e2b.drafter-on metric=ttft_ms n_all=15 median_all=586.0000 cov_all_pct=0.06 min_all=586.0000 max_all=587.0000 | n_kept=15 median_kept=586.0000 mad_kept=0.0000 cov_kept_pct=0.06 min_kept=586.0000 max_kept=587.0000
arm=gemma4_e2b.drafter-on metric=wall_ms process=0 run=1 value=2010.1980 outlier=false
arm=gemma4_e2b.drafter-on metric=wall_ms process=0 run=2 value=2009.9840 outlier=false
arm=gemma4_e2b.drafter-on metric=wall_ms process=0 run=3 value=2012.6720 outlier=false
arm=gemma4_e2b.drafter-on metric=wall_ms process=0 run=4 value=2012.2510 outlier=false
arm=gemma4_e2b.drafter-on metric=wall_ms process=0 run=5 value=2007.2130 outlier=false
arm=gemma4_e2b.drafter-on metric=wall_ms process=1 run=1 value=2012.2770 outlier=false
arm=gemma4_e2b.drafter-on metric=wall_ms process=1 run=2 value=2000.3190 outlier=false
arm=gemma4_e2b.drafter-on metric=wall_ms process=1 run=3 value=2009.9200 outlier=false
arm=gemma4_e2b.drafter-on metric=wall_ms process=1 run=4 value=2014.0830 outlier=false
arm=gemma4_e2b.drafter-on metric=wall_ms process=1 run=5 value=2015.1980 outlier=false
arm=gemma4_e2b.drafter-on metric=wall_ms process=2 run=1 value=2007.3270 outlier=false
arm=gemma4_e2b.drafter-on metric=wall_ms process=2 run=2 value=2018.2360 outlier=false
arm=gemma4_e2b.drafter-on metric=wall_ms process=2 run=3 value=2008.1210 outlier=false
arm=gemma4_e2b.drafter-on metric=wall_ms process=2 run=4 value=2008.8980 outlier=false
arm=gemma4_e2b.drafter-on metric=wall_ms process=2 run=5 value=2009.5260 outlier=false
summary arm=gemma4_e2b.drafter-on metric=wall_ms n_all=15 median_all=2009.9840 cov_all_pct=0.20 min_all=2000.3190 max_all=2018.2360 | n_kept=15 median_kept=2009.9840 mad_kept=2.2930 cov_kept_pct=0.20 min_kept=2000.3190 max_kept=2018.2360
arm=gemma4_e2b.drafter-on metric=tokens_generated process=0 run=1 value=128.0000 outlier=false
arm=gemma4_e2b.drafter-on metric=tokens_generated process=0 run=2 value=128.0000 outlier=false
arm=gemma4_e2b.drafter-on metric=tokens_generated process=0 run=3 value=128.0000 outlier=false
arm=gemma4_e2b.drafter-on metric=tokens_generated process=0 run=4 value=128.0000 outlier=false
arm=gemma4_e2b.drafter-on metric=tokens_generated process=0 run=5 value=128.0000 outlier=false
arm=gemma4_e2b.drafter-on metric=tokens_generated process=1 run=1 value=128.0000 outlier=false
arm=gemma4_e2b.drafter-on metric=tokens_generated process=1 run=2 value=128.0000 outlier=false
arm=gemma4_e2b.drafter-on metric=tokens_generated process=1 run=3 value=128.0000 outlier=false
arm=gemma4_e2b.drafter-on metric=tokens_generated process=1 run=4 value=128.0000 outlier=false
arm=gemma4_e2b.drafter-on metric=tokens_generated process=1 run=5 value=128.0000 outlier=false
arm=gemma4_e2b.drafter-on metric=tokens_generated process=2 run=1 value=128.0000 outlier=false
arm=gemma4_e2b.drafter-on metric=tokens_generated process=2 run=2 value=128.0000 outlier=false
arm=gemma4_e2b.drafter-on metric=tokens_generated process=2 run=3 value=128.0000 outlier=false
arm=gemma4_e2b.drafter-on metric=tokens_generated process=2 run=4 value=128.0000 outlier=false
arm=gemma4_e2b.drafter-on metric=tokens_generated process=2 run=5 value=128.0000 outlier=false
summary arm=gemma4_e2b.drafter-on metric=tokens_generated n_all=15 median_all=128.0000 cov_all_pct=0.00 min_all=128.0000 max_all=128.0000 | n_kept=15 median_kept=128.0000 mad_kept=0.0000 cov_kept_pct=0.00 min_kept=128.0000 max_kept=128.0000
arm=gemma4_e2b.drafter-on metric=cpu_ms process=0 run=1 value=181.2820 outlier=false
arm=gemma4_e2b.drafter-on metric=cpu_ms process=0 run=2 value=189.5430 outlier=false
arm=gemma4_e2b.drafter-on metric=cpu_ms process=0 run=3 value=184.3800 outlier=false
arm=gemma4_e2b.drafter-on metric=cpu_ms process=0 run=4 value=184.1390 outlier=false
arm=gemma4_e2b.drafter-on metric=cpu_ms process=0 run=5 value=206.1080 outlier=true
arm=gemma4_e2b.drafter-on metric=cpu_ms process=1 run=1 value=194.3650 outlier=false
arm=gemma4_e2b.drafter-on metric=cpu_ms process=1 run=2 value=194.5120 outlier=false
arm=gemma4_e2b.drafter-on metric=cpu_ms process=1 run=3 value=188.3900 outlier=false
arm=gemma4_e2b.drafter-on metric=cpu_ms process=1 run=4 value=181.8720 outlier=false
arm=gemma4_e2b.drafter-on metric=cpu_ms process=1 run=5 value=183.0010 outlier=false
arm=gemma4_e2b.drafter-on metric=cpu_ms process=2 run=1 value=187.5950 outlier=false
arm=gemma4_e2b.drafter-on metric=cpu_ms process=2 run=2 value=183.6260 outlier=false
arm=gemma4_e2b.drafter-on metric=cpu_ms process=2 run=3 value=183.7660 outlier=false
arm=gemma4_e2b.drafter-on metric=cpu_ms process=2 run=4 value=183.4690 outlier=false
arm=gemma4_e2b.drafter-on metric=cpu_ms process=2 run=5 value=184.9800 outlier=false
summary arm=gemma4_e2b.drafter-on metric=cpu_ms n_all=15 median_all=184.3800 cov_all_pct=3.40 min_all=181.2820 max_all=206.1080 | n_kept=14 median_kept=184.2595 mad_kept=1.8230 cov_kept_pct=2.20 min_kept=181.2820 max_kept=194.5120
arm=gemma4_e2b.drafter-on metric=cpu_pct process=0 run=1 value=9.0200 outlier=false
arm=gemma4_e2b.drafter-on metric=cpu_pct process=0 run=2 value=9.4300 outlier=false
arm=gemma4_e2b.drafter-on metric=cpu_pct process=0 run=3 value=9.1600 outlier=false
arm=gemma4_e2b.drafter-on metric=cpu_pct process=0 run=4 value=9.1500 outlier=false
arm=gemma4_e2b.drafter-on metric=cpu_pct process=0 run=5 value=10.2700 outlier=true
arm=gemma4_e2b.drafter-on metric=cpu_pct process=1 run=1 value=9.6600 outlier=false
arm=gemma4_e2b.drafter-on metric=cpu_pct process=1 run=2 value=9.7200 outlier=false
arm=gemma4_e2b.drafter-on metric=cpu_pct process=1 run=3 value=9.3700 outlier=false
arm=gemma4_e2b.drafter-on metric=cpu_pct process=1 run=4 value=9.0300 outlier=false
arm=gemma4_e2b.drafter-on metric=cpu_pct process=1 run=5 value=9.0800 outlier=false
arm=gemma4_e2b.drafter-on metric=cpu_pct process=2 run=1 value=9.3500 outlier=false
arm=gemma4_e2b.drafter-on metric=cpu_pct process=2 run=2 value=9.1000 outlier=false
arm=gemma4_e2b.drafter-on metric=cpu_pct process=2 run=3 value=9.1500 outlier=false
arm=gemma4_e2b.drafter-on metric=cpu_pct process=2 run=4 value=9.1300 outlier=false
arm=gemma4_e2b.drafter-on metric=cpu_pct process=2 run=5 value=9.2100 outlier=false
summary arm=gemma4_e2b.drafter-on metric=cpu_pct n_all=15 median_all=9.1600 cov_all_pct=3.51 min_all=9.0200 max_all=10.2700 | n_kept=14 median_kept=9.1550 mad_kept=0.1000 cov_kept_pct=2.31 min_kept=9.0200 max_kept=9.7200
arm=gemma4_e2b.drafter-on metric=steady_rss_bytes process=0 run=1 value=3648716800.0000 outlier=false
arm=gemma4_e2b.drafter-on metric=steady_rss_bytes process=0 run=2 value=3650748416.0000 outlier=false
arm=gemma4_e2b.drafter-on metric=steady_rss_bytes process=0 run=3 value=3652599808.0000 outlier=false
arm=gemma4_e2b.drafter-on metric=steady_rss_bytes process=0 run=4 value=3656450048.0000 outlier=false
arm=gemma4_e2b.drafter-on metric=steady_rss_bytes process=0 run=5 value=3658104832.0000 outlier=false
arm=gemma4_e2b.drafter-on metric=steady_rss_bytes process=1 run=1 value=3680026624.0000 outlier=false
arm=gemma4_e2b.drafter-on metric=steady_rss_bytes process=1 run=2 value=3706519552.0000 outlier=false
arm=gemma4_e2b.drafter-on metric=steady_rss_bytes process=1 run=3 value=3710697472.0000 outlier=false
arm=gemma4_e2b.drafter-on metric=steady_rss_bytes process=1 run=4 value=3728605184.0000 outlier=false
arm=gemma4_e2b.drafter-on metric=steady_rss_bytes process=1 run=5 value=3730358272.0000 outlier=false
arm=gemma4_e2b.drafter-on metric=steady_rss_bytes process=2 run=1 value=3657416704.0000 outlier=false
arm=gemma4_e2b.drafter-on metric=steady_rss_bytes process=2 run=2 value=3676471296.0000 outlier=false
arm=gemma4_e2b.drafter-on metric=steady_rss_bytes process=2 run=3 value=3678797824.0000 outlier=false
arm=gemma4_e2b.drafter-on metric=steady_rss_bytes process=2 run=4 value=3680600064.0000 outlier=false
arm=gemma4_e2b.drafter-on metric=steady_rss_bytes process=2 run=5 value=3682385920.0000 outlier=false
summary arm=gemma4_e2b.drafter-on metric=steady_rss_bytes n_all=15 median_all=3678797824.0000 cov_all_pct=0.73 min_all=3648716800.0000 max_all=3730358272.0000 | n_kept=15 median_kept=3678797824.0000 mad_kept=22347776.0000 cov_kept_pct=0.73 min_kept=3648716800.0000 max_kept=3730358272.0000
arm=gemma4_e2b.drafter-on metric=steady_footprint_bytes process=0 run=1 value=355543296.0000 outlier=false
arm=gemma4_e2b.drafter-on metric=steady_footprint_bytes process=0 run=2 value=357460352.0000 outlier=false
arm=gemma4_e2b.drafter-on metric=steady_footprint_bytes process=0 run=3 value=359246144.0000 outlier=false
arm=gemma4_e2b.drafter-on metric=steady_footprint_bytes process=0 run=4 value=363063744.0000 outlier=false
arm=gemma4_e2b.drafter-on metric=steady_footprint_bytes process=0 run=5 value=363669888.0000 outlier=false
arm=gemma4_e2b.drafter-on metric=steady_footprint_bytes process=1 run=1 value=363440768.0000 outlier=false
arm=gemma4_e2b.drafter-on metric=steady_footprint_bytes process=1 run=2 value=373025472.0000 outlier=false
arm=gemma4_e2b.drafter-on metric=steady_footprint_bytes process=1 run=3 value=374139648.0000 outlier=false
arm=gemma4_e2b.drafter-on metric=steady_footprint_bytes process=1 run=4 value=368290624.0000 outlier=false
arm=gemma4_e2b.drafter-on metric=steady_footprint_bytes process=1 run=5 value=370010944.0000 outlier=false
arm=gemma4_e2b.drafter-on metric=steady_footprint_bytes process=2 run=1 value=355133696.0000 outlier=false
arm=gemma4_e2b.drafter-on metric=steady_footprint_bytes process=2 run=2 value=358541632.0000 outlier=false
arm=gemma4_e2b.drafter-on metric=steady_footprint_bytes process=2 run=3 value=360786304.0000 outlier=false
arm=gemma4_e2b.drafter-on metric=steady_footprint_bytes process=2 run=4 value=362588544.0000 outlier=false
arm=gemma4_e2b.drafter-on metric=steady_footprint_bytes process=2 run=5 value=364325248.0000 outlier=false
summary arm=gemma4_e2b.drafter-on metric=steady_footprint_bytes n_all=15 median_all=363063744.0000 cov_all_pct=1.57 min_all=355133696.0000 max_all=374139648.0000 | n_kept=15 median_kept=363063744.0000 mad_kept=4522112.0000 cov_kept_pct=1.57 min_kept=355133696.0000 max_kept=374139648.0000
arm=gemma4_e2b.drafter-on metric=steady_gpu_bytes process=0 run=1 value=3568025600.0000 outlier=false
arm=gemma4_e2b.drafter-on metric=steady_gpu_bytes process=0 run=2 value=3568025600.0000 outlier=false
arm=gemma4_e2b.drafter-on metric=steady_gpu_bytes process=0 run=3 value=3568025600.0000 outlier=false
arm=gemma4_e2b.drafter-on metric=steady_gpu_bytes process=0 run=4 value=3568025600.0000 outlier=false
arm=gemma4_e2b.drafter-on metric=steady_gpu_bytes process=0 run=5 value=3568025600.0000 outlier=false
arm=gemma4_e2b.drafter-on metric=steady_gpu_bytes process=1 run=1 value=3568025600.0000 outlier=false
arm=gemma4_e2b.drafter-on metric=steady_gpu_bytes process=1 run=2 value=3568025600.0000 outlier=false
arm=gemma4_e2b.drafter-on metric=steady_gpu_bytes process=1 run=3 value=3568025600.0000 outlier=false
arm=gemma4_e2b.drafter-on metric=steady_gpu_bytes process=1 run=4 value=3568025600.0000 outlier=false
arm=gemma4_e2b.drafter-on metric=steady_gpu_bytes process=1 run=5 value=3568025600.0000 outlier=false
arm=gemma4_e2b.drafter-on metric=steady_gpu_bytes process=2 run=1 value=3568025600.0000 outlier=false
arm=gemma4_e2b.drafter-on metric=steady_gpu_bytes process=2 run=2 value=3568025600.0000 outlier=false
arm=gemma4_e2b.drafter-on metric=steady_gpu_bytes process=2 run=3 value=3568025600.0000 outlier=false
arm=gemma4_e2b.drafter-on metric=steady_gpu_bytes process=2 run=4 value=3568025600.0000 outlier=false
arm=gemma4_e2b.drafter-on metric=steady_gpu_bytes process=2 run=5 value=3568025600.0000 outlier=false
summary arm=gemma4_e2b.drafter-on metric=steady_gpu_bytes n_all=15 median_all=3568025600.0000 cov_all_pct=0.00 min_all=3568025600.0000 max_all=3568025600.0000 | n_kept=15 median_kept=3568025600.0000 mad_kept=0.0000 cov_kept_pct=0.00 min_kept=3568025600.0000 max_kept=3568025600.0000
memory arm=gemma4_e2b.drafter-on metric=peak_rss_bytes process=0 value=3702702080
memory arm=gemma4_e2b.drafter-on metric=peak_rss_bytes process=1 value=3774922752
memory arm=gemma4_e2b.drafter-on metric=peak_rss_bytes process=2 value=3726917632
summary arm=gemma4_e2b.drafter-on metric=peak_rss_bytes n=3 median=3726917632 max=3774922752
memory arm=gemma4_e2b.drafter-on metric=peak_footprint_bytes process=0 value=409332160
memory arm=gemma4_e2b.drafter-on metric=peak_footprint_bytes process=1 value=421473088
memory arm=gemma4_e2b.drafter-on metric=peak_footprint_bytes process=2 value=412903744
summary arm=gemma4_e2b.drafter-on metric=peak_footprint_bytes n=3 median=412903744 max=421473088
memory arm=gemma4_e2b.drafter-on metric=peak_gpu_bytes process=0 value=3613540352
memory arm=gemma4_e2b.drafter-on metric=peak_gpu_bytes process=1 value=3614048256
memory arm=gemma4_e2b.drafter-on metric=peak_gpu_bytes process=2 value=3614048256
summary arm=gemma4_e2b.drafter-on metric=peak_gpu_bytes n=3 median=3614048256 max=3614048256
extra arm=gemma4_e2b.drafter-on process=0 box_gpu_device_utilization_pct_before_launch=Some(0) (ioreg sampler, box-level, not this process)
extra arm=gemma4_e2b.drafter-on process=0 peers_present_at_exit=[]
extra arm=gemma4_e2b.drafter-on process=1 box_gpu_device_utilization_pct_before_launch=Some(97) (ioreg sampler, box-level, not this process)
extra arm=gemma4_e2b.drafter-on process=1 peers_present_at_exit=[]
extra arm=gemma4_e2b.drafter-on process=2 box_gpu_device_utilization_pct_before_launch=Some(95) (ioreg sampler, box-level, not this process)
extra arm=gemma4_e2b.drafter-on process=2 peers_present_at_exit=[]
arm=gemma4_e2b.drafter-off metric=ms_per_token process=0 run=1 value=11.2670 outlier=false
arm=gemma4_e2b.drafter-off metric=ms_per_token process=0 run=2 value=11.3100 outlier=false
arm=gemma4_e2b.drafter-off metric=ms_per_token process=0 run=3 value=11.2000 outlier=false
arm=gemma4_e2b.drafter-off metric=ms_per_token process=0 run=4 value=11.2060 outlier=false
arm=gemma4_e2b.drafter-off metric=ms_per_token process=0 run=5 value=11.2970 outlier=false
arm=gemma4_e2b.drafter-off metric=ms_per_token process=1 run=1 value=11.2220 outlier=false
arm=gemma4_e2b.drafter-off metric=ms_per_token process=1 run=2 value=11.2070 outlier=false
arm=gemma4_e2b.drafter-off metric=ms_per_token process=1 run=3 value=11.2220 outlier=false
arm=gemma4_e2b.drafter-off metric=ms_per_token process=1 run=4 value=11.1550 outlier=false
arm=gemma4_e2b.drafter-off metric=ms_per_token process=1 run=5 value=11.2500 outlier=false
arm=gemma4_e2b.drafter-off metric=ms_per_token process=2 run=1 value=11.1100 outlier=false
arm=gemma4_e2b.drafter-off metric=ms_per_token process=2 run=2 value=11.1760 outlier=false
arm=gemma4_e2b.drafter-off metric=ms_per_token process=2 run=3 value=11.1650 outlier=false
arm=gemma4_e2b.drafter-off metric=ms_per_token process=2 run=4 value=11.1950 outlier=false
arm=gemma4_e2b.drafter-off metric=ms_per_token process=2 run=5 value=11.1870 outlier=false
summary arm=gemma4_e2b.drafter-off metric=ms_per_token n_all=15 median_all=11.2060 cov_all_pct=0.46 min_all=11.1100 max_all=11.3100 | n_kept=15 median_kept=11.2060 mad_kept=0.0300 cov_kept_pct=0.46 min_kept=11.1100 max_kept=11.3100
arm=gemma4_e2b.drafter-off metric=prefill_ms process=0 run=1 value=585.9970 outlier=false
arm=gemma4_e2b.drafter-off metric=prefill_ms process=0 run=2 value=586.0330 outlier=false
arm=gemma4_e2b.drafter-off metric=prefill_ms process=0 run=3 value=585.9420 outlier=false
arm=gemma4_e2b.drafter-off metric=prefill_ms process=0 run=4 value=586.0270 outlier=false
arm=gemma4_e2b.drafter-off metric=prefill_ms process=0 run=5 value=586.0430 outlier=false
arm=gemma4_e2b.drafter-off metric=prefill_ms process=1 run=1 value=585.9800 outlier=false
arm=gemma4_e2b.drafter-off metric=prefill_ms process=1 run=2 value=586.0320 outlier=false
arm=gemma4_e2b.drafter-off metric=prefill_ms process=1 run=3 value=586.9580 outlier=true
arm=gemma4_e2b.drafter-off metric=prefill_ms process=1 run=4 value=586.9510 outlier=true
arm=gemma4_e2b.drafter-off metric=prefill_ms process=1 run=5 value=586.0340 outlier=false
arm=gemma4_e2b.drafter-off metric=prefill_ms process=2 run=1 value=585.9800 outlier=false
arm=gemma4_e2b.drafter-off metric=prefill_ms process=2 run=2 value=587.0220 outlier=true
arm=gemma4_e2b.drafter-off metric=prefill_ms process=2 run=3 value=586.0080 outlier=false
arm=gemma4_e2b.drafter-off metric=prefill_ms process=2 run=4 value=585.9980 outlier=false
arm=gemma4_e2b.drafter-off metric=prefill_ms process=2 run=5 value=586.0550 outlier=false
summary arm=gemma4_e2b.drafter-off metric=prefill_ms n_all=15 median_all=586.0320 cov_all_pct=0.07 min_all=585.9420 max_all=587.0220 | n_kept=12 median_kept=586.0175 mad_kept=0.0200 cov_kept_pct=0.01 min_kept=585.9420 max_kept=586.0550
arm=gemma4_e2b.drafter-off metric=ttft_ms process=0 run=1 value=586.0000 outlier=false
arm=gemma4_e2b.drafter-off metric=ttft_ms process=0 run=2 value=586.0000 outlier=false
arm=gemma4_e2b.drafter-off metric=ttft_ms process=0 run=3 value=586.0000 outlier=false
arm=gemma4_e2b.drafter-off metric=ttft_ms process=0 run=4 value=586.0000 outlier=false
arm=gemma4_e2b.drafter-off metric=ttft_ms process=0 run=5 value=586.0000 outlier=false
arm=gemma4_e2b.drafter-off metric=ttft_ms process=1 run=1 value=586.0000 outlier=false
arm=gemma4_e2b.drafter-off metric=ttft_ms process=1 run=2 value=586.0000 outlier=false
arm=gemma4_e2b.drafter-off metric=ttft_ms process=1 run=3 value=587.0000 outlier=false
arm=gemma4_e2b.drafter-off metric=ttft_ms process=1 run=4 value=587.0000 outlier=false
arm=gemma4_e2b.drafter-off metric=ttft_ms process=1 run=5 value=586.0000 outlier=false
arm=gemma4_e2b.drafter-off metric=ttft_ms process=2 run=1 value=586.0000 outlier=false
arm=gemma4_e2b.drafter-off metric=ttft_ms process=2 run=2 value=587.0000 outlier=false
arm=gemma4_e2b.drafter-off metric=ttft_ms process=2 run=3 value=586.0000 outlier=false
arm=gemma4_e2b.drafter-off metric=ttft_ms process=2 run=4 value=586.0000 outlier=false
arm=gemma4_e2b.drafter-off metric=ttft_ms process=2 run=5 value=586.0000 outlier=false
summary arm=gemma4_e2b.drafter-off metric=ttft_ms n_all=15 median_all=586.0000 cov_all_pct=0.07 min_all=586.0000 max_all=587.0000 | n_kept=15 median_kept=586.0000 mad_kept=0.0000 cov_kept_pct=0.07 min_kept=586.0000 max_kept=587.0000
arm=gemma4_e2b.drafter-off metric=wall_ms process=0 run=1 value=2016.9060 outlier=false
arm=gemma4_e2b.drafter-off metric=wall_ms process=0 run=2 value=2022.4030 outlier=true
arm=gemma4_e2b.drafter-off metric=wall_ms process=0 run=3 value=2008.3420 outlier=false
arm=gemma4_e2b.drafter-off metric=wall_ms process=0 run=4 value=2009.1890 outlier=false
arm=gemma4_e2b.drafter-off metric=wall_ms process=0 run=5 value=2020.7620 outlier=false
arm=gemma4_e2b.drafter-off metric=wall_ms process=1 run=1 value=2011.1740 outlier=false
arm=gemma4_e2b.drafter-off metric=wall_ms process=1 run=2 value=2009.3210 outlier=false
arm=gemma4_e2b.drafter-off metric=wall_ms process=1 run=3 value=2012.1520 outlier=false
arm=gemma4_e2b.drafter-off metric=wall_ms process=1 run=4 value=2003.6360 outlier=false
arm=gemma4_e2b.drafter-off metric=wall_ms process=1 run=5 value=2014.7840 outlier=false
arm=gemma4_e2b.drafter-off metric=wall_ms process=2 run=1 value=1996.9500 outlier=false
arm=gemma4_e2b.drafter-off metric=wall_ms process=2 run=2 value=2006.3740 outlier=false
arm=gemma4_e2b.drafter-off metric=wall_ms process=2 run=3 value=2003.9630 outlier=false
arm=gemma4_e2b.drafter-off metric=wall_ms process=2 run=4 value=2007.7630 outlier=false
arm=gemma4_e2b.drafter-off metric=wall_ms process=2 run=5 value=2006.8040 outlier=false
summary arm=gemma4_e2b.drafter-off metric=wall_ms n_all=15 median_all=2009.1890 cov_all_pct=0.32 min_all=1996.9500 max_all=2022.4030 | n_kept=14 median_kept=2008.7655 mad_kept=2.8975 cov_kept_pct=0.29 min_kept=1996.9500 max_kept=2020.7620
arm=gemma4_e2b.drafter-off metric=tokens_generated process=0 run=1 value=128.0000 outlier=false
arm=gemma4_e2b.drafter-off metric=tokens_generated process=0 run=2 value=128.0000 outlier=false
arm=gemma4_e2b.drafter-off metric=tokens_generated process=0 run=3 value=128.0000 outlier=false
arm=gemma4_e2b.drafter-off metric=tokens_generated process=0 run=4 value=128.0000 outlier=false
arm=gemma4_e2b.drafter-off metric=tokens_generated process=0 run=5 value=128.0000 outlier=false
arm=gemma4_e2b.drafter-off metric=tokens_generated process=1 run=1 value=128.0000 outlier=false
arm=gemma4_e2b.drafter-off metric=tokens_generated process=1 run=2 value=128.0000 outlier=false
arm=gemma4_e2b.drafter-off metric=tokens_generated process=1 run=3 value=128.0000 outlier=false
arm=gemma4_e2b.drafter-off metric=tokens_generated process=1 run=4 value=128.0000 outlier=false
arm=gemma4_e2b.drafter-off metric=tokens_generated process=1 run=5 value=128.0000 outlier=false
arm=gemma4_e2b.drafter-off metric=tokens_generated process=2 run=1 value=128.0000 outlier=false
arm=gemma4_e2b.drafter-off metric=tokens_generated process=2 run=2 value=128.0000 outlier=false
arm=gemma4_e2b.drafter-off metric=tokens_generated process=2 run=3 value=128.0000 outlier=false
arm=gemma4_e2b.drafter-off metric=tokens_generated process=2 run=4 value=128.0000 outlier=false
arm=gemma4_e2b.drafter-off metric=tokens_generated process=2 run=5 value=128.0000 outlier=false
summary arm=gemma4_e2b.drafter-off metric=tokens_generated n_all=15 median_all=128.0000 cov_all_pct=0.00 min_all=128.0000 max_all=128.0000 | n_kept=15 median_kept=128.0000 mad_kept=0.0000 cov_kept_pct=0.00 min_kept=128.0000 max_kept=128.0000
arm=gemma4_e2b.drafter-off metric=cpu_ms process=0 run=1 value=178.3260 outlier=false
arm=gemma4_e2b.drafter-off metric=cpu_ms process=0 run=2 value=181.1520 outlier=false
arm=gemma4_e2b.drafter-off metric=cpu_ms process=0 run=3 value=184.5980 outlier=false
arm=gemma4_e2b.drafter-off metric=cpu_ms process=0 run=4 value=205.8780 outlier=true
arm=gemma4_e2b.drafter-off metric=cpu_ms process=0 run=5 value=179.1340 outlier=false
arm=gemma4_e2b.drafter-off metric=cpu_ms process=1 run=1 value=180.4810 outlier=false
arm=gemma4_e2b.drafter-off metric=cpu_ms process=1 run=2 value=183.1580 outlier=false
arm=gemma4_e2b.drafter-off metric=cpu_ms process=1 run=3 value=180.4100 outlier=false
arm=gemma4_e2b.drafter-off metric=cpu_ms process=1 run=4 value=186.5010 outlier=false
arm=gemma4_e2b.drafter-off metric=cpu_ms process=1 run=5 value=180.9800 outlier=false
arm=gemma4_e2b.drafter-off metric=cpu_ms process=2 run=1 value=183.4910 outlier=false
arm=gemma4_e2b.drafter-off metric=cpu_ms process=2 run=2 value=181.3940 outlier=false
arm=gemma4_e2b.drafter-off metric=cpu_ms process=2 run=3 value=181.0080 outlier=false
arm=gemma4_e2b.drafter-off metric=cpu_ms process=2 run=4 value=178.9680 outlier=false
arm=gemma4_e2b.drafter-off metric=cpu_ms process=2 run=5 value=179.9390 outlier=false
summary arm=gemma4_e2b.drafter-off metric=cpu_ms n_all=15 median_all=181.0080 cov_all_pct=3.54 min_all=178.3260 max_all=205.8780 | n_kept=14 median_kept=180.9940 mad_kept=1.4575 cov_kept_pct=1.22 min_kept=178.3260 max_kept=186.5010
arm=gemma4_e2b.drafter-off metric=cpu_pct process=0 run=1 value=8.8400 outlier=false
arm=gemma4_e2b.drafter-off metric=cpu_pct process=0 run=2 value=8.9600 outlier=false
arm=gemma4_e2b.drafter-off metric=cpu_pct process=0 run=3 value=9.1900 outlier=false
arm=gemma4_e2b.drafter-off metric=cpu_pct process=0 run=4 value=10.2500 outlier=true
arm=gemma4_e2b.drafter-off metric=cpu_pct process=0 run=5 value=8.8600 outlier=false
arm=gemma4_e2b.drafter-off metric=cpu_pct process=1 run=1 value=8.9700 outlier=false
arm=gemma4_e2b.drafter-off metric=cpu_pct process=1 run=2 value=9.1200 outlier=false
arm=gemma4_e2b.drafter-off metric=cpu_pct process=1 run=3 value=8.9700 outlier=false
arm=gemma4_e2b.drafter-off metric=cpu_pct process=1 run=4 value=9.3100 outlier=true
arm=gemma4_e2b.drafter-off metric=cpu_pct process=1 run=5 value=8.9800 outlier=false
arm=gemma4_e2b.drafter-off metric=cpu_pct process=2 run=1 value=9.1900 outlier=false
arm=gemma4_e2b.drafter-off metric=cpu_pct process=2 run=2 value=9.0400 outlier=false
arm=gemma4_e2b.drafter-off metric=cpu_pct process=2 run=3 value=9.0300 outlier=false
arm=gemma4_e2b.drafter-off metric=cpu_pct process=2 run=4 value=8.9100 outlier=false
arm=gemma4_e2b.drafter-off metric=cpu_pct process=2 run=5 value=8.9700 outlier=false
summary arm=gemma4_e2b.drafter-off metric=cpu_pct n_all=15 median_all=8.9800 cov_all_pct=3.63 min_all=8.8400 max_all=10.2500 | n_kept=13 median_kept=8.9700 mad_kept=0.0600 cov_kept_pct=1.18 min_kept=8.8400 max_kept=9.1900
arm=gemma4_e2b.drafter-off metric=steady_rss_bytes process=0 run=1 value=3679485952.0000 outlier=false
arm=gemma4_e2b.drafter-off metric=steady_rss_bytes process=0 run=2 value=3681173504.0000 outlier=false
arm=gemma4_e2b.drafter-off metric=steady_rss_bytes process=0 run=3 value=3683188736.0000 outlier=false
arm=gemma4_e2b.drafter-off metric=steady_rss_bytes process=0 run=4 value=3684958208.0000 outlier=false
arm=gemma4_e2b.drafter-off metric=steady_rss_bytes process=0 run=5 value=3686694912.0000 outlier=false
arm=gemma4_e2b.drafter-off metric=steady_rss_bytes process=1 run=1 value=3649912832.0000 outlier=false
arm=gemma4_e2b.drafter-off metric=steady_rss_bytes process=1 run=2 value=3655352320.0000 outlier=false
arm=gemma4_e2b.drafter-off metric=steady_rss_bytes process=1 run=3 value=3676487680.0000 outlier=false
arm=gemma4_e2b.drafter-off metric=steady_rss_bytes process=1 run=4 value=3678273536.0000 outlier=false
arm=gemma4_e2b.drafter-off metric=steady_rss_bytes process=1 run=5 value=3680059392.0000 outlier=false
arm=gemma4_e2b.drafter-off metric=steady_rss_bytes process=2 run=1 value=3646750720.0000 outlier=false
arm=gemma4_e2b.drafter-off metric=steady_rss_bytes process=2 run=2 value=3648749568.0000 outlier=false
arm=gemma4_e2b.drafter-off metric=steady_rss_bytes process=2 run=3 value=3665297408.0000 outlier=false
arm=gemma4_e2b.drafter-off metric=steady_rss_bytes process=2 run=4 value=3669098496.0000 outlier=false
arm=gemma4_e2b.drafter-off metric=steady_rss_bytes process=2 run=5 value=3670917120.0000 outlier=false
summary arm=gemma4_e2b.drafter-off metric=steady_rss_bytes n_all=15 median_all=3676487680.0000 cov_all_pct=0.37 min_all=3646750720.0000 max_all=3686694912.0000 | n_kept=15 median_kept=3676487680.0000 mad_kept=7389184.0000 cov_kept_pct=0.37 min_kept=3646750720.0000 max_kept=3686694912.0000
arm=gemma4_e2b.drafter-off metric=steady_footprint_bytes process=0 run=1 value=367552704.0000 outlier=false
arm=gemma4_e2b.drafter-off metric=steady_footprint_bytes process=0 run=2 value=369141888.0000 outlier=false
arm=gemma4_e2b.drafter-off metric=steady_footprint_bytes process=0 run=3 value=371124416.0000 outlier=false
arm=gemma4_e2b.drafter-off metric=steady_footprint_bytes process=0 run=4 value=372893952.0000 outlier=false
arm=gemma4_e2b.drafter-off metric=steady_footprint_bytes process=0 run=5 value=374581504.0000 outlier=false
arm=gemma4_e2b.drafter-off metric=steady_footprint_bytes process=1 run=1 value=348563712.0000 outlier=false
arm=gemma4_e2b.drafter-off metric=steady_footprint_bytes process=1 run=2 value=350480640.0000 outlier=false
arm=gemma4_e2b.drafter-off metric=steady_footprint_bytes process=1 run=3 value=361425152.0000 outlier=false
arm=gemma4_e2b.drafter-off metric=steady_footprint_bytes process=1 run=4 value=363194624.0000 outlier=false
arm=gemma4_e2b.drafter-off metric=steady_footprint_bytes process=1 run=5 value=364964096.0000 outlier=false
arm=gemma4_e2b.drafter-off metric=steady_footprint_bytes process=2 run=1 value=351725888.0000 outlier=false
arm=gemma4_e2b.drafter-off metric=steady_footprint_bytes process=2 run=2 value=353397056.0000 outlier=false
arm=gemma4_e2b.drafter-off metric=steady_footprint_bytes process=2 run=3 value=347744576.0000 outlier=false
arm=gemma4_e2b.drafter-off metric=steady_footprint_bytes process=2 run=4 value=349481280.0000 outlier=false
arm=gemma4_e2b.drafter-off metric=steady_footprint_bytes process=2 run=5 value=351250752.0000 outlier=false
summary arm=gemma4_e2b.drafter-off metric=steady_footprint_bytes n_all=15 median_all=361425152.0000 cov_all_pct=2.64 min_all=347744576.0000 max_all=374581504.0000 | n_kept=15 median_kept=361425152.0000 mad_kept=9699264.0000 cov_kept_pct=2.64 min_kept=347744576.0000 max_kept=374581504.0000
arm=gemma4_e2b.drafter-off metric=steady_gpu_bytes process=0 run=1 value=3568025600.0000 outlier=false
arm=gemma4_e2b.drafter-off metric=steady_gpu_bytes process=0 run=2 value=3568025600.0000 outlier=false
arm=gemma4_e2b.drafter-off metric=steady_gpu_bytes process=0 run=3 value=3568025600.0000 outlier=false
arm=gemma4_e2b.drafter-off metric=steady_gpu_bytes process=0 run=4 value=3568025600.0000 outlier=false
arm=gemma4_e2b.drafter-off metric=steady_gpu_bytes process=0 run=5 value=3568025600.0000 outlier=false
arm=gemma4_e2b.drafter-off metric=steady_gpu_bytes process=1 run=1 value=3568025600.0000 outlier=false
arm=gemma4_e2b.drafter-off metric=steady_gpu_bytes process=1 run=2 value=3568025600.0000 outlier=false
arm=gemma4_e2b.drafter-off metric=steady_gpu_bytes process=1 run=3 value=3568025600.0000 outlier=false
arm=gemma4_e2b.drafter-off metric=steady_gpu_bytes process=1 run=4 value=3568025600.0000 outlier=false
arm=gemma4_e2b.drafter-off metric=steady_gpu_bytes process=1 run=5 value=3568025600.0000 outlier=false
arm=gemma4_e2b.drafter-off metric=steady_gpu_bytes process=2 run=1 value=3568025600.0000 outlier=false
arm=gemma4_e2b.drafter-off metric=steady_gpu_bytes process=2 run=2 value=3568025600.0000 outlier=false
arm=gemma4_e2b.drafter-off metric=steady_gpu_bytes process=2 run=3 value=3568025600.0000 outlier=false
arm=gemma4_e2b.drafter-off metric=steady_gpu_bytes process=2 run=4 value=3568025600.0000 outlier=false
arm=gemma4_e2b.drafter-off metric=steady_gpu_bytes process=2 run=5 value=3568025600.0000 outlier=false
summary arm=gemma4_e2b.drafter-off metric=steady_gpu_bytes n_all=15 median_all=3568025600.0000 cov_all_pct=0.00 min_all=3568025600.0000 max_all=3568025600.0000 | n_kept=15 median_kept=3568025600.0000 mad_kept=0.0000 cov_kept_pct=0.00 min_kept=3568025600.0000 max_kept=3568025600.0000
memory arm=gemma4_e2b.drafter-off metric=peak_rss_bytes process=0 value=3731292160
memory arm=gemma4_e2b.drafter-off metric=peak_rss_bytes process=1 value=3724623872
memory arm=gemma4_e2b.drafter-off metric=peak_rss_bytes process=2 value=3715514368
summary arm=gemma4_e2b.drafter-off metric=peak_rss_bytes n=3 median=3724623872 max=3731292160
memory arm=gemma4_e2b.drafter-off metric=peak_footprint_bytes process=0 value=420243712
memory arm=gemma4_e2b.drafter-off metric=peak_footprint_bytes process=1 value=410609984
memory arm=gemma4_e2b.drafter-off metric=peak_footprint_bytes process=2 value=408381824
summary arm=gemma4_e2b.drafter-off metric=peak_footprint_bytes n=3 median=410609984 max=420243712
memory arm=gemma4_e2b.drafter-off metric=peak_gpu_bytes process=0 value=3613540352
memory arm=gemma4_e2b.drafter-off metric=peak_gpu_bytes process=1 value=3613540352
memory arm=gemma4_e2b.drafter-off metric=peak_gpu_bytes process=2 value=3614048256
summary arm=gemma4_e2b.drafter-off metric=peak_gpu_bytes n=3 median=3613540352 max=3614048256
extra arm=gemma4_e2b.drafter-off process=0 box_gpu_device_utilization_pct_before_launch=Some(96) (ioreg sampler, box-level, not this process)
extra arm=gemma4_e2b.drafter-off process=0 peers_present_at_exit=[]
extra arm=gemma4_e2b.drafter-off process=1 box_gpu_device_utilization_pct_before_launch=Some(94) (ioreg sampler, box-level, not this process)
extra arm=gemma4_e2b.drafter-off process=1 peers_present_at_exit=[]
extra arm=gemma4_e2b.drafter-off process=2 box_gpu_device_utilization_pct_before_launch=Some(97) (ioreg sampler, box-level, not this process)
extra arm=gemma4_e2b.drafter-off process=2 peers_present_at_exit=[]
arm=granite.drafter-on metric=ms_per_token process=0 run=1 value=6.7290 outlier=false
arm=granite.drafter-on metric=ms_per_token process=0 run=2 value=7.0850 outlier=true
arm=granite.drafter-on metric=ms_per_token process=0 run=3 value=6.7540 outlier=false
arm=granite.drafter-on metric=ms_per_token process=0 run=4 value=6.7600 outlier=false
arm=granite.drafter-on metric=ms_per_token process=0 run=5 value=6.7150 outlier=false
arm=granite.drafter-on metric=ms_per_token process=1 run=1 value=6.7130 outlier=false
arm=granite.drafter-on metric=ms_per_token process=1 run=2 value=6.7410 outlier=false
arm=granite.drafter-on metric=ms_per_token process=1 run=3 value=6.6590 outlier=false
arm=granite.drafter-on metric=ms_per_token process=1 run=4 value=6.8750 outlier=true
arm=granite.drafter-on metric=ms_per_token process=1 run=5 value=6.6820 outlier=false
arm=granite.drafter-on metric=ms_per_token process=2 run=1 value=6.6670 outlier=false
arm=granite.drafter-on metric=ms_per_token process=2 run=2 value=6.6980 outlier=false
arm=granite.drafter-on metric=ms_per_token process=2 run=3 value=6.7090 outlier=false
arm=granite.drafter-on metric=ms_per_token process=2 run=4 value=6.7570 outlier=false
arm=granite.drafter-on metric=ms_per_token process=2 run=5 value=6.7000 outlier=false
summary arm=granite.drafter-on metric=ms_per_token n_all=15 median_all=6.7150 cov_all_pct=1.52 min_all=6.6590 max_all=7.0850 | n_kept=13 median_kept=6.7130 mad_kept=0.0280 cov_kept_pct=0.48 min_kept=6.6590 max_kept=6.7600
arm=granite.drafter-on metric=prefill_ms process=0 run=1 value=213.9990 outlier=true
arm=granite.drafter-on metric=prefill_ms process=0 run=2 value=215.0610 outlier=false
arm=granite.drafter-on metric=prefill_ms process=0 run=3 value=215.0150 outlier=false
arm=granite.drafter-on metric=prefill_ms process=0 run=4 value=215.9660 outlier=true
arm=granite.drafter-on metric=prefill_ms process=0 run=5 value=215.9690 outlier=true
arm=granite.drafter-on metric=prefill_ms process=1 run=1 value=214.9490 outlier=false
arm=granite.drafter-on metric=prefill_ms process=1 run=2 value=215.0340 outlier=false
arm=granite.drafter-on metric=prefill_ms process=1 run=3 value=215.0590 outlier=false
arm=granite.drafter-on metric=prefill_ms process=1 run=4 value=213.9700 outlier=true
arm=granite.drafter-on metric=prefill_ms process=1 run=5 value=214.0060 outlier=true
arm=granite.drafter-on metric=prefill_ms process=2 run=1 value=216.0630 outlier=true
arm=granite.drafter-on metric=prefill_ms process=2 run=2 value=215.0060 outlier=false
arm=granite.drafter-on metric=prefill_ms process=2 run=3 value=214.9830 outlier=false
arm=granite.drafter-on metric=prefill_ms process=2 run=4 value=215.0350 outlier=false
arm=granite.drafter-on metric=prefill_ms process=2 run=5 value=214.9460 outlier=false
summary arm=granite.drafter-on metric=prefill_ms n_all=15 median_all=215.0150 cov_all_pct=0.30 min_all=213.9700 max_all=216.0630 | n_kept=9 median_kept=215.0150 mad_kept=0.0320 cov_kept_pct=0.02 min_kept=214.9460 max_kept=215.0610
arm=granite.drafter-on metric=ttft_ms process=0 run=1 value=214.0000 outlier=false
arm=granite.drafter-on metric=ttft_ms process=0 run=2 value=215.0000 outlier=false
arm=granite.drafter-on metric=ttft_ms process=0 run=3 value=215.0000 outlier=false
arm=granite.drafter-on metric=ttft_ms process=0 run=4 value=216.0000 outlier=false
arm=granite.drafter-on metric=ttft_ms process=0 run=5 value=216.0000 outlier=false
arm=granite.drafter-on metric=ttft_ms process=1 run=1 value=215.0000 outlier=false
arm=granite.drafter-on metric=ttft_ms process=1 run=2 value=215.0000 outlier=false
arm=granite.drafter-on metric=ttft_ms process=1 run=3 value=215.0000 outlier=false
arm=granite.drafter-on metric=ttft_ms process=1 run=4 value=214.0000 outlier=false
arm=granite.drafter-on metric=ttft_ms process=1 run=5 value=214.0000 outlier=false
arm=granite.drafter-on metric=ttft_ms process=2 run=1 value=216.0000 outlier=false
arm=granite.drafter-on metric=ttft_ms process=2 run=2 value=215.0000 outlier=false
arm=granite.drafter-on metric=ttft_ms process=2 run=3 value=215.0000 outlier=false
arm=granite.drafter-on metric=ttft_ms process=2 run=4 value=215.0000 outlier=false
arm=granite.drafter-on metric=ttft_ms process=2 run=5 value=215.0000 outlier=false
summary arm=granite.drafter-on metric=ttft_ms n_all=15 median_all=215.0000 cov_all_pct=0.29 min_all=214.0000 max_all=216.0000 | n_kept=15 median_kept=215.0000 mad_kept=0.0000 cov_kept_pct=0.29 min_kept=214.0000 max_kept=216.0000
arm=granite.drafter-on metric=wall_ms process=0 run=1 value=1068.5820 outlier=false
arm=granite.drafter-on metric=wall_ms process=0 run=2 value=1114.8560 outlier=true
arm=granite.drafter-on metric=wall_ms process=0 run=3 value=1072.7730 outlier=false
arm=granite.drafter-on metric=wall_ms process=0 run=4 value=1074.4860 outlier=false
arm=granite.drafter-on metric=wall_ms process=0 run=5 value=1068.7740 outlier=false
arm=granite.drafter-on metric=wall_ms process=1 run=1 value=1067.5000 outlier=false
arm=granite.drafter-on metric=wall_ms process=1 run=2 value=1071.1410 outlier=false
arm=granite.drafter-on metric=wall_ms process=1 run=3 value=1060.7520 outlier=false
arm=granite.drafter-on metric=wall_ms process=1 run=4 value=1087.0950 outlier=false
arm=granite.drafter-on metric=wall_ms process=1 run=5 value=1062.6200 outlier=false
arm=granite.drafter-on metric=wall_ms process=2 run=1 value=1062.7720 outlier=false
arm=granite.drafter-on metric=wall_ms process=2 run=2 value=1065.6520 outlier=false
arm=granite.drafter-on metric=wall_ms process=2 run=3 value=1067.0260 outlier=false
arm=granite.drafter-on metric=wall_ms process=2 run=4 value=1073.1740 outlier=false
arm=granite.drafter-on metric=wall_ms process=2 run=5 value=1065.8460 outlier=false
summary arm=granite.drafter-on metric=wall_ms n_all=15 median_all=1068.5820 cov_all_pct=1.21 min_all=1060.7520 max_all=1114.8560 | n_kept=14 median_kept=1068.0410 mad_kept=3.9160 cov_kept_pct=0.60 min_kept=1060.7520 max_kept=1087.0950
arm=granite.drafter-on metric=tokens_generated process=0 run=1 value=128.0000 outlier=false
arm=granite.drafter-on metric=tokens_generated process=0 run=2 value=128.0000 outlier=false
arm=granite.drafter-on metric=tokens_generated process=0 run=3 value=128.0000 outlier=false
arm=granite.drafter-on metric=tokens_generated process=0 run=4 value=128.0000 outlier=false
arm=granite.drafter-on metric=tokens_generated process=0 run=5 value=128.0000 outlier=false
arm=granite.drafter-on metric=tokens_generated process=1 run=1 value=128.0000 outlier=false
arm=granite.drafter-on metric=tokens_generated process=1 run=2 value=128.0000 outlier=false
arm=granite.drafter-on metric=tokens_generated process=1 run=3 value=128.0000 outlier=false
arm=granite.drafter-on metric=tokens_generated process=1 run=4 value=128.0000 outlier=false
arm=granite.drafter-on metric=tokens_generated process=1 run=5 value=128.0000 outlier=false
arm=granite.drafter-on metric=tokens_generated process=2 run=1 value=128.0000 outlier=false
arm=granite.drafter-on metric=tokens_generated process=2 run=2 value=128.0000 outlier=false
arm=granite.drafter-on metric=tokens_generated process=2 run=3 value=128.0000 outlier=false
arm=granite.drafter-on metric=tokens_generated process=2 run=4 value=128.0000 outlier=false
arm=granite.drafter-on metric=tokens_generated process=2 run=5 value=128.0000 outlier=false
summary arm=granite.drafter-on metric=tokens_generated n_all=15 median_all=128.0000 cov_all_pct=0.00 min_all=128.0000 max_all=128.0000 | n_kept=15 median_kept=128.0000 mad_kept=0.0000 cov_kept_pct=0.00 min_kept=128.0000 max_kept=128.0000
arm=granite.drafter-on metric=cpu_ms process=0 run=1 value=157.8340 outlier=false
arm=granite.drafter-on metric=cpu_ms process=0 run=2 value=163.7440 outlier=false
arm=granite.drafter-on metric=cpu_ms process=0 run=3 value=166.1840 outlier=false
arm=granite.drafter-on metric=cpu_ms process=0 run=4 value=162.4390 outlier=false
arm=granite.drafter-on metric=cpu_ms process=0 run=5 value=165.1970 outlier=false
arm=granite.drafter-on metric=cpu_ms process=1 run=1 value=163.5590 outlier=false
arm=granite.drafter-on metric=cpu_ms process=1 run=2 value=163.4310 outlier=false
arm=granite.drafter-on metric=cpu_ms process=1 run=3 value=162.8890 outlier=false
arm=granite.drafter-on metric=cpu_ms process=1 run=4 value=167.9680 outlier=false
arm=granite.drafter-on metric=cpu_ms process=1 run=5 value=163.9660 outlier=false
arm=granite.drafter-on metric=cpu_ms process=2 run=1 value=158.2630 outlier=false
arm=granite.drafter-on metric=cpu_ms process=2 run=2 value=160.7730 outlier=false
arm=granite.drafter-on metric=cpu_ms process=2 run=3 value=165.1470 outlier=false
arm=granite.drafter-on metric=cpu_ms process=2 run=4 value=176.1570 outlier=true
arm=granite.drafter-on metric=cpu_ms process=2 run=5 value=162.7390 outlier=false
summary arm=granite.drafter-on metric=cpu_ms n_all=15 median_all=163.5590 cov_all_pct=2.53 min_all=157.8340 max_all=176.1570 | n_kept=14 median_kept=163.4950 mad_kept=1.3540 cov_kept_pct=1.64 min_kept=157.8340 max_kept=167.9680
arm=granite.drafter-on metric=cpu_pct process=0 run=1 value=14.7700 outlier=false
arm=granite.drafter-on metric=cpu_pct process=0 run=2 value=14.6900 outlier=false
arm=granite.drafter-on metric=cpu_pct process=0 run=3 value=15.4900 outlier=false
arm=granite.drafter-on metric=cpu_pct process=0 run=4 value=15.1200 outlier=false
arm=granite.drafter-on metric=cpu_pct process=0 run=5 value=15.4600 outlier=false
arm=granite.drafter-on metric=cpu_pct process=1 run=1 value=15.3200 outlier=false
arm=granite.drafter-on metric=cpu_pct process=1 run=2 value=15.2600 outlier=false
arm=granite.drafter-on metric=cpu_pct process=1 run=3 value=15.3600 outlier=false
arm=granite.drafter-on metric=cpu_pct process=1 run=4 value=15.4500 outlier=false
arm=granite.drafter-on metric=cpu_pct process=1 run=5 value=15.4300 outlier=false
arm=granite.drafter-on metric=cpu_pct process=2 run=1 value=14.8900 outlier=false
arm=granite.drafter-on metric=cpu_pct process=2 run=2 value=15.0900 outlier=false
arm=granite.drafter-on metric=cpu_pct process=2 run=3 value=15.4800 outlier=false
arm=granite.drafter-on metric=cpu_pct process=2 run=4 value=16.4100 outlier=true
arm=granite.drafter-on metric=cpu_pct process=2 run=5 value=15.2700 outlier=false
summary arm=granite.drafter-on metric=cpu_pct n_all=15 median_all=15.3200 cov_all_pct=2.54 min_all=14.6900 max_all=16.4100 | n_kept=14 median_kept=15.2950 mad_kept=0.1700 cov_kept_pct=1.71 min_kept=14.6900 max_kept=15.4900
arm=granite.drafter-on metric=steady_rss_bytes process=0 run=1 value=1737900032.0000 outlier=false
arm=granite.drafter-on metric=steady_rss_bytes process=0 run=2 value=1854799872.0000 outlier=false
arm=granite.drafter-on metric=steady_rss_bytes process=0 run=3 value=1968013312.0000 outlier=false
arm=granite.drafter-on metric=steady_rss_bytes process=0 run=4 value=1971109888.0000 outlier=false
arm=granite.drafter-on metric=steady_rss_bytes process=0 run=5 value=1972862976.0000 outlier=false
arm=granite.drafter-on metric=steady_rss_bytes process=1 run=1 value=1745125376.0000 outlier=false
arm=granite.drafter-on metric=steady_rss_bytes process=1 run=2 value=1859616768.0000 outlier=false
arm=granite.drafter-on metric=steady_rss_bytes process=1 run=3 value=1861386240.0000 outlier=false
arm=granite.drafter-on metric=steady_rss_bytes process=1 run=4 value=1865170944.0000 outlier=false
arm=granite.drafter-on metric=steady_rss_bytes process=1 run=5 value=1870905344.0000 outlier=false
arm=granite.drafter-on metric=steady_rss_bytes process=2 run=1 value=1742290944.0000 outlier=false
arm=granite.drafter-on metric=steady_rss_bytes process=2 run=2 value=1855504384.0000 outlier=false
arm=granite.drafter-on metric=steady_rss_bytes process=2 run=3 value=1972043776.0000 outlier=false
arm=granite.drafter-on metric=steady_rss_bytes process=2 run=4 value=1976090624.0000 outlier=false
arm=granite.drafter-on metric=steady_rss_bytes process=2 run=5 value=1977942016.0000 outlier=false
summary arm=granite.drafter-on metric=steady_rss_bytes n_all=15 median_all=1865170944.0000 cov_all_pct=4.58 min_all=1737900032.0000 max_all=1977942016.0000 | n_kept=15 median_kept=1865170944.0000 mad_kept=105938944.0000 cov_kept_pct=4.58 min_kept=1737900032.0000 max_kept=1977942016.0000
arm=granite.drafter-on metric=steady_footprint_bytes process=0 run=1 value=233591808.0000 outlier=false
arm=granite.drafter-on metric=steady_footprint_bytes process=0 run=2 value=235771200.0000 outlier=false
arm=granite.drafter-on metric=steady_footprint_bytes process=0 run=3 value=235607424.0000 outlier=false
arm=granite.drafter-on metric=steady_footprint_bytes process=0 run=4 value=237065792.0000 outlier=false
arm=granite.drafter-on metric=steady_footprint_bytes process=0 run=5 value=238753216.0000 outlier=false
arm=granite.drafter-on metric=steady_footprint_bytes process=1 run=1 value=236655808.0000 outlier=false
arm=granite.drafter-on metric=steady_footprint_bytes process=1 run=2 value=238327040.0000 outlier=false
arm=granite.drafter-on metric=steady_footprint_bytes process=1 run=3 value=240096640.0000 outlier=false
arm=granite.drafter-on metric=steady_footprint_bytes process=1 run=4 value=242619712.0000 outlier=false
arm=granite.drafter-on metric=steady_footprint_bytes process=1 run=5 value=245454336.0000 outlier=true
arm=granite.drafter-on metric=steady_footprint_bytes process=2 run=1 value=234099904.0000 outlier=false
arm=granite.drafter-on metric=steady_footprint_bytes process=2 run=2 value=236295552.0000 outlier=false
arm=granite.drafter-on metric=steady_footprint_bytes process=2 run=3 value=236771008.0000 outlier=false
arm=granite.drafter-on metric=steady_footprint_bytes process=2 run=4 value=238573184.0000 outlier=false
arm=granite.drafter-on metric=steady_footprint_bytes process=2 run=5 value=240424640.0000 outlier=false
summary arm=granite.drafter-on metric=steady_footprint_bytes n_all=15 median_all=237065792.0000 cov_all_pct=1.29 min_all=233591808.0000 max_all=245454336.0000 | n_kept=14 median_kept=236918400.0000 mad_kept=1531712.0000 cov_kept_pct=1.01 min_kept=233591808.0000 max_kept=242619712.0000
arm=granite.drafter-on metric=steady_gpu_bytes process=0 run=1 value=1605173248.0000 outlier=false
arm=granite.drafter-on metric=steady_gpu_bytes process=0 run=2 value=1605173248.0000 outlier=false
arm=granite.drafter-on metric=steady_gpu_bytes process=0 run=3 value=1605173248.0000 outlier=false
arm=granite.drafter-on metric=steady_gpu_bytes process=0 run=4 value=1605173248.0000 outlier=false
arm=granite.drafter-on metric=steady_gpu_bytes process=0 run=5 value=1605173248.0000 outlier=false
arm=granite.drafter-on metric=steady_gpu_bytes process=1 run=1 value=1605173248.0000 outlier=false
arm=granite.drafter-on metric=steady_gpu_bytes process=1 run=2 value=1605173248.0000 outlier=false
arm=granite.drafter-on metric=steady_gpu_bytes process=1 run=3 value=1605173248.0000 outlier=false
arm=granite.drafter-on metric=steady_gpu_bytes process=1 run=4 value=1605173248.0000 outlier=false
arm=granite.drafter-on metric=steady_gpu_bytes process=1 run=5 value=1605173248.0000 outlier=false
arm=granite.drafter-on metric=steady_gpu_bytes process=2 run=1 value=1605173248.0000 outlier=false
arm=granite.drafter-on metric=steady_gpu_bytes process=2 run=2 value=1605173248.0000 outlier=false
arm=granite.drafter-on metric=steady_gpu_bytes process=2 run=3 value=1605173248.0000 outlier=false
arm=granite.drafter-on metric=steady_gpu_bytes process=2 run=4 value=1605173248.0000 outlier=false
arm=granite.drafter-on metric=steady_gpu_bytes process=2 run=5 value=1605173248.0000 outlier=false
summary arm=granite.drafter-on metric=steady_gpu_bytes n_all=15 median_all=1605173248.0000 cov_all_pct=0.00 min_all=1605173248.0000 max_all=1605173248.0000 | n_kept=15 median_kept=1605173248.0000 mad_kept=0.0000 cov_kept_pct=0.00 min_kept=1605173248.0000 max_kept=1605173248.0000
memory arm=granite.drafter-on metric=peak_rss_bytes process=0 value=2089009152
memory arm=granite.drafter-on metric=peak_rss_bytes process=1 value=1987035136
memory arm=granite.drafter-on metric=peak_rss_bytes process=2 value=2094039040
summary arm=granite.drafter-on metric=peak_rss_bytes n=3 median=2089009152 max=2094039040
memory arm=granite.drafter-on metric=peak_footprint_bytes process=0 value=355948160
memory arm=granite.drafter-on metric=peak_footprint_bytes process=1 value=362616384
memory arm=granite.drafter-on metric=peak_footprint_bytes process=2 value=357553984
summary arm=granite.drafter-on metric=peak_footprint_bytes n=3 median=357553984 max=362616384
memory arm=granite.drafter-on metric=peak_gpu_bytes process=0 value=1722761216
memory arm=granite.drafter-on metric=peak_gpu_bytes process=1 value=1722957824
memory arm=granite.drafter-on metric=peak_gpu_bytes process=2 value=1722957824
summary arm=granite.drafter-on metric=peak_gpu_bytes n=3 median=1722957824 max=1722957824
extra arm=granite.drafter-on process=0 box_gpu_device_utilization_pct_before_launch=Some(96) (ioreg sampler, box-level, not this process)
extra arm=granite.drafter-on process=0 peers_present_at_exit=[]
extra arm=granite.drafter-on process=1 box_gpu_device_utilization_pct_before_launch=Some(95) (ioreg sampler, box-level, not this process)
extra arm=granite.drafter-on process=1 peers_present_at_exit=[]
extra arm=granite.drafter-on process=2 box_gpu_device_utilization_pct_before_launch=Some(97) (ioreg sampler, box-level, not this process)
extra arm=granite.drafter-on process=2 peers_present_at_exit=[]
arm=granite.drafter-off metric=ms_per_token process=0 run=1 value=6.7080 outlier=false
arm=granite.drafter-off metric=ms_per_token process=0 run=2 value=6.7200 outlier=false
arm=granite.drafter-off metric=ms_per_token process=0 run=3 value=6.7870 outlier=false
arm=granite.drafter-off metric=ms_per_token process=0 run=4 value=6.8300 outlier=false
arm=granite.drafter-off metric=ms_per_token process=0 run=5 value=6.7870 outlier=false
arm=granite.drafter-off metric=ms_per_token process=1 run=1 value=6.7180 outlier=false
arm=granite.drafter-off metric=ms_per_token process=1 run=2 value=6.6880 outlier=false
arm=granite.drafter-off metric=ms_per_token process=1 run=3 value=6.7090 outlier=false
arm=granite.drafter-off metric=ms_per_token process=1 run=4 value=6.6760 outlier=false
arm=granite.drafter-off metric=ms_per_token process=1 run=5 value=6.6920 outlier=false
arm=granite.drafter-off metric=ms_per_token process=2 run=1 value=6.7430 outlier=false
arm=granite.drafter-off metric=ms_per_token process=2 run=2 value=6.6540 outlier=false
arm=granite.drafter-off metric=ms_per_token process=2 run=3 value=6.5910 outlier=false
arm=granite.drafter-off metric=ms_per_token process=2 run=4 value=6.7580 outlier=false
arm=granite.drafter-off metric=ms_per_token process=2 run=5 value=6.8390 outlier=false
summary arm=granite.drafter-off metric=ms_per_token n_all=15 median_all=6.7180 cov_all_pct=0.95 min_all=6.5910 max_all=6.8390 | n_kept=15 median_kept=6.7180 mad_kept=0.0400 cov_kept_pct=0.95 min_kept=6.5910 max_kept=6.8390
arm=granite.drafter-off metric=prefill_ms process=0 run=1 value=214.9810 outlier=false
arm=granite.drafter-off metric=prefill_ms process=0 run=2 value=214.9480 outlier=false
arm=granite.drafter-off metric=prefill_ms process=0 run=3 value=216.0330 outlier=false
arm=granite.drafter-off metric=prefill_ms process=0 run=4 value=215.0170 outlier=false
arm=granite.drafter-off metric=prefill_ms process=0 run=5 value=214.9500 outlier=false
arm=granite.drafter-off metric=prefill_ms process=1 run=1 value=213.9750 outlier=false
arm=granite.drafter-off metric=prefill_ms process=1 run=2 value=214.0390 outlier=false
arm=granite.drafter-off metric=prefill_ms process=1 run=3 value=214.0270 outlier=false
arm=granite.drafter-off metric=prefill_ms process=1 run=4 value=214.9790 outlier=false
arm=granite.drafter-off metric=prefill_ms process=1 run=5 value=214.9830 outlier=false
arm=granite.drafter-off metric=prefill_ms process=2 run=1 value=213.9690 outlier=false
arm=granite.drafter-off metric=prefill_ms process=2 run=2 value=215.0130 outlier=false
arm=granite.drafter-off metric=prefill_ms process=2 run=3 value=214.0080 outlier=false
arm=granite.drafter-off metric=prefill_ms process=2 run=4 value=213.9960 outlier=false
arm=granite.drafter-off metric=prefill_ms process=2 run=5 value=213.9410 outlier=false
summary arm=granite.drafter-off metric=prefill_ms n_all=15 median_all=214.9480 cov_all_pct=0.29 min_all=213.9410 max_all=216.0330 | n_kept=15 median_kept=214.9480 mad_kept=0.9090 cov_kept_pct=0.29 min_kept=213.9410 max_kept=216.0330
arm=granite.drafter-off metric=ttft_ms process=0 run=1 value=215.0000 outlier=false
arm=granite.drafter-off metric=ttft_ms process=0 run=2 value=215.0000 outlier=false
arm=granite.drafter-off metric=ttft_ms process=0 run=3 value=216.0000 outlier=false
arm=granite.drafter-off metric=ttft_ms process=0 run=4 value=215.0000 outlier=false
arm=granite.drafter-off metric=ttft_ms process=0 run=5 value=215.0000 outlier=false
arm=granite.drafter-off metric=ttft_ms process=1 run=1 value=214.0000 outlier=false
arm=granite.drafter-off metric=ttft_ms process=1 run=2 value=214.0000 outlier=false
arm=granite.drafter-off metric=ttft_ms process=1 run=3 value=214.0000 outlier=false
arm=granite.drafter-off metric=ttft_ms process=1 run=4 value=215.0000 outlier=false
arm=granite.drafter-off metric=ttft_ms process=1 run=5 value=215.0000 outlier=false
arm=granite.drafter-off metric=ttft_ms process=2 run=1 value=214.0000 outlier=false
arm=granite.drafter-off metric=ttft_ms process=2 run=2 value=215.0000 outlier=false
arm=granite.drafter-off metric=ttft_ms process=2 run=3 value=214.0000 outlier=false
arm=granite.drafter-off metric=ttft_ms process=2 run=4 value=214.0000 outlier=false
arm=granite.drafter-off metric=ttft_ms process=2 run=5 value=214.0000 outlier=false
summary arm=granite.drafter-off metric=ttft_ms n_all=15 median_all=215.0000 cov_all_pct=0.28 min_all=214.0000 max_all=216.0000 | n_kept=15 median_kept=215.0000 mad_kept=1.0000 cov_kept_pct=0.28 min_kept=214.0000 max_kept=216.0000
arm=granite.drafter-off metric=wall_ms process=0 run=1 value=1066.8970 outlier=false
arm=granite.drafter-off metric=wall_ms process=0 run=2 value=1068.3880 outlier=false
arm=granite.drafter-off metric=wall_ms process=0 run=3 value=1077.9820 outlier=false
arm=granite.drafter-off metric=wall_ms process=0 run=4 value=1082.4270 outlier=false
arm=granite.drafter-off metric=wall_ms process=0 run=5 value=1076.8990 outlier=false
arm=granite.drafter-off metric=wall_ms process=1 run=1 value=1067.1610 outlier=false
arm=granite.drafter-off metric=wall_ms process=1 run=2 value=1063.4150 outlier=false
arm=granite.drafter-off metric=wall_ms process=1 run=3 value=1066.0700 outlier=false
arm=granite.drafter-off metric=wall_ms process=1 run=4 value=1062.8310 outlier=false
arm=granite.drafter-off metric=wall_ms process=1 run=5 value=1064.8670 outlier=false
arm=granite.drafter-off metric=wall_ms process=2 run=1 value=1070.3300 outlier=false
arm=granite.drafter-off metric=wall_ms process=2 run=2 value=1060.0710 outlier=false
arm=granite.drafter-off metric=wall_ms process=2 run=3 value=1051.0650 outlier=false
arm=granite.drafter-off metric=wall_ms process=2 run=4 value=1072.2620 outlier=false
arm=granite.drafter-off metric=wall_ms process=2 run=5 value=1082.4940 outlier=false
summary arm=granite.drafter-off metric=wall_ms n_all=15 median_all=1067.1610 cov_all_pct=0.77 min_all=1051.0650 max_all=1082.4940 | n_kept=15 median_kept=1067.1610 mad_kept=4.3300 cov_kept_pct=0.77 min_kept=1051.0650 max_kept=1082.4940
arm=granite.drafter-off metric=tokens_generated process=0 run=1 value=128.0000 outlier=false
arm=granite.drafter-off metric=tokens_generated process=0 run=2 value=128.0000 outlier=false
arm=granite.drafter-off metric=tokens_generated process=0 run=3 value=128.0000 outlier=false
arm=granite.drafter-off metric=tokens_generated process=0 run=4 value=128.0000 outlier=false
arm=granite.drafter-off metric=tokens_generated process=0 run=5 value=128.0000 outlier=false
arm=granite.drafter-off metric=tokens_generated process=1 run=1 value=128.0000 outlier=false
arm=granite.drafter-off metric=tokens_generated process=1 run=2 value=128.0000 outlier=false
arm=granite.drafter-off metric=tokens_generated process=1 run=3 value=128.0000 outlier=false
arm=granite.drafter-off metric=tokens_generated process=1 run=4 value=128.0000 outlier=false
arm=granite.drafter-off metric=tokens_generated process=1 run=5 value=128.0000 outlier=false
arm=granite.drafter-off metric=tokens_generated process=2 run=1 value=128.0000 outlier=false
arm=granite.drafter-off metric=tokens_generated process=2 run=2 value=128.0000 outlier=false
arm=granite.drafter-off metric=tokens_generated process=2 run=3 value=128.0000 outlier=false
arm=granite.drafter-off metric=tokens_generated process=2 run=4 value=128.0000 outlier=false
arm=granite.drafter-off metric=tokens_generated process=2 run=5 value=128.0000 outlier=false
summary arm=granite.drafter-off metric=tokens_generated n_all=15 median_all=128.0000 cov_all_pct=0.00 min_all=128.0000 max_all=128.0000 | n_kept=15 median_kept=128.0000 mad_kept=0.0000 cov_kept_pct=0.00 min_kept=128.0000 max_kept=128.0000
arm=granite.drafter-off metric=cpu_ms process=0 run=1 value=158.8300 outlier=false
arm=granite.drafter-off metric=cpu_ms process=0 run=2 value=161.3850 outlier=false
arm=granite.drafter-off metric=cpu_ms process=0 run=3 value=170.4230 outlier=false
arm=granite.drafter-off metric=cpu_ms process=0 run=4 value=182.7800 outlier=false
arm=granite.drafter-off metric=cpu_ms process=0 run=5 value=174.6610 outlier=false
arm=granite.drafter-off metric=cpu_ms process=1 run=1 value=163.5800 outlier=false
arm=granite.drafter-off metric=cpu_ms process=1 run=2 value=167.5380 outlier=false
arm=granite.drafter-off metric=cpu_ms process=1 run=3 value=161.8890 outlier=false
arm=granite.drafter-off metric=cpu_ms process=1 run=4 value=170.3520 outlier=false
arm=granite.drafter-off metric=cpu_ms process=1 run=5 value=166.7440 outlier=false
arm=granite.drafter-off metric=cpu_ms process=2 run=1 value=189.6010 outlier=false
arm=granite.drafter-off metric=cpu_ms process=2 run=2 value=173.1600 outlier=false
arm=granite.drafter-off metric=cpu_ms process=2 run=3 value=168.5240 outlier=false
arm=granite.drafter-off metric=cpu_ms process=2 run=4 value=181.6440 outlier=false
arm=granite.drafter-off metric=cpu_ms process=2 run=5 value=181.8840 outlier=false
summary arm=granite.drafter-off metric=cpu_ms n_all=15 median_all=170.3520 cov_all_pct=5.10 min_all=158.8300 max_all=189.6010 | n_kept=15 median_kept=170.3520 mad_kept=6.7720 cov_kept_pct=5.10 min_kept=158.8300 max_kept=189.6010
arm=granite.drafter-off metric=cpu_pct process=0 run=1 value=14.8900 outlier=false
arm=granite.drafter-off metric=cpu_pct process=0 run=2 value=15.1100 outlier=false
arm=granite.drafter-off metric=cpu_pct process=0 run=3 value=15.8100 outlier=false
arm=granite.drafter-off metric=cpu_pct process=0 run=4 value=16.8900 outlier=false
arm=granite.drafter-off metric=cpu_pct process=0 run=5 value=16.2200 outlier=false
arm=granite.drafter-off metric=cpu_pct process=1 run=1 value=15.3300 outlier=false
arm=granite.drafter-off metric=cpu_pct process=1 run=2 value=15.7500 outlier=false
arm=granite.drafter-off metric=cpu_pct process=1 run=3 value=15.1900 outlier=false
arm=granite.drafter-off metric=cpu_pct process=1 run=4 value=16.0300 outlier=false
arm=granite.drafter-off metric=cpu_pct process=1 run=5 value=15.6600 outlier=false
arm=granite.drafter-off metric=cpu_pct process=2 run=1 value=17.7100 outlier=false
arm=granite.drafter-off metric=cpu_pct process=2 run=2 value=16.3300 outlier=false
arm=granite.drafter-off metric=cpu_pct process=2 run=3 value=16.0300 outlier=false
arm=granite.drafter-off metric=cpu_pct process=2 run=4 value=16.9400 outlier=false
arm=granite.drafter-off metric=cpu_pct process=2 run=5 value=16.8000 outlier=false
summary arm=granite.drafter-off metric=cpu_pct n_all=15 median_all=16.0300 cov_all_pct=4.75 min_all=14.8900 max_all=17.7100 | n_kept=15 median_kept=16.0300 mad_kept=0.7000 cov_kept_pct=4.75 min_kept=14.8900 max_kept=17.7100
arm=granite.drafter-off metric=steady_rss_bytes process=0 run=1 value=1734574080.0000 outlier=true
arm=granite.drafter-off metric=steady_rss_bytes process=0 run=2 value=1850179584.0000 outlier=false
arm=granite.drafter-off metric=steady_rss_bytes process=0 run=3 value=1853227008.0000 outlier=false
arm=granite.drafter-off metric=steady_rss_bytes process=0 run=4 value=1855127552.0000 outlier=false
arm=granite.drafter-off metric=steady_rss_bytes process=0 run=5 value=1856946176.0000 outlier=false
arm=granite.drafter-off metric=steady_rss_bytes process=1 run=1 value=1739964416.0000 outlier=true
arm=granite.drafter-off metric=steady_rss_bytes process=1 run=2 value=1742667776.0000 outlier=true
arm=granite.drafter-off metric=steady_rss_bytes process=1 run=3 value=1857847296.0000 outlier=false
arm=granite.drafter-off metric=steady_rss_bytes process=1 run=4 value=1860075520.0000 outlier=false
arm=granite.drafter-off metric=steady_rss_bytes process=1 run=5 value=1864466432.0000 outlier=false
arm=granite.drafter-off metric=steady_rss_bytes process=2 run=1 value=1741504512.0000 outlier=true
arm=granite.drafter-off metric=steady_rss_bytes process=2 run=2 value=1744650240.0000 outlier=true
arm=granite.drafter-off metric=steady_rss_bytes process=2 run=3 value=1859764224.0000 outlier=false
arm=granite.drafter-off metric=steady_rss_bytes process=2 run=4 value=1973993472.0000 outlier=true
arm=granite.drafter-off metric=steady_rss_bytes process=2 run=5 value=1975861248.0000 outlier=true
summary arm=granite.drafter-off metric=steady_rss_bytes n_all=15 median_all=1855127552.0000 cov_all_pct=4.17 min_all=1734574080.0000 max_all=1975861248.0000 | n_kept=8 median_kept=1857396736.0000 mad_kept=2523136.0000 cov_kept_pct=0.22 min_kept=1850179584.0000 max_kept=1864466432.0000
arm=granite.drafter-off metric=steady_footprint_bytes process=0 run=1 value=236000512.0000 outlier=false
arm=granite.drafter-off metric=steady_footprint_bytes process=0 run=2 value=237819264.0000 outlier=false
arm=granite.drafter-off metric=steady_footprint_bytes process=0 run=3 value=239539712.0000 outlier=false
arm=granite.drafter-off metric=steady_footprint_bytes process=0 run=4 value=241374592.0000 outlier=false
arm=granite.drafter-off metric=steady_footprint_bytes process=0 run=5 value=243226112.0000 outlier=false
arm=granite.drafter-off metric=steady_footprint_bytes process=1 run=1 value=234509504.0000 outlier=false
arm=granite.drafter-off metric=steady_footprint_bytes process=1 run=2 value=235689152.0000 outlier=false
arm=granite.drafter-off metric=steady_footprint_bytes process=1 run=3 value=237278592.0000 outlier=false
arm=granite.drafter-off metric=steady_footprint_bytes process=1 run=4 value=238785920.0000 outlier=false
arm=granite.drafter-off metric=steady_footprint_bytes process=1 run=5 value=240145792.0000 outlier=false
arm=granite.drafter-off metric=steady_footprint_bytes process=2 run=1 value=234018048.0000 outlier=false
arm=granite.drafter-off metric=steady_footprint_bytes process=2 run=2 value=235672832.0000 outlier=false
arm=granite.drafter-off metric=steady_footprint_bytes process=2 run=3 value=237196736.0000 outlier=false
arm=granite.drafter-off metric=steady_footprint_bytes process=2 run=4 value=237999808.0000 outlier=false
arm=granite.drafter-off metric=steady_footprint_bytes process=2 run=5 value=238524096.0000 outlier=false
summary arm=granite.drafter-off metric=steady_footprint_bytes n_all=15 median_all=237819264.0000 cov_all_pct=1.03 min_all=234018048.0000 max_all=243226112.0000 | n_kept=15 median_kept=237819264.0000 mad_kept=1818752.0000 cov_kept_pct=1.03 min_kept=234018048.0000 max_kept=243226112.0000
arm=granite.drafter-off metric=steady_gpu_bytes process=0 run=1 value=1605173248.0000 outlier=false
arm=granite.drafter-off metric=steady_gpu_bytes process=0 run=2 value=1605173248.0000 outlier=false
arm=granite.drafter-off metric=steady_gpu_bytes process=0 run=3 value=1605173248.0000 outlier=false
arm=granite.drafter-off metric=steady_gpu_bytes process=0 run=4 value=1605173248.0000 outlier=false
arm=granite.drafter-off metric=steady_gpu_bytes process=0 run=5 value=1605173248.0000 outlier=false
arm=granite.drafter-off metric=steady_gpu_bytes process=1 run=1 value=1605173248.0000 outlier=false
arm=granite.drafter-off metric=steady_gpu_bytes process=1 run=2 value=1605173248.0000 outlier=false
arm=granite.drafter-off metric=steady_gpu_bytes process=1 run=3 value=1605173248.0000 outlier=false
arm=granite.drafter-off metric=steady_gpu_bytes process=1 run=4 value=1605173248.0000 outlier=false
arm=granite.drafter-off metric=steady_gpu_bytes process=1 run=5 value=1605173248.0000 outlier=false
arm=granite.drafter-off metric=steady_gpu_bytes process=2 run=1 value=1605173248.0000 outlier=false
arm=granite.drafter-off metric=steady_gpu_bytes process=2 run=2 value=1605173248.0000 outlier=false
arm=granite.drafter-off metric=steady_gpu_bytes process=2 run=3 value=1605173248.0000 outlier=false
arm=granite.drafter-off metric=steady_gpu_bytes process=2 run=4 value=1605173248.0000 outlier=false
arm=granite.drafter-off metric=steady_gpu_bytes process=2 run=5 value=1605173248.0000 outlier=false
summary arm=granite.drafter-off metric=steady_gpu_bytes n_all=15 median_all=1605173248.0000 cov_all_pct=0.00 min_all=1605173248.0000 max_all=1605173248.0000 | n_kept=15 median_kept=1605173248.0000 mad_kept=0.0000 cov_kept_pct=0.00 min_kept=1605173248.0000 max_kept=1605173248.0000
memory arm=granite.drafter-off metric=peak_rss_bytes process=0 value=1973043200
memory arm=granite.drafter-off metric=peak_rss_bytes process=1 value=1980547072
memory arm=granite.drafter-off metric=peak_rss_bytes process=2 value=2091974656
summary arm=granite.drafter-off metric=peak_rss_bytes n=3 median=1980547072 max=2091974656
memory arm=granite.drafter-off metric=peak_footprint_bytes process=0 value=360355456
memory arm=granite.drafter-off metric=peak_footprint_bytes process=1 value=357455296
memory arm=granite.drafter-off metric=peak_footprint_bytes process=2 value=355686272
summary arm=granite.drafter-off metric=peak_footprint_bytes n=3 median=357455296 max=360355456
memory arm=granite.drafter-off metric=peak_gpu_bytes process=0 value=1722810368
memory arm=granite.drafter-off metric=peak_gpu_bytes process=1 value=1722957824
memory arm=granite.drafter-off metric=peak_gpu_bytes process=2 value=1722957824
summary arm=granite.drafter-off metric=peak_gpu_bytes n=3 median=1722957824 max=1722957824
extra arm=granite.drafter-off process=0 box_gpu_device_utilization_pct_before_launch=Some(95) (ioreg sampler, box-level, not this process)
extra arm=granite.drafter-off process=0 peers_present_at_exit=[]
extra arm=granite.drafter-off process=1 box_gpu_device_utilization_pct_before_launch=Some(96) (ioreg sampler, box-level, not this process)
extra arm=granite.drafter-off process=1 peers_present_at_exit=[]
extra arm=granite.drafter-off process=2 box_gpu_device_utilization_pct_before_launch=Some(95) (ioreg sampler, box-level, not this process)
extra arm=granite.drafter-off process=2 peers_present_at_exit=[]
bound metric=ms_per_token arm=gemma4_e2b.drafter-off vs=gemma4_e2b.drafter-on arm_median=11.2060 reference_median=11.2120 delta=-0.0060 limit=0.2242 within=true
bound metric=prefill_ms arm=gemma4_e2b.drafter-off vs=gemma4_e2b.drafter-on arm_median=586.0175 reference_median=585.9900 delta=0.0275 limit=11.7198 within=true
bound metric=ttft_ms arm=gemma4_e2b.drafter-off vs=gemma4_e2b.drafter-on arm_median=586.0000 reference_median=586.0000 delta=0.0000 limit=11.7200 within=true
bound metric=wall_ms arm=gemma4_e2b.drafter-off vs=gemma4_e2b.drafter-on arm_median=2008.7655 reference_median=2009.9840 delta=-1.2185 limit=40.1997 within=true
bound metric=cpu_ms arm=gemma4_e2b.drafter-off vs=gemma4_e2b.drafter-on arm_median=180.9940 reference_median=184.2595 delta=-3.2655 limit=3.6852 within=true
bound metric=peak_rss_bytes arm=gemma4_e2b.drafter-off vs=gemma4_e2b.drafter-on arm_median=3724623872 reference_median=3726917632 delta=-2293760 limit=74538353 within=true
bound metric=peak_footprint_bytes arm=gemma4_e2b.drafter-off vs=gemma4_e2b.drafter-on arm_median=410609984 reference_median=412903744 delta=-2293760 limit=8258075 within=true
bound metric=peak_gpu_bytes arm=gemma4_e2b.drafter-off vs=gemma4_e2b.drafter-on arm_median=3613540352 reference_median=3614048256 delta=-507904 limit=72280965 within=true
bound metric=steady_rss_bytes arm=gemma4_e2b.drafter-off vs=gemma4_e2b.drafter-on arm_median=3676487680 reference_median=3678797824 delta=-2310144 limit=73575956 within=true
bound metric=steady_footprint_bytes arm=gemma4_e2b.drafter-off vs=gemma4_e2b.drafter-on arm_median=361425152 reference_median=363063744 delta=-1638592 limit=7261275 within=true
bound metric=steady_gpu_bytes arm=gemma4_e2b.drafter-off vs=gemma4_e2b.drafter-on arm_median=3568025600 reference_median=3568025600 delta=0 limit=71360512 within=true
bound metric=ms_per_token arm=granite.drafter-off vs=granite.drafter-on arm_median=6.7180 reference_median=6.7130 delta=0.0050 limit=0.1343 within=true
bound metric=prefill_ms arm=granite.drafter-off vs=granite.drafter-on arm_median=214.9480 reference_median=215.0150 delta=-0.0670 limit=4.3003 within=true
bound metric=ttft_ms arm=granite.drafter-off vs=granite.drafter-on arm_median=215.0000 reference_median=215.0000 delta=0.0000 limit=4.3000 within=true
bound metric=wall_ms arm=granite.drafter-off vs=granite.drafter-on arm_median=1067.1610 reference_median=1068.0410 delta=-0.8800 limit=21.3608 within=true
bound metric=cpu_ms arm=granite.drafter-off vs=granite.drafter-on arm_median=170.3520 reference_median=163.4950 delta=6.8570 limit=3.2699 within=false
bound metric=peak_rss_bytes arm=granite.drafter-off vs=granite.drafter-on arm_median=1980547072 reference_median=2089009152 delta=-108462080 limit=41780183 within=true
bound metric=peak_footprint_bytes arm=granite.drafter-off vs=granite.drafter-on arm_median=357455296 reference_median=357553984 delta=-98688 limit=7151080 within=true
bound metric=peak_gpu_bytes arm=granite.drafter-off vs=granite.drafter-on arm_median=1722957824 reference_median=1722957824 delta=0 limit=34459156 within=true
bound metric=steady_rss_bytes arm=granite.drafter-off vs=granite.drafter-on arm_median=1855127552 reference_median=1865170944 delta=-10043392 limit=37303419 within=true
bound metric=steady_footprint_bytes arm=granite.drafter-off vs=granite.drafter-on arm_median=237819264 reference_median=237065792 delta=753472 limit=4741316 within=true
bound metric=steady_gpu_bytes arm=granite.drafter-off vs=granite.drafter-on arm_median=1605173248 reference_median=1605173248 delta=0 limit=32103465 within=true
