m0 decode: generated_tokens=2 text="# Walk"
m0 capture: step=0 dispatches_with_threads=1568
m0 groups: 157 kernels-by-identity-and-geometry over 1568 dispatches
m0 replay: group 0/157
m0 replay: group 50/157
m0 replay: group 100/157
m0 replay: group 150/157
m0 sequence replay: one command buffer, dispatches=1568 of 1568 captured, gpu_ms=[1342.0668749604372, 1342.3573749605564, 1342.6264583831653]
m0 chunk sequence replay: chunks=1, gpu_ms=[[1342.7612499799582], [1343.2812500977889], [1341.4421250345185]]
m0 family sequence replay excludes 0 unreplayable dispatches of 1568
m0 family sequence replay: family=attention dispatches=7 runs=7 gpu_ms_mean=338.1863 gpu_ms_min=337.7849 cov_pct=0.17
m0 family sequence replay: family=head dispatches=1 runs=7 gpu_ms_mean=1.1709 gpu_ms_min=1.1685 cov_pct=0.21
m0 family sequence replay: family=norms dispatches=446 runs=7 gpu_ms_mean=23.5899 gpu_ms_min=23.4785 cov_pct=0.25
m0 family sequence replay: family=other_matvec dispatches=2 runs=7 gpu_ms_mean=107.7214 gpu_ms_min=107.7176 cov_pct=0.00
m0 family sequence replay: family=q4_0_matvec dispatches=275 runs=7 gpu_ms_mean=490.0337 gpu_ms_min=489.6307 cov_pct=0.04
m0 family sequence replay: family=rope_copy_elementwise dispatches=837 runs=7 gpu_ms_mean=376.1352 gpu_ms_min=375.5886 cov_pct=0.11

class                                     disp/step us/disp cold  total us cold   % step | us/disp -flr   total -flr | us/disp marg   total marg
matvec Q4_0                                     275      1781.95       490036.4    36.4% |      1773.76     487784.8 |      1779.44     489347.2
cached attention partial                          7     48259.27       337814.9    25.1% |     48251.08     337757.6 |     48249.36     337745.5
attention dot                                   112      1594.93       178631.8    13.3% |      1586.74     177714.8 |      1575.21     176423.4
attention AV                                     56      2580.72       144520.3    10.7% |      2572.53     144061.7 |      2516.48     140923.1
matvec Float16                                    1    107753.29       107753.3     8.0% |    107745.10     107745.1 |    107706.14     107706.1
norm apply                                      170        87.62        14895.8     1.1% |        79.43      13503.9 |        86.17      14649.0
softmax exp                                      56       247.62        13867.0     1.0% |       239.44      13408.5 |       246.83      13822.5
RoPE                                            128        73.60         9421.3     0.7% |        65.42       8373.3 |        71.10       9100.6
softmax max                                      58       150.45         8726.4     0.6% |       142.30       8253.6 |       145.38       8431.9
softmax sum                                      57       150.19         8560.6     0.6% |       142.04       8096.1 |       145.09       8270.1
RMSNorm sumsq + fused epilogue                  106        50.35         5336.7     0.4% |        42.16       4468.8 |        45.39       4811.0
elementwise fused_identity_o0__multiply_s0_o1_g10          2      2037.46         4074.9     0.3% |      2029.27       4058.5 |      2036.52       4073.0
RMSNorm sumsq                                   170        21.74         3696.0     0.3% |        13.55       2304.1 |        18.90       3213.7
identity copy                                    92        16.12         1482.8     0.1% |         7.93        729.5 |        12.58       1157.3
head                                              1      1173.90         1173.9     0.1% |      1165.71       1165.7 |      1119.45       1119.4
constant                                        263         4.21         1107.0     0.1% |         0.00          0.0 |         2.12        558.2
elementwise fused_greater_o0_o1__subtract_o2_o3__greater_s1_o4__maximum_s0_s2          1        55.83           55.8     0.0% |        47.65         47.6 |        53.89         53.9
elementwise fused_subtract_o1_o2__subtract_s0_o3__greater_o0_s1__subtract_o4_o5__greater_s3_o6__maximum_s2_s4          1        42.25           42.3     0.0% |        34.06         34.1 |        40.12         40.1
iota                                              6         4.22           25.3     0.0% |         0.00          0.0 |         2.23         13.4
UNCLASSIFIED omega_reduce_r3_o2_n5_fused_equal_o0_o1__add_o2_o3__select_s0_s1_o4_minimum_positive_infinity          1        15.00           15.0     0.0% |         6.81          6.8 |        11.69         11.7
matvec f32                                        1        12.29           12.3     0.0% |         4.10          4.1 |         9.86          9.9
elementwise identity_g1                           1         6.21            6.2     0.0% |         0.00          0.0 |         3.88          3.9
UNCLASSIFIED omega_reduce_r2_o1_n1_identity_minimum_positive_infinity          1         6.13            6.1     0.0% |         0.00          0.0 |         3.00          3.0
elementwise multiply                              1         5.40            5.4     0.0% |         0.00          0.0 |         2.97          3.0
elementwise add                                   1         5.25            5.3     0.0% |         0.00          0.0 |         2.83          2.8

m0 floor: empty command buffer GPU span median=8.19 us min=3.63 us max=11.63 us n=200
m0 step (captured step 0, last evaluation that ran): rows_evaluated=Some(1) tokens_committed=Some(1) gpu_busy_ms=Some(1347.285124938935) gpu_exec_ms=Some(1444.396) physical_dispatch_calls=Some(1568)
m0 step (median over logged evaluations at step >= 2, mixed widths): gpu_busy_ms=0.000 gpu_exec_ms=0.000
m0 reconcile: sum(median x count) [cold]=1331272.7 us; ratio to gpu_busy_ms=0.988; ratio to gpu_exec_ms=0.922
m0 reconcile: sum(median x count) [cold-minus-floor]=1319518.7 us; ratio to gpu_busy_ms=0.979; ratio to gpu_exec_ms=0.914
m0 reconcile: sum(median x count) [warm]=1325957.1 us; ratio to gpu_busy_ms=0.984; ratio to gpu_exec_ms=0.918
m0 reconcile: sum(median x count) [marginal]=1321493.8 us; ratio to gpu_busy_ms=0.981; ratio to gpu_exec_ms=0.915
m0 invariant 1: sum(group members)=1568 captured_dispatches=1568 physical_dispatch_calls_logged=Some(1568) capture_step_is_last_logged_step=false
m0 replay failures: 0
m0 unreplayable by capture: groups=0 dispatches=0
