m0 decode: generated_tokens=2 text="\n##"
m0 capture: step=0 dispatches_with_threads=383
m0 groups: 35 kernels-by-identity-and-geometry over 383 dispatches
m0 replay: group 0/35
m0 sequence replay: one command buffer, dispatches=383 of 383 captured, gpu_ms=[229.94800005108118, 229.5723333954811, 229.7721249051392]
m0 chunk sequence replay: chunks=1, gpu_ms=[[229.53854175284505], [229.48479163460433], [229.48408336378634]]
m0 family sequence replay excludes 0 unreplayable dispatches of 383
m0 family sequence replay: family=attention dispatches=24 runs=7 gpu_ms_mean=28.4322 gpu_ms_min=27.4105 cov_pct=2.93
m0 family sequence replay: family=norms dispatches=49 runs=7 gpu_ms_mean=2.6668 gpu_ms_min=2.6105 cov_pct=1.34
m0 family sequence replay: family=other_matvec dispatches=218 runs=7 gpu_ms_mean=198.3024 gpu_ms_min=196.6568 cov_pct=0.62
m0 family sequence replay: family=rope_copy_elementwise dispatches=92 runs=7 gpu_ms_mean=1.8025 gpu_ms_min=1.7020 cov_pct=3.12

class                                     disp/step us/disp cold  total us cold   % step | us/disp -flr   total -flr | us/disp marg   total marg
matvec Q8_0                                     169      1115.63       188541.7    79.1% |      1107.76     187210.8 |      1112.01     187930.1
cached attention partial                         24      1149.77        27594.5    11.6% |      1141.90      27405.5 |      1139.39      27345.4
matvec f32                                       49       212.51        10412.9     4.4% |       204.63      10027.0 |       209.02      10242.0
RMSNorm sumsq + fused epilogue                   49        58.60         2871.6     1.2% |        50.73       2485.7 |        55.31       2710.2
UNCLASSIFIED omega_elementwise_twin_r3_n4_fused_multiply_o0_o1__multiply_o2_o3__subtract_s0_s1_fused_multiply_o0_o3__multiply_o2_o1__add_s0_s1         24        32.02          768.5     0.3% |        24.15        579.5 |        30.09        722.3
UNCLASSIFIED omega_elementwise_twin_r3_n4_fused_multiply_o0_o1__multiply_o2_o3__add_s0_s1_fused_multiply_o0_o3__multiply_o2_o1__subtract_s0_s1         24        19.94          478.5     0.2% |        12.06        289.5 |        17.72        425.2
elementwise fused_identity_o0__multiply_s0_o1_g10          1       362.31          362.3     0.2% |       354.44        354.4 |       362.90        362.9
UNCLASSIFIED omega_moe_topk_e32_k8_stacked         24        13.00          312.0     0.1% |         5.12        123.0 |         9.96        239.1
constant                                          9         5.70           51.3     0.0% |         0.09          0.8 |         2.67         24.0
softmax max                                       2         6.37           12.7     0.0% |         0.00          0.0 |         3.17          6.3
UNCLASSIFIED omega_reduce_r3_o2_n5_fused_equal_o0_o1__add_o2_o3__select_s0_s1_o4_minimum_positive_infinity          1         9.88            9.9     0.0% |         2.00          2.0 |         5.80          5.8
iota                                              2         4.39            8.8     0.0% |         0.00          0.0 |         2.04          4.1
identity copy                                     1         6.00            6.0     0.0% |         0.00          0.0 |         3.59          3.6
elementwise identity_g1                           1         6.00            6.0     0.0% |         0.00          0.0 |         4.22          4.2
UNCLASSIFIED omega_reduce_r2_o1_n1_identity_minimum_positive_infinity          1         5.50            5.5     0.0% |         0.00          0.0 |         2.64          2.6
softmax sum                                       1         5.44            5.4     0.0% |         0.00          0.0 |         2.76          2.8
elementwise multiply                              1         5.06            5.1     0.0% |         0.00          0.0 |         2.73          2.7

m0 floor: empty command buffer GPU span median=7.88 us min=7.67 us max=11.54 us n=200
m0 step (captured step 0, last evaluation that ran): rows_evaluated=Some(1) tokens_committed=Some(1) gpu_busy_ms=Some(238.49862499628216) gpu_exec_ms=Some(294.885541) physical_dispatch_calls=Some(455)
m0 step (median over logged evaluations at step >= 2, mixed widths): gpu_busy_ms=0.000 gpu_exec_ms=0.000
m0 reconcile: sum(median x count) [cold]=231452.7 us; ratio to gpu_busy_ms=0.970; ratio to gpu_exec_ms=0.785
m0 reconcile: sum(median x count) [cold-minus-floor]=228478.3 us; ratio to gpu_busy_ms=0.958; ratio to gpu_exec_ms=0.775
m0 reconcile: sum(median x count) [warm]=231058.9 us; ratio to gpu_busy_ms=0.969; ratio to gpu_exec_ms=0.784
m0 reconcile: sum(median x count) [marginal]=230033.3 us; ratio to gpu_busy_ms=0.965; ratio to gpu_exec_ms=0.780
m0 invariant 1: sum(group members)=383 captured_dispatches=383 physical_dispatch_calls_logged=Some(455) capture_step_is_last_logged_step=false
m0 replay failures: 0
m0 unreplayable by capture: groups=0 dispatches=0
