2026-10-05T21:58:06Z LAUNCH decode_arms proxima arm=base0b process=0 bin=/Users/brianbruggeman/repos/slot-0/.long_ctx_backups/arch_data/perf/arm_0b_probe
2026-10-05T21:58:41Z EXIT decode_arms proxima arm=base0b process=0 status=exit status: 0
2026-10-05T21:58:41Z LAUNCH decode_arms proxima arm=base0c process=0 bin=/Users/brianbruggeman/repos/slot-0/.long_ctx_backups/arch_data/perf/arm_0c
2026-10-05T21:59:17Z EXIT decode_arms proxima arm=base0c process=0 status=exit status: 0
2026-10-05T21:59:17Z LAUNCH decode_arms proxima arm=tip process=0 bin=/Users/brianbruggeman/repos/slot-0/.long_ctx_backups/arch_data/perf/arm_slice6b
2026-10-05T21:59:52Z EXIT decode_arms proxima arm=tip process=0 status=exit status: 0
2026-10-05T21:59:52Z LAUNCH decode_arms proxima arm=base0c process=1 bin=/Users/brianbruggeman/repos/slot-0/.long_ctx_backups/arch_data/perf/arm_0c
2026-10-05T22:00:27Z EXIT decode_arms proxima arm=base0c process=1 status=exit status: 0
2026-10-05T22:00:27Z LAUNCH decode_arms proxima arm=tip process=1 bin=/Users/brianbruggeman/repos/slot-0/.long_ctx_backups/arch_data/perf/arm_slice6b
2026-10-05T22:01:02Z EXIT decode_arms proxima arm=tip process=1 status=exit status: 0
2026-10-05T22:01:02Z LAUNCH decode_arms proxima arm=base0b process=1 bin=/Users/brianbruggeman/repos/slot-0/.long_ctx_backups/arch_data/perf/arm_0b_probe
2026-10-05T22:01:36Z EXIT decode_arms proxima arm=base0b process=1 status=exit status: 0
2026-10-05T22:01:36Z LAUNCH decode_arms proxima arm=tip process=2 bin=/Users/brianbruggeman/repos/slot-0/.long_ctx_backups/arch_data/perf/arm_slice6b
2026-10-05T22:02:13Z EXIT decode_arms proxima arm=tip process=2 status=exit status: 0
2026-10-05T22:02:13Z LAUNCH decode_arms proxima arm=base0b process=2 bin=/Users/brianbruggeman/repos/slot-0/.long_ctx_backups/arch_data/perf/arm_0b_probe
2026-10-05T22:02:53Z EXIT decode_arms proxima arm=base0b process=2 status=exit status: 0
2026-10-05T22:02:53Z LAUNCH decode_arms proxima arm=base0c process=2 bin=/Users/brianbruggeman/repos/slot-0/.long_ctx_backups/arch_data/perf/arm_0c
2026-10-05T22:03:30Z EXIT decode_arms proxima arm=base0c process=2 status=exit status: 0
2026-10-05T22:03:30Z LAUNCH decode_arms proxima arm=base0b process=3 bin=/Users/brianbruggeman/repos/slot-0/.long_ctx_backups/arch_data/perf/arm_0b_probe
2026-10-05T22:04:05Z EXIT decode_arms proxima arm=base0b process=3 status=exit status: 0
2026-10-05T22:04:05Z LAUNCH decode_arms proxima arm=base0c process=3 bin=/Users/brianbruggeman/repos/slot-0/.long_ctx_backups/arch_data/perf/arm_0c
2026-10-05T22:04:40Z EXIT decode_arms proxima arm=base0c process=3 status=exit status: 0
2026-10-05T22:04:40Z LAUNCH decode_arms proxima arm=tip process=3 bin=/Users/brianbruggeman/repos/slot-0/.long_ctx_backups/arch_data/perf/arm_slice6b
2026-10-05T22:05:14Z EXIT decode_arms proxima arm=tip process=3 status=exit status: 0
