decode_gbps_baseline warm_model_buffers=true warmed_buffers=1 warm_ms=0.514
decode_gbps_baseline run=start prompt="<|turn>user\nWhich of these is smaller in size: a hippopotamus or a large office building?<turn|>\n<|turn>model" prompt_token_count=25 max_tokens=8
decode_gbps_baseline token_ids run_index=0 ids=[496, 5213, 20619, 4408, 3788, 1018, 563, 7100]
decode_gbps_baseline run=done run_index=0 wall_ms=356.118 cpu_user_ms=89.527 cpu_sys_ms=108.738 cpu_ms=198.265 cpu_pct=55.67 tokens_generated=8 prompt_token_count=25 text_hash=701cac4b1dce32f3 stopped_by_eos=false decode_ms_per_token=16.160 ttft_ms=243 gpu_peak_bytes=3374514176 text=" a **large office building** is smaller"
decode_gbps_baseline pipeline_disk_cache run_index=0 hits=66 stores=0
        2.18 real         1.35 user         1.32 sys
          3590602752  maximum resident set size
                   0  average shared memory size
                   0  average unshared data size
                   0  average unshared stack size
              424921  page reclaims
                   0  page faults
                   0  swaps
                   0  block input operations
                   0  block output operations
                   0  messages sent
                   0  messages received
                   0  signals received
                   0  voluntary context switches
                 684  involuntary context switches
         12787604586  instructions retired
          8357306495  cycles elapsed
           187672768  peak memory footprint
