ab capture excludes 0 unreplayable dispatches of 653
ab capture: step=5 dispatches=653 groups=47
ab res sha=a98741debd24d190 arm=base tg_static_bytes=64 max_threads=832 exec_width=32 bound_buffer_bytes=5257992 iters=50 cell label=a98741debd24d190:base wall_ms=12.449 cpu_ms=2.873 cpu_pct=23.1 rss_peak_mb=3429.2 footprint_mb=98.8 gpu_alloc_mb=3246.5 load_before=3.13 load_after=3.13
ab res sha=a98741debd24d190 arm=a98741debd24d190.w256 tg_static_bytes=32 max_threads=832 exec_width=32 bound_buffer_bytes=5257992 iters=50 cell label=a98741debd24d190:a98741debd24d190.w256 wall_ms=12.879 cpu_ms=2.742 cpu_pct=21.3 rss_peak_mb=3429.2 footprint_mb=98.8 gpu_alloc_mb=3246.5 load_before=3.13 load_after=3.13
ab bits sha=a98741debd24d190 threads=512 extents=[1, 1536] arm=base elements=1536 differing=0 max_ulp=0 max_abs=0e0 max_abs_over_largest=0e0
ab bits sha=a98741debd24d190 threads=512 extents=[1, 1536] arm=a98741debd24d190.w256 elements=1536 differing=541 max_ulp=6156 max_abs=5.9604645e-8 max_abs_over_largest=9.661242e-8
ab step sha=a98741debd24d190 threads=512 extents=[1, 1536] count=35 pass=0 arm=base step_ms=10.5345
ab step sha=a98741debd24d190 threads=512 extents=[1, 1536] count=35 pass=0 arm=omit_group step_ms=10.1201
ab step sha=a98741debd24d190 threads=512 extents=[1, 1536] count=35 pass=0 arm=a98741debd24d190.w256 step_ms=10.5631
ab res sha=b9773beab31ee6cc arm=base tg_static_bytes=64 max_threads=832 exec_width=32 bound_buffer_bytes=3783432 iters=50 cell label=b9773beab31ee6cc:base wall_ms=10.320 cpu_ms=2.715 cpu_pct=26.3 rss_peak_mb=3429.2 footprint_mb=97.1 gpu_alloc_mb=3246.5 load_before=3.13 load_after=3.13
ab res sha=b9773beab31ee6cc arm=b9773beab31ee6cc.w256 tg_static_bytes=32 max_threads=832 exec_width=32 bound_buffer_bytes=3783432 iters=50 cell label=b9773beab31ee6cc:b9773beab31ee6cc.w256 wall_ms=10.623 cpu_ms=2.463 cpu_pct=23.2 rss_peak_mb=3429.2 footprint_mb=97.1 gpu_alloc_mb=3246.5 load_before=3.13 load_after=3.04
ab bits sha=b9773beab31ee6cc threads=512 extents=[1, 1536] arm=base elements=1536 differing=0 max_ulp=0 max_abs=0e0 max_abs_over_largest=0e0
ab bits sha=b9773beab31ee6cc threads=512 extents=[1, 1536] arm=b9773beab31ee6cc.w256 elements=1536 differing=0 max_ulp=0 max_abs=0e0 max_abs_over_largest=0e0
ab step sha=b9773beab31ee6cc threads=512 extents=[1, 1536] count=71 pass=0 arm=base step_ms=10.5735
ab step sha=b9773beab31ee6cc threads=512 extents=[1, 1536] count=71 pass=0 arm=omit_group step_ms=9.8572
ab step sha=b9773beab31ee6cc threads=512 extents=[1, 1536] count=71 pass=0 arm=b9773beab31ee6cc.w256 step_ms=10.6032
ab res sha=ea46309fcb550c46 arm=base tg_static_bytes=64 max_threads=832 exec_width=32 bound_buffer_bytes=5061896 iters=50 cell label=ea46309fcb550c46:base wall_ms=11.435 cpu_ms=2.820 cpu_pct=24.7 rss_peak_mb=3429.2 footprint_mb=97.1 gpu_alloc_mb=3246.5 load_before=3.04 load_after=3.04
ab res sha=ea46309fcb550c46 arm=ea46309fcb550c46.w256 tg_static_bytes=32 max_threads=832 exec_width=32 bound_buffer_bytes=5061896 iters=50 cell label=ea46309fcb550c46:ea46309fcb550c46.w256 wall_ms=11.405 cpu_ms=2.722 cpu_pct=23.9 rss_peak_mb=3429.2 footprint_mb=97.1 gpu_alloc_mb=3246.5 load_before=3.04 load_after=3.04
ab bits sha=ea46309fcb550c46 threads=512 extents=[1, 1536] arm=base elements=1536 differing=0 max_ulp=0 max_abs=0e0 max_abs_over_largest=0e0
ab bits sha=ea46309fcb550c46 threads=512 extents=[1, 1536] arm=ea46309fcb550c46.w256 elements=1536 differing=0 max_ulp=0 max_abs=0e0 max_abs_over_largest=0e0
ab step sha=ea46309fcb550c46 threads=512 extents=[1, 1536] count=70 pass=0 arm=base step_ms=10.5810
ab step sha=ea46309fcb550c46 threads=512 extents=[1, 1536] count=70 pass=0 arm=omit_group step_ms=9.7108
ab step sha=ea46309fcb550c46 threads=512 extents=[1, 1536] count=70 pass=0 arm=ea46309fcb550c46.w256 step_ms=10.5861
ab cell label=process wall_ms=5918.433 cpu_ms=2880.543 cpu_pct=48.7 rss_peak_mb=3429.2 footprint_mb=97.1 gpu_alloc_mb=3246.5 load_before=3.13 load_after=3.04
