m0 decode: generated_tokens=2 text="# Walk"
m0 capture: step=0 dispatches_with_threads=1568
m0 groups: 157 kernels-by-identity-and-geometry over 1568 dispatches
m0 replay: group 0/157
m0 replay: group 50/157
m0 replay: group 100/157
m0 replay: group 150/157
m0 sequence replay: one command buffer, dispatches=1568 of 1568 captured, gpu_ms=[2336.2052500015125, 2333.8695000857115, 2333.565874956548]
m0 chunk sequence replay: chunks=1, gpu_ms=[[2334.5015000086278], [2336.468874942512], [2336.631583282724]]
m0 family sequence replay excludes 0 unreplayable dispatches of 1568
m0 family sequence replay: family=attention dispatches=7 runs=7 gpu_ms_mean=337.9873 gpu_ms_min=337.1367 cov_pct=0.25
m0 family sequence replay: family=head dispatches=1 runs=7 gpu_ms_mean=1.1683 gpu_ms_min=1.1628 cov_pct=0.28
m0 family sequence replay: family=norms dispatches=446 runs=7 gpu_ms_mean=23.5713 gpu_ms_min=23.4441 cov_pct=0.23
m0 family sequence replay: family=other_matvec dispatches=2 runs=7 gpu_ms_mean=107.7342 gpu_ms_min=107.7306 cov_pct=0.00
m0 family sequence replay: family=q4_0_matvec dispatches=275 runs=7 gpu_ms_mean=1482.1035 gpu_ms_min=1480.9605 cov_pct=0.05
m0 family sequence replay: family=rope_copy_elementwise dispatches=837 runs=7 gpu_ms_mean=380.1771 gpu_ms_min=379.5715 cov_pct=0.14

class                                     disp/step us/disp cold  total us cold   % step | us/disp -flr   total -flr | us/disp marg   total marg
matvec Q4_0                                     275      5376.28      1478477.9    63.2% |      5368.16    1476243.5 |      5390.88    1482492.7
cached attention partial                          7     48239.00       337673.0    14.4% |     48230.88     337616.1 |     48312.94     338190.6
attention dot                                   112      1609.82       180300.2     7.7% |      1601.70     179390.2 |      1591.14     178207.9
attention AV                                     56      2610.59       146193.2     6.2% |      2602.47     145738.3 |      2562.05     143474.8
matvec Float16                                    1    107760.81       107760.8     4.6% |    107752.69     107752.7 |    107714.29     107714.3
norm apply                                      170        87.39        14855.7     0.6% |        79.26      13474.5 |        86.60      14721.3
softmax exp                                      56       247.79        13876.3     0.6% |       239.67      13421.3 |       246.73      13816.6
RoPE                                            128        78.16        10004.0     0.4% |        70.03       8964.0 |        76.29       9764.7
softmax max                                      58       149.89         8693.5     0.4% |       141.80       8224.3 |       145.41       8433.7
softmax sum                                      57       149.75         8535.5     0.4% |       141.66       8074.5 |       145.19       8275.9
RMSNorm sumsq + fused epilogue                  106        50.39         5341.2     0.2% |        42.26       4479.9 |        47.19       5002.7
elementwise fused_identity_o0__multiply_s0_o1_g10          2      2038.02         4076.0     0.2% |      2029.90       4059.8 |      2037.41       4074.8
RMSNorm sumsq                                   170        21.67         3683.4     0.2% |        13.54       2302.2 |        19.10       3247.3
identity copy                                    92        15.40         1417.1     0.1% |         7.28        669.6 |        13.01       1196.8
head                                              1      1174.50         1174.5     0.1% |      1166.38       1166.4 |      1119.41       1119.4
constant                                        263         4.24         1114.4     0.0% |         0.00          0.0 |         2.12        558.2
elementwise fused_greater_o0_o1__subtract_o2_o3__greater_s1_o4__maximum_s0_s2          1        55.90           55.9     0.0% |        47.77         47.8 |        56.14         56.1
elementwise fused_subtract_o1_o2__subtract_s0_o3__greater_o0_s1__subtract_o4_o5__greater_s3_o6__maximum_s2_s4          1        42.21           42.2     0.0% |        34.08         34.1 |        42.33         42.3
iota                                              6         4.31           25.9     0.0% |         0.00          0.0 |         2.20         13.2
UNCLASSIFIED omega_reduce_r3_o2_n5_fused_equal_o0_o1__add_o2_o3__select_s0_s1_o4_minimum_positive_infinity          1        15.25           15.2     0.0% |         7.13          7.1 |        11.71         11.7
matvec f32                                        1        12.88           12.9     0.0% |         4.75          4.8 |         9.82          9.8
elementwise identity_g1                           1         6.12            6.1     0.0% |         0.00          0.0 |         4.18          4.2
UNCLASSIFIED omega_reduce_r2_o1_n1_identity_minimum_positive_infinity          1         6.12            6.1     0.0% |         0.00          0.0 |         3.03          3.0
elementwise add                                   1         5.42            5.4     0.0% |         0.00          0.0 |         3.05          3.1
elementwise multiply                              1         5.17            5.2     0.0% |         0.00          0.0 |         2.84          2.8

m0 floor: empty command buffer GPU span median=8.12 us min=3.67 us max=12.33 us n=200
m0 step (captured step 0, last evaluation that ran): rows_evaluated=Some(1) tokens_committed=Some(1) gpu_busy_ms=Some(2340.8952499739826) gpu_exec_ms=Some(2436.019083) physical_dispatch_calls=Some(1568)
m0 step (median over logged evaluations at step >= 2, mixed widths): gpu_busy_ms=0.000 gpu_exec_ms=0.000
m0 reconcile: sum(median x count) [cold]=2323351.8 us; ratio to gpu_busy_ms=0.993; ratio to gpu_exec_ms=0.954
m0 reconcile: sum(median x count) [cold-minus-floor]=2311671.1 us; ratio to gpu_busy_ms=0.988; ratio to gpu_exec_ms=0.949
m0 reconcile: sum(median x count) [warm]=2319835.0 us; ratio to gpu_busy_ms=0.991; ratio to gpu_exec_ms=0.952
m0 reconcile: sum(median x count) [marginal]=2320437.9 us; ratio to gpu_busy_ms=0.991; ratio to gpu_exec_ms=0.953
m0 invariant 1: sum(group members)=1568 captured_dispatches=1568 physical_dispatch_calls_logged=Some(1568) capture_step_is_last_logged_step=false
m0 replay failures: 0
m0 unreplayable by capture: groups=0 dispatches=0
