   Compiling proc-macro2 v1.0.107
   Compiling quote v1.0.47
   Compiling unicode-ident v1.0.24
   Compiling serde_core v1.0.229
   Compiling autocfg v1.5.1
   Compiling cfg-if v1.0.4
   Compiling thiserror v2.0.19
   Compiling serde v1.0.229
   Compiling libc v0.2.189
   Compiling hashbrown v0.17.1
   Compiling equivalent v1.0.2
   Compiling memchr v2.8.3
   Compiling num-traits v0.2.19
   Compiling once_cell v1.21.4
   Compiling indexmap v2.14.0
   Compiling tracing-core v0.1.36
   Compiling pin-project-lite v0.2.17
   Compiling winnow v0.7.15
   Compiling toml_write v0.1.2
   Compiling falsehoods v1.0.0
   Compiling crossbeam-utils v0.8.22
   Compiling shlex v2.0.1
   Compiling find-msvc-tools v0.1.9
   Compiling syn v2.0.119
   Compiling syn v3.0.3
   Compiling stable_deref_trait v1.2.1
   Compiling version_check v0.9.5
   Compiling foldhash v0.2.0
   Compiling ordered-float v2.10.1
   Compiling futures-core v0.3.33
   Compiling jobserver v0.1.35
   Compiling generic-array v0.14.7
   Compiling allocator-api2 v0.2.21
   Compiling typenum v1.20.1
   Compiling itoa v1.0.18
   Compiling bitflags v2.13.1
   Compiling cc v1.3.0
   Compiling rustversion v1.0.23
   Compiling futures-io v0.3.33
   Compiling futures-sink v0.3.33
   Compiling writeable v0.6.3
   Compiling slab v0.4.12
   Compiling futures-channel v0.3.33
   Compiling futures-task v0.3.33
   Compiling zmij v1.0.23
   Compiling bytes v1.12.1
   Compiling byteorder v1.5.0
   Compiling parking_lot_core v0.9.12
   Compiling litemap v0.8.2
   Compiling serde_derive v1.0.229
   Compiling thiserror-impl v2.0.19
   Compiling serde_json v1.0.151
   Compiling scopeguard v1.2.0
   Compiling utf8_iter v1.0.4
   Compiling icu_normalizer_data v2.2.0
   Compiling crypto-common v0.1.7
   Compiling subtle v2.6.1
   Compiling icu_properties_data v2.2.0
   Compiling lock_api v0.4.14
   Compiling ucd-trie v0.1.7
   Compiling pkg-config v0.3.33
   Compiling pest v2.8.8
   Compiling arc-swap v1.9.2
   Compiling concurrent-queue v2.5.0
   Compiling crossbeam-queue v0.3.13
   Compiling aho-corasick v1.1.4
   Compiling thread_local v1.1.10
   Compiling strsim v0.11.1
   Compiling ryu v1.0.23
   Compiling regex-syntax v0.8.11
   Compiling ident_case v1.0.1
   Compiling parking v2.2.1
   Compiling time-core v0.1.9
   Compiling num-conv v0.2.2
   Compiling futures-timer v3.0.4
   Compiling zeroize v1.9.0
   Compiling pest_meta v2.8.8
   Compiling tracing-attributes v0.1.31
   Compiling conflaguration-derive v2.0.0 (https://github.com/brianbruggeman/conflaguration.git?rev=3eb325d84fc291df35528e6781b5b814884e2d28#3eb325d8)
   Compiling synstructure v0.13.2
   Compiling zerovec-derive v0.11.3
   Compiling displaydoc v0.2.6
   Compiling futures-macro v0.3.33
   Compiling toml_datetime v0.6.11
   Compiling serde_spanned v0.6.9
   Compiling serde-value v0.7.0
   Compiling tracing v0.1.44
   Compiling smallvec v1.15.2
   Compiling zerofrom-derive v0.1.7
   Compiling yoke-derive v0.8.2
   Compiling toml_edit v0.22.27
   Compiling futures-util v0.3.33
   Compiling environs v1.2.0
   Compiling time-macros v0.2.32
   Compiling darling_core v0.23.0
   Compiling event-listener v5.4.1
   Compiling parking_lot v0.12.5
   Compiling zerofrom v0.1.8
   Compiling deranged v0.5.8
   Compiling yoke v0.8.3
   Compiling powerfmt v0.2.0
   Compiling prettyplease v0.2.37
   Compiling regex-automata v0.4.16
   Compiling toml v0.8.23
   Compiling event-listener-strategy v0.5.4
   Compiling zerovec v0.11.6
   Compiling zerotrie v0.2.4
   Compiling time v0.3.54
   Compiling pest_generator v2.8.8
   Compiling conflaguration v2.0.0 (https://github.com/brianbruggeman/conflaguration.git?rev=3eb325d84fc291df35528e6781b5b814884e2d28#3eb325d8)
   Compiling darling_macro v0.23.0
   Compiling base64 v0.22.1
   Compiling heapless v0.9.3
   Compiling futures-executor v0.3.33
   Compiling percent-encoding v2.3.2
   Compiling tinystr v0.8.3
   Compiling potential_utf v0.1.5
   Compiling form_urlencoded v1.2.2
   Compiling proxima-build v0.1.0 (/Users/brianbruggeman/repos/slot-0/proxima-combine2-base/proxima-build)
   Compiling futures v0.3.33
   Compiling icu_locale_core v2.2.0
   Compiling icu_collections v2.2.0
   Compiling pest_derive v2.8.8
   Compiling darling v0.23.0
   Compiling hash32 v0.3.1
   Compiling proxima-core v0.1.0 (/Users/brianbruggeman/repos/slot-0/proxima-combine2-base/proxima-core)
   Compiling base64 v0.21.7
   Compiling unsafe-libyaml-norway v0.2.15
   Compiling portable-atomic v1.14.0
   Compiling fastrand v2.5.0
   Compiling arrayvec v0.7.8
   Compiling json5 v0.4.1
   Compiling ron v0.8.1
   Compiling icu_provider v2.2.0
   Compiling regex v1.13.1
   Compiling serde_norway v0.9.42
   Compiling bon-macros v3.9.3
   Compiling proxima-primitives v0.1.0 (/Users/brianbruggeman/repos/slot-0/proxima-combine2-base/proxima-primitives)
   Compiling icu_normalizer v2.2.0
   Compiling icu_properties v2.2.0
   Compiling quick-xml v0.41.0
   Compiling proxima-runtime v0.1.0 (/Users/brianbruggeman/repos/slot-0/proxima-combine2-base/proxima-runtime)
   Compiling async-broadcast v0.7.2
   Compiling async-lock v3.4.2
   Compiling async-channel v2.5.0
   Compiling cmake v0.1.58
   Compiling fs_extra v1.3.0
   Compiling dunce v1.0.5
   Compiling rustc-hash v2.1.3
   Compiling winnow v1.0.4
   Compiling crc32fast v1.5.0
   Compiling adler2 v2.0.1
   Compiling aws-lc-sys v0.43.0
   Compiling zerocopy v0.8.55
   Compiling toml_datetime v1.1.1+spec-1.1.0
   Compiling simd-adler32 v0.3.10
   Compiling zerocopy-derive v0.8.55
   Compiling bon v3.9.3
   Compiling idna_adapter v1.2.2
   Compiling miniz_oxide v0.8.9
   Compiling cobs v0.3.0
   Compiling block-buffer v0.10.4
   Compiling idna v1.1.0
   Compiling toml_parser v1.1.2+spec-1.1.0
   Compiling cpufeatures v0.2.17
   Compiling aws-lc-rs v1.17.3
   Compiling postcard v1.1.3
   Compiling digest v0.10.7
   Compiling proxima-telemetry v0.1.0 (/Users/brianbruggeman/repos/slot-0/proxima-combine2-base/proxima-telemetry)
   Compiling crossbeam-channel v0.5.16
   Compiling nom v8.0.0
   Compiling hashbrown v0.14.5
   Compiling crossbeam-epoch v0.9.20
   Compiling toml_edit v0.25.13+spec-1.1.0
   Compiling flate2 v1.1.9
   Compiling rustls-pki-types v1.15.0
   Compiling crossbeam-deque v0.8.7
   Compiling dashmap v6.2.1
   Compiling url v2.5.8
   Compiling inout v0.1.4
   Compiling universal-hash v0.5.1
   Compiling num_cpus v1.17.0
   Compiling proc-macro-crate v3.5.0
   Compiling untrusted v0.9.0
   Compiling opaque-debug v0.3.1
   Compiling cipher v0.4.4
   Compiling rustls v0.23.42
   Compiling prime v0.1.0 (/Users/brianbruggeman/repos/slot-0/proxima-combine2-base/prime)
   Compiling rand_core v0.10.1
   Compiling core_affinity v0.8.3
   Compiling hmac v0.12.1
   Compiling sha2 v0.10.9
   Compiling proxima-macros v0.1.0 (/Users/brianbruggeman/repos/slot-0/proxima-combine2-base/proxima-macros)
   Compiling socket2 v0.5.10
   Compiling atomic-waker v1.1.2
   Compiling polyval v0.6.2
   Compiling aead v0.5.2
   Compiling proxima-config v0.1.0 (/Users/brianbruggeman/repos/slot-0/proxima-combine2-base/proxima-config)
   Compiling httparse v1.10.1
   Compiling ghash v0.5.1
   Compiling chacha20 v0.9.1
   Compiling ctr v0.9.2
   Compiling aes v0.8.4
   Compiling poly1305 v0.8.0
   Compiling webpki-roots v1.0.9
   Compiling proxima-protocols v0.1.0 (/Users/brianbruggeman/repos/slot-0/proxima-combine2-base/proxima-protocols)
   Compiling libm v0.2.16
   Compiling chacha20poly1305 v0.10.1
   Compiling hkdf v0.12.4
   Compiling hdrhistogram v7.6.0
   Compiling sha1 v0.10.7
   Compiling aes-gcm v0.10.3
   Compiling hashbrown v0.16.1
   Compiling bumpalo v3.20.3
   Compiling float-cmp v0.10.0
   Compiling getrandom v0.4.3
   Compiling getrandom v0.3.4
   Compiling zstd-sys v2.0.16+zstd.1.5.7
   Compiling core-foundation-sys v0.8.7
   Compiling simdutf8 v0.1.5
   Compiling objc2 v0.6.4
   Compiling halfbrown v0.4.0
   Compiling half v2.7.1
   Compiling proxima-net v0.1.0 (/Users/brianbruggeman/repos/slot-0/proxima-combine2-base/proxima-net)
   Compiling value-trait v0.12.2
   Compiling proxima-tensor v0.1.0 (/Users/brianbruggeman/repos/slot-0/proxima-combine2-base/proxima-tensor)
   Compiling async-stream-impl v0.3.6
   Compiling objc2-encode v4.1.0
   Compiling rand_core v0.9.5
   Compiling ppv-lite86 v0.2.21
   Compiling core-foundation v0.10.1
   Compiling async-stream v0.3.6
   Compiling simd-json v0.17.3
   Compiling security-framework-sys v2.17.0
   Compiling proxima-listen v0.1.0 (/Users/brianbruggeman/repos/slot-0/proxima-combine2-base/proxima-listen)
   Compiling memoffset v0.9.1
   Compiling cfg_aliases v0.2.2
   Compiling zstd-safe v7.2.4
   Compiling bit-vec v0.8.0
   Compiling security-framework v3.7.0
   Compiling nix v0.31.3
   Compiling rand_chacha v0.9.0
   Compiling bit-set v0.8.0
   Compiling chacha20 v0.10.1
   Compiling yasna v0.6.0
   Compiling pem v3.0.6
   Compiling http v1.4.2
   Compiling proxima-clock v0.1.0 (/Users/brianbruggeman/repos/slot-0/proxima-combine2-base/proxima-clock)
   Compiling proxima-gguf v0.1.0 (/Users/brianbruggeman/repos/slot-0/proxima-combine2-base/proxima-gguf)
   Compiling murmur3 v0.4.1
   Compiling proxima-tls v0.1.0 (/Users/brianbruggeman/repos/slot-0/proxima-combine2-base/proxima-tls)
   Compiling better_any v0.2.1
   Compiling rustix v1.1.4
   Compiling typed-arena v2.0.2
   Compiling proxima-codec v0.1.0 (/Users/brianbruggeman/repos/slot-0/proxima-combine2-base/proxima-codec)
   Compiling log v0.4.33
   Compiling thiserror v1.0.69
   Compiling either v1.16.0
   Compiling paste v1.0.15
   Compiling lazy_static v1.5.0
   Compiling uuid v1.24.0
   Compiling rand v0.9.5
   Compiling rand v0.10.2
   Compiling antlr4rust v0.3.0-rc2
   Compiling md-5 v0.10.6
   Compiling proxima-http v0.1.0 (/Users/brianbruggeman/repos/slot-0/proxima-combine2-base/proxima-http)
   Compiling proxima-patterns v0.1.0 (/Users/brianbruggeman/repos/slot-0/proxima-combine2-base/proxima-patterns)
   Compiling thiserror-impl v1.0.69
   Compiling tokio-macros v2.7.1
   Compiling alloca v0.4.0
   Compiling proxima-process v0.1.0 (/Users/brianbruggeman/repos/slot-0/proxima-combine2-base/proxima-process)
   Compiling blake3 v1.8.5
   Compiling errno v0.3.14
   Compiling xxhash-rust v0.8.18
   Compiling rayon-core v1.13.0
   Compiling ciborium-io v0.2.2
   Compiling anstyle v1.0.14
   Compiling minimal-lexical v0.2.1
   Compiling hex v0.4.3
   Compiling clap_lex v1.1.0
   Compiling proxima-auth v0.1.0 (/Users/brianbruggeman/repos/slot-0/proxima-combine2-base/proxima-auth)
   Compiling nom v7.1.3
   Compiling clap_builder v4.6.2
   Compiling zstd v0.13.3
   Compiling ciborium-ll v0.2.2
   Compiling cel-parser v0.10.1
   Compiling tokio v1.53.1
   Compiling ulid v1.2.1
   Compiling itertools v0.13.0
   Compiling http-body v1.1.0
   Compiling objc2-foundation v0.3.2
   Compiling block2 v0.6.2
   Compiling objc2-core-foundation v0.3.2
   Compiling omega v0.1.0 (/Users/brianbruggeman/repos/slot-0/proxima-combine2-base/omega)
   Compiling chrono v0.4.45
   Compiling shell-words v1.1.1
   Compiling same-file v1.0.6
   Compiling anyhow v1.0.104
   Compiling constant_time_eq v0.4.2
   Compiling arrayref v0.3.9
   Compiling cast v0.3.0
   Compiling walkdir v2.5.0
   Compiling criterion-plot v0.8.2
   Compiling clap v4.6.4
   Compiling tempfile v3.27.0
   Compiling proxima-test v0.1.0 (/Users/brianbruggeman/repos/slot-0/proxima-combine2-base/proxima-test)
   Compiling objc2-metal v0.3.2
   Compiling http-body-util v0.1.4
   Compiling ciborium v0.2.2
   Compiling proxima-tokenizer v0.1.0 (/Users/brianbruggeman/repos/slot-0/proxima-combine2-base/proxima-tokenizer)
   Compiling tinytemplate v1.2.1
   Compiling page_size v0.6.0
   Compiling anes v0.1.6
   Compiling oorandom v11.1.5
   Compiling temp-env v0.3.6
   Compiling criterion v0.8.2
   Compiling rayon v1.12.0
   Compiling cel-interpreter v0.10.0
   Compiling proxima-safetensors v0.1.0 (/Users/brianbruggeman/repos/slot-0/proxima-combine2-base/proxima-safetensors)
   Compiling proxima-autograd v0.1.0 (/Users/brianbruggeman/repos/slot-0/proxima-combine2-base/proxima-autograd)
   Compiling rustls-webpki v0.103.13
   Compiling rcgen v0.14.8
   Compiling rustls-platform-verifier v0.7.1
   Compiling futures-rustls v0.26.0
   Compiling proxima-recording v0.1.0 (/Users/brianbruggeman/repos/slot-0/proxima-combine2-base/proxima-recording)
   Compiling proxima-onnx v0.1.0 (/Users/brianbruggeman/repos/slot-0/proxima-combine2-base/proxima-onnx)
   Compiling proxima-quic v0.1.0 (/Users/brianbruggeman/repos/slot-0/proxima-combine2-base/proxima-quic)
   Compiling proxima v0.1.0 (/Users/brianbruggeman/repos/slot-0/proxima-combine2-base)
    Finished `gate` profile [optimized] target(s) in 1m 24s
────────────
 Nextest run ID 0390edc1-205c-4894-8399-dbe4b8f91334 with nextest profile: default
    Starting 1 test across 105 binaries (795 tests skipped)
        FAIL [   0.011s] (1/1) omega msl::tests::encode_allocation_budget::encoding_a_decode_op_allocates_no_more_than_it_did_before_the_grid_decision
  stdout ───

    running 1 test
    test msl::tests::encode_allocation_budget::encoding_a_decode_op_allocates_no_more_than_it_did_before_the_grid_decision ... FAILED

    failures:

    failures:
        msl::tests::encode_allocation_budget::encoding_a_decode_op_allocates_no_more_than_it_did_before_the_grid_decision

    test result: FAILED. 0 passed; 1 failed; 0 ignored; 0 measured; 393 filtered out; finished in 0.00s

  stderr ───
    encode_allocations label=q4k_matvec_decode measured=287
    encode_allocations label=q6k_matvec_decode measured=287
    encode_allocations label=tiled_gemm_prefill measured=290
    encode_allocations label=f32_matmul measured=154
    encode_allocations label=elementwise_tanh measured=11
    encode_allocations label=cached_attention measured=12
    encode_allocations label=cached_softmax_weights measured=8

    thread 'msl::tests::encode_allocation_budget::encoding_a_decode_op_allocates_no_more_than_it_did_before_the_grid_decision' (74893983) panicked at omega/src/msl/tests.rs:7170:9:
    (label, measured, base) over budget: [("q6k_matvec_decode", 287, 258), ("tiled_gemm_prefill", 290, 254)]
    note: run with `RUST_BACKTRACE=1` environment variable to display a backtrace

  Cancelling due to test failure: 
────────────
     Summary [   0.014s] 1 test run: 0 passed, 1 failed, 795 skipped
        FAIL [   0.011s] (1/1) omega msl::tests::encode_allocation_budget::encoding_a_decode_op_allocates_no_more_than_it_did_before_the_grid_decision
error: test run failed
