2026-10-06T11:11:34Z LAUNCH decode_arms proxima arm=base0c process=0 bin=/Users/brianbruggeman/repos/slot-0/.long_ctx_backups/arch_data/perf/arms8/base0c
2026-10-06T11:12:42Z EXIT decode_arms proxima arm=base0c process=0 status=exit status: 0
2026-10-06T11:12:42Z LAUNCH decode_arms proxima arm=base0c_ctl process=0 bin=/Users/brianbruggeman/repos/slot-0/.long_ctx_backups/arch_data/perf/arms8/base0c_ctl
2026-10-06T11:13:50Z EXIT decode_arms proxima arm=base0c_ctl process=0 status=exit status: 0
2026-10-06T11:13:50Z LAUNCH decode_arms proxima arm=tip process=0 bin=/Users/brianbruggeman/repos/slot-0/.long_ctx_backups/arch_data/perf/arms8/tip
2026-10-06T11:14:57Z EXIT decode_arms proxima arm=tip process=0 status=exit status: 0
2026-10-06T11:14:57Z LAUNCH decode_arms proxima arm=base0c_ctl process=1 bin=/Users/brianbruggeman/repos/slot-0/.long_ctx_backups/arch_data/perf/arms8/base0c_ctl
2026-10-06T11:16:05Z EXIT decode_arms proxima arm=base0c_ctl process=1 status=exit status: 0
2026-10-06T11:16:05Z LAUNCH decode_arms proxima arm=tip process=1 bin=/Users/brianbruggeman/repos/slot-0/.long_ctx_backups/arch_data/perf/arms8/tip
2026-10-06T11:17:13Z EXIT decode_arms proxima arm=tip process=1 status=exit status: 0
2026-10-06T11:17:13Z LAUNCH decode_arms proxima arm=base0c process=1 bin=/Users/brianbruggeman/repos/slot-0/.long_ctx_backups/arch_data/perf/arms8/base0c
2026-10-06T11:18:21Z EXIT decode_arms proxima arm=base0c process=1 status=exit status: 0
2026-10-06T11:18:21Z LAUNCH decode_arms proxima arm=tip process=2 bin=/Users/brianbruggeman/repos/slot-0/.long_ctx_backups/arch_data/perf/arms8/tip
2026-10-06T11:19:29Z EXIT decode_arms proxima arm=tip process=2 status=exit status: 0
2026-10-06T11:19:29Z LAUNCH decode_arms proxima arm=base0c process=2 bin=/Users/brianbruggeman/repos/slot-0/.long_ctx_backups/arch_data/perf/arms8/base0c
2026-10-06T11:20:36Z EXIT decode_arms proxima arm=base0c process=2 status=exit status: 0
2026-10-06T11:20:36Z LAUNCH decode_arms proxima arm=base0c_ctl process=2 bin=/Users/brianbruggeman/repos/slot-0/.long_ctx_backups/arch_data/perf/arms8/base0c_ctl
2026-10-06T11:21:44Z EXIT decode_arms proxima arm=base0c_ctl process=2 status=exit status: 0
2026-10-06T11:21:44Z LAUNCH decode_arms proxima arm=base0c process=3 bin=/Users/brianbruggeman/repos/slot-0/.long_ctx_backups/arch_data/perf/arms8/base0c
2026-10-06T11:22:52Z EXIT decode_arms proxima arm=base0c process=3 status=exit status: 0
2026-10-06T11:22:52Z LAUNCH decode_arms proxima arm=base0c_ctl process=3 bin=/Users/brianbruggeman/repos/slot-0/.long_ctx_backups/arch_data/perf/arms8/base0c_ctl
2026-10-06T11:23:59Z EXIT decode_arms proxima arm=base0c_ctl process=3 status=exit status: 0
2026-10-06T11:24:00Z LAUNCH decode_arms proxima arm=tip process=3 bin=/Users/brianbruggeman/repos/slot-0/.long_ctx_backups/arch_data/perf/arms8/tip
2026-10-06T11:25:07Z EXIT decode_arms proxima arm=tip process=3 status=exit status: 0
2026-10-06T11:25:07Z LAUNCH decode_arms proxima arm=base0c_ctl process=4 bin=/Users/brianbruggeman/repos/slot-0/.long_ctx_backups/arch_data/perf/arms8/base0c_ctl
2026-10-06T11:26:15Z EXIT decode_arms proxima arm=base0c_ctl process=4 status=exit status: 0
2026-10-06T11:26:15Z LAUNCH decode_arms proxima arm=tip process=4 bin=/Users/brianbruggeman/repos/slot-0/.long_ctx_backups/arch_data/perf/arms8/tip
2026-10-06T11:27:23Z EXIT decode_arms proxima arm=tip process=4 status=exit status: 0
2026-10-06T11:27:23Z LAUNCH decode_arms proxima arm=base0c process=4 bin=/Users/brianbruggeman/repos/slot-0/.long_ctx_backups/arch_data/perf/arms8/base0c
2026-10-06T11:28:30Z EXIT decode_arms proxima arm=base0c process=4 status=exit status: 0
2026-10-06T11:28:30Z LAUNCH decode_arms proxima arm=tip process=5 bin=/Users/brianbruggeman/repos/slot-0/.long_ctx_backups/arch_data/perf/arms8/tip
2026-10-06T11:29:38Z EXIT decode_arms proxima arm=tip process=5 status=exit status: 0
2026-10-06T11:29:38Z LAUNCH decode_arms proxima arm=base0c process=5 bin=/Users/brianbruggeman/repos/slot-0/.long_ctx_backups/arch_data/perf/arms8/base0c
2026-10-06T11:30:46Z EXIT decode_arms proxima arm=base0c process=5 status=exit status: 0
2026-10-06T11:30:46Z LAUNCH decode_arms proxima arm=base0c_ctl process=5 bin=/Users/brianbruggeman/repos/slot-0/.long_ctx_backups/arch_data/perf/arms8/base0c_ctl
2026-10-06T11:31:53Z EXIT decode_arms proxima arm=base0c_ctl process=5 status=exit status: 0
2026-10-06T11:31:53Z LAUNCH decode_arms proxima arm=base0c process=6 bin=/Users/brianbruggeman/repos/slot-0/.long_ctx_backups/arch_data/perf/arms8/base0c
2026-10-06T11:33:01Z EXIT decode_arms proxima arm=base0c process=6 status=exit status: 0
2026-10-06T11:33:02Z LAUNCH decode_arms proxima arm=base0c_ctl process=6 bin=/Users/brianbruggeman/repos/slot-0/.long_ctx_backups/arch_data/perf/arms8/base0c_ctl
2026-10-06T11:34:09Z EXIT decode_arms proxima arm=base0c_ctl process=6 status=exit status: 0
2026-10-06T11:34:09Z LAUNCH decode_arms proxima arm=tip process=6 bin=/Users/brianbruggeman/repos/slot-0/.long_ctx_backups/arch_data/perf/arms8/tip
2026-10-06T11:35:17Z EXIT decode_arms proxima arm=tip process=6 status=exit status: 0
2026-10-06T11:35:17Z LAUNCH decode_arms proxima arm=base0c_ctl process=7 bin=/Users/brianbruggeman/repos/slot-0/.long_ctx_backups/arch_data/perf/arms8/base0c_ctl
2026-10-06T11:36:25Z EXIT decode_arms proxima arm=base0c_ctl process=7 status=exit status: 0
2026-10-06T11:36:25Z LAUNCH decode_arms proxima arm=tip process=7 bin=/Users/brianbruggeman/repos/slot-0/.long_ctx_backups/arch_data/perf/arms8/tip
2026-10-06T11:37:33Z EXIT decode_arms proxima arm=tip process=7 status=exit status: 0
2026-10-06T11:37:33Z LAUNCH decode_arms proxima arm=base0c process=7 bin=/Users/brianbruggeman/repos/slot-0/.long_ctx_backups/arch_data/perf/arms8/base0c
2026-10-06T11:38:40Z EXIT decode_arms proxima arm=base0c process=7 status=exit status: 0
2026-10-06T11:38:40Z LAUNCH decode_arms proxima arm=tip process=8 bin=/Users/brianbruggeman/repos/slot-0/.long_ctx_backups/arch_data/perf/arms8/tip
2026-10-06T11:39:48Z EXIT decode_arms proxima arm=tip process=8 status=exit status: 0
2026-10-06T11:39:48Z LAUNCH decode_arms proxima arm=base0c process=8 bin=/Users/brianbruggeman/repos/slot-0/.long_ctx_backups/arch_data/perf/arms8/base0c
2026-10-06T11:40:55Z EXIT decode_arms proxima arm=base0c process=8 status=exit status: 0
2026-10-06T11:40:56Z LAUNCH decode_arms proxima arm=base0c_ctl process=8 bin=/Users/brianbruggeman/repos/slot-0/.long_ctx_backups/arch_data/perf/arms8/base0c_ctl
2026-10-06T11:42:03Z EXIT decode_arms proxima arm=base0c_ctl process=8 status=exit status: 0
2026-10-06T11:42:03Z LAUNCH decode_arms proxima arm=base0c process=9 bin=/Users/brianbruggeman/repos/slot-0/.long_ctx_backups/arch_data/perf/arms8/base0c
2026-10-06T11:43:11Z EXIT decode_arms proxima arm=base0c process=9 status=exit status: 0
2026-10-06T11:43:11Z LAUNCH decode_arms proxima arm=base0c_ctl process=9 bin=/Users/brianbruggeman/repos/slot-0/.long_ctx_backups/arch_data/perf/arms8/base0c_ctl
2026-10-06T11:44:19Z EXIT decode_arms proxima arm=base0c_ctl process=9 status=exit status: 0
2026-10-06T11:44:19Z LAUNCH decode_arms proxima arm=tip process=9 bin=/Users/brianbruggeman/repos/slot-0/.long_ctx_backups/arch_data/perf/arms8/tip
2026-10-06T11:45:26Z EXIT decode_arms proxima arm=tip process=9 status=exit status: 0
2026-10-06T11:45:26Z LAUNCH decode_arms proxima arm=base0c_ctl process=10 bin=/Users/brianbruggeman/repos/slot-0/.long_ctx_backups/arch_data/perf/arms8/base0c_ctl
2026-10-06T11:46:34Z EXIT decode_arms proxima arm=base0c_ctl process=10 status=exit status: 0
2026-10-06T11:46:34Z LAUNCH decode_arms proxima arm=tip process=10 bin=/Users/brianbruggeman/repos/slot-0/.long_ctx_backups/arch_data/perf/arms8/tip
2026-10-06T11:47:42Z EXIT decode_arms proxima arm=tip process=10 status=exit status: 0
2026-10-06T11:47:42Z LAUNCH decode_arms proxima arm=base0c process=10 bin=/Users/brianbruggeman/repos/slot-0/.long_ctx_backups/arch_data/perf/arms8/base0c
2026-10-06T11:48:50Z EXIT decode_arms proxima arm=base0c process=10 status=exit status: 0
2026-10-06T11:48:50Z LAUNCH decode_arms proxima arm=tip process=11 bin=/Users/brianbruggeman/repos/slot-0/.long_ctx_backups/arch_data/perf/arms8/tip
2026-10-06T11:49:57Z EXIT decode_arms proxima arm=tip process=11 status=exit status: 0
2026-10-06T11:49:57Z LAUNCH decode_arms proxima arm=base0c process=11 bin=/Users/brianbruggeman/repos/slot-0/.long_ctx_backups/arch_data/perf/arms8/base0c
2026-10-06T11:51:05Z EXIT decode_arms proxima arm=base0c process=11 status=exit status: 0
2026-10-06T11:51:05Z LAUNCH decode_arms proxima arm=base0c_ctl process=11 bin=/Users/brianbruggeman/repos/slot-0/.long_ctx_backups/arch_data/perf/arms8/base0c_ctl
2026-10-06T11:52:13Z EXIT decode_arms proxima arm=base0c_ctl process=11 status=exit status: 0
2026-10-06T11:52:13Z LAUNCH decode_arms proxima arm=base0c process=12 bin=/Users/brianbruggeman/repos/slot-0/.long_ctx_backups/arch_data/perf/arms8/base0c
2026-10-06T11:53:21Z EXIT decode_arms proxima arm=base0c process=12 status=exit status: 0
2026-10-06T11:53:21Z LAUNCH decode_arms proxima arm=base0c_ctl process=12 bin=/Users/brianbruggeman/repos/slot-0/.long_ctx_backups/arch_data/perf/arms8/base0c_ctl
2026-10-06T11:54:29Z EXIT decode_arms proxima arm=base0c_ctl process=12 status=exit status: 0
2026-10-06T11:54:29Z LAUNCH decode_arms proxima arm=tip process=12 bin=/Users/brianbruggeman/repos/slot-0/.long_ctx_backups/arch_data/perf/arms8/tip
2026-10-06T11:55:37Z EXIT decode_arms proxima arm=tip process=12 status=exit status: 0
2026-10-06T11:55:37Z LAUNCH decode_arms proxima arm=base0c_ctl process=13 bin=/Users/brianbruggeman/repos/slot-0/.long_ctx_backups/arch_data/perf/arms8/base0c_ctl
2026-10-06T11:56:45Z EXIT decode_arms proxima arm=base0c_ctl process=13 status=exit status: 0
2026-10-06T11:56:45Z LAUNCH decode_arms proxima arm=tip process=13 bin=/Users/brianbruggeman/repos/slot-0/.long_ctx_backups/arch_data/perf/arms8/tip
2026-10-06T11:57:53Z EXIT decode_arms proxima arm=tip process=13 status=exit status: 0
2026-10-06T11:57:53Z LAUNCH decode_arms proxima arm=base0c process=13 bin=/Users/brianbruggeman/repos/slot-0/.long_ctx_backups/arch_data/perf/arms8/base0c
2026-10-06T11:59:01Z EXIT decode_arms proxima arm=base0c process=13 status=exit status: 0
2026-10-06T11:59:01Z LAUNCH decode_arms proxima arm=tip process=14 bin=/Users/brianbruggeman/repos/slot-0/.long_ctx_backups/arch_data/perf/arms8/tip
2026-10-06T12:00:09Z EXIT decode_arms proxima arm=tip process=14 status=exit status: 0
2026-10-06T12:00:09Z LAUNCH decode_arms proxima arm=base0c process=14 bin=/Users/brianbruggeman/repos/slot-0/.long_ctx_backups/arch_data/perf/arms8/base0c
2026-10-06T12:01:16Z EXIT decode_arms proxima arm=base0c process=14 status=exit status: 0
2026-10-06T12:01:16Z LAUNCH decode_arms proxima arm=base0c_ctl process=14 bin=/Users/brianbruggeman/repos/slot-0/.long_ctx_backups/arch_data/perf/arms8/base0c_ctl
2026-10-06T12:02:24Z EXIT decode_arms proxima arm=base0c_ctl process=14 status=exit status: 0
2026-10-06T12:02:24Z LAUNCH decode_arms proxima arm=base0c process=15 bin=/Users/brianbruggeman/repos/slot-0/.long_ctx_backups/arch_data/perf/arms8/base0c
2026-10-06T12:03:32Z EXIT decode_arms proxima arm=base0c process=15 status=exit status: 0
2026-10-06T12:03:32Z LAUNCH decode_arms proxima arm=base0c_ctl process=15 bin=/Users/brianbruggeman/repos/slot-0/.long_ctx_backups/arch_data/perf/arms8/base0c_ctl
2026-10-06T12:04:40Z EXIT decode_arms proxima arm=base0c_ctl process=15 status=exit status: 0
2026-10-06T12:04:40Z LAUNCH decode_arms proxima arm=tip process=15 bin=/Users/brianbruggeman/repos/slot-0/.long_ctx_backups/arch_data/perf/arms8/tip
2026-10-06T12:05:48Z EXIT decode_arms proxima arm=tip process=15 status=exit status: 0
