m0 decode: generated_tokens=2 text="# Walk"
m0 capture: step=0 dispatches_with_threads=1568
m0 groups: 157 kernels-by-identity-and-geometry over 1568 dispatches
m0 replay: group 0/157
m0 replay: group 50/157
m0 replay: group 100/157
m0 replay: group 150/157
m0 sequence replay: one command buffer, dispatches=1568 of 1568 captured, gpu_ms=[2335.777125088498, 2337.1636250521988, 2335.1874999934807]
m0 chunk sequence replay: chunks=1, gpu_ms=[[2334.0204999549314], [2336.7331250337884], [2338.0693333456293]]
m0 family sequence replay excludes 0 unreplayable dispatches of 1568
m0 family sequence replay: family=attention dispatches=7 runs=7 gpu_ms_mean=338.3352 gpu_ms_min=337.0987 cov_pct=0.39
m0 family sequence replay: family=head dispatches=1 runs=7 gpu_ms_mean=1.1765 gpu_ms_min=1.1652 cov_pct=0.59
m0 family sequence replay: family=norms dispatches=446 runs=7 gpu_ms_mean=23.5546 gpu_ms_min=23.1836 cov_pct=0.67
m0 family sequence replay: family=other_matvec dispatches=2 runs=7 gpu_ms_mean=107.7140 gpu_ms_min=107.7075 cov_pct=0.00
m0 family sequence replay: family=q4_0_matvec dispatches=275 runs=7 gpu_ms_mean=1482.4123 gpu_ms_min=1481.6048 cov_pct=0.06
m0 family sequence replay: family=rope_copy_elementwise dispatches=837 runs=7 gpu_ms_mean=380.2506 gpu_ms_min=379.1753 cov_pct=0.15

class                                     disp/step us/disp cold  total us cold   % step | us/disp -flr   total -flr | us/disp marg   total marg
matvec Q4_0                                     275      5391.91      1482776.2    63.2% |      5386.37    1481252.3 |      5391.01    1482528.1
cached attention partial                          7     48215.37       337507.6    14.4% |     48209.83     337468.8 |     48264.14     337849.0
attention dot                                   112      1605.30       179793.3     7.7% |      1599.76     179172.6 |      1588.60     177922.8
attention AV                                     56      2651.70       148495.1     6.3% |      2646.16     148184.7 |      2577.12     144318.6
matvec Float16                                    1    107757.37       107757.4     4.6% |    107751.83     107751.8 |    107707.73     107707.7
norm apply                                      170        87.49        14872.6     0.6% |        81.94      13930.5 |        86.59      14720.0
softmax exp                                      56       247.50        13860.0     0.6% |       241.96      13549.7 |       246.77      13819.3
RoPE                                            128        73.21         9370.5     0.4% |        67.67       8661.2 |        71.81       9191.5
softmax max                                      58       150.38         8722.1     0.4% |       144.84       8400.7 |       145.57       8442.9
softmax sum                                      57       149.98         8548.9     0.4% |       144.44       8233.0 |       144.10       8213.5
RMSNorm sumsq + fused epilogue                  106        50.78         5382.9     0.2% |        45.24       4795.5 |        47.07       4989.0
elementwise fused_identity_o0__multiply_s0_o1_g10          2      2037.28         4074.6     0.2% |      2031.74       4063.5 |      2037.51       4075.0
RMSNorm sumsq                                   170        21.60         3672.4     0.2% |        16.06       2730.3 |        19.10       3247.1
identity copy                                    92        15.01         1381.0     0.1% |         9.47        871.2 |        13.02       1197.4
head                                              1      1174.98         1175.0     0.1% |      1169.44       1169.4 |      1119.51       1119.5
constant                                        263         3.96         1040.3     0.0% |         0.00          0.0 |         1.94        509.4
elementwise fused_greater_o0_o1__subtract_o2_o3__greater_s1_o4__maximum_s0_s2          1        55.50           55.5     0.0% |        49.96         50.0 |        56.13         56.1
elementwise fused_subtract_o1_o2__subtract_s0_o3__greater_o0_s1__subtract_o4_o5__greater_s3_o6__maximum_s2_s4          1        41.98           42.0     0.0% |        36.44         36.4 |        42.25         42.2
iota                                              6         4.06           24.4     0.0% |         0.00          0.0 |         2.18         13.1
UNCLASSIFIED omega_reduce_r3_o2_n5_fused_equal_o0_o1__add_o2_o3__select_s0_s1_o4_minimum_positive_infinity          1        14.98           15.0     0.0% |         9.44          9.4 |        11.56         11.6
matvec f32                                        1        12.67           12.7     0.0% |         7.13          7.1 |         9.70          9.7
elementwise identity_g1                           1         5.94            5.9     0.0% |         0.40          0.4 |         4.02          4.0
UNCLASSIFIED omega_reduce_r2_o1_n1_identity_minimum_positive_infinity          1         5.88            5.9     0.0% |         0.33          0.3 |         3.02          3.0
elementwise add                                   1         5.17            5.2     0.0% |         0.00          0.0 |         3.12          3.1
elementwise multiply                              1         5.00            5.0     0.0% |         0.00          0.0 |         3.02          3.0

m0 floor: empty command buffer GPU span median=5.54 us min=4.13 us max=11.92 us n=200
m0 step (captured step 0, last evaluation that ran): rows_evaluated=Some(1) tokens_committed=Some(1) gpu_busy_ms=Some(2346.1604999611154) gpu_exec_ms=Some(2441.2) physical_dispatch_calls=Some(1568)
m0 step (median over logged evaluations at step >= 2, mixed widths): gpu_busy_ms=0.000 gpu_exec_ms=0.000
m0 reconcile: sum(median x count) [cold]=2328601.3 us; ratio to gpu_busy_ms=0.993; ratio to gpu_exec_ms=0.954
m0 reconcile: sum(median x count) [cold-minus-floor]=2320339.0 us; ratio to gpu_busy_ms=0.989; ratio to gpu_exec_ms=0.950
m0 reconcile: sum(median x count) [warm]=2324083.6 us; ratio to gpu_busy_ms=0.991; ratio to gpu_exec_ms=0.952
m0 reconcile: sum(median x count) [marginal]=2319996.7 us; ratio to gpu_busy_ms=0.989; ratio to gpu_exec_ms=0.950
m0 invariant 1: sum(group members)=1568 captured_dispatches=1568 physical_dispatch_calls_logged=Some(1568) capture_step_is_last_logged_step=false
m0 replay failures: 0
m0 unreplayable by capture: groups=0 dispatches=0
