ab capture excludes 0 unreplayable dispatches of 653
ab capture: step=5 dispatches=653 groups=47
ab res sha=23d555d56f27caa0 arm=base tg_static_bytes=32 max_threads=832 exec_width=32 bound_buffer_bytes=3783432 iters=50 cell label=23d555d56f27caa0:base wall_ms=12.455 cpu_ms=2.808 cpu_pct=22.5 rss_peak_mb=3438.5 footprint_mb=100.1 gpu_alloc_mb=3247.5 load_before=5.11 load_after=5.11
ab res sha=23d555d56f27caa0 arm=23d555d56f27caa0.ctrl tg_static_bytes=32 max_threads=832 exec_width=32 bound_buffer_bytes=3783432 iters=50 cell label=23d555d56f27caa0:23d555d56f27caa0.ctrl wall_ms=12.455 cpu_ms=2.719 cpu_pct=21.8 rss_peak_mb=3438.5 footprint_mb=100.1 gpu_alloc_mb=3247.5 load_before=5.11 load_after=5.11
ab res sha=23d555d56f27caa0 arm=23d555d56f27caa0.noreduce tg_static_bytes=0 max_threads=832 exec_width=32 bound_buffer_bytes=3783432 iters=50 cell label=23d555d56f27caa0:23d555d56f27caa0.noreduce wall_ms=11.571 cpu_ms=2.721 cpu_pct=23.5 rss_peak_mb=3438.5 footprint_mb=100.1 gpu_alloc_mb=3247.5 load_before=5.11 load_after=5.11
ab res sha=23d555d56f27caa0 arm=23d555d56f27caa0.nosumsq tg_static_bytes=32 max_threads=1024 exec_width=32 bound_buffer_bytes=3783432 iters=50 cell label=23d555d56f27caa0:23d555d56f27caa0.nosumsq wall_ms=11.343 cpu_ms=2.712 cpu_pct=23.9 rss_peak_mb=3438.5 footprint_mb=100.1 gpu_alloc_mb=3247.5 load_before=5.11 load_after=5.11
ab res sha=23d555d56f27caa0 arm=23d555d56f27caa0.noweights tg_static_bytes=32 max_threads=1024 exec_width=32 bound_buffer_bytes=3783432 iters=50 cell label=23d555d56f27caa0:23d555d56f27caa0.noweights wall_ms=11.224 cpu_ms=2.722 cpu_pct=24.3 rss_peak_mb=3438.5 footprint_mb=100.1 gpu_alloc_mb=3247.5 load_before=5.11 load_after=5.11
ab res sha=23d555d56f27caa0 arm=23d555d56f27caa0.nowrite tg_static_bytes=32 max_threads=832 exec_width=32 bound_buffer_bytes=3783432 iters=50 cell label=23d555d56f27caa0:23d555d56f27caa0.nowrite wall_ms=11.768 cpu_ms=2.895 cpu_pct=24.6 rss_peak_mb=3438.5 footprint_mb=100.1 gpu_alloc_mb=3247.5 load_before=5.11 load_after=5.11
ab res sha=23d555d56f27caa0 arm=23d555d56f27caa0.w128 tg_static_bytes=16 max_threads=512 exec_width=32 bound_buffer_bytes=3783432 iters=50 cell label=23d555d56f27caa0:23d555d56f27caa0.w128 wall_ms=12.490 cpu_ms=2.830 cpu_pct=22.7 rss_peak_mb=3438.5 footprint_mb=100.1 gpu_alloc_mb=3247.5 load_before=5.11 load_after=5.11
ab res sha=23d555d56f27caa0 arm=23d555d56f27caa0.w192 tg_static_bytes=32 max_threads=768 exec_width=32 bound_buffer_bytes=3783432 iters=50 cell label=23d555d56f27caa0:23d555d56f27caa0.w192 wall_ms=12.130 cpu_ms=2.818 cpu_pct=23.2 rss_peak_mb=3438.5 footprint_mb=100.1 gpu_alloc_mb=3247.5 load_before=5.11 load_after=5.11
ab res sha=23d555d56f27caa0 arm=23d555d56f27caa0.w384 tg_static_bytes=48 max_threads=1024 exec_width=32 bound_buffer_bytes=3783432 iters=50 cell label=23d555d56f27caa0:23d555d56f27caa0.w384 wall_ms=11.389 cpu_ms=2.823 cpu_pct=24.8 rss_peak_mb=3438.5 footprint_mb=100.1 gpu_alloc_mb=3247.5 load_before=5.11 load_after=5.11
ab res sha=23d555d56f27caa0 arm=23d555d56f27caa0.w512 tg_static_bytes=64 max_threads=1024 exec_width=32 bound_buffer_bytes=3783432 iters=50 cell label=23d555d56f27caa0:23d555d56f27caa0.w512 wall_ms=11.492 cpu_ms=2.886 cpu_pct=25.1 rss_peak_mb=3438.5 footprint_mb=101.1 gpu_alloc_mb=3247.5 load_before=5.11 load_after=5.11
ab bits sha=23d555d56f27caa0 threads=256 extents=[1, 1536] arm=base elements=1536 differing=0 max_ulp=0 max_abs=0e0 max_abs_over_largest=0e0
ab bits sha=23d555d56f27caa0 threads=256 extents=[1, 1536] arm=23d555d56f27caa0.ctrl elements=1536 differing=0 max_ulp=0 max_abs=0e0 max_abs_over_largest=0e0
ab bits sha=23d555d56f27caa0 threads=256 extents=[1, 1536] arm=23d555d56f27caa0.noreduce elements=1536 differing=1536 max_ulp=47332110 max_abs=1.6701812e3 max_abs_over_largest=1.6203085e1
ab bits sha=23d555d56f27caa0 threads=256 extents=[1, 1536] arm=23d555d56f27caa0.nosumsq elements=1536 differing=1536 max_ulp=102946670 max_abs=4.886257e5 max_abs_over_largest=4.74035e3
ab bits sha=23d555d56f27caa0 threads=256 extents=[1, 1536] arm=23d555d56f27caa0.noweights elements=1536 differing=1536 max_ulp=2166759632 max_abs=1.0328888e2 max_abs_over_largest=1.0020461e0
ab bits sha=23d555d56f27caa0 threads=256 extents=[1, 1536] arm=23d555d56f27caa0.nowrite elements=1536 differing=1536 max_ulp=2552462657 max_abs=1.4660155e13 max_abs_over_largest=1.4222393e11
ab bits sha=23d555d56f27caa0 threads=256 extents=[1, 1536] arm=23d555d56f27caa0.w128 elements=1536 differing=0 max_ulp=0 max_abs=0e0 max_abs_over_largest=0e0
ab bits sha=23d555d56f27caa0 threads=256 extents=[1, 1536] arm=23d555d56f27caa0.w192 elements=1536 differing=0 max_ulp=0 max_abs=0e0 max_abs_over_largest=0e0
ab bits sha=23d555d56f27caa0 threads=256 extents=[1, 1536] arm=23d555d56f27caa0.w384 elements=1536 differing=0 max_ulp=0 max_abs=0e0 max_abs_over_largest=0e0
ab bits sha=23d555d56f27caa0 threads=256 extents=[1, 1536] arm=23d555d56f27caa0.w512 elements=1536 differing=0 max_ulp=0 max_abs=0e0 max_abs_over_largest=0e0
ab sequence sha=23d555d56f27caa0 threads=256 extents=[1, 1536] tg=Some(256) count=71 pass=0 arm=base per_dispatch_us=5.991
ab sequence sha=23d555d56f27caa0 threads=256 extents=[1, 1536] tg=Some(256) count=71 pass=0 arm=23d555d56f27caa0.ctrl per_dispatch_us=6.040
ab sequence sha=23d555d56f27caa0 threads=256 extents=[1, 1536] tg=Some(256) count=71 pass=0 arm=23d555d56f27caa0.noreduce per_dispatch_us=5.915
ab sequence sha=23d555d56f27caa0 threads=256 extents=[1, 1536] tg=Some(256) count=71 pass=0 arm=23d555d56f27caa0.nosumsq per_dispatch_us=4.865
ab sequence sha=23d555d56f27caa0 threads=256 extents=[1, 1536] tg=Some(256) count=71 pass=0 arm=23d555d56f27caa0.noweights per_dispatch_us=4.879
ab sequence sha=23d555d56f27caa0 threads=256 extents=[1, 1536] tg=Some(256) count=71 pass=0 arm=23d555d56f27caa0.nowrite per_dispatch_us=5.786
ab sequence sha=23d555d56f27caa0 threads=256 extents=[1, 1536] tg=Some(256) count=71 pass=0 arm=23d555d56f27caa0.w128 per_dispatch_us=9.227
ab sequence sha=23d555d56f27caa0 threads=256 extents=[1, 1536] tg=Some(256) count=71 pass=0 arm=23d555d56f27caa0.w192 per_dispatch_us=6.195
ab sequence sha=23d555d56f27caa0 threads=256 extents=[1, 1536] tg=Some(256) count=71 pass=0 arm=23d555d56f27caa0.w384 per_dispatch_us=5.789
ab sequence sha=23d555d56f27caa0 threads=256 extents=[1, 1536] tg=Some(256) count=71 pass=0 arm=23d555d56f27caa0.w512 per_dispatch_us=4.914
ab res sha=d8ad59bfed0ed43d arm=base tg_static_bytes=32 max_threads=832 exec_width=32 bound_buffer_bytes=5257992 iters=50 cell label=d8ad59bfed0ed43d:base wall_ms=11.384 cpu_ms=2.647 cpu_pct=23.3 rss_peak_mb=3438.5 footprint_mb=100.9 gpu_alloc_mb=3247.5 load_before=5.11 load_after=5.11
ab res sha=d8ad59bfed0ed43d arm=d8ad59bfed0ed43d.ctrl tg_static_bytes=32 max_threads=832 exec_width=32 bound_buffer_bytes=5257992 iters=50 cell label=d8ad59bfed0ed43d:d8ad59bfed0ed43d.ctrl wall_ms=11.382 cpu_ms=2.711 cpu_pct=23.8 rss_peak_mb=3438.5 footprint_mb=100.9 gpu_alloc_mb=3247.5 load_before=5.11 load_after=5.11
ab res sha=d8ad59bfed0ed43d arm=d8ad59bfed0ed43d.noreduce tg_static_bytes=0 max_threads=832 exec_width=32 bound_buffer_bytes=5257992 iters=50 cell label=d8ad59bfed0ed43d:d8ad59bfed0ed43d.noreduce wall_ms=11.345 cpu_ms=2.776 cpu_pct=24.5 rss_peak_mb=3438.5 footprint_mb=100.9 gpu_alloc_mb=3247.5 load_before=5.11 load_after=5.11
ab res sha=d8ad59bfed0ed43d arm=d8ad59bfed0ed43d.nosumsq tg_static_bytes=32 max_threads=1024 exec_width=32 bound_buffer_bytes=5257992 iters=50 cell label=d8ad59bfed0ed43d:d8ad59bfed0ed43d.nosumsq wall_ms=11.397 cpu_ms=2.700 cpu_pct=23.7 rss_peak_mb=3438.5 footprint_mb=100.9 gpu_alloc_mb=3247.5 load_before=5.11 load_after=5.11
ab res sha=d8ad59bfed0ed43d arm=d8ad59bfed0ed43d.noweights tg_static_bytes=32 max_threads=1024 exec_width=32 bound_buffer_bytes=5257992 iters=50 cell label=d8ad59bfed0ed43d:d8ad59bfed0ed43d.noweights wall_ms=11.210 cpu_ms=2.784 cpu_pct=24.8 rss_peak_mb=3438.5 footprint_mb=100.9 gpu_alloc_mb=3247.5 load_before=5.11 load_after=5.11
ab res sha=d8ad59bfed0ed43d arm=d8ad59bfed0ed43d.nowrite tg_static_bytes=32 max_threads=832 exec_width=32 bound_buffer_bytes=5257992 iters=50 cell label=d8ad59bfed0ed43d:d8ad59bfed0ed43d.nowrite wall_ms=12.051 cpu_ms=2.848 cpu_pct=23.6 rss_peak_mb=3438.5 footprint_mb=100.9 gpu_alloc_mb=3247.5 load_before=5.11 load_after=5.11
ab res sha=d8ad59bfed0ed43d arm=d8ad59bfed0ed43d.w128 tg_static_bytes=16 max_threads=576 exec_width=32 bound_buffer_bytes=5257992 iters=50 cell label=d8ad59bfed0ed43d:d8ad59bfed0ed43d.w128 wall_ms=12.468 cpu_ms=2.862 cpu_pct=23.0 rss_peak_mb=3438.5 footprint_mb=100.9 gpu_alloc_mb=3247.5 load_before=5.11 load_after=5.11
ab res sha=d8ad59bfed0ed43d arm=d8ad59bfed0ed43d.w192 tg_static_bytes=32 max_threads=832 exec_width=32 bound_buffer_bytes=5257992 iters=50 cell label=d8ad59bfed0ed43d:d8ad59bfed0ed43d.w192 wall_ms=12.707 cpu_ms=2.970 cpu_pct=23.4 rss_peak_mb=3438.5 footprint_mb=100.9 gpu_alloc_mb=3247.5 load_before=5.11 load_after=5.11
ab res sha=d8ad59bfed0ed43d arm=d8ad59bfed0ed43d.w384 tg_static_bytes=48 max_threads=1024 exec_width=32 bound_buffer_bytes=5257992 iters=50 cell label=d8ad59bfed0ed43d:d8ad59bfed0ed43d.w384 wall_ms=11.531 cpu_ms=2.842 cpu_pct=24.6 rss_peak_mb=3438.5 footprint_mb=100.9 gpu_alloc_mb=3247.5 load_before=5.11 load_after=5.11
ab res sha=d8ad59bfed0ed43d arm=d8ad59bfed0ed43d.w512 tg_static_bytes=64 max_threads=1024 exec_width=32 bound_buffer_bytes=5257992 iters=50 cell label=d8ad59bfed0ed43d:d8ad59bfed0ed43d.w512 wall_ms=11.393 cpu_ms=2.810 cpu_pct=24.7 rss_peak_mb=3438.5 footprint_mb=100.9 gpu_alloc_mb=3247.5 load_before=5.11 load_after=5.11
ab bits sha=d8ad59bfed0ed43d threads=256 extents=[1, 1536] arm=base elements=1536 differing=0 max_ulp=0 max_abs=0e0 max_abs_over_largest=0e0
ab bits sha=d8ad59bfed0ed43d threads=256 extents=[1, 1536] arm=d8ad59bfed0ed43d.ctrl elements=1536 differing=0 max_ulp=0 max_abs=0e0 max_abs_over_largest=0e0
ab bits sha=d8ad59bfed0ed43d threads=256 extents=[1, 1536] arm=d8ad59bfed0ed43d.noreduce elements=1536 differing=1351 max_ulp=2125143253 max_abs=3.6254418e0 max_abs_over_largest=3.4504776e0
ab bits sha=d8ad59bfed0ed43d threads=256 extents=[1, 1536] arm=d8ad59bfed0ed43d.nosumsq elements=1536 differing=1466 max_ulp=2192492937 max_abs=1.7030838e4 max_abs_over_largest=1.6208928e4
ab bits sha=d8ad59bfed0ed43d threads=256 extents=[1, 1536] arm=d8ad59bfed0ed43d.noweights elements=1536 differing=1536 max_ulp=2080356578 max_abs=1.0284643e0 max_abs_over_largest=9.788305e-1
ab bits sha=d8ad59bfed0ed43d threads=256 extents=[1, 1536] arm=d8ad59bfed0ed43d.nowrite elements=1536 differing=1536 max_ulp=2493437832 max_abs=1.4660155e13 max_abs_over_largest=1.3952654e13
ab bits sha=d8ad59bfed0ed43d threads=256 extents=[1, 1536] arm=d8ad59bfed0ed43d.w128 elements=1536 differing=512 max_ulp=2433717696 max_abs=1.4660155e13 max_abs_over_largest=1.3952654e13
ab bits sha=d8ad59bfed0ed43d threads=256 extents=[1, 1536] arm=d8ad59bfed0ed43d.w192 elements=1536 differing=0 max_ulp=0 max_abs=0e0 max_abs_over_largest=0e0
ab bits sha=d8ad59bfed0ed43d threads=256 extents=[1, 1536] arm=d8ad59bfed0ed43d.w384 elements=1536 differing=545 max_ulp=192 max_abs=1.1920929e-7 max_abs_over_largest=1.1345624e-7
ab bits sha=d8ad59bfed0ed43d threads=256 extents=[1, 1536] arm=d8ad59bfed0ed43d.w512 elements=1536 differing=0 max_ulp=0 max_abs=0e0 max_abs_over_largest=0e0
ab sequence sha=d8ad59bfed0ed43d threads=256 extents=[1, 1536] tg=Some(256) count=35 pass=0 arm=base per_dispatch_us=6.867
ab sequence sha=d8ad59bfed0ed43d threads=256 extents=[1, 1536] tg=Some(256) count=35 pass=0 arm=d8ad59bfed0ed43d.ctrl per_dispatch_us=6.875
ab sequence sha=d8ad59bfed0ed43d threads=256 extents=[1, 1536] tg=Some(256) count=35 pass=0 arm=d8ad59bfed0ed43d.noreduce per_dispatch_us=6.621
ab sequence sha=d8ad59bfed0ed43d threads=256 extents=[1, 1536] tg=Some(256) count=35 pass=0 arm=d8ad59bfed0ed43d.nosumsq per_dispatch_us=5.975
ab sequence sha=d8ad59bfed0ed43d threads=256 extents=[1, 1536] tg=Some(256) count=35 pass=0 arm=d8ad59bfed0ed43d.noweights per_dispatch_us=5.067
ab sequence sha=d8ad59bfed0ed43d threads=256 extents=[1, 1536] tg=Some(256) count=35 pass=0 arm=d8ad59bfed0ed43d.nowrite per_dispatch_us=6.802
ab sequence sha=d8ad59bfed0ed43d threads=256 extents=[1, 1536] tg=Some(256) count=35 pass=0 arm=d8ad59bfed0ed43d.w128 per_dispatch_us=7.507
ab sequence sha=d8ad59bfed0ed43d threads=256 extents=[1, 1536] tg=Some(256) count=35 pass=0 arm=d8ad59bfed0ed43d.w192 per_dispatch_us=7.286
ab sequence sha=d8ad59bfed0ed43d threads=256 extents=[1, 1536] tg=Some(256) count=35 pass=0 arm=d8ad59bfed0ed43d.w384 per_dispatch_us=6.018
ab sequence sha=d8ad59bfed0ed43d threads=256 extents=[1, 1536] tg=Some(256) count=35 pass=0 arm=d8ad59bfed0ed43d.w512 per_dispatch_us=5.881
ab res sha=f41c3c0ebf45e3dc arm=base tg_static_bytes=32 max_threads=832 exec_width=32 bound_buffer_bytes=5061896 iters=50 cell label=f41c3c0ebf45e3dc:base wall_ms=11.337 cpu_ms=2.708 cpu_pct=23.9 rss_peak_mb=3438.5 footprint_mb=100.8 gpu_alloc_mb=3247.5 load_before=5.11 load_after=5.11
ab res sha=f41c3c0ebf45e3dc arm=f41c3c0ebf45e3dc.ctrl tg_static_bytes=32 max_threads=832 exec_width=32 bound_buffer_bytes=5061896 iters=50 cell label=f41c3c0ebf45e3dc:f41c3c0ebf45e3dc.ctrl wall_ms=11.482 cpu_ms=2.718 cpu_pct=23.7 rss_peak_mb=3438.5 footprint_mb=100.8 gpu_alloc_mb=3247.5 load_before=5.11 load_after=5.11
ab res sha=f41c3c0ebf45e3dc arm=f41c3c0ebf45e3dc.noreduce tg_static_bytes=0 max_threads=832 exec_width=32 bound_buffer_bytes=5061896 iters=50 cell label=f41c3c0ebf45e3dc:f41c3c0ebf45e3dc.noreduce wall_ms=11.272 cpu_ms=2.758 cpu_pct=24.5 rss_peak_mb=3438.5 footprint_mb=100.8 gpu_alloc_mb=3247.5 load_before=5.11 load_after=5.11
ab res sha=f41c3c0ebf45e3dc arm=f41c3c0ebf45e3dc.nosumsq tg_static_bytes=32 max_threads=1024 exec_width=32 bound_buffer_bytes=5061896 iters=50 cell label=f41c3c0ebf45e3dc:f41c3c0ebf45e3dc.nosumsq wall_ms=11.354 cpu_ms=2.720 cpu_pct=24.0 rss_peak_mb=3438.5 footprint_mb=100.8 gpu_alloc_mb=3247.5 load_before=5.11 load_after=5.11
ab res sha=f41c3c0ebf45e3dc arm=f41c3c0ebf45e3dc.noweights tg_static_bytes=32 max_threads=1024 exec_width=32 bound_buffer_bytes=5061896 iters=50 cell label=f41c3c0ebf45e3dc:f41c3c0ebf45e3dc.noweights wall_ms=11.204 cpu_ms=2.777 cpu_pct=24.8 rss_peak_mb=3438.5 footprint_mb=100.8 gpu_alloc_mb=3247.5 load_before=5.11 load_after=5.11
ab res sha=f41c3c0ebf45e3dc arm=f41c3c0ebf45e3dc.nowrite tg_static_bytes=32 max_threads=832 exec_width=32 bound_buffer_bytes=5061896 iters=50 cell label=f41c3c0ebf45e3dc:f41c3c0ebf45e3dc.nowrite wall_ms=12.332 cpu_ms=2.830 cpu_pct=22.9 rss_peak_mb=3438.5 footprint_mb=100.8 gpu_alloc_mb=3247.5 load_before=5.11 load_after=5.11
ab res sha=f41c3c0ebf45e3dc arm=f41c3c0ebf45e3dc.w128 tg_static_bytes=16 max_threads=576 exec_width=32 bound_buffer_bytes=5061896 iters=50 cell label=f41c3c0ebf45e3dc:f41c3c0ebf45e3dc.w128 wall_ms=12.512 cpu_ms=2.856 cpu_pct=22.8 rss_peak_mb=3438.5 footprint_mb=100.8 gpu_alloc_mb=3247.5 load_before=5.11 load_after=5.11
ab res sha=f41c3c0ebf45e3dc arm=f41c3c0ebf45e3dc.w192 tg_static_bytes=32 max_threads=832 exec_width=32 bound_buffer_bytes=5061896 iters=50 cell label=f41c3c0ebf45e3dc:f41c3c0ebf45e3dc.w192 wall_ms=11.410 cpu_ms=2.532 cpu_pct=22.2 rss_peak_mb=3438.5 footprint_mb=100.8 gpu_alloc_mb=3247.5 load_before=5.11 load_after=5.11
ab res sha=f41c3c0ebf45e3dc arm=f41c3c0ebf45e3dc.w384 tg_static_bytes=48 max_threads=1024 exec_width=32 bound_buffer_bytes=5061896 iters=50 cell label=f41c3c0ebf45e3dc:f41c3c0ebf45e3dc.w384 wall_ms=10.964 cpu_ms=2.541 cpu_pct=23.2 rss_peak_mb=3438.5 footprint_mb=100.8 gpu_alloc_mb=3247.5 load_before=5.11 load_after=5.11
ab res sha=f41c3c0ebf45e3dc arm=f41c3c0ebf45e3dc.w512 tg_static_bytes=64 max_threads=1024 exec_width=32 bound_buffer_bytes=5061896 iters=50 cell label=f41c3c0ebf45e3dc:f41c3c0ebf45e3dc.w512 wall_ms=10.908 cpu_ms=2.586 cpu_pct=23.7 rss_peak_mb=3438.5 footprint_mb=100.8 gpu_alloc_mb=3247.5 load_before=5.11 load_after=5.11
ab bits sha=f41c3c0ebf45e3dc threads=256 extents=[1, 1536] arm=base elements=1536 differing=0 max_ulp=0 max_abs=0e0 max_abs_over_largest=0e0
ab bits sha=f41c3c0ebf45e3dc threads=256 extents=[1, 1536] arm=f41c3c0ebf45e3dc.ctrl elements=1536 differing=0 max_ulp=0 max_abs=0e0 max_abs_over_largest=0e0
ab bits sha=f41c3c0ebf45e3dc threads=256 extents=[1, 1536] arm=f41c3c0ebf45e3dc.noreduce elements=1536 differing=940 max_ulp=2174991425 max_abs=3.2965403e3 max_abs_over_largest=8.573326e0
ab bits sha=f41c3c0ebf45e3dc threads=256 extents=[1, 1536] arm=f41c3c0ebf45e3dc.nosumsq elements=1536 differing=1045 max_ulp=2208429346 max_abs=2.156691e5 max_abs_over_largest=5.608915e2
ab bits sha=f41c3c0ebf45e3dc threads=256 extents=[1, 1536] arm=f41c3c0ebf45e3dc.noweights elements=1536 differing=1536 max_ulp=2204021410 max_abs=3.8173633e2 max_abs_over_largest=9.9278325e-1
ab bits sha=f41c3c0ebf45e3dc threads=256 extents=[1, 1536] arm=f41c3c0ebf45e3dc.nowrite elements=1536 differing=1536 max_ulp=2558685089 max_abs=1.4660155e13 max_abs_over_largest=3.8126723e10
ab bits sha=f41c3c0ebf45e3dc threads=256 extents=[1, 1536] arm=f41c3c0ebf45e3dc.w128 elements=1536 differing=512 max_ulp=2558685089 max_abs=1.4660155e13 max_abs_over_largest=3.8126723e10
ab bits sha=f41c3c0ebf45e3dc threads=256 extents=[1, 1536] arm=f41c3c0ebf45e3dc.w192 elements=1536 differing=0 max_ulp=0 max_abs=0e0 max_abs_over_largest=0e0
ab bits sha=f41c3c0ebf45e3dc threads=256 extents=[1, 1536] arm=f41c3c0ebf45e3dc.w384 elements=1536 differing=0 max_ulp=0 max_abs=0e0 max_abs_over_largest=0e0
ab bits sha=f41c3c0ebf45e3dc threads=256 extents=[1, 1536] arm=f41c3c0ebf45e3dc.w512 elements=1536 differing=0 max_ulp=0 max_abs=0e0 max_abs_over_largest=0e0
ab sequence sha=f41c3c0ebf45e3dc threads=256 extents=[1, 1536] tg=Some(256) count=70 pass=0 arm=base per_dispatch_us=6.486
ab sequence sha=f41c3c0ebf45e3dc threads=256 extents=[1, 1536] tg=Some(256) count=70 pass=0 arm=f41c3c0ebf45e3dc.ctrl per_dispatch_us=6.587
ab sequence sha=f41c3c0ebf45e3dc threads=256 extents=[1, 1536] tg=Some(256) count=70 pass=0 arm=f41c3c0ebf45e3dc.noreduce per_dispatch_us=6.379
ab sequence sha=f41c3c0ebf45e3dc threads=256 extents=[1, 1536] tg=Some(256) count=70 pass=0 arm=f41c3c0ebf45e3dc.nosumsq per_dispatch_us=5.786
ab sequence sha=f41c3c0ebf45e3dc threads=256 extents=[1, 1536] tg=Some(256) count=70 pass=0 arm=f41c3c0ebf45e3dc.noweights per_dispatch_us=4.793
ab sequence sha=f41c3c0ebf45e3dc threads=256 extents=[1, 1536] tg=Some(256) count=70 pass=0 arm=f41c3c0ebf45e3dc.nowrite per_dispatch_us=6.461
ab sequence sha=f41c3c0ebf45e3dc threads=256 extents=[1, 1536] tg=Some(256) count=70 pass=0 arm=f41c3c0ebf45e3dc.w128 per_dispatch_us=7.278
ab sequence sha=f41c3c0ebf45e3dc threads=256 extents=[1, 1536] tg=Some(256) count=70 pass=0 arm=f41c3c0ebf45e3dc.w192 per_dispatch_us=6.918
ab sequence sha=f41c3c0ebf45e3dc threads=256 extents=[1, 1536] tg=Some(256) count=70 pass=0 arm=f41c3c0ebf45e3dc.w384 per_dispatch_us=5.879
ab sequence sha=f41c3c0ebf45e3dc threads=256 extents=[1, 1536] tg=Some(256) count=70 pass=0 arm=f41c3c0ebf45e3dc.w512 per_dispatch_us=5.714
ab cell label=process wall_ms=3228.966 cpu_ms=2557.248 cpu_pct=79.2 rss_peak_mb=3438.5 footprint_mb=99.2 gpu_alloc_mb=3247.5 load_before=5.11 load_after=5.11
